episodes=4198 days=[22, 23, 24, 25, 26, 27, 28] turn_stride=2 bytes_per_turn_row=216612 workers=12
resuming: 0 done, 4198 to do
episodes 50/4198
episodes 100/4198
episodes 150/4198
episodes 200/4198
episodes 250/4198
episodes 300/4198
episodes 350/4198
episodes 400/4198
episodes 450/4198
episodes 500/4198
episodes 550/4198
episodes 600/4198
episodes 650/4198
episodes 700/4198
episodes 750/4198
episodes 800/4198
episodes 850/4198
episodes 900/4198
episodes 950/4198
episodes 1000/4198
episodes 1050/4198
episodes 1100/4198
episodes 1150/4198
episodes 1200/4198
episodes 1250/4198
episodes 1300/4198
episodes 1350/4198
episodes 1400/4198
episodes 1450/4198
episodes 1500/4198
episodes 1550/4198
episodes 1600/4198
episodes 1650/4198
episodes 1700/4198
episodes 1750/4198
episodes 1800/4198
episodes 1850/4198
episodes 1900/4198
episodes 1950/4198
episodes 2000/4198
episodes 2050/4198
episodes 2100/4198
episodes 2150/4198
episodes 2200/4198
episodes 2250/4198
episodes 2300/4198
episodes 2350/4198
episodes 2400/4198
episodes 2450/4198
episodes 2500/4198
episodes 2550/4198
episodes 2600/4198
episodes 2650/4198
episodes 2700/4198
episodes 2750/4198
episodes 2800/4198
episodes 2850/4198
episodes 2900/4198
episodes 2950/4198
episodes 3000/4198
episodes 3050/4198
episodes 3100/4198
episodes 3150/4198
episodes 3200/4198
episodes 3250/4198
episodes 3300/4198
episodes 3350/4198
episodes 3400/4198
episodes 3450/4198
episodes 3500/4198
episodes 3550/4198
episodes 3600/4198
episodes 3650/4198
episodes 3700/4198
episodes 3750/4198
episodes 3800/4198
episodes 3850/4198
episodes 3900/4198
episodes 3950/4198
episodes 4000/4198
episodes 4050/4198
episodes 4100/4198
episodes 4150/4198
episodes 4198/4198
{
  "train": {
    "episodes": 507,
    "admitted_turns": 182273,
    "policy_seat_rows": 182273,
    "draw_episodes": 0
  },
  "validation": {
    "episodes": 16,
    "admitted_turns": 5748,
    "policy_seat_rows": 5748,
    "draw_episodes": 0
  }
}
