start 2026-09-30T22:52:05Z agent=/root/anchor-eval/pkgs/180M-ft-on-35b3a9856dda/agent out=180M-ft-on parallel=30
2026-09-30T22:54:34Z 180M-smaller_market_shock-s93004-seat0 exit=0 wall=149s
2026-09-30T22:54:40Z 180M-smaller_market_shock-s93001-seat0 exit=0 wall=155s
2026-09-30T22:54:44Z 180M-cha22-s93003-seat0 exit=0 wall=159s
2026-09-30T22:54:47Z 180M-smaller_market_shock-s93006-seat1 exit=0 wall=162s
2026-09-30T22:54:56Z 180M-smaller_market_shock-s93008-seat0 exit=0 wall=171s
2026-09-30T22:54:57Z 180M-cha22-s93006-seat1 exit=0 wall=172s
2026-09-30T22:54:58Z 180M-smaller_market_shock-s93003-seat0 exit=0 wall=173s
2026-09-30T22:54:59Z 180M-cha22-s93002-seat1 exit=0 wall=174s
2026-09-30T22:54:59Z 180M-smaller_market_shock-s93003-seat1 exit=0 wall=174s
2026-09-30T22:55:02Z 180M-cha22-s93001-seat1 exit=0 wall=177s
2026-09-30T22:55:03Z 180M-cha22-s93005-seat1 exit=0 wall=178s
2026-09-30T22:55:03Z 180M-smaller_market_shock-s93004-seat1 exit=0 wall=178s
2026-09-30T22:55:03Z 180M-smaller_market_shock-s93001-seat1 exit=0 wall=178s
2026-09-30T22:55:03Z 180M-cha22-s93004-seat1 exit=0 wall=178s
2026-09-30T22:55:04Z 180M-cha22-s93002-seat0 exit=0 wall=179s
2026-09-30T22:55:04Z 180M-smaller_market_shock-s93006-seat0 exit=0 wall=179s
2026-09-30T22:55:04Z 180M-smaller_market_shock-s93008-seat1 exit=0 wall=179s
2026-09-30T22:55:04Z 180M-smaller_market_shock-s93002-seat0 exit=0 wall=179s
2026-09-30T22:55:04Z 180M-cha22-s93007-seat1 exit=0 wall=179s
2026-09-30T22:55:05Z 180M-smaller_market_shock-s93002-seat1 exit=0 wall=180s
2026-09-30T22:55:06Z 180M-cha22-s93006-seat0 exit=0 wall=181s
2026-09-30T22:55:06Z 180M-cha22-s93005-seat0 exit=0 wall=181s
2026-09-30T22:55:07Z 180M-cha22-s93003-seat1 exit=0 wall=182s
2026-09-30T22:55:07Z 180M-smaller_market_shock-s93007-seat1 exit=0 wall=182s
2026-09-30T22:55:07Z 180M-cha22-s93004-seat0 exit=0 wall=182s
2026-09-30T22:55:08Z 180M-smaller_market_shock-s93005-seat0 exit=0 wall=183s
2026-09-30T22:55:08Z 180M-smaller_market_shock-s93007-seat0 exit=0 wall=183s
2026-09-30T22:55:08Z 180M-cha22-s93007-seat0 exit=0 wall=183s
2026-09-30T22:55:09Z 180M-cha22-s93001-seat0 exit=0 wall=184s
2026-09-30T22:55:09Z 180M-smaller_market_shock-s93005-seat1 exit=0 wall=184s
2026-09-30T22:56:45Z 180M-cha22-s93008-seat0 exit=0 wall=131s
2026-09-30T22:56:53Z 180M-v56-s93001-seat1 exit=0 wall=126s
2026-09-30T22:56:57Z 180M-v56-s93003-seat0 exit=0 wall=119s
2026-09-30T22:56:58Z 180M-v56-s93003-seat1 exit=0 wall=119s
2026-09-30T22:56:59Z 180M-v56-s93002-seat0 exit=0 wall=123s
2026-09-30T22:57:02Z 180M-v56-s93008-seat0 exit=0 wall=118s
2026-09-30T22:57:02Z 180M-v56-s93006-seat0 exit=0 wall=119s
2026-09-30T22:57:03Z 180M-v56-s93007-seat1 exit=0 wall=119s
2026-09-30T22:57:05Z 180M-v56-s93008-seat1 exit=0 wall=121s
2026-09-30T22:57:05Z 180M-v56-s93005-seat0 exit=0 wall=122s
2026-09-30T22:57:06Z 180M-v56-s93005-seat1 exit=0 wall=123s
2026-09-30T22:57:24Z 180M-cha22-s93008-seat1 exit=0 wall=164s
2026-09-30T22:57:38Z 180M-v56-s93004-seat0 exit=0 wall=159s
2026-09-30T22:57:41Z 180M-v56-s93001-seat0 exit=0 wall=177s
2026-09-30T22:57:41Z 180M-v56-s93004-seat1 exit=0 wall=159s
2026-09-30T22:57:41Z 180M-v56-s93007-seat0 exit=0 wall=157s
2026-09-30T22:57:42Z 180M-v56-s93006-seat1 exit=0 wall=159s
2026-09-30T22:57:49Z 180M-v56-s93002-seat1 exit=0 wall=172s
end 2026-09-30T22:57:49Z wall_s=344
{"receipts": 48, "qualified": 48, "engine_sha256": ["f73d27ce04a6fd5ddcdd59c618e1da8c9b6fb2f27f5cf9cdc27efad942345004"], "manifest_sha256": ["df973d866f735948762ed2074cb7ad837696880c4c7554e43fa8bc9b93f4b160"]}
