2026-09-30T09:20:10Z
2026-09-30T09:21:09Z bc-cha22-s93001-seat0 exit=0
2026-09-30T09:21:09Z bc-cha22-s93001-seat1 exit=0
2026-09-30T09:22:09Z bc-cha22-s93002-seat1 exit=0
2026-09-30T09:22:09Z bc-cha22-s93002-seat0 exit=0
2026-09-30T09:23:08Z bc-cha22-s93003-seat1 exit=0
2026-09-30T09:23:10Z bc-cha22-s93003-seat0 exit=0
2026-09-30T09:24:10Z bc-cha22-s93004-seat0 exit=0
2026-09-30T09:24:12Z bc-cha22-s93004-seat1 exit=0
2026-09-30T09:25:09Z bc-cha22-s93005-seat0 exit=0
2026-09-30T09:25:11Z bc-cha22-s93005-seat1 exit=0
2026-09-30T09:26:08Z bc-cha22-s93006-seat0 exit=0
2026-09-30T09:26:10Z bc-cha22-s93006-seat1 exit=0
2026-09-30T09:27:09Z bc-cha22-s93007-seat0 exit=0
2026-09-30T09:27:11Z bc-cha22-s93007-seat1 exit=0
2026-09-30T09:28:10Z bc-cha22-s93008-seat0 exit=0
2026-09-30T09:28:11Z bc-cha22-s93008-seat1 exit=0
2026-09-30T09:29:09Z bc-smaller_market_shock-s93001-seat0 exit=0
2026-09-30T09:29:10Z bc-smaller_market_shock-s93001-seat1 exit=0
2026-09-30T09:30:08Z bc-smaller_market_shock-s93002-seat0 exit=0
2026-09-30T09:30:08Z bc-smaller_market_shock-s93002-seat1 exit=0
2026-09-30T09:31:07Z bc-smaller_market_shock-s93003-seat0 exit=0
2026-09-30T09:31:07Z bc-smaller_market_shock-s93003-seat1 exit=0
2026-09-30T09:32:05Z bc-smaller_market_shock-s93004-seat1 exit=0
2026-09-30T09:32:06Z bc-smaller_market_shock-s93004-seat0 exit=0
2026-09-30T09:33:04Z bc-smaller_market_shock-s93005-seat0 exit=0
2026-09-30T09:33:04Z bc-smaller_market_shock-s93005-seat1 exit=0
2026-09-30T09:34:03Z bc-smaller_market_shock-s93006-seat0 exit=0
2026-09-30T09:34:03Z bc-smaller_market_shock-s93006-seat1 exit=0
2026-09-30T09:35:02Z bc-smaller_market_shock-s93007-seat1 exit=0
2026-09-30T09:35:02Z bc-smaller_market_shock-s93007-seat0 exit=0
2026-09-30T09:36:02Z bc-smaller_market_shock-s93008-seat1 exit=0
2026-09-30T09:36:02Z bc-smaller_market_shock-s93008-seat0 exit=0
2026-09-30T09:37:01Z bc-v43-s93001-seat0 exit=0
2026-09-30T09:37:01Z bc-v43-s93001-seat1 exit=0
2026-09-30T09:38:00Z bc-v43-s93002-seat1 exit=0
2026-09-30T09:38:01Z bc-v43-s93002-seat0 exit=0
2026-09-30T09:39:01Z bc-v43-s93003-seat1 exit=0
2026-09-30T09:39:01Z bc-v43-s93003-seat0 exit=0
2026-09-30T09:39:59Z bc-v43-s93004-seat0 exit=0
2026-09-30T09:39:59Z bc-v43-s93004-seat1 exit=0
2026-09-30T09:40:56Z bc-v43-s93005-seat0 exit=0
2026-09-30T09:40:56Z bc-v43-s93005-seat1 exit=0
2026-09-30T09:41:54Z bc-v43-s93006-seat0 exit=0
2026-09-30T09:41:54Z bc-v43-s93006-seat1 exit=0
2026-09-30T09:42:54Z bc-v43-s93007-seat0 exit=0
2026-09-30T09:42:54Z bc-v43-s93007-seat1 exit=0
2026-09-30T09:43:52Z bc-v43-s93008-seat1 exit=0
2026-09-30T09:43:52Z bc-v43-s93008-seat0 exit=0
2026-09-30T09:44:48Z bc-starter-s93001-seat0 exit=0
2026-09-30T09:44:48Z bc-starter-s93001-seat1 exit=0
2026-09-30T09:45:44Z bc-starter-s93002-seat0 exit=0
2026-09-30T09:45:44Z bc-starter-s93002-seat1 exit=0
2026-09-30T09:46:41Z bc-starter-s93003-seat0 exit=0
2026-09-30T09:46:41Z bc-starter-s93003-seat1 exit=0
2026-09-30T09:47:37Z bc-starter-s93004-seat1 exit=0
2026-09-30T09:47:37Z bc-starter-s93004-seat0 exit=0
2026-09-30T09:48:33Z bc-starter-s93005-seat0 exit=0
2026-09-30T09:48:33Z bc-starter-s93005-seat1 exit=0
2026-09-30T09:49:29Z bc-starter-s93006-seat1 exit=0
2026-09-30T09:49:29Z bc-starter-s93006-seat0 exit=0
2026-09-30T09:50:25Z bc-starter-s93007-seat1 exit=0
2026-09-30T09:50:25Z bc-starter-s93007-seat0 exit=0
2026-09-30T09:51:22Z bc-starter-s93008-seat1 exit=0
2026-09-30T09:51:22Z bc-starter-s93008-seat0 exit=0
2026-09-30T09:51:22Z
