2026-09-30T08:46:46Z
2026-09-30T08:47:46Z candidate-cha22-s93001-seat1 exit=0
2026-09-30T08:47:46Z candidate-cha22-s93001-seat0 exit=0
2026-09-30T08:48:46Z candidate-cha22-s93002-seat1 exit=0
2026-09-30T08:48:46Z candidate-cha22-s93002-seat0 exit=0
2026-09-30T08:49:46Z candidate-cha22-s93003-seat0 exit=0
2026-09-30T08:49:46Z candidate-cha22-s93003-seat1 exit=0
2026-09-30T08:50:46Z candidate-cha22-s93004-seat1 exit=0
2026-09-30T08:50:46Z candidate-cha22-s93004-seat0 exit=0
2026-09-30T08:51:46Z candidate-cha22-s93005-seat0 exit=0
2026-09-30T08:51:46Z candidate-cha22-s93005-seat1 exit=0
2026-09-30T08:52:46Z candidate-cha22-s93006-seat1 exit=0
2026-09-30T08:52:46Z candidate-cha22-s93006-seat0 exit=0
2026-09-30T08:53:46Z candidate-cha22-s93007-seat0 exit=0
2026-09-30T08:53:46Z candidate-cha22-s93007-seat1 exit=0
2026-09-30T08:54:55Z candidate-cha22-s93008-seat0 exit=0
2026-09-30T08:54:55Z candidate-cha22-s93008-seat1 exit=0
2026-09-30T08:55:55Z candidate-smaller_market_shock-s93001-seat1 exit=0
2026-09-30T08:55:55Z candidate-smaller_market_shock-s93001-seat0 exit=0
2026-09-30T08:56:53Z candidate-smaller_market_shock-s93002-seat0 exit=0
2026-09-30T08:56:53Z candidate-smaller_market_shock-s93002-seat1 exit=0
2026-09-30T08:57:52Z candidate-smaller_market_shock-s93003-seat1 exit=0
2026-09-30T08:57:52Z candidate-smaller_market_shock-s93003-seat0 exit=0
2026-09-30T08:58:51Z candidate-smaller_market_shock-s93004-seat1 exit=0
2026-09-30T08:58:51Z candidate-smaller_market_shock-s93004-seat0 exit=0
2026-09-30T08:59:51Z candidate-smaller_market_shock-s93005-seat0 exit=0
2026-09-30T08:59:51Z candidate-smaller_market_shock-s93005-seat1 exit=0
2026-09-30T09:00:50Z candidate-smaller_market_shock-s93006-seat0 exit=0
2026-09-30T09:00:50Z candidate-smaller_market_shock-s93006-seat1 exit=0
2026-09-30T09:01:48Z candidate-smaller_market_shock-s93007-seat0 exit=0
2026-09-30T09:01:49Z candidate-smaller_market_shock-s93007-seat1 exit=0
2026-09-30T09:02:47Z candidate-smaller_market_shock-s93008-seat1 exit=0
2026-09-30T09:02:47Z candidate-smaller_market_shock-s93008-seat0 exit=0
2026-09-30T09:03:47Z candidate-v43-s93001-seat1 exit=0
2026-09-30T09:03:48Z candidate-v43-s93001-seat0 exit=0
2026-09-30T09:04:46Z candidate-v43-s93002-seat0 exit=0
2026-09-30T09:04:47Z candidate-v43-s93002-seat1 exit=0
2026-09-30T09:05:45Z candidate-v43-s93003-seat1 exit=0
2026-09-30T09:05:46Z candidate-v43-s93003-seat0 exit=0
2026-09-30T09:06:44Z candidate-v43-s93004-seat1 exit=0
2026-09-30T09:06:44Z candidate-v43-s93004-seat0 exit=0
2026-09-30T09:07:43Z candidate-v43-s93005-seat0 exit=0
2026-09-30T09:07:43Z candidate-v43-s93005-seat1 exit=0
2026-09-30T09:08:42Z candidate-v43-s93006-seat1 exit=0
2026-09-30T09:08:42Z candidate-v43-s93006-seat0 exit=0
2026-09-30T09:09:41Z candidate-v43-s93007-seat0 exit=0
2026-09-30T09:09:41Z candidate-v43-s93007-seat1 exit=0
2026-09-30T09:10:39Z candidate-v43-s93008-seat1 exit=0
2026-09-30T09:10:39Z candidate-v43-s93008-seat0 exit=0
2026-09-30T09:11:35Z candidate-starter-s93001-seat1 exit=0
2026-09-30T09:11:35Z candidate-starter-s93001-seat0 exit=0
2026-09-30T09:12:31Z candidate-starter-s93002-seat0 exit=0
2026-09-30T09:12:31Z candidate-starter-s93002-seat1 exit=0
2026-09-30T09:13:26Z candidate-starter-s93003-seat0 exit=0
2026-09-30T09:13:27Z candidate-starter-s93003-seat1 exit=0
2026-09-30T09:14:23Z candidate-starter-s93004-seat1 exit=0
2026-09-30T09:14:23Z candidate-starter-s93004-seat0 exit=0
2026-09-30T09:15:18Z candidate-starter-s93005-seat0 exit=0
2026-09-30T09:15:19Z candidate-starter-s93005-seat1 exit=0
2026-09-30T09:16:14Z candidate-starter-s93006-seat0 exit=0
2026-09-30T09:16:14Z candidate-starter-s93006-seat1 exit=0
2026-09-30T09:17:10Z candidate-starter-s93007-seat0 exit=0
2026-09-30T09:17:10Z candidate-starter-s93007-seat1 exit=0
2026-09-30T09:18:07Z candidate-starter-s93008-seat1 exit=0
2026-09-30T09:18:07Z candidate-starter-s93008-seat0 exit=0
2026-09-30T09:18:07Z
