2026-09-30T08:53:58Z
2026-09-30T08:54:05Z bc-cha22-s93001-seat1 exit=0
2026-09-30T08:54:05Z bc-cha22-s93001-seat0 exit=0
2026-09-30T08:54:11Z bc-cha22-s93002-seat1 exit=0
2026-09-30T08:54:11Z bc-cha22-s93002-seat0 exit=0
2026-09-30T08:54:16Z bc-cha22-s93003-seat1 exit=0
2026-09-30T08:54:16Z bc-cha22-s93003-seat0 exit=0
2026-09-30T08:54:21Z bc-cha22-s93004-seat0 exit=0
2026-09-30T08:54:21Z bc-cha22-s93004-seat1 exit=0
2026-09-30T08:54:26Z bc-cha22-s93005-seat0 exit=0
2026-09-30T08:54:26Z bc-cha22-s93005-seat1 exit=0
2026-09-30T08:54:31Z bc-cha22-s93006-seat0 exit=0
2026-09-30T08:54:31Z bc-cha22-s93006-seat1 exit=0
2026-09-30T08:54:36Z bc-cha22-s93007-seat0 exit=0
2026-09-30T08:54:36Z bc-cha22-s93007-seat1 exit=0
2026-09-30T08:54:41Z bc-cha22-s93008-seat0 exit=0
2026-09-30T08:54:41Z bc-cha22-s93008-seat1 exit=0
2026-09-30T08:54:45Z bc-smaller_market_shock-s93001-seat0 exit=0
2026-09-30T08:54:45Z bc-smaller_market_shock-s93001-seat1 exit=0
2026-09-30T08:54:50Z bc-smaller_market_shock-s93002-seat0 exit=0
2026-09-30T08:54:50Z bc-smaller_market_shock-s93002-seat1 exit=0
2026-09-30T08:54:55Z bc-smaller_market_shock-s93003-seat0 exit=0
2026-09-30T08:54:55Z bc-smaller_market_shock-s93003-seat1 exit=0
2026-09-30T08:54:59Z bc-smaller_market_shock-s93004-seat0 exit=0
2026-09-30T08:54:59Z bc-smaller_market_shock-s93004-seat1 exit=0
2026-09-30T08:55:03Z bc-smaller_market_shock-s93005-seat1 exit=0
2026-09-30T08:55:03Z bc-smaller_market_shock-s93005-seat0 exit=0
2026-09-30T08:55:07Z bc-smaller_market_shock-s93006-seat1 exit=0
smaller_market_shock: line 8: cd: /Users/poonszesen/kg-v3-int/ops/earn-money-2026-09-30/anchor-games/games/bc/work: No such file or directory
smaller_market_shock: line 9: /Users/poonszesen/kg-v3-int/ops/earn-money-2026-09-30/anchor-games/games/bc/logs/bc-smaller_market_shock-s93007-seat0.out: No such file or directory
2026-09-30T08:55:07Z bc-smaller_market_shock-s93007-seat0 exit=0
2026-09-30T08:55:07Z bc-smaller_market_shock-s93006-seat0 exit=0
smaller_market_shock: line 8: cd: /Users/poonszesen/kg-v3-int/ops/earn-money-2026-09-30/anchor-games/games/bc/work: No such file or directory
smaller_market_shock: line 9: /Users/poonszesen/kg-v3-int/ops/earn-money-2026-09-30/anchor-games/games/bc/logs/bc-smaller_market_shock-s93007-seat1.out: No such file or directory
smaller_market_shock: line 8: cd: /Users/poonszesen/kg-v3-int/ops/earn-money-2026-09-30/anchor-games/games/bc/work: No such file or directory
smaller_market_shock: line 9: /Users/poonszesen/kg-v3-int/ops/earn-money-2026-09-30/anchor-games/games/bc/logs/bc-smaller_market_shock-s93008-seat0.out: No such file or directory
2026-09-30T08:55:07Z bc-smaller_market_shock-s93007-seat1 exit=0
2026-09-30T08:55:07Z bc-smaller_market_shock-s93008-seat0 exit=0
smaller_market_shock: line 8: cd: /Users/poonszesen/kg-v3-int/ops/earn-money-2026-09-30/anchor-games/games/bc/work: No such file or directory
smaller_market_shock: line 9: /Users/poonszesen/kg-v3-int/ops/earn-money-2026-09-30/anchor-games/games/bc/logs/bc-smaller_market_shock-s93008-seat1.out: No such file or directory
v43: line 8: cd: /Users/poonszesen/kg-v3-int/ops/earn-money-2026-09-30/anchor-games/games/bc/work: No such file or directory
v43: line 9: /Users/poonszesen/kg-v3-int/ops/earn-money-2026-09-30/anchor-games/games/bc/logs/bc-v43-s93001-seat0.out: No such file or directory
2026-09-30T08:55:07Z bc-smaller_market_shock-s93008-seat1 exit=0
v43: line 8: cd: /Users/poonszesen/kg-v3-int/ops/earn-money-2026-09-30/anchor-games/games/bc/work: No such file or directory
v43: line 9: /Users/poonszesen/kg-v3-int/ops/earn-money-2026-09-30/anchor-games/games/bc/logs/bc-v43-s93001-seat1.out: No such file or directory
2026-09-30T08:55:07Z bc-v43-s93001-seat0 exit=0
2026-09-30T08:55:07Z bc-v43-s93001-seat1 exit=0
v43: line 8: cd: /Users/poonszesen/kg-v3-int/ops/earn-money-2026-09-30/anchor-games/games/bc/work: No such file or directory
v43: line 9: /Users/poonszesen/kg-v3-int/ops/earn-money-2026-09-30/anchor-games/games/bc/logs/bc-v43-s93002-seat0.out: No such file or directory
v43: line 8: cd: /Users/poonszesen/kg-v3-int/ops/earn-money-2026-09-30/anchor-games/games/bc/work: No such file or directory
v43: line 9: /Users/poonszesen/kg-v3-int/ops/earn-money-2026-09-30/anchor-games/games/bc/logs/bc-v43-s93002-seat1.out: No such file or directory
2026-09-30T08:55:07Z bc-v43-s93002-seat0 exit=0
2026-09-30T08:55:07Z bc-v43-s93002-seat1 exit=0
v43: line 8: cd: /Users/poonszesen/kg-v3-int/ops/earn-money-2026-09-30/anchor-games/games/bc/work: No such file or directory
v43: line 8: cd: /Users/poonszesen/kg-v3-int/ops/earn-money-2026-09-30/anchor-games/games/bc/work: No such file or directory
v43: line 9: /Users/poonszesen/kg-v3-int/ops/earn-money-2026-09-30/anchor-games/games/bc/logs/bc-v43-s93003-seat0.out: No such file or directory
v43: line 9: /Users/poonszesen/kg-v3-int/ops/earn-money-2026-09-30/anchor-games/games/bc/logs/bc-v43-s93003-seat1.out: No such file or directory
2026-09-30T08:55:07Z bc-v43-s93003-seat1 exit=0
2026-09-30T08:55:07Z bc-v43-s93003-seat0 exit=0
v43: line 8: cd: /Users/poonszesen/kg-v3-int/ops/earn-money-2026-09-30/anchor-games/games/bc/work: No such file or directory
v43: line 9: /Users/poonszesen/kg-v3-int/ops/earn-money-2026-09-30/anchor-games/games/bc/logs/bc-v43-s93004-seat0.out: No such file or directory
v43: line 8: cd: /Users/poonszesen/kg-v3-int/ops/earn-money-2026-09-30/anchor-games/games/bc/work: No such file or directory
v43: line 9: /Users/poonszesen/kg-v3-int/ops/earn-money-2026-09-30/anchor-games/games/bc/logs/bc-v43-s93004-seat1.out: No such file or directory
2026-09-30T08:55:07Z bc-v43-s93004-seat0 exit=0
2026-09-30T08:55:07Z bc-v43-s93004-seat1 exit=0
v43: line 8: cd: /Users/poonszesen/kg-v3-int/ops/earn-money-2026-09-30/anchor-games/games/bc/work: No such file or directory
v43: line 9: /Users/poonszesen/kg-v3-int/ops/earn-money-2026-09-30/anchor-games/games/bc/logs/bc-v43-s93005-seat0.out: No such file or directory
v43: line 8: cd: /Users/poonszesen/kg-v3-int/ops/earn-money-2026-09-30/anchor-games/games/bc/work: No such file or directory
v43: line 9: /Users/poonszesen/kg-v3-int/ops/earn-money-2026-09-30/anchor-games/games/bc/logs/bc-v43-s93005-seat1.out: No such file or directory
2026-09-30T08:55:07Z bc-v43-s93005-seat0 exit=0
2026-09-30T08:55:07Z bc-v43-s93005-seat1 exit=0
v43: line 8: cd: /Users/poonszesen/kg-v3-int/ops/earn-money-2026-09-30/anchor-games/games/bc/work: No such file or directory
v43: line 9: /Users/poonszesen/kg-v3-int/ops/earn-money-2026-09-30/anchor-games/games/bc/logs/bc-v43-s93006-seat0.out: No such file or directory
v43: line 8: cd: /Users/poonszesen/kg-v3-int/ops/earn-money-2026-09-30/anchor-games/games/bc/work: No such file or directory
v43: line 9: /Users/poonszesen/kg-v3-int/ops/earn-money-2026-09-30/anchor-games/games/bc/logs/bc-v43-s93006-seat1.out: No such file or directory
2026-09-30T08:55:07Z bc-v43-s93006-seat0 exit=0
2026-09-30T08:55:07Z bc-v43-s93006-seat1 exit=0
v43: line 8: cd: /Users/poonszesen/kg-v3-int/ops/earn-money-2026-09-30/anchor-games/games/bc/work: No such file or directory
v43: line 8: cd: /Users/poonszesen/kg-v3-int/ops/earn-money-2026-09-30/anchor-games/games/bc/work: No such file or directory
v43: line 9: /Users/poonszesen/kg-v3-int/ops/earn-money-2026-09-30/anchor-games/games/bc/logs/bc-v43-s93007-seat0.out: No such file or directory
v43: line 9: /Users/poonszesen/kg-v3-int/ops/earn-money-2026-09-30/anchor-games/games/bc/logs/bc-v43-s93007-seat1.out: No such file or directory
2026-09-30T08:55:07Z bc-v43-s93007-seat0 exit=0
2026-09-30T08:55:07Z bc-v43-s93007-seat1 exit=0
v43: line 8: cd: /Users/poonszesen/kg-v3-int/ops/earn-money-2026-09-30/anchor-games/games/bc/work: No such file or directory
v43: line 8: cd: /Users/poonszesen/kg-v3-int/ops/earn-money-2026-09-30/anchor-games/games/bc/work: No such file or directory
v43: line 9: /Users/poonszesen/kg-v3-int/ops/earn-money-2026-09-30/anchor-games/games/bc/logs/bc-v43-s93008-seat0.out: No such file or directory
v43: line 9: /Users/poonszesen/kg-v3-int/ops/earn-money-2026-09-30/anchor-games/games/bc/logs/bc-v43-s93008-seat1.out: No such file or directory
2026-09-30T08:55:07Z bc-v43-s93008-seat1 exit=0
2026-09-30T08:55:07Z bc-v43-s93008-seat0 exit=0
starter: line 8: cd: /Users/poonszesen/kg-v3-int/ops/earn-money-2026-09-30/anchor-games/games/bc/work: No such file or directory
starter: line 9: /Users/poonszesen/kg-v3-int/ops/earn-money-2026-09-30/anchor-games/games/bc/logs/bc-starter-s93001-seat0.out: No such file or directory
starter: line 8: cd: /Users/poonszesen/kg-v3-int/ops/earn-money-2026-09-30/anchor-games/games/bc/work: No such file or directory
starter: line 9: /Users/poonszesen/kg-v3-int/ops/earn-money-2026-09-30/anchor-games/games/bc/logs/bc-starter-s93001-seat1.out: No such file or directory
2026-09-30T08:55:07Z bc-starter-s93001-seat0 exit=0
2026-09-30T08:55:07Z bc-starter-s93001-seat1 exit=0
starter: line 8: cd: /Users/poonszesen/kg-v3-int/ops/earn-money-2026-09-30/anchor-games/games/bc/work: No such file or directory
starter: line 9: /Users/poonszesen/kg-v3-int/ops/earn-money-2026-09-30/anchor-games/games/bc/logs/bc-starter-s93002-seat0.out: No such file or directory
starter: line 8: cd: /Users/poonszesen/kg-v3-int/ops/earn-money-2026-09-30/anchor-games/games/bc/work: No such file or directory
starter: line 9: /Users/poonszesen/kg-v3-int/ops/earn-money-2026-09-30/anchor-games/games/bc/logs/bc-starter-s93002-seat1.out: No such file or directory
2026-09-30T08:55:07Z bc-starter-s93002-seat0 exit=0
2026-09-30T08:55:07Z bc-starter-s93002-seat1 exit=0
starter: line 8: cd: /Users/poonszesen/kg-v3-int/ops/earn-money-2026-09-30/anchor-games/games/bc/work: No such file or directory
starter: line 9: /Users/poonszesen/kg-v3-int/ops/earn-money-2026-09-30/anchor-games/games/bc/logs/bc-starter-s93003-seat0.out: No such file or directory
starter: line 8: cd: /Users/poonszesen/kg-v3-int/ops/earn-money-2026-09-30/anchor-games/games/bc/work: No such file or directory
starter: line 9: /Users/poonszesen/kg-v3-int/ops/earn-money-2026-09-30/anchor-games/games/bc/logs/bc-starter-s93003-seat1.out: No such file or directory
2026-09-30T08:55:07Z bc-starter-s93003-seat0 exit=0
2026-09-30T08:55:07Z bc-starter-s93003-seat1 exit=0
starter: line 8: cd: /Users/poonszesen/kg-v3-int/ops/earn-money-2026-09-30/anchor-games/games/bc/work: No such file or directory
starter: line 9: /Users/poonszesen/kg-v3-int/ops/earn-money-2026-09-30/anchor-games/games/bc/logs/bc-starter-s93004-seat0.out: No such file or directory
starter: line 8: cd: /Users/poonszesen/kg-v3-int/ops/earn-money-2026-09-30/anchor-games/games/bc/work: No such file or directory
starter: line 9: /Users/poonszesen/kg-v3-int/ops/earn-money-2026-09-30/anchor-games/games/bc/logs/bc-starter-s93004-seat1.out: No such file or directory
2026-09-30T08:55:07Z bc-starter-s93004-seat0 exit=0
2026-09-30T08:55:07Z bc-starter-s93004-seat1 exit=0
starter: line 8: cd: /Users/poonszesen/kg-v3-int/ops/earn-money-2026-09-30/anchor-games/games/bc/work: No such file or directory
starter: line 8: cd: /Users/poonszesen/kg-v3-int/ops/earn-money-2026-09-30/anchor-games/games/bc/work: No such file or directory
starter: line 9: /Users/poonszesen/kg-v3-int/ops/earn-money-2026-09-30/anchor-games/games/bc/logs/bc-starter-s93005-seat0.out: No such file or directory
starter: line 9: /Users/poonszesen/kg-v3-int/ops/earn-money-2026-09-30/anchor-games/games/bc/logs/bc-starter-s93005-seat1.out: No such file or directory
2026-09-30T08:55:07Z bc-starter-s93005-seat0 exit=0
2026-09-30T08:55:07Z bc-starter-s93005-seat1 exit=0
starter: line 8: cd: /Users/poonszesen/kg-v3-int/ops/earn-money-2026-09-30/anchor-games/games/bc/work: No such file or directory
starter: line 8: cd: /Users/poonszesen/kg-v3-int/ops/earn-money-2026-09-30/anchor-games/games/bc/work: No such file or directory
starter: line 9: /Users/poonszesen/kg-v3-int/ops/earn-money-2026-09-30/anchor-games/games/bc/logs/bc-starter-s93006-seat0.out: No such file or directory
starter: line 9: /Users/poonszesen/kg-v3-int/ops/earn-money-2026-09-30/anchor-games/games/bc/logs/bc-starter-s93006-seat1.out: No such file or directory
2026-09-30T08:55:07Z bc-starter-s93006-seat0 exit=0
2026-09-30T08:55:07Z bc-starter-s93006-seat1 exit=0
starter: line 8: cd: /Users/poonszesen/kg-v3-int/ops/earn-money-2026-09-30/anchor-games/games/bc/work: No such file or directory
starter: line 8: cd: /Users/poonszesen/kg-v3-int/ops/earn-money-2026-09-30/anchor-games/games/bc/work: No such file or directory
starter: line 9: /Users/poonszesen/kg-v3-int/ops/earn-money-2026-09-30/anchor-games/games/bc/logs/bc-starter-s93007-seat0.out: No such file or directory
starter: line 9: /Users/poonszesen/kg-v3-int/ops/earn-money-2026-09-30/anchor-games/games/bc/logs/bc-starter-s93007-seat1.out: No such file or directory
2026-09-30T08:55:07Z bc-starter-s93007-seat0 exit=0
2026-09-30T08:55:07Z bc-starter-s93007-seat1 exit=0
starter: line 8: cd: /Users/poonszesen/kg-v3-int/ops/earn-money-2026-09-30/anchor-games/games/bc/work: No such file or directory
starter: line 8: cd: /Users/poonszesen/kg-v3-int/ops/earn-money-2026-09-30/anchor-games/games/bc/work: No such file or directory
starter: line 9: /Users/poonszesen/kg-v3-int/ops/earn-money-2026-09-30/anchor-games/games/bc/logs/bc-starter-s93008-seat1.out: No such file or directory
starter: line 9: /Users/poonszesen/kg-v3-int/ops/earn-money-2026-09-30/anchor-games/games/bc/logs/bc-starter-s93008-seat0.out: No such file or directory
2026-09-30T08:55:07Z bc-starter-s93008-seat0 exit=0
2026-09-30T08:55:07Z bc-starter-s93008-seat1 exit=0
