wandb: Tracking run with wandb version 0.26.1
wandb: W&B syncing is set to `offline` in this directory. Run `wandb online` or set WANDB_MODE=online to enable cloud syncing.
wandb: Run data is saved locally in /workspace/kg-v3-bc-2026-09-29/run/bc-20260929-142216/wandb/offline-run-20260929_142222-kvl4rfda
wandb: 
wandb: Run history:
wandb:               bc/best_step ▁▁▂▂▃▃▄▄▅▅▅▆▆▇▇▇███████████
wandb:     bc/best_validation_nll █▇▅▄▂▂▂▁▁▁▁▁▁▁▁▁▁▁▁▁▁▁▁▁▁▁▁
wandb:                   bc/epoch ▁▁▂▂▂▂▃▃▃▃▄▄▄▅▅▅▅▆▆▆▆▇▇▇▇██
wandb: bc/evals_since_improvement ▁▁▁▁▁▁▁▁▁▁▁▁▁▁▁▂▁▂▂▃▄▅▅▆▇▇█
wandb:               bc/grad_norm ▆█▄▅▅▄▃▄▃▃▂▂▂▂▂▁▁▂▂▁▂▂▁▁▁▁
wandb:       bc/learner_seat_rows ▁▁▂▂▂▂▃▃▃▃▄▄▄▅▅▅▅▆▆▆▆▇▇▇▇██
wandb:           bc/learning_rate ▁▂▄▅▇██████████████████████
wandb:    bc/scheduled_evaluation ▁▁▁▁▁▁▁▁▁▁▁▁▁▁▁▁▁▁▁▁▁▁▁▁▁▁▁
wandb:                    bc/step ▁▁▂▂▂▂▃▃▃▃▄▄▄▅▅▅▅▆▆▆▆▇▇▇▇██
wandb:               bc/train_nll █▆▅▃▂▂▂▂▂▂▂▁▁▁▁▁▁▁▁▁▁▁▁▁▁▁
wandb:                         +9 ...
wandb: 
wandb: Run summary:
wandb:               bc/best_step 3200
wandb:     bc/best_validation_nll 0.48018
wandb:                   bc/epoch 14.60674
wandb: bc/evals_since_improvement 10
wandb:    bc/final_validation_nll 0.52824
wandb:               bc/grad_norm 2.16779
wandb:       bc/initial_train_nll 3.71063
wandb:       bc/learner_seat_rows 5324800.0
wandb:           bc/learning_rate 0.00199
wandb:    bc/scheduled_evaluation 1
wandb:                        +13 ...
wandb: 
wandb: You can sync this run to the cloud by running:
wandb: wandb sync /workspace/kg-v3-bc-2026-09-29/run/bc-20260929-142216/wandb/offline-run-20260929_142222-kvl4rfda
wandb: Find logs at: /workspace/kg-v3-bc-2026-09-29/run/bc-20260929-142216/wandb/offline-run-20260929_142222-kvl4rfda/logs
GEMM workload headroom bc_microbatch: 1024 rows x 709 padded tokens; trunk 5915 rows/call at full padding (>= 5.776x headroom, <= 1 call(s)); heads 11096 rows/call (10.84x headroom, 1 call(s))
GEMM workload headroom bc_validation: 512 rows x 709 padded tokens; trunk 5915 rows/call at full padding (>= 11.55x headroom, <= 1 call(s)); heads 11096 rows/call (21.67x headroom, 1 call(s))
Compiled model regions: 0
{"run_dir": "/workspace/kg-v3-bc-2026-09-29/run/bc-20260929-142216", "stop_reason": "no_held_out_improvement", "steps": 5200, "best_step": 3200, "best_validation_nll": 0.4801823178678232, "final_validation_nll": 0.5282435221396641}
