.........................................FFF....FFFF.                    [100%]
=================================== FAILURES ===================================
_ test_regeneration_source_identity_rejects_changes_between_phases[producer-engine_rs/src/py_random.rs] _

tmp_path = PosixPath('/private/var/folders/s_/d3vy5t5s4dv607gfkpx495000000gn/T/pytest-of-poonszesen/pytest-539/test_regeneration_source_ident5')
monkeypatch = <_pytest.monkeypatch.MonkeyPatch object at 0x10ef60c50>
phase = 'producer', path = 'engine_rs/src/py_random.rs'

    @pytest.mark.parametrize(
        ("phase", "path"),
        [
            ("producer", "src/kaggriculture/oracle_corpus.rs"),
            ("export", "scripts/kaggriculture_observation_oracle/record.rs"),
            ("reference", "scripts/kaggriculture_observation_oracle/regenerate.py"),
            ("admission", "Cargo.lock"),
            ("admission", "engine_rs/fixtures/episode-95324500.jsonl.gz"),
            ("producer", "engine_rs/src/py_random.rs"),
            ("admission", "engine_rs/Cargo.toml"),
            ("export", "engine_rs/src/econ_attrib.rs"),
            ("reference", "HEAD"),
        ],
    )
    def test_regeneration_source_identity_rejects_changes_between_phases(
        tmp_path: Path, monkeypatch: pytest.MonkeyPatch, phase: str, path: str
    ) -> None:
        _root, calls = regeneration_harness(
            tmp_path, monkeypatch, drift_phase=phase, drift_path=path
        )
        output = tmp_path / "final"
>       with pytest.raises(ValueError, match=r"source.*changed|source.*identity"):
             ^^^^^^^^^^^^^^^^^^^^^^^^^^^^^^^^^^^^^^^^^^^^^^^^^^^^^^^^^^^^^^^^^^^^
E       Failed: DID NOT RAISE <class 'ValueError'>

tests/tools/test_observation_oracle_custody.py:632: Failed
_ test_regeneration_source_identity_rejects_changes_between_phases[admission-engine_rs/Cargo.toml] _

tmp_path = PosixPath('/private/var/folders/s_/d3vy5t5s4dv607gfkpx495000000gn/T/pytest-of-poonszesen/pytest-539/test_regeneration_source_ident6')
monkeypatch = <_pytest.monkeypatch.MonkeyPatch object at 0x10ef286e0>
phase = 'admission', path = 'engine_rs/Cargo.toml'

    @pytest.mark.parametrize(
        ("phase", "path"),
        [
            ("producer", "src/kaggriculture/oracle_corpus.rs"),
            ("export", "scripts/kaggriculture_observation_oracle/record.rs"),
            ("reference", "scripts/kaggriculture_observation_oracle/regenerate.py"),
            ("admission", "Cargo.lock"),
            ("admission", "engine_rs/fixtures/episode-95324500.jsonl.gz"),
            ("producer", "engine_rs/src/py_random.rs"),
            ("admission", "engine_rs/Cargo.toml"),
            ("export", "engine_rs/src/econ_attrib.rs"),
            ("reference", "HEAD"),
        ],
    )
    def test_regeneration_source_identity_rejects_changes_between_phases(
        tmp_path: Path, monkeypatch: pytest.MonkeyPatch, phase: str, path: str
    ) -> None:
        _root, calls = regeneration_harness(
            tmp_path, monkeypatch, drift_phase=phase, drift_path=path
        )
        output = tmp_path / "final"
>       with pytest.raises(ValueError, match=r"source.*changed|source.*identity"):
             ^^^^^^^^^^^^^^^^^^^^^^^^^^^^^^^^^^^^^^^^^^^^^^^^^^^^^^^^^^^^^^^^^^^^
E       Failed: DID NOT RAISE <class 'ValueError'>

tests/tools/test_observation_oracle_custody.py:632: Failed
_ test_regeneration_source_identity_rejects_changes_between_phases[export-engine_rs/src/econ_attrib.rs] _

tmp_path = PosixPath('/private/var/folders/s_/d3vy5t5s4dv607gfkpx495000000gn/T/pytest-of-poonszesen/pytest-539/test_regeneration_source_ident7')
monkeypatch = <_pytest.monkeypatch.MonkeyPatch object at 0x10ef61580>
phase = 'export', path = 'engine_rs/src/econ_attrib.rs'

    @pytest.mark.parametrize(
        ("phase", "path"),
        [
            ("producer", "src/kaggriculture/oracle_corpus.rs"),
            ("export", "scripts/kaggriculture_observation_oracle/record.rs"),
            ("reference", "scripts/kaggriculture_observation_oracle/regenerate.py"),
            ("admission", "Cargo.lock"),
            ("admission", "engine_rs/fixtures/episode-95324500.jsonl.gz"),
            ("producer", "engine_rs/src/py_random.rs"),
            ("admission", "engine_rs/Cargo.toml"),
            ("export", "engine_rs/src/econ_attrib.rs"),
            ("reference", "HEAD"),
        ],
    )
    def test_regeneration_source_identity_rejects_changes_between_phases(
        tmp_path: Path, monkeypatch: pytest.MonkeyPatch, phase: str, path: str
    ) -> None:
        _root, calls = regeneration_harness(
            tmp_path, monkeypatch, drift_phase=phase, drift_path=path
        )
        output = tmp_path / "final"
>       with pytest.raises(ValueError, match=r"source.*changed|source.*identity"):
             ^^^^^^^^^^^^^^^^^^^^^^^^^^^^^^^^^^^^^^^^^^^^^^^^^^^^^^^^^^^^^^^^^^^^
E       Failed: DID NOT RAISE <class 'ValueError'>

tests/tools/test_observation_oracle_custody.py:632: Failed
_________ test_regeneration_identity_records_every_engine_build_input __________

tmp_path = PosixPath('/private/var/folders/s_/d3vy5t5s4dv607gfkpx495000000gn/T/pytest-of-poonszesen/pytest-539/test_regeneration_identity_rec0')
monkeypatch = <_pytest.monkeypatch.MonkeyPatch object at 0x10ef2ac30>

    def test_regeneration_identity_records_every_engine_build_input(
        tmp_path: Path, monkeypatch: pytest.MonkeyPatch
    ) -> None:
        root, _calls = regeneration_harness(tmp_path, monkeypatch)
        output = tmp_path / "final"
        oracle.regenerate(output, oracle.PIN)
        identity = json.loads((output / "manifest.json").read_bytes())["source_identity"]
        recorded = {**identity["dirty_files"]}
        engine_keys = dict(oracle.ENGINE_PATHS)
        for key, value in identity["engine"].items():
            recorded[engine_keys[key]] = value
        for path in (
            "engine_rs/Cargo.toml",
            "engine_rs/Cargo.lock",
            "engine_rs/src/lib.rs",
            "engine_rs/src/econ_attrib.rs",
            "engine_rs/src/py_random.rs",
        ):
>           assert recorded[path] == oracle.hash_file(root / path)
                   ^^^^^^^^^^^^^^
E           KeyError: 'engine_rs/Cargo.toml'

tests/tools/test_observation_oracle_custody.py:687: KeyError
___________ test_regeneration_rejects_an_undeclared_engine_source[] ____________

tmp_path = PosixPath('/private/var/folders/s_/d3vy5t5s4dv607gfkpx495000000gn/T/pytest-of-poonszesen/pytest-539/test_regeneration_rejects_an_u0')
monkeypatch = <_pytest.monkeypatch.MonkeyPatch object at 0x10ef638c0>
phase = ''

    @pytest.mark.parametrize("phase", ["", "producer"])
    def test_regeneration_rejects_an_undeclared_engine_source(
        tmp_path: Path, monkeypatch: pytest.MonkeyPatch, phase: str
    ) -> None:
        root, calls = regeneration_harness(
            tmp_path,
            monkeypatch,
            drift_phase=phase,
            drift_path="engine_rs/src/undeclared.rs",
        )
        if not phase:
            (root / "engine_rs/src/undeclared.rs").write_bytes(b"mod x;\n")
        output = tmp_path / "final"
>       with pytest.raises(ValueError, match="undeclared engine source"):
             ^^^^^^^^^^^^^^^^^^^^^^^^^^^^^^^^^^^^^^^^^^^^^^^^^^^^^^^^^^^
E       Failed: DID NOT RAISE <class 'ValueError'>

tests/tools/test_observation_oracle_custody.py:703: Failed
_______ test_regeneration_rejects_an_undeclared_engine_source[producer] ________

tmp_path = PosixPath('/private/var/folders/s_/d3vy5t5s4dv607gfkpx495000000gn/T/pytest-of-poonszesen/pytest-539/test_regeneration_rejects_an_u1')
monkeypatch = <_pytest.monkeypatch.MonkeyPatch object at 0x10ef2b230>
phase = 'producer'

    @pytest.mark.parametrize("phase", ["", "producer"])
    def test_regeneration_rejects_an_undeclared_engine_source(
        tmp_path: Path, monkeypatch: pytest.MonkeyPatch, phase: str
    ) -> None:
        root, calls = regeneration_harness(
            tmp_path,
            monkeypatch,
            drift_phase=phase,
            drift_path="engine_rs/src/undeclared.rs",
        )
        if not phase:
            (root / "engine_rs/src/undeclared.rs").write_bytes(b"mod x;\n")
        output = tmp_path / "final"
>       with pytest.raises(ValueError, match="undeclared engine source"):
             ^^^^^^^^^^^^^^^^^^^^^^^^^^^^^^^^^^^^^^^^^^^^^^^^^^^^^^^^^^^
E       Failed: DID NOT RAISE <class 'ValueError'>

tests/tools/test_observation_oracle_custody.py:703: Failed
___________ test_declared_engine_inputs_cover_the_live_engine_crate ____________

    def test_declared_engine_inputs_cover_the_live_engine_crate() -> None:
>       oracle.require_declared_engine_sources(ROOT)
        ^^^^^^^^^^^^^^^^^^^^^^^^^^^^^^^^^^^^^^
E       AttributeError: module 'observation_oracle' has no attribute 'require_declared_engine_sources'

tests/tools/test_observation_oracle_custody.py:710: AttributeError
=========================== short test summary info ============================
FAILED tests/tools/test_observation_oracle_custody.py::test_regeneration_source_identity_rejects_changes_between_phases[producer-engine_rs/src/py_random.rs]
FAILED tests/tools/test_observation_oracle_custody.py::test_regeneration_source_identity_rejects_changes_between_phases[admission-engine_rs/Cargo.toml]
FAILED tests/tools/test_observation_oracle_custody.py::test_regeneration_source_identity_rejects_changes_between_phases[export-engine_rs/src/econ_attrib.rs]
FAILED tests/tools/test_observation_oracle_custody.py::test_regeneration_identity_records_every_engine_build_input
FAILED tests/tools/test_observation_oracle_custody.py::test_regeneration_rejects_an_undeclared_engine_source[]
FAILED tests/tools/test_observation_oracle_custody.py::test_regeneration_rejects_an_undeclared_engine_source[producer]
FAILED tests/tools/test_observation_oracle_custody.py::test_declared_engine_inputs_cover_the_live_engine_crate
7 failed, 46 passed in 0.61s
