2026-09-30T19:47:26Z copyoff start host=root@<terminated-h200-pod-ip> port=15795 name=earn720-r30e01w30-8xh200-from-100M-sps-20261001 dest=/Users/poonszesen/kg-v3-runs/earn720-r30e01w30-8xh200-from-100M-sps-20261001 pid=64592
2026-09-30T19:47:26Z pass start
2026-09-30T19:47:50Z pass end: 0 checkpoint files
2026-09-30T19:57:50Z pass start
2026-09-30T19:58:15Z pass end: 0 checkpoint files
2026-09-30T20:08:15Z pass start
2026-09-30T20:08:48Z pass end: 0 checkpoint files
2026-09-30T20:18:48Z pass start
  copied 20260930-194638/checkpoint_00_110_015_744.pt 51926715 B mtime 1790799146 sha256 4c85eb6a7e3dcd7a82e05480d8ffad5e6888dfb286cdb1f25f34decf5c250b0b (matches pod)
2026-09-30T20:19:39Z pass end: 1 checkpoint files
2026-09-30T20:29:39Z pass start
  copied 20260930-194638/checkpoint_last_best.pt 51923135 B mtime 1790799146 sha256 0bf657fa73795706334c81e811a3e4a4aff80029d1bd3aed5256bc000a8dc3b2 (matches pod)
  kept promoted last_best as 1790799146-0bf657fa7379.pt
2026-09-30T20:30:36Z pass end: 3 checkpoint files
2026-09-30T20:40:36Z pass start
  copied 20260930-194638/checkpoint_00_120_038_144.pt 51926715 B mtime 1790800376 sha256 b4b7d78433cb6cf4f0007a8ccf79e059583b959d794f6ef5b769d7e59ad25096 (matches pod)
2026-09-30T20:41:30Z pass end: 4 checkpoint files
2026-09-30T20:51:30Z pass start
2026-09-30T20:51:57Z pass end: 4 checkpoint files
2026-09-30T21:01:57Z pass start
  copied 20260930-194638/checkpoint_00_130_060_544.pt 51926715 B mtime 1790801605 sha256 86df0ee476aab9b497c4bdde1e1155e27c56ebf1c41640d76d288ab50456efc1 (matches pod)
2026-09-30T21:02:52Z pass end: 5 checkpoint files
2026-09-30T21:04:05Z copyoff stopped by signal (pid 64592)
2026-09-30T21:04:07Z copyoff start host=root@<terminated-h200-pod-ip> port=15795 name=earn720-r30e01w30-8xh200-from-100M-sps-20261001 dest=/Users/poonszesen/kg-v3-runs/earn720-r30e01w30-8xh200-from-100M-sps-20261001 pid=73211
2026-09-30T21:04:07Z pass start
2026-09-30T21:04:32Z pass end: 5 checkpoint files
