2026-09-30T19:46:23Z watchdog start pgid=54290 log=/root/runs/earn720-r30e01w30-8xh200-from-100M-sps-20261001.log poll=60s stop=nonfinite loss/* only
2026-09-30T19:46:23Z heartbeat rank0_iteration=0 records_per_rank={} skipped=0 last_bank=None
2026-09-30T19:52:23Z observe iteration=1 games=160 own_bank_mean=97413.4 reward_bank_mean=0.0002591940538194444 return_common_mean=0.18661972880363464
2026-09-30T19:52:23Z observe iteration=2 games=160 own_bank_mean=98557.3 reward_bank_mean=0.00026120069444444445 return_common_mean=0.18806450068950653
2026-09-30T19:53:23Z observe iteration=3 games=160 own_bank_mean=96810.3 reward_bank_mean=0.00025992782118055554 return_common_mean=0.18714803457260132
2026-09-30T19:53:23Z observe iteration=4 games=160 own_bank_mean=98869.1 reward_bank_mean=0.00026612365451388883 return_common_mean=0.19160902500152588
2026-09-30T19:54:23Z observe iteration=5 games=160 own_bank_mean=93871.9 reward_bank_mean=0.00025239359375 return_common_mean=0.18172338604927063
2026-09-30T19:54:23Z observe iteration=6 games=160 own_bank_mean=96675.3 reward_bank_mean=0.0002601128211805556 return_common_mean=0.18728122115135193
2026-09-30T19:54:23Z observe iteration=7 games=160 own_bank_mean=97564.4 reward_bank_mean=0.00026258421875 return_common_mean=0.18906064331531525
2026-09-30T19:54:23Z observe iteration=8 games=160 own_bank_mean=97262.9 reward_bank_mean=0.0002612165885416666 return_common_mean=0.1880759298801422
2026-09-30T19:55:23Z observe iteration=9 games=160 own_bank_mean=98505.1 reward_bank_mean=0.00026520135416666665 return_common_mean=0.19094498455524445
2026-09-30T19:55:23Z observe iteration=10 games=160 own_bank_mean=96801.9 reward_bank_mean=0.0002602029513888889 return_common_mean=0.18734613060951233
2026-09-30T19:55:23Z observe iteration=11 games=160 own_bank_mean=97018.9 reward_bank_mean=0.00026097878472222224 return_common_mean=0.1879047155380249
2026-09-30T19:55:23Z observe iteration=12 games=160 own_bank_mean=96647.0 reward_bank_mean=0.0002600735590277778 return_common_mean=0.1872529685497284
2026-09-30T19:55:23Z heartbeat rank0_iteration=12 records_per_rank={0: 12, 1: 12, 2: 12, 3: 12, 4: 12, 5: 12, 6: 12, 7: 12} skipped=0 last_bank=(12, 160.0, 96647.0375)
2026-09-30T19:56:23Z observe iteration=13 games=160 own_bank_mean=99367.6 reward_bank_mean=0.0002673566319444445 return_common_mean=0.19249677658081055
2026-09-30T19:56:23Z observe iteration=14 games=160 own_bank_mean=97946.9 reward_bank_mean=0.0002635775 return_common_mean=0.18977579474449158
2026-09-30T19:56:23Z observe iteration=15 games=160 own_bank_mean=98088.3 reward_bank_mean=0.00026373048611111116 return_common_mean=0.1898859441280365
2026-09-30T19:56:23Z observe iteration=16 games=160 own_bank_mean=99868.2 reward_bank_mean=0.00026889519965277777 return_common_mean=0.19360452890396118
2026-09-30T19:56:23Z observe iteration=17 games=160 own_bank_mean=96763.7 reward_bank_mean=0.0002603189149305556 return_common_mean=0.18742962181568146
2026-09-30T19:57:23Z observe iteration=18 games=160 own_bank_mean=98631.5 reward_bank_mean=0.00026570016493055555 return_common_mean=0.19130411744117737
2026-09-30T19:57:23Z observe iteration=19 games=160 own_bank_mean=97790.8 reward_bank_mean=0.0002627478559027778 return_common_mean=0.1891784518957138
2026-09-30T19:57:23Z observe iteration=20 games=160 own_bank_mean=98717.3 reward_bank_mean=0.00026573782986111114 return_common_mean=0.19133123755455017
2026-09-30T19:57:23Z observe iteration=21 games=160 own_bank_mean=95842.6 reward_bank_mean=0.00025789315972222224 return_common_mean=0.18568305671215057
2026-09-30T19:58:23Z observe iteration=22 games=160 own_bank_mean=97264.7 reward_bank_mean=0.00026172243055555555 return_common_mean=0.18844015896320343
2026-09-30T19:58:23Z observe iteration=23 games=160 own_bank_mean=92664.3 reward_bank_mean=0.000249051875 return_common_mean=0.17931734025478363
2026-09-30T19:58:23Z observe iteration=24 games=160 own_bank_mean=101044.6 reward_bank_mean=0.0002723174913194445 return_common_mean=0.19606861472129822
2026-09-30T19:58:23Z observe iteration=25 games=160 own_bank_mean=98734.2 reward_bank_mean=0.00026550526041666667 return_common_mean=0.1911637783050537
2026-09-30T19:59:23Z observe iteration=26 games=160 own_bank_mean=97118.0 reward_bank_mean=0.00026136480034722224 return_common_mean=0.18818266689777374
2026-09-30T19:59:23Z observe iteration=27 games=160 own_bank_mean=98367.1 reward_bank_mean=0.0002644961892361111 return_common_mean=0.19043724238872528
2026-09-30T19:59:23Z observe iteration=28 games=160 own_bank_mean=96577.4 reward_bank_mean=0.0002599261545138889 return_common_mean=0.18714682757854462
2026-09-30T19:59:23Z observe iteration=29 games=160 own_bank_mean=97411.0 reward_bank_mean=0.00026212797743055557 return_common_mean=0.18873213231563568
2026-09-30T19:59:23Z observe iteration=30 games=160 own_bank_mean=99025.8 reward_bank_mean=0.000266355703125 return_common_mean=0.1917761266231537
2026-09-30T20:00:23Z observe iteration=31 games=160 own_bank_mean=96637.1 reward_bank_mean=0.00026007017361111116 return_common_mean=0.1872505247592926
2026-09-30T20:00:23Z observe iteration=32 games=160 own_bank_mean=99114.9 reward_bank_mean=0.00026683473958333335 return_common_mean=0.19212102890014648
2026-09-30T20:00:23Z observe iteration=33 games=160 own_bank_mean=94966.9 reward_bank_mean=0.00025566084201388885 return_common_mean=0.18407580256462097
2026-09-30T20:00:23Z observe iteration=34 games=160 own_bank_mean=96518.7 reward_bank_mean=0.00025978423611111107 return_common_mean=0.1870446503162384
2026-09-30T20:01:23Z observe iteration=35 games=160 own_bank_mean=98497.7 reward_bank_mean=0.00026480771701388884 return_common_mean=0.19066156446933746
2026-09-30T20:01:23Z observe iteration=36 games=160 own_bank_mean=98246.2 reward_bank_mean=0.0002644454861111111 return_common_mean=0.19040074944496155
2026-09-30T20:01:23Z observe iteration=37 games=160 own_bank_mean=94966.9 reward_bank_mean=0.0002556048090277778 return_common_mean=0.18403546512126923
2026-09-30T20:01:23Z observe iteration=38 games=160 own_bank_mean=96455.8 reward_bank_mean=0.0002592297395833333 return_common_mean=0.18664540350437164
2026-09-30T20:02:23Z observe iteration=39 games=160 own_bank_mean=98378.2 reward_bank_mean=0.0002647891666666666 return_common_mean=0.19064819812774658
2026-09-30T20:02:23Z observe iteration=40 games=160 own_bank_mean=97446.8 reward_bank_mean=0.0002621565711805556 return_common_mean=0.18875274062156677
2026-09-30T20:02:23Z observe iteration=41 games=160 own_bank_mean=97780.2 reward_bank_mean=0.0002629208940972222 return_common_mean=0.18930304050445557
2026-09-30T20:02:23Z observe iteration=42 games=160 own_bank_mean=95985.5 reward_bank_mean=0.00025812821180555556 return_common_mean=0.1858523190021515
2026-09-30T20:03:23Z observe iteration=43 games=160 own_bank_mean=96055.4 reward_bank_mean=0.00025829359375 return_common_mean=0.18597139418125153
2026-09-30T20:03:23Z observe iteration=44 games=160 own_bank_mean=94507.0 reward_bank_mean=0.0002541762152777778 return_common_mean=0.1830068826675415
2026-09-30T20:03:23Z observe iteration=45 games=160 own_bank_mean=96035.9 reward_bank_mean=0.00025832852430555557 return_common_mean=0.18599654734134674
2026-09-30T20:03:23Z observe iteration=46 games=160 own_bank_mean=97373.5 reward_bank_mean=0.00026175986979166667 return_common_mean=0.1884671151638031
2026-09-30T20:03:23Z observe iteration=47 games=160 own_bank_mean=95997.7 reward_bank_mean=0.0002582210590277778 return_common_mean=0.1859191507101059
2026-09-30T20:04:23Z observe iteration=48 games=160 own_bank_mean=97905.0 reward_bank_mean=0.0002636081076388889 return_common_mean=0.18979783356189728
2026-09-30T20:04:23Z observe iteration=49 games=160 own_bank_mean=96128.9 reward_bank_mean=0.0002585566753472222 return_common_mean=0.18616080284118652
2026-09-30T20:04:23Z observe iteration=50 games=160 own_bank_mean=93991.9 reward_bank_mean=0.00025271533854166663 return_common_mean=0.18195503950119019
2026-09-30T20:04:23Z observe iteration=51 games=160 own_bank_mean=97871.0 reward_bank_mean=0.00026350033854166666 return_common_mean=0.1897202432155609
2026-09-30T20:05:23Z observe iteration=52 games=160 own_bank_mean=94834.9 reward_bank_mean=0.00025506676215277777 return_common_mean=0.18364807963371277
2026-09-30T20:05:23Z observe iteration=53 games=160 own_bank_mean=96308.0 reward_bank_mean=0.00025921416666666665 return_common_mean=0.18663418292999268
2026-09-30T20:05:23Z observe iteration=54 games=160 own_bank_mean=94286.8 reward_bank_mean=0.0002536139236111111 return_common_mean=0.18260201811790466
2026-09-30T20:05:23Z observe iteration=55 games=160 own_bank_mean=96804.6 reward_bank_mean=0.00026064348958333326 return_common_mean=0.18766330182552338
2026-09-30T20:05:23Z heartbeat rank0_iteration=55 records_per_rank={0: 55, 1: 55, 2: 55, 3: 55, 4: 55, 5: 55, 6: 55, 7: 55} skipped=0 last_bank=(55, 160.0, 96804.5875)
2026-09-30T20:06:23Z observe iteration=56 games=160 own_bank_mean=97031.0 reward_bank_mean=0.00026077704861111114 return_common_mean=0.18775947391986847
2026-09-30T20:06:23Z observe iteration=57 games=160 own_bank_mean=95041.0 reward_bank_mean=0.0002559348871527778 return_common_mean=0.1842731386423111
2026-09-30T20:06:23Z observe iteration=58 games=160 own_bank_mean=97714.6 reward_bank_mean=0.00026294257812499997 return_common_mean=0.1893186718225479
2026-09-30T20:06:23Z observe iteration=59 games=160 own_bank_mean=94831.0 reward_bank_mean=0.00025492006944444445 return_common_mean=0.18354246020317078
2026-09-30T20:07:23Z observe iteration=60 games=160 own_bank_mean=96662.5 reward_bank_mean=0.0002598810850694445 return_common_mean=0.1871143877506256
2026-09-30T20:07:23Z observe iteration=61 games=160 own_bank_mean=97431.1 reward_bank_mean=0.00026208549479166663 return_common_mean=0.1887015551328659
2026-09-30T20:07:23Z observe iteration=62 games=160 own_bank_mean=94145.4 reward_bank_mean=0.0002531053993055556 return_common_mean=0.18223588168621063
2026-09-30T20:07:23Z observe iteration=63 games=160 own_bank_mean=96773.2 reward_bank_mean=0.00026014282118055557 return_common_mean=0.1873028427362442
2026-09-30T20:07:23Z observe iteration=64 games=160 own_bank_mean=92582.2 reward_bank_mean=0.00024877557291666665 return_common_mean=0.17911842465400696
2026-09-30T20:08:23Z observe iteration=65 games=160 own_bank_mean=96728.7 reward_bank_mean=0.00026018797743055554 return_common_mean=0.18733534216880798
2026-09-30T20:08:23Z observe iteration=66 games=160 own_bank_mean=93675.6 reward_bank_mean=0.000251854375 return_common_mean=0.18133513629436493
2026-09-30T20:08:23Z observe iteration=67 games=160 own_bank_mean=94121.5 reward_bank_mean=0.0002531134982638889 return_common_mean=0.18224172294139862
2026-09-30T20:08:23Z observe iteration=68 games=160 own_bank_mean=95752.2 reward_bank_mean=0.00025764909722222223 return_common_mean=0.18550734221935272
2026-09-30T20:09:23Z observe iteration=69 games=160 own_bank_mean=96185.9 reward_bank_mean=0.0002587957291666667 return_common_mean=0.18633291125297546
2026-09-30T20:09:23Z observe iteration=70 games=160 own_bank_mean=94456.1 reward_bank_mean=0.0002540368923611111 return_common_mean=0.18290655314922333
2026-09-30T20:09:23Z observe iteration=71 games=160 own_bank_mean=96392.3 reward_bank_mean=0.00025938159722222224 return_common_mean=0.1867547482252121
2026-09-30T20:09:23Z observe iteration=72 games=160 own_bank_mean=93478.7 reward_bank_mean=0.00025111718750000004 return_common_mean=0.18080437183380127
2026-09-30T20:10:23Z observe iteration=73 games=160 own_bank_mean=97198.9 reward_bank_mean=0.0002616475694444444 return_common_mean=0.1883862465620041
2026-09-30T20:10:23Z observe iteration=74 games=160 own_bank_mean=99552.2 reward_bank_mean=0.0002675040277777778 return_common_mean=0.19260290265083313
2026-09-30T20:10:23Z observe iteration=75 games=160 own_bank_mean=95523.1 reward_bank_mean=0.0002569938975694444 return_common_mean=0.1850356161594391
2026-09-30T20:10:23Z observe iteration=76 games=160 own_bank_mean=97885.0 reward_bank_mean=0.0002635542100694444 return_common_mean=0.1897590309381485
2026-09-30T20:10:23Z observe iteration=77 games=160 own_bank_mean=97256.6 reward_bank_mean=0.0002618320746527778 return_common_mean=0.18851910531520844
2026-09-30T20:11:23Z observe iteration=78 games=160 own_bank_mean=95500.2 reward_bank_mean=0.00025656576388888893 return_common_mean=0.18472734093666077
2026-09-30T20:11:23Z observe iteration=79 games=160 own_bank_mean=94954.5 reward_bank_mean=0.00025554880208333337 return_common_mean=0.18399515748023987
2026-09-30T20:11:23Z observe iteration=80 games=160 own_bank_mean=96304.3 reward_bank_mean=0.000258835546875 return_common_mean=0.18636161088943481
2026-09-30T20:11:23Z observe iteration=81 games=160 own_bank_mean=94209.2 reward_bank_mean=0.00025259017361111113 return_common_mean=0.18186494708061218
2026-09-30T20:12:23Z observe iteration=82 games=160 own_bank_mean=98628.1 reward_bank_mean=0.00026557809027777775 return_common_mean=0.19121623039245605
2026-09-30T20:12:23Z observe iteration=83 games=160 own_bank_mean=95873.4 reward_bank_mean=0.0002578128211805555 return_common_mean=0.18562522530555725
2026-09-30T20:12:23Z observe iteration=84 games=160 own_bank_mean=96010.1 reward_bank_mean=0.0002577662065972222 return_common_mean=0.1855916678905487
2026-09-30T20:12:23Z observe iteration=85 games=160 own_bank_mean=98045.4 reward_bank_mean=0.0002639140104166667 return_common_mean=0.19001808762550354
2026-09-30T20:13:23Z observe iteration=86 games=160 own_bank_mean=98159.1 reward_bank_mean=0.00026392860243055555 return_common_mean=0.1900285929441452
2026-09-30T20:13:23Z observe iteration=87 games=160 own_bank_mean=97345.7 reward_bank_mean=0.0002617844270833333 return_common_mean=0.188484787940979
2026-09-30T20:13:23Z observe iteration=88 games=160 own_bank_mean=98268.1 reward_bank_mean=0.00026460750868055556 return_common_mean=0.190517395734787
2026-09-30T20:14:23Z observe iteration=89 games=160 own_bank_mean=99285.5 reward_bank_mean=0.0002673563628472222 return_common_mean=0.19249658286571503
2026-09-30T20:14:23Z observe iteration=90 games=160 own_bank_mean=97248.8 reward_bank_mean=0.0002617485503472222 return_common_mean=0.18845896422863007
2026-09-30T20:14:23Z observe iteration=91 games=160 own_bank_mean=98917.0 reward_bank_mean=0.00026616220486111106 return_common_mean=0.1916368007659912
2026-09-30T20:14:23Z observe iteration=92 games=160 own_bank_mean=97707.3 reward_bank_mean=0.00026308029513888887 return_common_mean=0.18941780924797058
2026-09-30T20:15:23Z observe iteration=93 games=160 own_bank_mean=93937.7 reward_bank_mean=0.00025260859375 return_common_mean=0.18187817931175232
2026-09-30T20:15:23Z observe iteration=94 games=160 own_bank_mean=97158.9 reward_bank_mean=0.0002614685590277778 return_common_mean=0.1882573664188385
2026-09-30T20:15:23Z observe iteration=95 games=160 own_bank_mean=99382.1 reward_bank_mean=0.0002677411111111111 return_common_mean=0.19277361035346985
2026-09-30T20:15:23Z observe iteration=96 games=160 own_bank_mean=95214.6 reward_bank_mean=0.00025602778645833333 return_common_mean=0.1843400001525879
2026-09-30T20:15:23Z observe iteration=97 games=160 own_bank_mean=97422.2 reward_bank_mean=0.0002621452951388889 return_common_mean=0.18874461948871613
2026-09-30T20:15:23Z heartbeat rank0_iteration=97 records_per_rank={0: 97, 1: 97, 2: 97, 3: 97, 4: 97, 5: 97, 6: 97, 7: 97} skipped=0 last_bank=(97, 160.0, 97422.196875)
2026-09-30T20:16:23Z observe iteration=98 games=160 own_bank_mean=98711.5 reward_bank_mean=0.0002658346701388889 return_common_mean=0.19140096008777618
2026-09-30T20:16:23Z observe iteration=99 games=160 own_bank_mean=94826.9 reward_bank_mean=0.0002553052690972222 return_common_mean=0.18381977081298828
2026-09-30T20:16:23Z observe iteration=100 games=160 own_bank_mean=97734.5 reward_bank_mean=0.0002629908506944444 return_common_mean=0.18935342133045197
2026-09-30T20:16:23Z observe iteration=101 games=160 own_bank_mean=99127.4 reward_bank_mean=0.0002664401302083333 return_common_mean=0.1918368935585022
2026-09-30T20:17:23Z observe iteration=102 games=160 own_bank_mean=97928.4 reward_bank_mean=0.00026369723090277777 return_common_mean=0.18986201286315918
2026-09-30T20:17:23Z observe iteration=103 games=160 own_bank_mean=98220.8 reward_bank_mean=0.00026443905381944445 return_common_mean=0.19039611518383026
2026-09-30T20:17:23Z observe iteration=104 games=160 own_bank_mean=98400.0 reward_bank_mean=0.00026485430555555554 return_common_mean=0.19069510698318481
2026-09-30T20:17:23Z observe iteration=105 games=160 own_bank_mean=99445.4 reward_bank_mean=0.0002662751736111111 return_common_mean=0.19171811640262604
2026-09-30T20:18:23Z observe iteration=106 games=160 own_bank_mean=96184.8 reward_bank_mean=0.00025878738715277773 return_common_mean=0.18632693588733673
2026-09-30T20:18:23Z observe iteration=107 games=160 own_bank_mean=96093.8 reward_bank_mean=0.0002585671875 return_common_mean=0.1861683875322342
2026-09-30T20:18:23Z observe iteration=108 games=160 own_bank_mean=98605.9 reward_bank_mean=0.00026488611111111113 return_common_mean=0.19071801006793976
2026-09-30T20:18:23Z observe iteration=109 games=160 own_bank_mean=94355.6 reward_bank_mean=0.00025373481770833337 return_common_mean=0.18268907070159912
2026-09-30T20:18:23Z observe iteration=110 games=160 own_bank_mean=96948.3 reward_bank_mean=0.000260904453125 return_common_mean=0.187851220369339
2026-09-30T20:19:23Z observe iteration=111 games=160 own_bank_mean=94730.1 reward_bank_mean=0.00025470894965277783 return_common_mean=0.18339042365550995
2026-09-30T20:19:23Z observe iteration=112 games=160 own_bank_mean=96576.0 reward_bank_mean=0.0002598091319444444 return_common_mean=0.1870625615119934
2026-09-30T20:19:23Z observe iteration=113 games=160 own_bank_mean=98345.0 reward_bank_mean=0.00026466051215277776 return_common_mean=0.19055557250976562
2026-09-30T20:19:23Z observe iteration=114 games=160 own_bank_mean=95865.1 reward_bank_mean=0.0002579046440972222 return_common_mean=0.18569132685661316
2026-09-30T20:20:23Z observe iteration=115 games=160 own_bank_mean=95660.7 reward_bank_mean=0.00025738578993055554 return_common_mean=0.1853177845478058
2026-09-30T20:20:23Z observe iteration=116 games=160 own_bank_mean=99068.5 reward_bank_mean=0.00026685567708333333 return_common_mean=0.19213609397411346
2026-09-30T20:20:23Z observe iteration=117 games=160 own_bank_mean=99160.7 reward_bank_mean=0.0002668862934027778 return_common_mean=0.19215813279151917
2026-09-30T20:20:23Z observe iteration=118 games=160 own_bank_mean=95606.6 reward_bank_mean=0.0002571307986111111 return_common_mean=0.1851341724395752
2026-09-30T20:21:23Z observe iteration=119 games=160 own_bank_mean=93813.0 reward_bank_mean=0.00025226516493055554 return_common_mean=0.1816309243440628
2026-09-30T20:21:23Z observe iteration=120 games=160 own_bank_mean=94289.7 reward_bank_mean=0.0002535752951388889 return_common_mean=0.18257422745227814
2026-09-30T20:21:23Z observe iteration=121 games=160 own_bank_mean=95571.6 reward_bank_mean=0.00025719121527777774 return_common_mean=0.18517768383026123
2026-09-30T20:21:23Z observe iteration=122 games=160 own_bank_mean=95427.7 reward_bank_mean=0.00025672997395833334 return_common_mean=0.18484559655189514
2026-09-30T20:21:23Z observe iteration=123 games=160 own_bank_mean=97762.6 reward_bank_mean=0.00026348078125 return_common_mean=0.18970617651939392
2026-09-30T20:22:23Z observe iteration=124 games=160 own_bank_mean=98269.2 reward_bank_mean=0.00026442098090277775 return_common_mean=0.19038310647010803
2026-09-30T20:22:23Z observe iteration=125 games=160 own_bank_mean=95338.8 reward_bank_mean=0.0002557150954861111 return_common_mean=0.18411488831043243
2026-09-30T20:22:23Z observe iteration=126 games=160 own_bank_mean=96481.9 reward_bank_mean=0.00025991563368055556 return_common_mean=0.18713924288749695
2026-09-30T20:22:23Z observe iteration=127 games=160 own_bank_mean=96835.7 reward_bank_mean=0.00026081436631944445 return_common_mean=0.18778634071350098
2026-09-30T20:23:23Z observe iteration=128 games=160 own_bank_mean=95969.1 reward_bank_mean=0.0002577205815972222 return_common_mean=0.18555882573127747
2026-09-30T20:23:23Z observe iteration=129 games=160 own_bank_mean=97926.8 reward_bank_mean=0.00026285705729166666 return_common_mean=0.18925707042217255
2026-09-30T20:23:23Z observe iteration=130 games=160 own_bank_mean=93413.3 reward_bank_mean=0.00025098645833333333 return_common_mean=0.18071025609970093
2026-09-30T20:23:23Z observe iteration=131 games=160 own_bank_mean=93628.2 reward_bank_mean=0.00025171823784722223 return_common_mean=0.181237131357193
2026-09-30T20:24:23Z observe iteration=132 games=160 own_bank_mean=97017.3 reward_bank_mean=0.000261115546875 return_common_mean=0.18800318241119385
2026-09-30T20:24:23Z observe iteration=133 games=160 own_bank_mean=94268.2 reward_bank_mean=0.00025361938368055555 return_common_mean=0.18260596692562103
2026-09-30T20:24:23Z observe iteration=134 games=160 own_bank_mean=97086.1 reward_bank_mean=0.0002608967708333333 return_common_mean=0.18784567713737488
2026-09-30T20:24:23Z observe iteration=135 games=160 own_bank_mean=97126.2 reward_bank_mean=0.0002607103211805555 return_common_mean=0.1877114325761795
2026-09-30T20:24:23Z observe iteration=136 games=160 own_bank_mean=98013.3 reward_bank_mean=0.0002640192361111111 return_common_mean=0.19009387493133545
2026-09-30T20:25:23Z observe iteration=137 games=160 own_bank_mean=100056.0 reward_bank_mean=0.0002691773524305555 return_common_mean=0.1938076913356781
2026-09-30T20:25:23Z observe iteration=138 games=160 own_bank_mean=96484.2 reward_bank_mean=0.000259490546875 return_common_mean=0.1868332028388977
2026-09-30T20:25:23Z observe iteration=139 games=160 own_bank_mean=96978.7 reward_bank_mean=0.00026099069444444445 return_common_mean=0.18791329860687256
2026-09-30T20:25:23Z observe iteration=140 games=160 own_bank_mean=96232.3 reward_bank_mean=0.0002587789149305555 return_common_mean=0.18632081151008606
2026-09-30T20:25:23Z heartbeat rank0_iteration=140 records_per_rank={0: 140, 1: 140, 2: 140, 3: 140, 4: 140, 5: 140, 6: 140, 7: 140} skipped=0 last_bank=(140, 160.0, 96232.278125)
2026-09-30T20:26:23Z observe iteration=141 games=160 own_bank_mean=96203.5 reward_bank_mean=0.00025882490451388887 return_common_mean=0.18635393679141998
2026-09-30T20:26:23Z observe iteration=142 games=160 own_bank_mean=98257.4 reward_bank_mean=0.00026437499131944445 return_common_mean=0.1903499811887741
2026-09-30T20:26:23Z observe iteration=143 games=160 own_bank_mean=97160.2 reward_bank_mean=0.0002613124652777778 return_common_mean=0.1881449669599533
2026-09-30T20:26:23Z observe iteration=144 games=160 own_bank_mean=98040.1 reward_bank_mean=0.00026334436631944444 return_common_mean=0.18960794806480408
2026-09-30T20:27:23Z observe iteration=145 games=160 own_bank_mean=97272.2 reward_bank_mean=0.00026174062499999994 return_common_mean=0.18845325708389282
2026-09-30T20:27:23Z observe iteration=146 games=160 own_bank_mean=94588.5 reward_bank_mean=0.00025416664062499994 return_common_mean=0.18299998342990875
2026-09-30T20:27:23Z observe iteration=147 games=160 own_bank_mean=97834.3 reward_bank_mean=0.00026340986979166663 return_common_mean=0.1896551102399826
2026-09-30T20:27:23Z observe iteration=148 games=160 own_bank_mean=98412.0 reward_bank_mean=0.0002654327430555555 return_common_mean=0.19111157953739166
2026-09-30T20:27:23Z observe iteration=149 games=160 own_bank_mean=95682.8 reward_bank_mean=0.0002589232291666666 return_common_mean=0.18642474710941315
2026-09-30T20:28:23Z observe iteration=150 games=160 own_bank_mean=93477.3 reward_bank_mean=0.0002501400434027778 return_common_mean=0.18010084331035614
2026-09-30T20:28:23Z observe iteration=151 games=160 own_bank_mean=95165.3 reward_bank_mean=0.0002574026822916667 return_common_mean=0.18532991409301758
2026-09-30T20:28:23Z observe iteration=152 games=160 own_bank_mean=97137.5 reward_bank_mean=0.00026106128472222224 return_common_mean=0.18796412646770477
2026-09-30T20:28:23Z observe iteration=153 games=160 own_bank_mean=92776.9 reward_bank_mean=0.0002488772916666666 return_common_mean=0.17919164896011353
2026-09-30T20:29:23Z observe iteration=154 games=160 own_bank_mean=99881.7 reward_bank_mean=0.00026861758680555556 return_common_mean=0.1934046745300293
2026-09-30T20:29:23Z observe iteration=155 games=160 own_bank_mean=99262.2 reward_bank_mean=0.00026621328125 return_common_mean=0.19167356193065643
2026-09-30T20:29:23Z observe iteration=156 games=160 own_bank_mean=96843.0 reward_bank_mean=0.000260142890625 return_common_mean=0.1873028725385666
2026-09-30T20:29:23Z observe iteration=157 games=160 own_bank_mean=95174.6 reward_bank_mean=0.00025564989583333334 return_common_mean=0.18406793475151062
2026-09-30T20:30:23Z observe iteration=158 games=160 own_bank_mean=97912.0 reward_bank_mean=0.00026348959201388886 return_common_mean=0.1897124946117401
2026-09-30T20:30:23Z observe iteration=159 games=160 own_bank_mean=96926.2 reward_bank_mean=0.0002605194184027778 return_common_mean=0.18757398426532745
2026-09-30T20:30:23Z observe iteration=160 games=160 own_bank_mean=94334.8 reward_bank_mean=0.0002533168923611111 return_common_mean=0.18238815665245056
2026-09-30T20:30:23Z observe iteration=161 games=160 own_bank_mean=97719.2 reward_bank_mean=0.00026293359375 return_common_mean=0.1893121898174286
2026-09-30T20:30:23Z observe iteration=162 games=160 own_bank_mean=97987.6 reward_bank_mean=0.0002636921701388889 return_common_mean=0.1898583620786667
2026-09-30T20:31:23Z observe iteration=163 games=160 own_bank_mean=99359.2 reward_bank_mean=0.0002669889496527778 return_common_mean=0.19223205745220184
2026-09-30T20:31:23Z observe iteration=164 games=160 own_bank_mean=94925.4 reward_bank_mean=0.0002548452690972222 return_common_mean=0.18348857760429382
2026-09-30T20:31:23Z observe iteration=165 games=160 own_bank_mean=96093.3 reward_bank_mean=0.00025862059027777776 return_common_mean=0.18620683252811432
2026-09-30T20:31:23Z observe iteration=166 games=160 own_bank_mean=95787.4 reward_bank_mean=0.0002578326302083333 return_common_mean=0.18563948571681976
2026-09-30T20:32:23Z observe iteration=167 games=160 own_bank_mean=96102.6 reward_bank_mean=0.00025861578125 return_common_mean=0.18620336055755615
2026-09-30T20:32:23Z observe iteration=168 games=160 own_bank_mean=100168.8 reward_bank_mean=0.00026986984375 return_common_mean=0.19430628418922424
2026-09-30T20:32:23Z observe iteration=169 games=160 own_bank_mean=94425.2 reward_bank_mean=0.00025352959201388887 return_common_mean=0.18254129588603973
2026-09-30T20:32:23Z observe iteration=170 games=160 own_bank_mean=98289.7 reward_bank_mean=0.00026453609375 return_common_mean=0.1904660016298294
2026-09-30T20:33:23Z observe iteration=171 games=160 own_bank_mean=96270.6 reward_bank_mean=0.00025924236979166666 return_common_mean=0.18665450811386108
2026-09-30T20:33:23Z observe iteration=172 games=160 own_bank_mean=96646.2 reward_bank_mean=0.00026033008680555555 return_common_mean=0.18743766844272614
2026-09-30T20:33:23Z observe iteration=173 games=160 own_bank_mean=99058.0 reward_bank_mean=0.0002669576996527778 return_common_mean=0.19220954179763794
2026-09-30T20:34:23Z observe iteration=174 games=160 own_bank_mean=97002.5 reward_bank_mean=0.00026104690104166665 return_common_mean=0.18795378506183624
2026-09-30T20:34:23Z observe iteration=175 games=160 own_bank_mean=97825.6 reward_bank_mean=0.00026331593749999996 return_common_mean=0.18958747386932373
2026-09-30T20:34:23Z observe iteration=176 games=160 own_bank_mean=95308.6 reward_bank_mean=0.00025649864583333334 return_common_mean=0.1846790462732315
2026-09-30T20:34:23Z observe iteration=177 games=160 own_bank_mean=99969.5 reward_bank_mean=0.00026916453125 return_common_mean=0.19379845261573792
2026-09-30T20:34:23Z observe iteration=178 games=160 own_bank_mean=98432.4 reward_bank_mean=0.0002651018229166666 return_common_mean=0.19087329506874084
2026-09-30T20:35:23Z observe iteration=179 games=160 own_bank_mean=97573.2 reward_bank_mean=0.00026267619791666666 return_common_mean=0.1891268640756607
2026-09-30T20:35:23Z observe iteration=180 games=160 own_bank_mean=95868.5 reward_bank_mean=0.00025783692708333334 return_common_mean=0.18564260005950928
2026-09-30T20:35:23Z observe iteration=181 games=160 own_bank_mean=95296.7 reward_bank_mean=0.00025624289930555554 return_common_mean=0.18449489772319794
2026-09-30T20:35:23Z observe iteration=182 games=160 own_bank_mean=97968.9 reward_bank_mean=0.0002637410503472222 return_common_mean=0.18989355862140656
2026-09-30T20:35:23Z heartbeat rank0_iteration=182 records_per_rank={0: 182, 1: 182, 2: 182, 3: 182, 4: 182, 5: 182, 6: 182, 7: 182} skipped=0 last_bank=(182, 160.0, 97968.9125)
2026-09-30T20:36:23Z observe iteration=183 games=160 own_bank_mean=96945.6 reward_bank_mean=0.00026074968749999997 return_common_mean=0.1877397745847702
2026-09-30T20:36:23Z observe iteration=184 games=160 own_bank_mean=95041.9 reward_bank_mean=0.00025556646701388886 return_common_mean=0.18400785326957703
2026-09-30T20:36:23Z observe iteration=185 games=160 own_bank_mean=97996.1 reward_bank_mean=0.0002637937934027778 return_common_mean=0.18993154168128967
2026-09-30T20:36:23Z observe iteration=186 games=160 own_bank_mean=97656.4 reward_bank_mean=0.0002628963628472222 return_common_mean=0.18928536772727966
2026-09-30T20:37:23Z observe iteration=187 games=160 own_bank_mean=95343.4 reward_bank_mean=0.00025649327256944444 return_common_mean=0.1846751570701599
2026-09-30T20:37:23Z observe iteration=188 games=160 own_bank_mean=97280.9 reward_bank_mean=0.0002619212065972222 return_common_mean=0.18858328461647034
2026-09-30T20:37:23Z observe iteration=189 games=160 own_bank_mean=96658.2 reward_bank_mean=0.00026002557291666663 return_common_mean=0.18721839785575867
2026-09-30T20:37:23Z observe iteration=190 games=160 own_bank_mean=97146.7 reward_bank_mean=0.0002615127604166667 return_common_mean=0.18828918039798737
2026-09-30T20:37:23Z observe iteration=191 games=160 own_bank_mean=96818.5 reward_bank_mean=0.00026032984374999994 return_common_mean=0.1874374896287918
2026-09-30T20:38:23Z observe iteration=192 games=160 own_bank_mean=99338.7 reward_bank_mean=0.0002675550868055555 return_common_mean=0.19263966381549835
2026-09-30T20:38:23Z observe iteration=193 games=160 own_bank_mean=96549.8 reward_bank_mean=0.00025995335069444445 return_common_mean=0.18716639280319214
2026-09-30T20:38:23Z observe iteration=194 games=160 own_bank_mean=95984.4 reward_bank_mean=0.00026071063368055555 return_common_mean=0.1877116560935974
2026-09-30T20:38:23Z observe iteration=195 games=160 own_bank_mean=95333.4 reward_bank_mean=0.0002561468142361111 return_common_mean=0.1844257116317749
2026-09-30T20:39:23Z observe iteration=196 games=160 own_bank_mean=95812.3 reward_bank_mean=0.0002578595746527777 return_common_mean=0.18565888702869415
2026-09-30T20:39:23Z observe iteration=197 games=160 own_bank_mean=96139.9 reward_bank_mean=0.00025873006944444443 return_common_mean=0.18628564476966858
2026-09-30T20:39:23Z observe iteration=198 games=160 own_bank_mean=93914.7 reward_bank_mean=0.0002526852951388889 return_common_mean=0.1819334179162979
2026-09-30T20:39:23Z observe iteration=199 games=160 own_bank_mean=96430.6 reward_bank_mean=0.00025714313368055554 return_common_mean=0.18514305353164673
2026-09-30T20:40:23Z observe iteration=200 games=160 own_bank_mean=96450.6 reward_bank_mean=0.0002590558159722222 return_common_mean=0.18652018904685974
2026-09-30T20:40:23Z observe iteration=201 games=160 own_bank_mean=96158.7 reward_bank_mean=0.00025864996527777775 return_common_mean=0.18622799217700958
2026-09-30T20:40:23Z observe iteration=202 games=160 own_bank_mean=96897.7 reward_bank_mean=0.00026042922743055557 return_common_mean=0.18750905990600586
2026-09-30T20:40:23Z observe iteration=203 games=160 own_bank_mean=96295.4 reward_bank_mean=0.00025922566840277776 return_common_mean=0.18664249777793884
2026-09-30T20:41:23Z observe iteration=204 games=160 own_bank_mean=97086.9 reward_bank_mean=0.00026089926215277777 return_common_mean=0.18784746527671814
2026-09-30T20:41:23Z observe iteration=205 games=160 own_bank_mean=96452.2 reward_bank_mean=0.00025945128472222226 return_common_mean=0.18680493533611298
2026-09-30T20:41:23Z observe iteration=206 games=160 own_bank_mean=97533.8 reward_bank_mean=0.00026240551215277777 return_common_mean=0.18893197178840637
2026-09-30T20:41:23Z observe iteration=207 games=160 own_bank_mean=98112.1 reward_bank_mean=0.00026412250868055557 return_common_mean=0.19016821682453156
2026-09-30T20:41:23Z observe iteration=208 games=160 own_bank_mean=95318.0 reward_bank_mean=0.0002562410503472222 return_common_mean=0.18449357151985168
2026-09-30T20:42:23Z observe iteration=209 games=160 own_bank_mean=93674.0 reward_bank_mean=0.00025167710069444444 return_common_mean=0.18120752274990082
2026-09-30T20:42:23Z observe iteration=210 games=160 own_bank_mean=97973.1 reward_bank_mean=0.0002637021875 return_common_mean=0.1898655891418457
2026-09-30T20:42:23Z observe iteration=211 games=160 own_bank_mean=99415.2 reward_bank_mean=0.0002677021440972222 return_common_mean=0.19274553656578064
2026-09-30T20:42:23Z observe iteration=212 games=160 own_bank_mean=96879.1 reward_bank_mean=0.0002607849826388889 return_common_mean=0.1877651959657669
2026-09-30T20:43:23Z observe iteration=213 games=160 own_bank_mean=95234.7 reward_bank_mean=0.00025600993055555554 return_common_mean=0.1843271553516388
2026-09-30T20:43:23Z observe iteration=214 games=160 own_bank_mean=96399.1 reward_bank_mean=0.00025922215277777777 return_common_mean=0.1866399645805359
2026-09-30T20:43:23Z observe iteration=215 games=160 own_bank_mean=95984.8 reward_bank_mean=0.00025841776041666664 return_common_mean=0.1860608011484146
2026-09-30T20:43:23Z observe iteration=216 games=160 own_bank_mean=96971.1 reward_bank_mean=0.00026108283854166665 return_common_mean=0.18797963857650757
2026-09-30T20:44:23Z observe iteration=217 games=160 own_bank_mean=96832.8 reward_bank_mean=0.0002610046788194444 return_common_mean=0.1879233568906784
2026-09-30T20:44:23Z observe iteration=218 games=160 own_bank_mean=97490.8 reward_bank_mean=0.0002616664409722222 return_common_mean=0.18839983642101288
2026-09-30T20:44:23Z observe iteration=219 games=160 own_bank_mean=96572.4 reward_bank_mean=0.0002600418489583333 return_common_mean=0.18723013997077942
2026-09-30T20:44:23Z observe iteration=220 games=160 own_bank_mean=97211.9 reward_bank_mean=0.00026202119791666665 return_common_mean=0.18865525722503662
2026-09-30T20:44:23Z observe iteration=221 games=160 own_bank_mean=98145.3 reward_bank_mean=0.0002639061284722222 return_common_mean=0.19001241028308868
2026-09-30T20:45:23Z observe iteration=222 games=160 own_bank_mean=98755.2 reward_bank_mean=0.00026546119791666666 return_common_mean=0.1911320686340332
2026-09-30T20:45:23Z observe iteration=223 games=160 own_bank_mean=96772.6 reward_bank_mean=0.00026062543402777775 return_common_mean=0.18765030801296234
2026-09-30T20:45:23Z observe iteration=224 games=160 own_bank_mean=96939.8 reward_bank_mean=0.0002606562673611111 return_common_mean=0.18767252564430237
2026-09-30T20:45:23Z observe iteration=225 games=160 own_bank_mean=100288.3 reward_bank_mean=0.0002699407899305555 return_common_mean=0.19435736536979675
2026-09-30T20:45:23Z heartbeat rank0_iteration=225 records_per_rank={0: 225, 1: 225, 2: 225, 3: 225, 4: 225, 5: 225, 6: 225, 7: 225} skipped=0 last_bank=(225, 160.0, 100288.3)
2026-09-30T20:46:23Z observe iteration=226 games=160 own_bank_mean=96025.3 reward_bank_mean=0.000258310703125 return_common_mean=0.18598370254039764
2026-09-30T20:46:23Z observe iteration=227 games=160 own_bank_mean=99134.3 reward_bank_mean=0.0002667306944444444 return_common_mean=0.19204609096050262
2026-09-30T20:46:23Z observe iteration=228 games=160 own_bank_mean=98108.8 reward_bank_mean=0.0002640473003472222 return_common_mean=0.19011405110359192
2026-09-30T20:46:23Z observe iteration=229 games=160 own_bank_mean=97528.0 reward_bank_mean=0.0002626605902777778 return_common_mean=0.18911564350128174
2026-09-30T20:47:23Z observe iteration=230 games=160 own_bank_mean=94413.5 reward_bank_mean=0.000253643125 return_common_mean=0.18262305855751038
2026-09-30T20:47:23Z observe iteration=231 games=160 own_bank_mean=100675.8 reward_bank_mean=0.0002711818576388889 return_common_mean=0.19525094330310822
2026-09-30T20:47:23Z observe iteration=232 games=160 own_bank_mean=99307.9 reward_bank_mean=0.0002674319878472222 return_common_mean=0.19255104660987854
2026-09-30T20:47:23Z observe iteration=233 games=160 own_bank_mean=99099.5 reward_bank_mean=0.000266734609375 return_common_mean=0.19204892218112946
2026-09-30T20:48:23Z observe iteration=234 games=160 own_bank_mean=99755.8 reward_bank_mean=0.0002684236545138889 return_common_mean=0.19326503574848175
2026-09-30T20:48:23Z observe iteration=235 games=160 own_bank_mean=98539.1 reward_bank_mean=0.00026538914930555554 return_common_mean=0.19108018279075623
2026-09-30T20:48:23Z observe iteration=236 games=160 own_bank_mean=96046.9 reward_bank_mean=0.00025848484375 return_common_mean=0.18610909581184387
2026-09-30T20:48:23Z observe iteration=237 games=160 own_bank_mean=99978.9 reward_bank_mean=0.0002693950868055555 return_common_mean=0.19396446645259857
2026-09-30T20:48:23Z observe iteration=238 games=160 own_bank_mean=98433.1 reward_bank_mean=0.0002649373784722222 return_common_mean=0.19075492024421692
2026-09-30T20:49:23Z observe iteration=239 games=160 own_bank_mean=98127.1 reward_bank_mean=0.00026437043402777774 return_common_mean=0.19034670293331146
2026-09-30T20:49:23Z observe iteration=240 games=160 own_bank_mean=99672.5 reward_bank_mean=0.0002685684288194445 return_common_mean=0.1933692842721939
2026-09-30T20:49:23Z observe iteration=241 games=160 own_bank_mean=95651.1 reward_bank_mean=0.0002580428125 return_common_mean=0.18579082190990448
2026-09-30T20:49:23Z observe iteration=242 games=160 own_bank_mean=95943.3 reward_bank_mean=0.00025874024305555553 return_common_mean=0.18629297614097595
2026-09-30T20:50:23Z observe iteration=243 games=160 own_bank_mean=96935.0 reward_bank_mean=0.00026045486979166667 return_common_mean=0.18752749264240265
2026-09-30T20:50:23Z observe iteration=244 games=160 own_bank_mean=97600.2 reward_bank_mean=0.0002628866145833334 return_common_mean=0.18927836418151855
2026-09-30T20:50:23Z observe iteration=245 games=160 own_bank_mean=98138.0 reward_bank_mean=0.00026411629340277777 return_common_mean=0.1901637464761734
2026-09-30T20:50:23Z observe iteration=246 games=160 own_bank_mean=94489.5 reward_bank_mean=0.0002539250173611111 return_common_mean=0.18282601237297058
2026-09-30T20:51:23Z observe iteration=247 games=160 own_bank_mean=96544.9 reward_bank_mean=0.0002592787673611111 return_common_mean=0.18668070435523987
2026-09-30T20:51:23Z observe iteration=248 games=160 own_bank_mean=92537.9 reward_bank_mean=0.00024988292534722223 return_common_mean=0.17991569638252258
2026-09-30T20:51:23Z observe iteration=249 games=160 own_bank_mean=95963.4 reward_bank_mean=0.0002579191753472222 return_common_mean=0.18570180237293243
2026-09-30T20:51:23Z observe iteration=250 games=160 own_bank_mean=96657.1 reward_bank_mean=0.0002600677517361111 return_common_mean=0.18724878132343292
2026-09-30T20:51:23Z observe iteration=251 games=160 own_bank_mean=95815.5 reward_bank_mean=0.00025926256944444446 return_common_mean=0.18666905164718628
2026-09-30T20:52:23Z observe iteration=252 games=160 own_bank_mean=97316.5 reward_bank_mean=0.0002649950260416666 return_common_mean=0.19079643487930298
2026-09-30T20:52:23Z observe iteration=253 games=160 own_bank_mean=95996.2 reward_bank_mean=0.0002589152951388889 return_common_mean=0.1864190250635147
2026-09-30T20:52:23Z observe iteration=254 games=160 own_bank_mean=95793.5 reward_bank_mean=0.00025794937499999996 return_common_mean=0.18572355806827545
2026-09-30T20:52:23Z observe iteration=255 games=160 own_bank_mean=96498.2 reward_bank_mean=0.00025964394097222217 return_common_mean=0.18694362044334412
2026-09-30T20:53:23Z observe iteration=256 games=160 own_bank_mean=96923.0 reward_bank_mean=0.00026070660590277775 return_common_mean=0.1877087503671646
2026-09-30T20:53:23Z observe iteration=257 games=160 own_bank_mean=95886.6 reward_bank_mean=0.00025780578124999997 return_common_mean=0.18562015891075134
2026-09-30T20:53:23Z observe iteration=258 games=160 own_bank_mean=96214.3 reward_bank_mean=0.00025900889756944447 return_common_mean=0.1864864081144333
2026-09-30T20:53:23Z observe iteration=259 games=160 own_bank_mean=96822.9 reward_bank_mean=0.00026055671006944444 return_common_mean=0.18760082125663757
2026-09-30T20:54:23Z observe iteration=260 games=160 own_bank_mean=95737.8 reward_bank_mean=0.00025784967881944444 return_common_mean=0.18565179407596588
2026-09-30T20:54:23Z observe iteration=261 games=160 own_bank_mean=96127.6 reward_bank_mean=0.0002580103559027778 return_common_mean=0.18576744198799133
2026-09-30T20:54:23Z observe iteration=262 games=160 own_bank_mean=94385.0 reward_bank_mean=0.00025403199652777777 return_common_mean=0.18290305137634277
2026-09-30T20:54:23Z observe iteration=263 games=160 own_bank_mean=96782.8 reward_bank_mean=0.0002612237152777778 return_common_mean=0.1880810707807541
2026-09-30T20:55:23Z observe iteration=264 games=160 own_bank_mean=95203.6 reward_bank_mean=0.0002562250607638889 return_common_mean=0.18448205292224884
2026-09-30T20:55:23Z observe iteration=265 games=160 own_bank_mean=98711.8 reward_bank_mean=0.0002674620312499999 return_common_mean=0.19257263839244843
2026-09-30T20:55:23Z observe iteration=266 games=160 own_bank_mean=97756.3 reward_bank_mean=0.0002626555381944444 return_common_mean=0.18911199271678925
2026-09-30T20:55:23Z observe iteration=267 games=160 own_bank_mean=94122.0 reward_bank_mean=0.0002529698871527778 return_common_mean=0.18213830888271332
2026-09-30T20:55:23Z heartbeat rank0_iteration=267 records_per_rank={0: 267, 1: 267, 2: 267, 3: 267, 4: 267, 5: 267, 6: 267, 7: 267} skipped=0 last_bank=(267, 160.0, 94121.953125)
2026-09-30T20:56:23Z observe iteration=268 games=160 own_bank_mean=98063.2 reward_bank_mean=0.00026374065104166664 return_common_mean=0.18989326059818268
2026-09-30T20:56:23Z observe iteration=269 games=160 own_bank_mean=98957.3 reward_bank_mean=0.00026700855902777774 return_common_mean=0.19224616885185242
2026-09-30T20:56:23Z observe iteration=270 games=160 own_bank_mean=96977.3 reward_bank_mean=0.00026123947048611114 return_common_mean=0.1880924254655838
2026-09-30T20:56:23Z observe iteration=271 games=160 own_bank_mean=95825.9 reward_bank_mean=0.00025748088541666667 return_common_mean=0.18538622558116913
2026-09-30T20:57:23Z observe iteration=272 games=160 own_bank_mean=99122.5 reward_bank_mean=0.00026642043402777776 return_common_mean=0.19182270765304565
2026-09-30T20:57:23Z observe iteration=273 games=160 own_bank_mean=99014.9 reward_bank_mean=0.0002667087673611111 return_common_mean=0.19203032553195953
2026-09-30T20:57:23Z observe iteration=274 games=160 own_bank_mean=97273.5 reward_bank_mean=0.0002620178385416667 return_common_mean=0.18865284323692322
2026-09-30T20:57:23Z observe iteration=275 games=160 own_bank_mean=97275.1 reward_bank_mean=0.0002616423177083333 return_common_mean=0.18838247656822205
2026-09-30T20:57:23Z observe iteration=276 games=160 own_bank_mean=97665.5 reward_bank_mean=0.0002628772482638889 return_common_mean=0.18927161395549774
2026-09-30T20:58:23Z observe iteration=277 games=160 own_bank_mean=97609.9 reward_bank_mean=0.00026405354166666664 return_common_mean=0.19011855125427246
2026-09-30T20:58:23Z observe iteration=278 games=160 own_bank_mean=95883.1 reward_bank_mean=0.000257993515625 return_common_mean=0.18575532734394073
2026-09-30T20:58:23Z observe iteration=279 games=160 own_bank_mean=96496.5 reward_bank_mean=0.00026037575520833334 return_common_mean=0.18747054040431976
2026-09-30T20:58:23Z observe iteration=280 games=160 own_bank_mean=96576.8 reward_bank_mean=0.00026106945312500004 return_common_mean=0.18797001242637634
2026-09-30T20:59:23Z observe iteration=281 games=160 own_bank_mean=95808.1 reward_bank_mean=0.00025887506944444443 return_common_mean=0.18639004230499268
2026-09-30T20:59:23Z observe iteration=282 games=160 own_bank_mean=92549.2 reward_bank_mean=0.0002494571006944444 return_common_mean=0.17960913479328156
2026-09-30T20:59:23Z observe iteration=283 games=160 own_bank_mean=95099.0 reward_bank_mean=0.000257000546875 return_common_mean=0.18504038453102112
2026-09-30T20:59:23Z observe iteration=284 games=160 own_bank_mean=96652.9 reward_bank_mean=0.0002640222482638889 return_common_mean=0.19009600579738617
2026-09-30T21:00:23Z observe iteration=285 games=160 own_bank_mean=96328.0 reward_bank_mean=0.00025981016493055556 return_common_mean=0.1870633214712143
2026-09-30T21:00:23Z observe iteration=286 games=160 own_bank_mean=96157.2 reward_bank_mean=0.00025967249999999997 return_common_mean=0.18696419894695282
2026-09-30T21:00:23Z observe iteration=287 games=160 own_bank_mean=96028.2 reward_bank_mean=0.00025936921874999996 return_common_mean=0.18674583733081818
2026-09-30T21:00:23Z observe iteration=288 games=160 own_bank_mean=96996.2 reward_bank_mean=0.0002619149826388889 return_common_mean=0.188578799366951
2026-09-30T21:01:23Z observe iteration=289 games=160 own_bank_mean=96200.9 reward_bank_mean=0.0002632556684027778 return_common_mean=0.18954408168792725
2026-09-30T21:01:23Z observe iteration=290 games=160 own_bank_mean=95549.0 reward_bank_mean=0.00025838089409722226 return_common_mean=0.18603424727916718
2026-09-30T21:01:23Z observe iteration=291 games=160 own_bank_mean=96429.9 reward_bank_mean=0.00026153323784722216 return_common_mean=0.18830393254756927
2026-09-30T21:01:23Z observe iteration=292 games=160 own_bank_mean=92830.8 reward_bank_mean=0.00025047360243055555 return_common_mean=0.1803409904241562
2026-09-30T21:01:23Z observe iteration=293 games=160 own_bank_mean=96590.9 reward_bank_mean=0.0002601072135416667 return_common_mean=0.1872771978378296
2026-09-30T21:02:23Z observe iteration=294 games=160 own_bank_mean=95546.8 reward_bank_mean=0.0002571290017361111 return_common_mean=0.18513287603855133
2026-09-30T21:02:23Z observe iteration=295 games=160 own_bank_mean=94793.9 reward_bank_mean=0.0002556304166666667 return_common_mean=0.1840539127588272
2026-09-30T21:02:23Z observe iteration=296 games=160 own_bank_mean=95227.0 reward_bank_mean=0.00025577894965277776 return_common_mean=0.18416084349155426
2026-09-30T21:02:23Z observe iteration=297 games=160 own_bank_mean=93896.3 reward_bank_mean=0.00025264409722222225 return_common_mean=0.18190374970436096
2026-09-30T21:03:23Z observe iteration=298 games=160 own_bank_mean=95896.1 reward_bank_mean=0.00026052684895833334 return_common_mean=0.18757933378219604
2026-09-30T21:03:23Z observe iteration=299 games=160 own_bank_mean=95245.9 reward_bank_mean=0.00025498015624999995 return_common_mean=0.18358571827411652
2026-09-30T21:03:23Z observe iteration=300 games=160 own_bank_mean=95202.5 reward_bank_mean=0.00025687541666666666 return_common_mean=0.1849503070116043
2026-09-30T21:03:23Z observe iteration=301 games=160 own_bank_mean=97201.3 reward_bank_mean=0.00026291407118055553 return_common_mean=0.1892981231212616
