offline-resume-allowed: KILLED (2 failed, 161 passed in 1.24s); restored sha256 70265a555141
  tests/owl/train/test_logging.py::test_offline_wandb_rejects_resume_before_initialization[scaling_6m]
  tests/owl/train/test_logging.py::test_offline_wandb_rejects_resume_before_initialization[kaggriculture]
kaggriculture-name-unprefixed: KILLED (2 failed, 161 passed in 1.14s); restored sha256 70265a555141
  tests/owl/train/test_logging.py::test_kaggriculture_wandb_init_uses_v3_identity_and_mode[online]
  tests/owl/train/test_logging.py::test_kaggriculture_wandb_init_uses_v3_identity_and_mode[offline]
orbit-online-gets-mode: KILLED (2 failed, 161 passed in 1.15s); restored sha256 70265a555141
  tests/owl/train/test_logging.py::test_orbit_wandb_init_kwargs_are_unchanged[None]
  tests/owl/train/test_logging.py::test_orbit_wandb_init_kwargs_are_unchanged[existing-orbit-run]
teacher-source-check-dropped: KILLED (2 failed, 161 passed in 1.27s); restored sha256 6b99d8a7baab
  tests/scripts/test_run_ppo.py::test_main_rejects_a_kaggriculture_launch_without_a_teacher_checkpoint
  tests/scripts/test_run_ppo.py::test_main_rejects_a_missing_kaggriculture_teacher_init_checkpoint
startup-env-steps-read-dropped: KILLED (7 failed, 156 passed in 1.33s); restored sha256 6b99d8a7baab
  tests/scripts/test_run_ppo.py::test_main_kaggriculture_resume_starts_a_disjoint_seed_stream
  tests/scripts/test_run_ppo.py::test_main_kaggriculture_resume_past_the_seed_budget_fails_before_allocation
  tests/scripts/test_run_ppo.py::test_main_kaggriculture_fails_when_the_checkpoint_changes_during_startup[resume]
  tests/scripts/test_run_ppo.py::test_main_kaggriculture_fails_when_the_checkpoint_changes_during_startup[load_model_weights]
  tests/scripts/test_run_ppo.py::test_main_kaggriculture_load_weights_continues_the_seed_stream
  tests/kaggriculture/test_teacher.py::test_run_ppo_resume_restores_the_teacher_from_checkpoint_last_best
  tests/kaggriculture/test_teacher.py::test_run_ppo_fresh_launch_from_weights_activates_the_last_best_teacher
teacher-init-not-loaded: KILLED (3 failed, 160 passed in 1.19s); restored sha256 6b99d8a7baab
  tests/scripts/test_run_ppo.py::test_initial_last_best_model_wraps_lora_and_supports_refresh
  tests/scripts/test_run_ppo.py::test_kaggriculture_two_update_functional_check_through_main[promoted]
  tests/scripts/test_run_ppo.py::test_kaggriculture_two_update_functional_check_through_main[held]
       14.32 real        13.41 user         1.65 sys
           398770176  maximum resident set size
                   0  average shared memory size
                   0  average unshared data size
                   0  average unshared stack size
              274803  page reclaims
                6170  page faults
                   0  swaps
                   0  block input operations
                   0  block output operations
                   7  messages sent
                   7  messages received
                   7  signals received
                4173  voluntary context switches
              102595  involuntary context switches
           391055221  instructions retired
           146472123  cycles elapsed
            19284376  peak memory footprint
