{"name": "batched/tests-kaggriculture-test_base_generics_typing", "command": "uv run --offline pytest tests/kaggriculture/test_base_generics_typing.py -q -rs --noconftest", "cwd": "/Users/poonszesen/kg-v3-adapter", "exit_code": 0, "wall_seconds": 11.59, "log": "batched/tests-kaggriculture-test_base_generics_typing.log", "peak_rss_bytes": 796295168, "stop_reason": null}
COMMAND: uv run --offline pytest tests/kaggriculture/test_base_generics_typing.py -q -rs --noconftest
CWD: /Users/poonszesen/kg-v3-adapter
.                                                                        [100%]
1 passed in 6.57s

EXIT_CODE=0
STOP_REASON=None
PEAK_RSS_BYTES=796295168
{"name": "batched/tests-kaggriculture-test_codec", "command": "uv run --offline pytest tests/kaggriculture/test_codec.py -q -rs", "cwd": "/Users/poonszesen/kg-v3-adapter", "exit_code": 0, "wall_seconds": 1.872, "log": "batched/tests-kaggriculture-test_codec.log", "peak_rss_bytes": 341360640, "stop_reason": null}
COMMAND: uv run --offline pytest tests/kaggriculture/test_codec.py -q -rs
CWD: /Users/poonszesen/kg-v3-adapter
.....................                                                    [100%]
21 passed in 0.21s

EXIT_CODE=0
STOP_REASON=None
PEAK_RSS_BYTES=341360640
{"name": "batched/tests-kaggriculture-test_compile_gemm_backends", "command": "uv run --offline pytest tests/kaggriculture/test_compile_gemm_backends.py -q -rs", "cwd": "/Users/poonszesen/kg-v3-adapter", "exit_code": 0, "wall_seconds": 1.663, "log": "batched/tests-kaggriculture-test_compile_gemm_backends.log", "peak_rss_bytes": 349011968, "stop_reason": null}
COMMAND: uv run --offline pytest tests/kaggriculture/test_compile_gemm_backends.py -q -rs
CWD: /Users/poonszesen/kg-v3-adapter
.......................................................                  [100%]
55 passed in 0.49s

EXIT_CODE=0
STOP_REASON=None
PEAK_RSS_BYTES=349011968
{"name": "batched/tests-kaggriculture-test_configs", "command": "uv run --offline pytest tests/kaggriculture/test_configs.py -q -rs", "cwd": "/Users/poonszesen/kg-v3-adapter", "exit_code": 0, "wall_seconds": 1.578, "log": "batched/tests-kaggriculture-test_configs.log", "peak_rss_bytes": 355270656, "stop_reason": null}
COMMAND: uv run --offline pytest tests/kaggriculture/test_configs.py -q -rs
CWD: /Users/poonszesen/kg-v3-adapter
.......................................                                  [100%]
39 passed in 0.43s

EXIT_CODE=0
STOP_REASON=None
PEAK_RSS_BYTES=355270656
{"name": "batched/tests-kaggriculture-test_env", "command": "uv run --offline pytest tests/kaggriculture/test_env.py -q -rs", "cwd": "/Users/poonszesen/kg-v3-adapter", "exit_code": 0, "wall_seconds": 1.298, "log": "batched/tests-kaggriculture-test_env.log", "peak_rss_bytes": 331153408, "stop_reason": null}
COMMAND: uv run --offline pytest tests/kaggriculture/test_env.py -q -rs
CWD: /Users/poonszesen/kg-v3-adapter
.......................................                                  [100%]
39 passed in 0.13s

EXIT_CODE=0
STOP_REASON=None
PEAK_RSS_BYTES=331153408
{"name": "batched/tests-kaggriculture-test_env_cuda_fence", "command": "uv run --offline pytest tests/kaggriculture/test_env_cuda_fence.py -q -rs", "cwd": "/Users/poonszesen/kg-v3-adapter", "exit_code": 0, "wall_seconds": 1.123, "log": "batched/tests-kaggriculture-test_env_cuda_fence.log", "peak_rss_bytes": 322846720, "stop_reason": null}
COMMAND: uv run --offline pytest tests/kaggriculture/test_env_cuda_fence.py -q -rs
CWD: /Users/poonszesen/kg-v3-adapter
s                                                                        [100%]
=========================== short test summary info ============================
SKIPPED [1] tests/kaggriculture/test_env_cuda_fence.py:11: CUDA is unavailable
1 skipped in 0.01s

EXIT_CODE=0
STOP_REASON=None
PEAK_RSS_BYTES=322846720
{"name": "batched/tests-kaggriculture-test_env_reference", "command": "uv run --offline pytest tests/kaggriculture/test_env_reference.py -q -rs", "cwd": "/Users/poonszesen/kg-v3-adapter", "exit_code": 0, "wall_seconds": 11.326, "log": "batched/tests-kaggriculture-test_env_reference.log", "peak_rss_bytes": 382894080, "stop_reason": null}
COMMAND: uv run --offline pytest tests/kaggriculture/test_env_reference.py -q -rs
CWD: /Users/poonszesen/kg-v3-adapter
.                                                                        [100%]
1 passed in 10.22s

EXIT_CODE=0
STOP_REASON=None
PEAK_RSS_BYTES=382894080
{"name": "batched/tests-kaggriculture-test_evaluation", "command": "uv run --offline pytest tests/kaggriculture/test_evaluation.py -q -rs", "cwd": "/Users/poonszesen/kg-v3-adapter", "exit_code": 0, "wall_seconds": 1.256, "log": "batched/tests-kaggriculture-test_evaluation.log", "peak_rss_bytes": 327614464, "stop_reason": null}
COMMAND: uv run --offline pytest tests/kaggriculture/test_evaluation.py -q -rs
CWD: /Users/poonszesen/kg-v3-adapter
.............                                                            [100%]
13 passed in 0.01s

EXIT_CODE=0
STOP_REASON=None
PEAK_RSS_BYTES=327614464
{"name": "batched/tests-kaggriculture-test_game", "command": "uv run --offline pytest tests/kaggriculture/test_game.py -q -rs", "cwd": "/Users/poonszesen/kg-v3-adapter", "exit_code": 0, "wall_seconds": 1.291, "log": "batched/tests-kaggriculture-test_game.log", "peak_rss_bytes": 328761344, "stop_reason": null}
COMMAND: uv run --offline pytest tests/kaggriculture/test_game.py -q -rs
CWD: /Users/poonszesen/kg-v3-adapter
...........................                                              [100%]
27 passed in 0.15s

EXIT_CODE=0
STOP_REASON=None
PEAK_RSS_BYTES=328761344
{"name": "batched/tests-kaggriculture-test_gpu_grammar", "command": "uv run --offline pytest tests/kaggriculture/test_gpu_grammar.py -q -rs", "cwd": "/Users/poonszesen/kg-v3-adapter", "exit_code": 0, "wall_seconds": 1.193, "log": "batched/tests-kaggriculture-test_gpu_grammar.log", "peak_rss_bytes": 336183296, "stop_reason": null}
COMMAND: uv run --offline pytest tests/kaggriculture/test_gpu_grammar.py -q -rs
CWD: /Users/poonszesen/kg-v3-adapter
........................                                                 [100%]
24 passed in 0.02s

EXIT_CODE=0
STOP_REASON=None
PEAK_RSS_BYTES=336183296
{"name": "batched/tests-kaggriculture-test_model_compile", "command": "uv run --offline pytest tests/kaggriculture/test_model_compile.py -q -rs", "cwd": "/Users/poonszesen/kg-v3-adapter", "exit_code": 0, "wall_seconds": 1.312, "log": "batched/tests-kaggriculture-test_model_compile.log", "peak_rss_bytes": 363446272, "stop_reason": null}
COMMAND: uv run --offline pytest tests/kaggriculture/test_model_compile.py -q -rs
CWD: /Users/poonszesen/kg-v3-adapter
...........                                                              [100%]
11 passed in 0.18s

EXIT_CODE=0
STOP_REASON=None
PEAK_RSS_BYTES=363446272
{"name": "batched/tests-kaggriculture-test_model_encoder", "command": "uv run --offline pytest tests/kaggriculture/test_model_encoder.py -q -rs", "cwd": "/Users/poonszesen/kg-v3-adapter", "exit_code": 0, "wall_seconds": 2.249, "log": "batched/tests-kaggriculture-test_model_encoder.log", "peak_rss_bytes": 425984000, "stop_reason": null}
COMMAND: uv run --offline pytest tests/kaggriculture/test_model_encoder.py -q -rs
CWD: /Users/poonszesen/kg-v3-adapter
...........................................                              [100%]
43 passed in 0.96s

EXIT_CODE=0
STOP_REASON=None
PEAK_RSS_BYTES=425984000
{"name": "batched/tests-kaggriculture-test_model_heads", "command": "uv run --offline pytest tests/kaggriculture/test_model_heads.py -q -rs", "cwd": "/Users/poonszesen/kg-v3-adapter", "exit_code": -9, "wall_seconds": 1.778, "log": "batched/tests-kaggriculture-test_model_heads.log", "peak_rss_bytes": 1012727808, "stop_reason": "memory"}
COMMAND: uv run --offline pytest tests/kaggriculture/test_model_heads.py -q -rs
CWD: /Users/poonszesen/kg-v3-adapter
.........
EXIT_CODE=-9
STOP_REASON=memory
PEAK_RSS_BYTES=1012727808
{"name": "batched/tests-kaggriculture-test_model_registration", "command": "uv run --offline pytest tests/kaggriculture/test_model_registration.py -q -rs", "cwd": "/Users/poonszesen/kg-v3-adapter", "exit_code": 0, "wall_seconds": 1.221, "log": "batched/tests-kaggriculture-test_model_registration.log", "peak_rss_bytes": 328892416, "stop_reason": null}
COMMAND: uv run --offline pytest tests/kaggriculture/test_model_registration.py -q -rs
CWD: /Users/poonszesen/kg-v3-adapter
.......                                                                  [100%]
7 passed in 0.05s

EXIT_CODE=0
STOP_REASON=None
PEAK_RSS_BYTES=328892416
{"name": "batched/tests-kaggriculture-test_native_env", "command": "uv run --offline pytest tests/kaggriculture/test_native_env.py -q -rs", "cwd": "/Users/poonszesen/kg-v3-adapter", "exit_code": 0, "wall_seconds": 3.008, "log": "batched/tests-kaggriculture-test_native_env.log", "peak_rss_bytes": 342065152, "stop_reason": null}
........................................................................ [ 20%]
........................................................................ [ 41%]
........................................................................ [ 62%]
........................................................................ [ 83%]
.........................................................                [100%]
345 passed in 1.90s

EXIT_CODE=0
STOP_REASON=None
PEAK_RSS_BYTES=342065152
{"name": "batched/tests-kaggriculture-test_native_grammar_bindings", "command": "uv run --offline pytest tests/kaggriculture/test_native_grammar_bindings.py -q -rs", "cwd": "/Users/poonszesen/kg-v3-adapter", "exit_code": 0, "wall_seconds": 1.38, "log": "batched/tests-kaggriculture-test_native_grammar_bindings.log", "peak_rss_bytes": 361693184, "stop_reason": null}
COMMAND: uv run --offline pytest tests/kaggriculture/test_native_grammar_bindings.py -q -rs
CWD: /Users/poonszesen/kg-v3-adapter
...........................................                              [100%]
43 passed in 0.23s

EXIT_CODE=0
STOP_REASON=None
PEAK_RSS_BYTES=361693184
{"name": "batched/tests-kaggriculture-test_native_tables", "command": "uv run --offline pytest tests/kaggriculture/test_native_tables.py -q -rs", "cwd": "/Users/poonszesen/kg-v3-adapter", "exit_code": 0, "wall_seconds": 1.168, "log": "batched/tests-kaggriculture-test_native_tables.log", "peak_rss_bytes": 327352320, "stop_reason": null}
COMMAND: uv run --offline pytest tests/kaggriculture/test_native_tables.py -q -rs
CWD: /Users/poonszesen/kg-v3-adapter
......................                                                   [100%]
22 passed in 0.03s

EXIT_CODE=0
STOP_REASON=None
PEAK_RSS_BYTES=327352320
{"name": "batched/tests-kaggriculture-test_observe", "command": "uv run --offline pytest tests/kaggriculture/test_observe.py -q -rs", "cwd": "/Users/poonszesen/kg-v3-adapter", "exit_code": 0, "wall_seconds": 3.651, "log": "batched/tests-kaggriculture-test_observe.log", "peak_rss_bytes": 333889536, "stop_reason": null}
COMMAND: uv run --offline pytest tests/kaggriculture/test_observe.py -q -rs
CWD: /Users/poonszesen/kg-v3-adapter
..ss.....................................................                [100%]
=========================== short test summary info ============================
SKIPPED [2] tests/kaggriculture/test_observe.py:288: pinned host memory requires CUDA
55 passed, 2 skipped in 2.44s

EXIT_CODE=0
STOP_REASON=None
PEAK_RSS_BYTES=333889536
{"name": "batched/tests-kaggriculture-test_rewards", "command": "uv run --offline pytest tests/kaggriculture/test_rewards.py -q -rs", "cwd": "/Users/poonszesen/kg-v3-adapter", "exit_code": 0, "wall_seconds": 1.67, "log": "batched/tests-kaggriculture-test_rewards.log", "peak_rss_bytes": 389251072, "stop_reason": null}
COMMAND: uv run --offline pytest tests/kaggriculture/test_rewards.py -q -rs
CWD: /Users/poonszesen/kg-v3-adapter
..........................................                               [100%]
42 passed in 0.47s

EXIT_CODE=0
STOP_REASON=None
PEAK_RSS_BYTES=389251072
{"name": "batched/tests-kaggriculture-test_training_semantics", "command": "uv run --offline pytest tests/kaggriculture/test_training_semantics.py -q -rs", "cwd": "/Users/poonszesen/kg-v3-adapter", "exit_code": 0, "wall_seconds": 1.247, "log": "batched/tests-kaggriculture-test_training_semantics.log", "peak_rss_bytes": 328761344, "stop_reason": null}
COMMAND: uv run --offline pytest tests/kaggriculture/test_training_semantics.py -q -rs
CWD: /Users/poonszesen/kg-v3-adapter
.......................                                                  [100%]
23 passed in 0.05s

EXIT_CODE=0
STOP_REASON=None
PEAK_RSS_BYTES=328761344
{"name": "batched/tests-kaggriculture-test_types", "command": "uv run --offline pytest tests/kaggriculture/test_types.py -q -rs", "cwd": "/Users/poonszesen/kg-v3-adapter", "exit_code": 0, "wall_seconds": 1.573, "log": "batched/tests-kaggriculture-test_types.log", "peak_rss_bytes": 329629696, "stop_reason": null}
COMMAND: uv run --offline pytest tests/kaggriculture/test_types.py -q -rs
CWD: /Users/poonszesen/kg-v3-adapter
........................................................................ [ 57%]
......................................................                   [100%]
126 passed in 0.43s

EXIT_CODE=0
STOP_REASON=None
PEAK_RSS_BYTES=329629696
{"name": "batched/tests-owl-agent-test_agent", "command": "uv run --offline pytest tests/owl/agent/test_agent.py -q -rs", "cwd": "/Users/poonszesen/kg-v3-adapter", "exit_code": 0, "wall_seconds": 2.151, "log": "batched/tests-owl-agent-test_agent.log", "peak_rss_bytes": 596115456, "stop_reason": null}
COMMAND: uv run --offline pytest tests/owl/agent/test_agent.py -q -rs
CWD: /Users/poonszesen/kg-v3-adapter
.....................................................                    [100%]
53 passed in 0.99s

EXIT_CODE=0
STOP_REASON=None
PEAK_RSS_BYTES=596115456
{"name": "batched/tests-owl-agent-test_kaggle_engine_sanitization", "command": "uv run --offline pytest tests/owl/agent/test_kaggle_engine_sanitization.py -q -rs", "cwd": "/Users/poonszesen/kg-v3-adapter", "exit_code": 0, "wall_seconds": 1.762, "log": "batched/tests-owl-agent-test_kaggle_engine_sanitization.log", "peak_rss_bytes": 464994304, "stop_reason": null}
COMMAND: uv run --offline pytest tests/owl/agent/test_kaggle_engine_sanitization.py -q -rs
CWD: /Users/poonszesen/kg-v3-adapter
....                                                                     [100%]
4 passed in 0.57s

EXIT_CODE=0
STOP_REASON=None
PEAK_RSS_BYTES=464994304
{"name": "batched/tests-owl-agent-test_kaggle_observation", "command": "uv run --offline pytest tests/owl/agent/test_kaggle_observation.py -q -rs", "cwd": "/Users/poonszesen/kg-v3-adapter", "exit_code": 0, "wall_seconds": 1.129, "log": "batched/tests-owl-agent-test_kaggle_observation.log", "peak_rss_bytes": 338051072, "stop_reason": null}
COMMAND: uv run --offline pytest tests/owl/agent/test_kaggle_observation.py -q -rs
CWD: /Users/poonszesen/kg-v3-adapter
...                                                                      [100%]
3 passed in 0.01s

EXIT_CODE=0
STOP_REASON=None
PEAK_RSS_BYTES=338051072
{"name": "batched/tests-owl-model-test_attn", "command": "uv run --offline pytest tests/owl/model/test_attn.py -q -rs", "cwd": "/Users/poonszesen/kg-v3-adapter", "exit_code": 0, "wall_seconds": 1.126, "log": "batched/tests-owl-model-test_attn.log", "peak_rss_bytes": 321404928, "stop_reason": null}
CWD: /Users/poonszesen/kg-v3-adapter
.....ss                                                                  [100%]
=========================== short test summary info ============================
SKIPPED [1] tests/owl/model/test_attn.py:60: flash-attn CUDA backend is not available
SKIPPED [1] tests/owl/model/test_attn.py:80: flash-attn CUDA backend is not available
5 passed, 2 skipped in 0.01s

EXIT_CODE=0
STOP_REASON=None
PEAK_RSS_BYTES=321404928
{"name": "batched/tests-owl-model-test_model_config_files", "command": "uv run --offline pytest tests/owl/model/test_model_config_files.py -q -rs", "cwd": "/Users/poonszesen/kg-v3-adapter", "exit_code": 0, "wall_seconds": 1.371, "log": "batched/tests-owl-model-test_model_config_files.log", "peak_rss_bytes": 327221248, "stop_reason": null}
COMMAND: uv run --offline pytest tests/owl/model/test_model_config_files.py -q -rs
CWD: /Users/poonszesen/kg-v3-adapter
...............................................                          [100%]
47 passed in 0.21s

EXIT_CODE=0
STOP_REASON=None
PEAK_RSS_BYTES=327221248
{"name": "batched/tests-owl-model-test_recurrent_transformer_v1", "command": "uv run --offline pytest tests/owl/model/test_recurrent_transformer_v1.py -q -rs", "cwd": "/Users/poonszesen/kg-v3-adapter", "exit_code": 0, "wall_seconds": 1.238, "log": "batched/tests-owl-model-test_recurrent_transformer_v1.log", "peak_rss_bytes": 369541120, "stop_reason": null}
COMMAND: uv run --offline pytest tests/owl/model/test_recurrent_transformer_v1.py -q -rs
CWD: /Users/poonszesen/kg-v3-adapter
..............                                                           [100%]
14 passed in 0.09s

EXIT_CODE=0
STOP_REASON=None
PEAK_RSS_BYTES=369541120
{"name": "batched/tests-owl-model-test_stateless_transformer_v1", "command": "uv run --offline pytest tests/owl/model/test_stateless_transformer_v1.py -q -rs", "cwd": "/Users/poonszesen/kg-v3-adapter", "exit_code": 0, "wall_seconds": 1.886, "log": "batched/tests-owl-model-test_stateless_transformer_v1.log", "peak_rss_bytes": 376389632, "stop_reason": null}
COMMAND: uv run --offline pytest tests/owl/model/test_stateless_transformer_v1.py -q -rs
CWD: /Users/poonszesen/kg-v3-adapter
........................................................................ [ 57%]
......................................................                   [100%]
126 passed in 0.68s

EXIT_CODE=0
STOP_REASON=None
PEAK_RSS_BYTES=376389632
{"name": "batched/tests-owl-model-test_teacher_targets", "command": "uv run --offline pytest tests/owl/model/test_teacher_targets.py -q -rs", "cwd": "/Users/poonszesen/kg-v3-adapter", "exit_code": 0, "wall_seconds": 1.142, "log": "batched/tests-owl-model-test_teacher_targets.log", "peak_rss_bytes": 333578240, "stop_reason": null}
COMMAND: uv run --offline pytest tests/owl/model/test_teacher_targets.py -q -rs
CWD: /Users/poonszesen/kg-v3-adapter
............................                                             [100%]
28 passed in 0.02s

EXIT_CODE=0
STOP_REASON=None
PEAK_RSS_BYTES=333578240
{"name": "batched/tests-owl-test_checkpoint_quantization", "command": "uv run --offline pytest tests/owl/test_checkpoint_quantization.py -q -rs", "cwd": "/Users/poonszesen/kg-v3-adapter", "exit_code": 0, "wall_seconds": 1.182, "log": "batched/tests-owl-test_checkpoint_quantization.log", "peak_rss_bytes": 341639168, "stop_reason": null}
COMMAND: uv run --offline pytest tests/owl/test_checkpoint_quantization.py -q -rs
CWD: /Users/poonszesen/kg-v3-adapter
............................................                             [100%]
44 passed in 0.04s

EXIT_CODE=0
STOP_REASON=None
PEAK_RSS_BYTES=341639168
{"name": "batched/tests-owl-test_config", "command": "uv run --offline pytest tests/owl/test_config.py -q -rs", "cwd": "/Users/poonszesen/kg-v3-adapter", "exit_code": 0, "wall_seconds": 1.226, "log": "batched/tests-owl-test_config.log", "peak_rss_bytes": 321110016, "stop_reason": null}
COMMAND: uv run --offline pytest tests/owl/test_config.py -q -rs
CWD: /Users/poonszesen/kg-v3-adapter
.........                                                                [100%]
9 passed in 0.02s

EXIT_CODE=0
STOP_REASON=None
PEAK_RSS_BYTES=321110016
{"name": "batched/tests-owl-test_int8_emulation", "command": "uv run --offline pytest tests/owl/test_int8_emulation.py -q -rs", "cwd": "/Users/poonszesen/kg-v3-adapter", "exit_code": 0, "wall_seconds": 1.175, "log": "batched/tests-owl-test_int8_emulation.log", "peak_rss_bytes": 325189632, "stop_reason": null}
COMMAND: uv run --offline pytest tests/owl/test_int8_emulation.py -q -rs
CWD: /Users/poonszesen/kg-v3-adapter
...s                                                                     [100%]
=========================== short test summary info ============================
SKIPPED [1] tests/owl/test_int8_emulation.py:15: x86 torch quantized backend is unavailable: qnnpack
3 passed, 1 skipped in 0.02s

EXIT_CODE=0
STOP_REASON=None
PEAK_RSS_BYTES=325189632
{"name": "batched/tests-owl-test_replay", "command": "uv run --offline pytest tests/owl/test_replay.py -q -rs", "cwd": "/Users/poonszesen/kg-v3-adapter", "exit_code": 0, "wall_seconds": 1.17, "log": "batched/tests-owl-test_replay.log", "peak_rss_bytes": 327958528, "stop_reason": null}
COMMAND: uv run --offline pytest tests/owl/test_replay.py -q -rs
CWD: /Users/poonszesen/kg-v3-adapter
...                                                                      [100%]
3 passed in 0.01s

EXIT_CODE=0
STOP_REASON=None
PEAK_RSS_BYTES=327958528
{"name": "batched/tests-owl-test_rl", "command": "uv run --offline pytest tests/owl/test_rl.py -q -rs", "cwd": "/Users/poonszesen/kg-v3-adapter", "exit_code": 0, "wall_seconds": 1.667, "log": "batched/tests-owl-test_rl.log", "peak_rss_bytes": 355778560, "stop_reason": null}
COMMAND: uv run --offline pytest tests/owl/test_rl.py -q -rs
CWD: /Users/poonszesen/kg-v3-adapter
........................................................................ [ 92%]
......                                                                   [100%]
78 passed in 0.53s

EXIT_CODE=0
STOP_REASON=None
PEAK_RSS_BYTES=355778560
{"name": "batched/tests-owl-train-test_advantages", "command": "uv run --offline pytest tests/owl/train/test_advantages.py -q -rs", "cwd": "/Users/poonszesen/kg-v3-adapter", "exit_code": 0, "wall_seconds": 1.125, "log": "batched/tests-owl-train-test_advantages.log", "peak_rss_bytes": 339673088, "stop_reason": null}
COMMAND: uv run --offline pytest tests/owl/train/test_advantages.py -q -rs
CWD: /Users/poonszesen/kg-v3-adapter
..............                                                           [100%]
14 passed in 0.02s

EXIT_CODE=0
STOP_REASON=None
PEAK_RSS_BYTES=339673088
{"name": "batched/tests-owl-train-test_config", "command": "uv run --offline pytest tests/owl/train/test_config.py -q -rs", "cwd": "/Users/poonszesen/kg-v3-adapter", "exit_code": 0, "wall_seconds": 1.189, "log": "batched/tests-owl-train-test_config.log", "peak_rss_bytes": 326909952, "stop_reason": null}
COMMAND: uv run --offline pytest tests/owl/train/test_config.py -q -rs
CWD: /Users/poonszesen/kg-v3-adapter
....................................................................     [100%]
68 passed in 0.08s

EXIT_CODE=0
STOP_REASON=None
PEAK_RSS_BYTES=326909952
{"name": "batched/tests-owl-train-test_distributed", "command": "uv run --offline pytest tests/owl/train/test_distributed.py -q -rs", "cwd": "/Users/poonszesen/kg-v3-adapter", "exit_code": 0, "wall_seconds": 1.129, "log": "batched/tests-owl-train-test_distributed.log", "peak_rss_bytes": 326287360, "stop_reason": null}
COMMAND: uv run --offline pytest tests/owl/train/test_distributed.py -q -rs
CWD: /Users/poonszesen/kg-v3-adapter
...................                                                      [100%]
19 passed in 0.02s

EXIT_CODE=0
STOP_REASON=None
PEAK_RSS_BYTES=326287360
{"name": "batched/tests-owl-train-test_logging", "command": "uv run --offline pytest tests/owl/train/test_logging.py -q -rs", "cwd": "/Users/poonszesen/kg-v3-adapter", "exit_code": 0, "wall_seconds": 1.13, "log": "batched/tests-owl-train-test_logging.log", "peak_rss_bytes": 323108864, "stop_reason": null}
COMMAND: uv run --offline pytest tests/owl/train/test_logging.py -q -rs
CWD: /Users/poonszesen/kg-v3-adapter
..                                                                       [100%]
2 passed in 0.01s

EXIT_CODE=0
STOP_REASON=None
PEAK_RSS_BYTES=323108864
{"name": "batched/tests-owl-train-test_loss", "command": "uv run --offline pytest tests/owl/train/test_loss.py -q -rs", "cwd": "/Users/poonszesen/kg-v3-adapter", "exit_code": 0, "wall_seconds": 1.192, "log": "batched/tests-owl-train-test_loss.log", "peak_rss_bytes": 341393408, "stop_reason": null}
COMMAND: uv run --offline pytest tests/owl/train/test_loss.py -q -rs
CWD: /Users/poonszesen/kg-v3-adapter
.............                                                            [100%]
13 passed in 0.03s

EXIT_CODE=0
STOP_REASON=None
PEAK_RSS_BYTES=341393408
{"name": "batched/tests-owl-train-test_metrics", "command": "uv run --offline pytest tests/owl/train/test_metrics.py -q -rs", "cwd": "/Users/poonszesen/kg-v3-adapter", "exit_code": 0, "wall_seconds": 1.209, "log": "batched/tests-owl-train-test_metrics.log", "peak_rss_bytes": 325222400, "stop_reason": null}
COMMAND: uv run --offline pytest tests/owl/train/test_metrics.py -q -rs
CWD: /Users/poonszesen/kg-v3-adapter
..                                                                       [100%]
2 passed in 0.02s

EXIT_CODE=0
STOP_REASON=None
PEAK_RSS_BYTES=325222400
{"name": "batched/tests-owl-train-test_optimizer", "command": "uv run --offline pytest tests/owl/train/test_optimizer.py -q -rs", "cwd": "/Users/poonszesen/kg-v3-adapter", "exit_code": 0, "wall_seconds": 1.176, "log": "batched/tests-owl-train-test_optimizer.log", "peak_rss_bytes": 330153984, "stop_reason": null}
COMMAND: uv run --offline pytest tests/owl/train/test_optimizer.py -q -rs
CWD: /Users/poonszesen/kg-v3-adapter
...........                                                              [100%]
11 passed in 0.03s

EXIT_CODE=0
STOP_REASON=None
PEAK_RSS_BYTES=330153984
{"name": "batched/tests-owl-train-test_ppo", "command": "uv run --offline pytest tests/owl/train/test_ppo.py -q -rs", "cwd": "/Users/poonszesen/kg-v3-adapter", "exit_code": 0, "wall_seconds": 1.373, "log": "batched/tests-owl-train-test_ppo.log", "peak_rss_bytes": 379027456, "stop_reason": null}
COMMAND: uv run --offline pytest tests/owl/train/test_ppo.py -q -rs
CWD: /Users/poonszesen/kg-v3-adapter
........................................................................ [ 96%]
...                                                                      [100%]
75 passed in 0.27s

EXIT_CODE=0
STOP_REASON=None
PEAK_RSS_BYTES=379027456
{"name": "batched/tests-owl-train-test_ppo_observation_mapping", "command": "uv run --offline pytest tests/owl/train/test_ppo_observation_mapping.py -q -rs", "cwd": "/Users/poonszesen/kg-v3-adapter", "exit_code": 0, "wall_seconds": 1.239, "log": "batched/tests-owl-train-test_ppo_observation_mapping.log", "peak_rss_bytes": 340705280, "stop_reason": null}
COMMAND: uv run --offline pytest tests/owl/train/test_ppo_observation_mapping.py -q -rs
CWD: /Users/poonszesen/kg-v3-adapter
........................................................................ [ 42%]
........................................................................ [ 84%]
...........................                                              [100%]
171 passed in 0.09s

EXIT_CODE=0
STOP_REASON=None
PEAK_RSS_BYTES=340705280
{"name": "batched/tests-scripts-test_benchmark_checkpoints", "command": "uv run --offline pytest tests/scripts/test_benchmark_checkpoints.py -q -rs", "cwd": "/Users/poonszesen/kg-v3-adapter", "exit_code": 0, "wall_seconds": 1.182, "log": "batched/tests-scripts-test_benchmark_checkpoints.log", "peak_rss_bytes": 339918848, "stop_reason": null}
COMMAND: uv run --offline pytest tests/scripts/test_benchmark_checkpoints.py -q -rs
CWD: /Users/poonszesen/kg-v3-adapter
.....................................                                    [100%]
37 passed in 0.04s

EXIT_CODE=0
STOP_REASON=None
PEAK_RSS_BYTES=339918848
{"name": "batched/tests-scripts-test_download_replays", "command": "uv run --offline pytest tests/scripts/test_download_replays.py -q -rs", "cwd": "/Users/poonszesen/kg-v3-adapter", "exit_code": 0, "wall_seconds": 1.129, "log": "batched/tests-scripts-test_download_replays.log", "peak_rss_bytes": 332660736, "stop_reason": null}
COMMAND: uv run --offline pytest tests/scripts/test_download_replays.py -q -rs
CWD: /Users/poonszesen/kg-v3-adapter
....                                                                     [100%]
4 passed in 0.01s

EXIT_CODE=0
STOP_REASON=None
PEAK_RSS_BYTES=332660736
{"name": "batched/tests-scripts-test_extract_model_weights", "command": "uv run --offline pytest tests/scripts/test_extract_model_weights.py -q -rs", "cwd": "/Users/poonszesen/kg-v3-adapter", "exit_code": 0, "wall_seconds": 1.144, "log": "batched/tests-scripts-test_extract_model_weights.log", "peak_rss_bytes": 337002496, "stop_reason": null}
COMMAND: uv run --offline pytest tests/scripts/test_extract_model_weights.py -q -rs
CWD: /Users/poonszesen/kg-v3-adapter
.................                                                        [100%]
17 passed in 0.03s

EXIT_CODE=0
STOP_REASON=None
PEAK_RSS_BYTES=337002496
{"name": "batched/tests-scripts-test_kaggriculture_parity", "command": "uv run --offline pytest tests/scripts/test_kaggriculture_parity.py -q -rs", "cwd": "/Users/poonszesen/kg-v3-adapter", "exit_code": -9, "wall_seconds": 4.774, "log": "batched/tests-scripts-test_kaggriculture_parity.log", "peak_rss_bytes": 1009238016, "stop_reason": "memory"}
COMMAND: uv run --offline pytest tests/scripts/test_kaggriculture_parity.py -q -rs
CWD: /Users/poonszesen/kg-v3-adapter
.................
EXIT_CODE=-9
STOP_REASON=memory
PEAK_RSS_BYTES=1009238016
{"name": "batched/tests-scripts-test_kaggriculture_select_replays", "command": "uv run --offline pytest tests/scripts/test_kaggriculture_select_replays.py -q -rs", "cwd": "/Users/poonszesen/kg-v3-adapter", "exit_code": 0, "wall_seconds": 1.423, "log": "batched/tests-scripts-test_kaggriculture_select_replays.log", "peak_rss_bytes": 344981504, "stop_reason": null}
COMMAND: uv run --offline pytest tests/scripts/test_kaggriculture_select_replays.py -q -rs
CWD: /Users/poonszesen/kg-v3-adapter
.................                                                        [100%]
17 passed in 0.24s

EXIT_CODE=0
STOP_REASON=None
PEAK_RSS_BYTES=344981504
{"name": "batched/tests-scripts-test_roundtrip_checkpoint_quantization", "command": "uv run --offline pytest tests/scripts/test_roundtrip_checkpoint_quantization.py -q -rs", "cwd": "/Users/poonszesen/kg-v3-adapter", "exit_code": 0, "wall_seconds": 1.178, "log": "batched/tests-scripts-test_roundtrip_checkpoint_quantization.log", "peak_rss_bytes": 333381632, "stop_reason": null}
COMMAND: uv run --offline pytest tests/scripts/test_roundtrip_checkpoint_quantization.py -q -rs
CWD: /Users/poonszesen/kg-v3-adapter
..................                                                       [100%]
18 passed in 0.04s

EXIT_CODE=0
STOP_REASON=None
PEAK_RSS_BYTES=333381632
{"name": "batched/tests-scripts-test_run_ppo", "command": "uv run --offline pytest tests/scripts/test_run_ppo.py -q -rs", "cwd": "/Users/poonszesen/kg-v3-adapter", "exit_code": 0, "wall_seconds": 1.382, "log": "batched/tests-scripts-test_run_ppo.log", "peak_rss_bytes": 363528192, "stop_reason": null}
COMMAND: uv run --offline pytest tests/scripts/test_run_ppo.py -q -rs
CWD: /Users/poonszesen/kg-v3-adapter
........................................................................ [ 67%]
...................................                                      [100%]
107 passed in 0.25s

EXIT_CODE=0
STOP_REASON=None
PEAK_RSS_BYTES=363528192
{"name": "batched/tests-tools-test_check_engine_trim", "command": "uv run --offline pytest tests/tools/test_check_engine_trim.py -q -rs", "cwd": "/Users/poonszesen/kg-v3-adapter", "exit_code": 0, "wall_seconds": 3.913, "log": "batched/tests-tools-test_check_engine_trim.log", "peak_rss_bytes": 367165440, "stop_reason": null}
COMMAND: uv run --offline pytest tests/tools/test_check_engine_trim.py -q -rs
CWD: /Users/poonszesen/kg-v3-adapter
........................................................................ [ 91%]
.......                                                                  [100%]
79 passed in 2.73s

EXIT_CODE=0
STOP_REASON=None
PEAK_RSS_BYTES=367165440
{"name": "batched/tests-tools-test_observation_oracle_custody", "command": "uv run --offline pytest tests/tools/test_observation_oracle_custody.py -q -rs", "cwd": "/Users/poonszesen/kg-v3-adapter", "exit_code": 0, "wall_seconds": 1.701, "log": "batched/tests-tools-test_observation_oracle_custody.log", "peak_rss_bytes": 340508672, "stop_reason": null}
COMMAND: uv run --offline pytest tests/tools/test_observation_oracle_custody.py -q -rs
CWD: /Users/poonszesen/kg-v3-adapter
..............................................                           [100%]
46 passed in 0.46s

EXIT_CODE=0
STOP_REASON=None
PEAK_RSS_BYTES=340508672
{"name": "batched/tests-tools-test_record_grammar_reference", "command": "uv run --offline pytest tests/tools/test_record_grammar_reference.py -q -rs", "cwd": "/Users/poonszesen/kg-v3-adapter", "exit_code": 0, "wall_seconds": 10.886, "log": "batched/tests-tools-test_record_grammar_reference.log", "peak_rss_bytes": 402538496, "stop_reason": null}
COMMAND: uv run --offline pytest tests/tools/test_record_grammar_reference.py -q -rs
CWD: /Users/poonszesen/kg-v3-adapter
.........................                                                [100%]
25 passed in 9.56s

EXIT_CODE=0
STOP_REASON=None
PEAK_RSS_BYTES=402538496
{"name": "batched/tests-tools-test_record_kaggriculture_env_reference", "command": "uv run --offline pytest tests/tools/test_record_kaggriculture_env_reference.py -q -rs", "cwd": "/Users/poonszesen/kg-v3-adapter", "exit_code": 0, "wall_seconds": 7.821, "log": "batched/tests-tools-test_record_kaggriculture_env_reference.log", "peak_rss_bytes": 410566656, "stop_reason": null}
COMMAND: uv run --offline pytest tests/tools/test_record_kaggriculture_env_reference.py -q -rs
CWD: /Users/poonszesen/kg-v3-adapter
............................................................             [100%]
60 passed in 6.49s

EXIT_CODE=0
STOP_REASON=None
PEAK_RSS_BYTES=410566656
{"name": "batched/tests-tools-test_replay_viewer", "command": "uv run --offline pytest tests/tools/test_replay_viewer.py -q -rs", "cwd": "/Users/poonszesen/kg-v3-adapter", "exit_code": 0, "wall_seconds": 1.54, "log": "batched/tests-tools-test_replay_viewer.log", "peak_rss_bytes": 331399168, "stop_reason": null}
COMMAND: uv run --offline pytest tests/tools/test_replay_viewer.py -q -rs
CWD: /Users/poonszesen/kg-v3-adapter
..                                                                       [100%]
2 passed in 0.05s

EXIT_CODE=0
STOP_REASON=None
PEAK_RSS_BYTES=331399168
FAILED/BUDGET-LIMITED FILES: ['tests/kaggriculture/test_model_heads.py', 'tests/scripts/test_kaggriculture_parity.py']
