COMMAND: cargo test --locked --lib reward_admission_predicate_cases
CWD: /Users/poonszesen/kg-v3-adapter
   Compiling target-lexicon v0.13.5
   Compiling autocfg v1.5.0
   Compiling proc-macro2 v1.0.106
   Compiling pyo3-build-config v0.28.3
   Compiling quote v1.0.45
   Compiling unicode-ident v1.0.24
   Compiling num-traits v0.2.19
   Compiling syn v2.0.117
   Compiling libc v0.2.186
   Compiling serde_core v1.0.228
   Compiling crossbeam-utils v0.8.21
   Compiling num-integer v0.1.46
   Compiling pyo3-ffi v0.28.3
   Compiling pyo3-macros-backend v0.28.3
   Compiling matrixmultiply v0.3.10
   Compiling heck v0.5.0
   Compiling zmij v1.0.21
   Compiling crossbeam-epoch v0.9.18
   Compiling pyo3 v0.28.3
   Compiling cfg-if v1.0.4
   Compiling rawpointer v0.2.1
   Compiling hashbrown v0.17.0
   Compiling serde v1.0.228
   Compiling serde_json v1.0.149
   Compiling rand_core v0.10.1
   Compiling getrandom v0.4.2
   Compiling equivalent v1.0.2
   Compiling rayon-core v1.13.0
   Compiling indexmap v2.14.0
   Compiling pyo3-macros v0.28.3
   Compiling crossbeam-deque v0.8.6
   Compiling num-bigint v0.4.8
   Compiling serde_derive v1.0.228
   Compiling num-complex v0.4.6
   Compiling numpy v0.28.0
   Compiling once_cell v1.21.4
   Compiling itoa v1.0.18
   Compiling memchr v2.8.0
   Compiling ndarray v0.17.2
   Compiling num-rational v0.4.2
   Compiling chacha20 v0.10.0
   Compiling owl v0.1.0 (/Users/poonszesen/kg-v3-adapter)
   Compiling either v1.15.0
   Compiling rustc-hash v2.1.2
   Compiling kaggriculture-engine v0.1.0 (/Users/poonszesen/kg-v3-adapter/engine_rs)
   Compiling rayon v1.12.0
   Compiling rand v0.10.1
    Finished `test` profile [unoptimized + debuginfo] target(s) in 22.88s
     Running unittests src/lib.rs (target/debug/deps/rs-7de3796adb200e16)

running 1 test
test kaggriculture::env_tests::reward_admission_predicate_cases ... ok

test result: ok. 1 passed; 0 failed; 0 ignored; 0 measured; 278 filtered out; finished in 0.00s


EXIT_CODE=0
