COMMAND: uvx --offline --from rust-just just prepare
CWD: /Users/poonszesen/kg-v3-adapter
uv run maturin develop
📦 Including license file `LICENSE`
🍹 Building a mixed python/rust project
🔗 Found pyo3 bindings with abi3 support
🐍 Found CPython 3.12 at /Users/poonszesen/kg-v3-adapter/.venv/bin/python
📡 Using build options features from pyproject.toml
Audited 9 packages in 21ms
Resolved 44 packages in 12ms
Audited 44 packages in 1ms
   Compiling target-lexicon v0.13.5
   Compiling autocfg v1.5.0
   Compiling proc-macro2 v1.0.106
   Compiling quote v1.0.45
   Compiling unicode-ident v1.0.24
   Compiling pyo3-build-config v0.28.3
   Compiling num-traits v0.2.19
   Compiling syn v2.0.117
   Compiling libc v0.2.186
   Compiling crossbeam-utils v0.8.21
   Compiling serde_core v1.0.228
   Compiling num-integer v0.1.46
   Compiling pyo3-ffi v0.28.3
   Compiling pyo3-macros-backend v0.28.3
   Compiling matrixmultiply v0.3.10
   Compiling heck v0.5.0
   Compiling zmij v1.0.21
   Compiling crossbeam-epoch v0.9.18
   Compiling pyo3 v0.28.3
   Compiling getrandom v0.4.2
   Compiling rand_core v0.10.1
   Compiling hashbrown v0.17.0
   Compiling serde v1.0.228
   Compiling cfg-if v1.0.4
   Compiling serde_json v1.0.149
   Compiling rawpointer v0.2.1
   Compiling rayon-core v1.13.0
   Compiling equivalent v1.0.2
   Compiling indexmap v2.14.0
   Compiling pyo3-macros v0.28.3
   Compiling crossbeam-deque v0.8.6
   Compiling num-bigint v0.4.8
   Compiling serde_derive v1.0.228
   Compiling num-complex v0.4.6
   Compiling numpy v0.28.0
   Compiling once_cell v1.21.4
   Compiling itoa v1.0.18
   Compiling memchr v2.8.0
   Compiling ndarray v0.17.2
   Compiling num-rational v0.4.2
   Compiling chacha20 v0.10.0
   Compiling owl v0.1.0 (/Users/poonszesen/kg-v3-adapter)
   Compiling rustc-hash v2.1.2
   Compiling either v1.15.0
   Compiling rayon v1.12.0
   Compiling rand v0.10.1
   Compiling kaggriculture-engine v0.1.0 (/Users/poonszesen/kg-v3-adapter/engine_rs)
    Finished `dev` profile [unoptimized + debuginfo] target(s) in 20.49s
📦 Built wheel for abi3 Python ≥ 3.11 to /var/folders/s_/d3vy5t5s4dv607gfkpx495000000gn/T/.tmpniOFK1/owl-0.1.0-cp311-abi3-macosx_11_0_arm64.whl
✏️ Setting installed package as editable
🛠 Installed owl-0.1.0
uv run python scripts/check_engine_trim.py
Uninstalled 1 package in 0.62ms
Installed 1 package in 1ms
engine trim manifest: OK
cargo fmt
cargo fmt --manifest-path engine_rs/Cargo.toml --check
uvx ruff check python/ scripts/ tests/ --select I --fix
All checks passed!
uvx ruff format python/ scripts/ tests/
133 files left unchanged
cargo clippy --all-targets -- -D warnings
    Checking num-traits v0.2.19
    Checking libc v0.2.186
    Checking serde_core v1.0.228
    Checking num-integer v0.1.46
    Checking crossbeam-utils v0.8.21
    Checking crossbeam-epoch v0.9.18
    Checking rawpointer v0.2.1
    Checking equivalent v1.0.2
    Checking hashbrown v0.17.0
    Checking cfg-if v1.0.4
    Checking rand_core v0.10.1
    Checking matrixmultiply v0.3.10
    Checking indexmap v2.14.0
    Checking crossbeam-deque v0.8.6
    Checking zmij v1.0.21
    Checking num-bigint v0.4.8
    Checking num-complex v0.4.6
    Checking pyo3-ffi v0.28.3
    Checking itoa v1.0.18
    Checking once_cell v1.21.4
    Checking memchr v2.8.0
    Checking num-rational v0.4.2
    Checking pyo3 v0.28.3
    Checking serde_json v1.0.149
    Checking serde v1.0.228
    Checking ndarray v0.17.2
    Checking rayon-core v1.13.0
    Checking getrandom v0.4.2
    Checking chacha20 v0.10.0
   Compiling owl v0.1.0 (/Users/poonszesen/kg-v3-adapter)
    Checking either v1.15.0
    Checking rustc-hash v2.1.2
    Checking rayon v1.12.0
    Checking numpy v0.28.0
    Checking rand v0.10.1
    Checking kaggriculture-engine v0.1.0 (/Users/poonszesen/kg-v3-adapter/engine_rs)
    Finished `dev` profile [unoptimized + debuginfo] target(s) in 6.54s
# Six pinned upstream style findings; see ops/rebuild-2026-09-29/1.1/results.md.
cargo clippy --manifest-path engine_rs/Cargo.toml --all-targets --locked -- -D warnings -A clippy::too_many_arguments -A clippy::collapsible_if -A clippy::needless_range_loop
   Compiling autocfg v1.5.1
   Compiling proc-macro2 v1.0.107
   Compiling num-traits v0.2.19
   Compiling unicode-ident v1.0.24
   Compiling serde_core v1.0.229
   Compiling quote v1.0.47
   Compiling zmij v1.0.23
    Checking num-integer v0.1.47
   Compiling syn v3.0.3
   Compiling serde_json v1.0.151
   Compiling serde v1.0.229
    Checking equivalent v1.0.2
    Checking hashbrown v0.17.1
    Checking indexmap v2.14.0
   Compiling serde_derive v1.0.229
    Checking num-bigint v0.4.8
    Checking itoa v1.0.18
    Checking memchr v2.8.3
    Checking num-rational v0.4.2
    Checking kaggriculture-engine v0.1.0 (/Users/poonszesen/kg-v3-adapter/engine_rs)
    Finished `dev` profile [unoptimized + debuginfo] target(s) in 5.59s
uv run python scripts/check_python_311_syntax.py
uvx ruff check python/ scripts/ tests/
All checks passed!
uvx pymarkdownlnt scan *.md
uvx pymarkdownlnt scan --recurse python/ scripts/ tests/ src/ docs/
uv run mypy python/ scripts/
Success: no issues found in 69 source files
cargo test
    Finished `test` profile [unoptimized + debuginfo] target(s) in 0.11s
     Running unittests src/lib.rs (target/debug/deps/rs-7de3796adb200e16)

running 279 tests
test kaggriculture::admission::tests::hire_cash_admits_safe_executed_sequences ... ok
test kaggriculture::admission::tests::hire_cash_no_execution_does_not_cap_configuration ... ok
test kaggriculture::admission::tests::hire_cash_rejects_cost_that_rounds_up_to_two_to_64 ... ok
test kaggriculture::admission::tests::hire_cash_checks_later_executed_hire_and_both_seats ... ok
test kaggriculture::admission::tests::hire_cash_rejects_negative_multiplier_explicitly ... ok
test kaggriculture::admission::tests::hire_cash_rejects_oversized_exact_cost_without_float_saturation ... ok
test kaggriculture::env_tests::reward_admission_predicate_cases ... ok
test kaggriculture::env_tests::reward_rejects_invalid_coefficients_and_handles_huge_counts ... ok
test kaggriculture::env_tests::reward_uses_only_own_counters_and_raw_banks ... ok
test kaggriculture::env_tests::seed_construction_reset_stride_and_overflow ... ok
test kaggriculture::grammar::tests::grammar_constants ... ok
test kaggriculture::env_tests::reward_episode_telescopes_with_explicit_output_rounding_budget ... ok
test kaggriculture::env_tests::truncate_preserves_transition_and_no_winner ... ok
test kaggriculture::env_tests::release_dependency_overflow_is_caught ... ok
test kaggriculture::env_tests::executed_unbounded_hire_cast_rejects_before_publication ... ok
test kaggriculture::grammar::tests::grammar_coupled_hire_exact_distribution ... ok
test kaggriculture::grammar::tests::grammar_rejects_malformed_i64 ... ok
test kaggriculture::grammar::tests::grammar_exact_commands ... ok
test kaggriculture::bindings::detached_test::native_observe_releases_gil_with_controlled_latch ... ok
test kaggriculture::grammar::tests::grammar_encode_rejects ... ok
test kaggriculture::grammar::tests::grammar_fixture_oracle ... ok
test kaggriculture::grammar::tests::grammar_encode_round_trip ... ok
test kaggriculture::env_tests::batch_failure_preserves_every_published_byte ... ok
test kaggriculture::grammar_kernel_tests::decoded_programs_feed_kernel ... ok
test kaggriculture::env_tests::truncate_commits_only_selected_rows ... ok
test kaggriculture::env_tests::reset_and_truncate_failures_preserve_every_published_byte ... ok
test kaggriculture::grammar_kernel_tests::decoded_actor_ordinals_match_engine_units ... ok
test kaggriculture::grammar_kernel_tests::kernel_comparator_rejects_nested_order_change - should panic ... ok
test kaggriculture::grammar::tests::grammar_replays_reference_program ... ok
test kaggriculture::lifecycle_timing_tests::measure_lifecycle ... ignored, optimized-only one-game lifecycle phase diagnostic; bounded externally
test kaggriculture::grammar_kernel_tests::decoded_command_matrices_execute_both_seats ... ok
test kaggriculture::oracle_corpus::generate_observation_oracle_inputs ... ignored, explicit bounded oracle generation; R1 coverage failure blocks final publication
test kaggriculture::oracle_corpus::missing_observation_oracle_names_files_and_regeneration_only ... ok
test kaggriculture::oracle_corpus::producer_comparator_detects_values_nested_orders_and_money_bits ... ok
test kaggriculture::lifecycle_timing_tests::lifecycle_timing_fixtures_step_and_prepare ... ok
test kaggriculture::oracle_corpus::producer_gzip_stream_requires_eof_and_success ... ok
test kaggriculture::oracle_corpus::producer_legacy_domain_rejects_old_oracle_limits_without_narrowing_v3 ... ok
test kaggriculture::oracle_corpus::producer_policy_uses_all_unit_kinds_and_exact_market_cycle ... ok
test kaggriculture::oracle_corpus::producer_policy_v2_appends_hire_burst_within_order_limit ... ok

EXIT_CODE=-9
STOP_REASON=memory
PEAK_RSS_BYTES=1008156672
