COMMAND: python3 ops/rebuild-2026-09-29/stage2-adapter/check_reward_mutant.py
CWD: /Users/poonszesen/kg-v3-adapter
{"name": "rust-mutant-old-table-compile", "command": "rustc --edition=2021 --test /var/folders/s_/d3vy5t5s4dv607gfkpx495000000gn/T/stage2-reward-1tz9leb7/harness.rs -o /var/folders/s_/d3vy5t5s4dv607gfkpx495000000gn/T/stage2-reward-1tz9leb7/reward-tests", "cwd": "/var/folders/s_/d3vy5t5s4dv607gfkpx495000000gn/T/stage2-reward-1tz9leb7", "exit_code": 0, "wall_seconds": 0.606, "log": "rust-mutant-old-table-compile.log"}
...
77 |     pub fn transition(
   |            ^^^^^^^^^^
   |
   = note: `#[warn(dead_code)]` (part of `#[warn(unused)]`) on by default

warning: 1 warning emitted


EXIT_CODE=0
{"name": "rust-mutant-old-table", "command": "/var/folders/s_/d3vy5t5s4dv607gfkpx495000000gn/T/stage2-reward-1tz9leb7/reward-tests reward_admission_predicate_cases --exact --nocapture", "cwd": "/var/folders/s_/d3vy5t5s4dv607gfkpx495000000gn/T/stage2-reward-1tz9leb7", "exit_code": 0, "wall_seconds": 0.513, "log": "rust-mutant-old-table.log"}
COMMAND: /var/folders/s_/d3vy5t5s4dv607gfkpx495000000gn/T/stage2-reward-1tz9leb7/reward-tests reward_admission_predicate_cases --exact --nocapture
CWD: /var/folders/s_/d3vy5t5s4dv607gfkpx495000000gn/T/stage2-reward-1tz9leb7

running 1 test
test reward_admission_predicate_cases ... ok

test result: ok. 1 passed; 0 failed; 0 ignored; 0 measured; 0 filtered out; finished in 0.00s


EXIT_CODE=0
{"name": "rust-mutant-strengthening-red-compile", "command": "rustc --edition=2021 --test /var/folders/s_/d3vy5t5s4dv607gfkpx495000000gn/T/stage2-reward-1tz9leb7/harness.rs -o /var/folders/s_/d3vy5t5s4dv607gfkpx495000000gn/T/stage2-reward-1tz9leb7/reward-tests", "cwd": "/var/folders/s_/d3vy5t5s4dv607gfkpx495000000gn/T/stage2-reward-1tz9leb7", "exit_code": 0, "wall_seconds": 0.131, "log": "rust-mutant-strengthening-red-compile.log"}
...
77 |     pub fn transition(
   |            ^^^^^^^^^^
   |
   = note: `#[warn(dead_code)]` (part of `#[warn(unused)]`) on by default

warning: 1 warning emitted


EXIT_CODE=0
{"name": "rust-mutant-strengthening-red", "command": "/var/folders/s_/d3vy5t5s4dv607gfkpx495000000gn/T/stage2-reward-1tz9leb7/reward-tests reward_admission_predicate_cases --exact --nocapture", "cwd": "/var/folders/s_/d3vy5t5s4dv607gfkpx495000000gn/T/stage2-reward-1tz9leb7", "exit_code": 101, "wall_seconds": 0.668, "log": "rust-mutant-strengthening-red.log"}

failures:

failures:
    reward_admission_predicate_cases

test result: FAILED. 0 passed; 1 failed; 0 ignored; 0 measured; 0 filtered out; finished in 0.00s


EXIT_CODE=101
{"name": "rust-restored-strengthening-green-compile", "command": "rustc --edition=2021 --test /var/folders/s_/d3vy5t5s4dv607gfkpx495000000gn/T/stage2-reward-1tz9leb7/harness.rs -o /var/folders/s_/d3vy5t5s4dv607gfkpx495000000gn/T/stage2-reward-1tz9leb7/reward-tests", "cwd": "/var/folders/s_/d3vy5t5s4dv607gfkpx495000000gn/T/stage2-reward-1tz9leb7", "exit_code": 0, "wall_seconds": 0.077, "log": "rust-restored-strengthening-green-compile.log"}
...
77 |     pub fn transition(
   |            ^^^^^^^^^^
   |
   = note: `#[warn(dead_code)]` (part of `#[warn(unused)]`) on by default

warning: 1 warning emitted


EXIT_CODE=0
{"name": "rust-restored-strengthening-green", "command": "/var/folders/s_/d3vy5t5s4dv607gfkpx495000000gn/T/stage2-reward-1tz9leb7/reward-tests reward_admission_predicate_cases --exact --nocapture", "cwd": "/var/folders/s_/d3vy5t5s4dv607gfkpx495000000gn/T/stage2-reward-1tz9leb7", "exit_code": 0, "wall_seconds": 0.454, "log": "rust-restored-strengthening-green.log"}
COMMAND: /var/folders/s_/d3vy5t5s4dv607gfkpx495000000gn/T/stage2-reward-1tz9leb7/reward-tests reward_admission_predicate_cases --exact --nocapture
CWD: /var/folders/s_/d3vy5t5s4dv607gfkpx495000000gn/T/stage2-reward-1tz9leb7

running 1 test
test reward_admission_predicate_cases ... ok

test result: ok. 1 passed; 0 failed; 0 ignored; 0 measured; 0 filtered out; finished in 0.00s


EXIT_CODE=0

EXIT_CODE=0
