start 2026-09-30T20:35:48Z agent=/root/anchor-eval/pkgs/120M-ft-on-7ead9c1e7dc0/agent out=120M-ft-on parallel=30
2026-09-30T20:38:07Z 120M-cha22-s93005-seat1 exit=0 wall=139s
2026-09-30T20:38:17Z 120M-smaller_market_shock-s93001-seat0 exit=0 wall=149s
2026-09-30T20:38:26Z 120M-cha22-s93007-seat1 exit=0 wall=158s
2026-09-30T20:38:36Z 120M-cha22-s93002-seat1 exit=0 wall=168s
2026-09-30T20:38:43Z 120M-smaller_market_shock-s93005-seat0 exit=0 wall=175s
2026-09-30T20:38:44Z 120M-smaller_market_shock-s93004-seat1 exit=0 wall=176s
2026-09-30T20:38:46Z 120M-smaller_market_shock-s93002-seat0 exit=0 wall=178s
2026-09-30T20:38:46Z 120M-smaller_market_shock-s93001-seat1 exit=0 wall=178s
2026-09-30T20:38:46Z 120M-smaller_market_shock-s93003-seat0 exit=0 wall=179s
2026-09-30T20:38:47Z 120M-smaller_market_shock-s93002-seat1 exit=0 wall=179s
2026-09-30T20:38:47Z 120M-smaller_market_shock-s93006-seat0 exit=0 wall=179s
2026-09-30T20:38:48Z 120M-smaller_market_shock-s93004-seat0 exit=0 wall=180s
2026-09-30T20:38:48Z 120M-smaller_market_shock-s93007-seat0 exit=0 wall=180s
2026-09-30T20:38:49Z 120M-smaller_market_shock-s93007-seat1 exit=0 wall=181s
2026-09-30T20:38:50Z 120M-cha22-s93004-seat1 exit=0 wall=182s
2026-09-30T20:38:52Z 120M-cha22-s93001-seat0 exit=0 wall=184s
2026-09-30T20:38:52Z 120M-smaller_market_shock-s93006-seat1 exit=0 wall=184s
2026-09-30T20:38:53Z 120M-smaller_market_shock-s93005-seat1 exit=0 wall=185s
2026-09-30T20:38:53Z 120M-smaller_market_shock-s93008-seat1 exit=0 wall=185s
2026-09-30T20:38:54Z 120M-smaller_market_shock-s93003-seat1 exit=0 wall=186s
2026-09-30T20:38:55Z 120M-cha22-s93004-seat0 exit=0 wall=187s
2026-09-30T20:38:55Z 120M-cha22-s93006-seat1 exit=0 wall=187s
2026-09-30T20:38:56Z 120M-cha22-s93005-seat0 exit=0 wall=188s
2026-09-30T20:38:56Z 120M-cha22-s93002-seat0 exit=0 wall=188s
2026-09-30T20:38:57Z 120M-smaller_market_shock-s93008-seat0 exit=0 wall=189s
2026-09-30T20:38:58Z 120M-cha22-s93001-seat1 exit=0 wall=190s
2026-09-30T20:38:59Z 120M-cha22-s93006-seat0 exit=0 wall=191s
2026-09-30T20:38:59Z 120M-cha22-s93007-seat0 exit=0 wall=191s
2026-09-30T20:38:59Z 120M-cha22-s93003-seat0 exit=0 wall=192s
2026-09-30T20:39:01Z 120M-cha22-s93003-seat1 exit=0 wall=193s
2026-09-30T20:40:26Z 120M-cha22-s93008-seat0 exit=0 wall=139s
2026-09-30T20:40:41Z 120M-v56-s93001-seat0 exit=0 wall=135s
2026-09-30T20:40:50Z 120M-v56-s93002-seat1 exit=0 wall=126s
2026-09-30T20:40:53Z 120M-v56-s93008-seat0 exit=0 wall=121s
2026-09-30T20:40:54Z 120M-v56-s93007-seat1 exit=0 wall=122s
2026-09-30T20:40:54Z 120M-v56-s93006-seat1 exit=0 wall=125s
2026-09-30T20:40:55Z 120M-v56-s93003-seat1 exit=0 wall=129s
2026-09-30T20:41:14Z 120M-cha22-s93008-seat1 exit=0 wall=177s
2026-09-30T20:41:23Z 120M-v56-s93005-seat1 exit=0 wall=155s
2026-09-30T20:41:28Z 120M-v56-s93001-seat1 exit=0 wall=172s
2026-09-30T20:41:30Z 120M-v56-s93002-seat0 exit=0 wall=167s
2026-09-30T20:41:34Z 120M-v56-s93006-seat0 exit=0 wall=166s
2026-09-30T20:41:34Z 120M-v56-s93004-seat1 exit=0 wall=167s
2026-09-30T20:41:35Z 120M-v56-s93004-seat0 exit=0 wall=168s
2026-09-30T20:41:35Z 120M-v56-s93003-seat0 exit=0 wall=169s
2026-09-30T20:41:38Z 120M-v56-s93005-seat0 exit=0 wall=171s
2026-09-30T20:41:53Z 120M-v56-s93007-seat0 exit=0 wall=183s
2026-09-30T20:41:54Z 120M-v56-s93008-seat1 exit=0 wall=181s
end 2026-09-30T20:41:54Z wall_s=366
{"receipts": 48, "qualified": 48, "engine_sha256": ["f73d27ce04a6fd5ddcdd59c618e1da8c9b6fb2f27f5cf9cdc27efad942345004"], "manifest_sha256": ["8792a08de03077cb0025610a07e9e0ac2f58b843570f0af5d783738a67c91f13"]}
