uvx ruff check python/ scripts/ tests/ --select I --fix
All checks passed!
uvx ruff format python/ scripts/ tests/
131 files left unchanged
uv run python scripts/check_python_311_syntax.py
uvx ruff check python/ scripts/ tests/
All checks passed!
uv run mypy python/ scripts/
Success: no issues found in 70 source files
uv run pytest tests/ -m "not slow"
============================= test session starts ==============================
platform darwin -- Python 3.12.13, pytest-9.0.3, pluggy-1.6.0
rootdir: /Users/poonszesen/kg-v3-bchandoff
configfile: pyproject.toml
plugins: anyio-4.14.2
collected 2208 items

tests/kaggriculture/test_base_generics_typing.py .                       [  0%]
tests/kaggriculture/test_bc.py ........................................s [  1%]
...                                                                      [  2%]
tests/kaggriculture/test_compile_gemm_backends.py ...................... [  3%]
.................................                                        [  4%]
tests/kaggriculture/test_configs.py .................................... [  6%]
...                                                                      [  6%]
tests/kaggriculture/test_env_reference.py .                              [  6%]
tests/kaggriculture/test_evaluation.py .............                     [  6%]
tests/kaggriculture/test_gpu_grammar.py .......................s         [  8%]
tests/kaggriculture/test_model_compile.py ...........                    [  8%]
tests/kaggriculture/test_model_encoder.py .............................. [  9%]
.............                                                            [ 10%]
tests/kaggriculture/test_model_heads.py ................................ [ 11%]
.................................                                        [ 13%]
tests/kaggriculture/test_model_registration.py .......                   [ 13%]
tests/kaggriculture/test_native_env.py ................................. [ 15%]
........................................................................ [ 18%]
........................................................................ [ 21%]
........................................................................ [ 25%]
........................................................................ [ 28%]
.......................                                                  [ 29%]
tests/kaggriculture/test_native_grammar_bindings.py .................... [ 30%]
.......................                                                  [ 31%]
tests/kaggriculture/test_observe.py ..ss................................ [ 32%]
.....................                                                    [ 33%]
tests/kaggriculture/test_teacher.py .................................... [ 35%]
..........s..sss                                                         [ 36%]
tests/kaggriculture/test_training_semantics.py ......................... [ 37%]
..                                                                       [ 37%]
tests/kaggriculture/test_types.py ...................................... [ 39%]
........................................................................ [ 42%]
................                                                         [ 43%]
tests/owl/agent/test_agent.py .......................................... [ 45%]
...........                                                              [ 45%]
tests/owl/agent/test_kaggle_engine_sanitization.py ....                  [ 45%]
tests/owl/agent/test_kaggle_observation.py ...                           [ 45%]
tests/owl/model/test_attn.py .....ss                                     [ 46%]
tests/owl/model/test_model_config_files.py ............................. [ 47%]
..................                                                       [ 48%]
tests/owl/model/test_recurrent_transformer_v1.py ..............          [ 48%]
tests/owl/model/test_stateless_transformer_v1.py ....................... [ 49%]
........................................................................ [ 53%]
...............................                                          [ 54%]
tests/owl/model/test_teacher_targets.py ............................     [ 55%]
tests/owl/test_checkpoint_quantization.py .............................. [ 57%]
..............                                                           [ 57%]
tests/owl/test_config.py .........                                       [ 58%]
tests/owl/test_int8_emulation.py ...s                                    [ 58%]
tests/owl/test_replay.py ...                                             [ 58%]
tests/owl/test_rl.py ................................................... [ 60%]
...........................                                              [ 62%]
tests/owl/train/test_advantages.py ..............                        [ 62%]
tests/owl/train/test_config.py ......................................... [ 64%]
............................                                             [ 65%]
tests/owl/train/test_distributed.py ...................                  [ 66%]
tests/owl/train/test_logging.py ..                                       [ 66%]
tests/owl/train/test_loss.py .............                               [ 67%]
tests/owl/train/test_metrics.py ..                                       [ 67%]
tests/owl/train/test_optimizer.py ...........                            [ 68%]
tests/owl/train/test_ppo.py ............................................ [ 70%]
...............................                                          [ 71%]
tests/owl/train/test_ppo_observation_mapping.py ........................ [ 72%]
........................................................................ [ 75%]
........................................................................ [ 79%]
...                                                                      [ 79%]
tests/scripts/test_benchmark_checkpoints.py ............................ [ 80%]
.........                                                                [ 80%]
tests/scripts/test_download_replays.py ....                              [ 81%]
tests/scripts/test_extract_model_weights.py .................            [ 81%]
tests/scripts/test_kaggriculture_parity.py ..................            [ 82%]
tests/scripts/test_kaggriculture_prepare_bc.py ......................... [ 83%]
.                                                                        [ 83%]
tests/scripts/test_kaggriculture_select_replays.py .................     [ 84%]
tests/scripts/test_roundtrip_checkpoint_quantization.py ................ [ 85%]
..                                                                       [ 85%]
tests/scripts/test_run_ppo.py .......................................... [ 87%]
..................................................s.............         [ 90%]
tests/tools/test_check_engine_trim.py .................................. [ 91%]
.............................................                            [ 93%]
tests/tools/test_observation_oracle_custody.py ......................... [ 94%]
............................                                             [ 96%]
tests/tools/test_record_grammar_reference.py .........................   [ 97%]
tests/tools/test_record_kaggriculture_env_reference.py ................. [ 98%]
.........................................                                [ 99%]
tests/tools/test_replay_viewer.py ..                                     [100%]

=========================== short test summary info ============================
SKIPPED [1] tests/kaggriculture/test_bc.py:1190: set KG_V3_BC_BEST and KG_V3_BC_SHARDS to check the real BC best
SKIPPED [1] tests/kaggriculture/test_gpu_grammar.py:171: Task 1.2/1.4 native grammar binding not available: native grammar tables arrive with Task 1.2/1.4 (owl.rs.kaggriculture_grammar_tables); use expected_grammar_tables until the binding exists
SKIPPED [2] tests/kaggriculture/test_observe.py:288: pinned host memory requires CUDA
SKIPPED [1] tests/kaggriculture/test_teacher.py:1355: needs Task 3.1 trainer seam (Kaggriculture rollout storage and action mapping in ppo.py; the merged trainer rejects KaggricultureActionMask)
SKIPPED [1] tests/kaggriculture/test_teacher.py:1631: needs the Task 3.1 run_ppo game seam and the Task 1.4 native env (the merged configs load, but run_ppo stops because no Kaggriculture environment exists)
SKIPPED [1] tests/kaggriculture/test_teacher.py:1660: needs the Task 3.1 run_ppo game seam and the Task 1.4 native env (the merged configs load, but run_ppo stops because no Kaggriculture environment exists)
SKIPPED [1] tests/kaggriculture/test_teacher.py:1696: needs Task 3.1 trainer seam (Kaggriculture rollout storage and action mapping in ppo.py; the merged trainer rejects KaggricultureActionMask)
SKIPPED [1] tests/owl/model/test_attn.py:60: flash-attn CUDA backend is not available
SKIPPED [1] tests/owl/model/test_attn.py:80: flash-attn CUDA backend is not available
SKIPPED [1] tests/owl/test_int8_emulation.py:15: x86 torch quantized backend is unavailable: qnnpack
SKIPPED [1] tests/scripts/test_run_ppo.py:3131: Needs the native Kaggriculture environment and its EnvConfig seed (rebuild Tasks 1.4/1.5).
================= 2196 passed, 12 skipped in 76.91s (0:01:16) ==================
uv run python scripts/check_doc_freshness.py
No doc updates required
