.FF..                                                                    [100%]
=================================== FAILURES ===================================
_______ test_an_unscheduled_evaluation_selects_but_leaves_patience_alone _______

    def test_an_unscheduled_evaluation_selects_but_leaves_patience_alone() -> None:
        """A budget/runtime stop's off-cadence evaluation may keep a lower checkpoint
        but must not count toward patience, so a restart keeps the scheduled cadence."""
        selection = HeldOutSelection(patience_evals=2, min_delta=0.0)
        assert selection.observe(3.0, step=0)
>       assert not selection.observe(4.0, step=1, scheduled=False)
                   ^^^^^^^^^^^^^^^^^^^^^^^^^^^^^^^^^^^^^^^^^^^^^^^
E       TypeError: HeldOutSelection.observe() got an unexpected keyword argument 'scheduled'

tests/kaggriculture/test_bc.py:507: TypeError
_ test_an_off_cadence_stop_restarts_on_the_uninterrupted_cadence[interrupted_nlls0-0] _

tmp_path = PosixPath('/private/var/folders/s_/d3vy5t5s4dv607gfkpx495000000gn/T/pytest-of-poonszesen/pytest-613/test_an_off_cadence_stop_resta0')
monkeypatch = <_pytest.monkeypatch.MonkeyPatch object at 0x1110e4fb0>
interrupted_nlls = [3.0, 4.0, 4.0, 4.0], best_step = 0

    @pytest.mark.parametrize(
        ("interrupted_nlls", "best_step"),
        [
            # The verifier's probe: the off-cadence NLL is no better.
            ([3.0, 4.0, 4.0, 4.0], 0),
            # A lower off-cadence NLL is kept, but patience still runs on cadence.
            ([3.0, 2.5, 4.0, 4.0], 1),
        ],
    )
    def test_an_off_cadence_stop_restarts_on_the_uninterrupted_cadence(
        tmp_path: Path,
        monkeypatch: pytest.MonkeyPatch,
        interrupted_nlls: list[float],
        best_step: int,
    ) -> None:
        """A budget stop between evaluations must not shorten the resumed patience."""
        data = _dataset_root(tmp_path)
        config = _bc_config(eval_interval_steps=2, patience_evals=2, max_steps=8)
        # Uninterrupted: evaluations at steps 0, 2, 4; then the interrupted run's.
        nlls = iter([3.0, 4.0, 4.0, *interrupted_nlls])
        _script_validation(monkeypatch, nlls, snapshots={})
        straight, straight_model = _run(tmp_path / "straight", data, config)
        assert (straight.stop_reason, straight.steps) == ("no_held_out_improvement", 4)

        interrupted = tmp_path / "interrupted"
        first, _ = _run(interrupted, data, config.model_copy(update={"max_steps": 1}))
        assert (first.stop_reason, first.steps) == ("max_steps", 1)
        resumed, resumed_model = _run(
            interrupted, data, config, resume_from=interrupted / BC_STATE
        )
>       assert next(nlls, None) is None
E       assert 4.0 is None
E        +  where 4.0 = next(<list_iterator object at 0x1107b8760>, None)

tests/kaggriculture/test_bc.py:666: AssertionError
----------------------------- Captured stdout call -----------------------------
{'bc/step': 0.0, 'bc/validation_nll': 3.0, 'bc/validation_frame_nll': 4.1179929460797995, 'bc/validation_value_ce': 0.6857630014419556, 'bc/validation_seat_rows': 6.0, 'bc/best_validation_nll': 3.0, 'bc/best_step': 0.0, 'bc/evals_since_improvement': 0.0, 'bc/learner_seat_rows': 0.0, 'bc/epoch': 0.0, 'time/eval_seconds': 0.009091957996133715, 'time/elapsed_seconds': 0.03477545897476375}
{'bc/step': 2.0, 'bc/validation_nll': 4.0, 'bc/validation_frame_nll': 4.1155018125261575, 'bc/validation_value_ce': 0.7645830909411112, 'bc/validation_seat_rows': 6.0, 'bc/best_validation_nll': 3.0, 'bc/best_step': 0.0, 'bc/evals_since_improvement': 1.0, 'bc/learner_seat_rows': 8.0, 'bc/epoch': 0.4, 'time/eval_seconds': 0.008935207966715097, 'time/elapsed_seconds': 0.07852145895594731, 'bc/train_nll': 4.056017160415649, 'bc/train_value_ce': 0.7332080006599426, 'bc/grad_norm': 2.2450164556503296, 'perf/learner_seat_rows_per_second': 254.5554855384759}
{'bc/step': 4.0, 'bc/validation_nll': 4.0, 'bc/validation_frame_nll': 4.112016950334821, 'bc/validation_value_ce': 0.7213282585144043, 'bc/validation_seat_rows': 6.0, 'bc/best_validation_nll': 3.0, 'bc/best_step': 0.0, 'bc/evals_since_improvement': 2.0, 'bc/learner_seat_rows': 16.0, 'bc/epoch': 0.8, 'time/eval_seconds': 0.008859792025759816, 'time/elapsed_seconds': 0.11469537497032434, 'bc/train_nll': 4.089404463768005, 'bc/train_value_ce': 0.7476610541343689, 'bc/grad_norm': 1.9763959646224976, 'perf/learner_seat_rows_per_second': 340.00053081453296}
{'bc/step': 0.0, 'bc/validation_nll': 3.0, 'bc/validation_frame_nll': 4.1179929460797995, 'bc/validation_value_ce': 0.6857630014419556, 'bc/validation_seat_rows': 6.0, 'bc/best_validation_nll': 3.0, 'bc/best_step': 0.0, 'bc/evals_since_improvement': 0.0, 'bc/learner_seat_rows': 0.0, 'bc/epoch': 0.0, 'time/eval_seconds': 0.008719541016034782, 'time/elapsed_seconds': 0.03395783400628716}
{'bc/step': 1.0, 'bc/validation_nll': 4.0, 'bc/validation_frame_nll': 4.120692661830357, 'bc/validation_value_ce': 0.7830143570899963, 'bc/validation_seat_rows': 6.0, 'bc/best_validation_nll': 3.0, 'bc/best_step': 0.0, 'bc/evals_since_improvement': 1.0, 'bc/learner_seat_rows': 4.0, 'bc/epoch': 0.2, 'time/eval_seconds': 0.008842875016853213, 'time/elapsed_seconds': 0.05755450000287965, 'bc/train_nll': 4.195200443267822, 'bc/train_value_ce': 0.7126380205154419, 'bc/grad_norm': 1.7132797241210938, 'perf/learner_seat_rows_per_second': 336.23569150645346}
{'bc/step': 2.0, 'bc/validation_nll': 4.0, 'bc/validation_frame_nll': 4.1155018125261575, 'bc/validation_value_ce': 0.7645830909411112, 'bc/validation_seat_rows': 6.0, 'bc/best_validation_nll': 3.0, 'bc/best_step': 0.0, 'bc/evals_since_improvement': 2.0, 'bc/learner_seat_rows': 8.0, 'bc/epoch': 0.4, 'time/eval_seconds': 0.008927499991841614, 'time/elapsed_seconds': 0.02116904204012826, 'bc/train_nll': 3.9168338775634766, 'bc/train_value_ce': 0.7537779808044434, 'bc/grad_norm': 2.7767531871795654, 'perf/learner_seat_rows_per_second': 333.14130410416925}
=========================== short test summary info ============================
FAILED tests/kaggriculture/test_bc.py::test_an_unscheduled_evaluation_selects_but_leaves_patience_alone
FAILED tests/kaggriculture/test_bc.py::test_an_off_cadence_stop_restarts_on_the_uninterrupted_cadence[interrupted_nlls0-0]
2 failed, 3 passed, 25 deselected in 0.77s
