start 2026-09-30T18:25:28Z agent=/root/anchor-eval/pkgs/60M-ft-on-7b72346f6c35/agent out=60M-ft-on parallel=30
2026-09-30T18:27:35Z 60M-cha22-s93006-seat1 exit=0 wall=127s
2026-09-30T18:28:08Z 60M-cha22-s93003-seat0 exit=0 wall=160s
2026-09-30T18:28:10Z 60M-smaller_market_shock-s93005-seat1 exit=0 wall=162s
2026-09-30T18:28:13Z 60M-smaller_market_shock-s93006-seat1 exit=0 wall=165s
2026-09-30T18:28:21Z 60M-cha22-s93004-seat0 exit=0 wall=173s
2026-09-30T18:28:24Z 60M-cha22-s93006-seat0 exit=0 wall=176s
2026-09-30T18:28:25Z 60M-smaller_market_shock-s93004-seat1 exit=0 wall=177s
2026-09-30T18:28:27Z 60M-smaller_market_shock-s93002-seat1 exit=0 wall=179s
2026-09-30T18:28:28Z 60M-cha22-s93005-seat0 exit=0 wall=180s
2026-09-30T18:28:28Z 60M-cha22-s93007-seat1 exit=0 wall=180s
2026-09-30T18:28:28Z 60M-cha22-s93002-seat0 exit=0 wall=180s
2026-09-30T18:28:29Z 60M-smaller_market_shock-s93003-seat1 exit=0 wall=181s
2026-09-30T18:28:29Z 60M-smaller_market_shock-s93008-seat1 exit=0 wall=181s
2026-09-30T18:28:29Z 60M-cha22-s93005-seat1 exit=0 wall=181s
2026-09-30T18:28:29Z 60M-cha22-s93001-seat0 exit=0 wall=181s
2026-09-30T18:28:31Z 60M-smaller_market_shock-s93007-seat1 exit=0 wall=183s
2026-09-30T18:28:31Z 60M-smaller_market_shock-s93002-seat0 exit=0 wall=183s
2026-09-30T18:28:31Z 60M-smaller_market_shock-s93001-seat0 exit=0 wall=183s
2026-09-30T18:28:33Z 60M-smaller_market_shock-s93008-seat0 exit=0 wall=185s
2026-09-30T18:28:33Z 60M-cha22-s93003-seat1 exit=0 wall=185s
2026-09-30T18:28:33Z 60M-cha22-s93001-seat1 exit=0 wall=185s
2026-09-30T18:28:34Z 60M-smaller_market_shock-s93001-seat1 exit=0 wall=186s
2026-09-30T18:28:34Z 60M-smaller_market_shock-s93007-seat0 exit=0 wall=186s
2026-09-30T18:28:35Z 60M-cha22-s93007-seat0 exit=0 wall=187s
2026-09-30T18:28:36Z 60M-smaller_market_shock-s93003-seat0 exit=0 wall=188s
2026-09-30T18:28:36Z 60M-cha22-s93002-seat1 exit=0 wall=188s
2026-09-30T18:28:36Z 60M-smaller_market_shock-s93005-seat0 exit=0 wall=188s
2026-09-30T18:28:37Z 60M-smaller_market_shock-s93006-seat0 exit=0 wall=189s
2026-09-30T18:28:37Z 60M-smaller_market_shock-s93004-seat0 exit=0 wall=189s
2026-09-30T18:28:37Z 60M-cha22-s93004-seat1 exit=0 wall=189s
2026-09-30T18:29:53Z 60M-cha22-s93008-seat0 exit=0 wall=138s
2026-09-30T18:30:17Z 60M-v56-s93001-seat1 exit=0 wall=124s
2026-09-30T18:30:24Z 60M-v56-s93001-seat0 exit=0 wall=134s
2026-09-30T18:30:28Z 60M-v56-s93002-seat1 exit=0 wall=124s
2026-09-30T18:30:31Z 60M-v56-s93007-seat0 exit=0 wall=122s
2026-09-30T18:30:36Z 60M-v56-s93004-seat0 exit=0 wall=128s
2026-09-30T18:30:51Z 60M-cha22-s93008-seat1 exit=0 wall=163s
2026-09-30T18:30:52Z 60M-v56-s93003-seat0 exit=0 wall=147s
2026-09-30T18:31:02Z 60M-v56-s93003-seat1 exit=0 wall=155s
2026-09-30T18:31:03Z 60M-v56-s93005-seat1 exit=0 wall=154s
2026-09-30T18:31:05Z 60M-v56-s93008-seat0 exit=0 wall=154s
2026-09-30T18:31:08Z 60M-v56-s93007-seat1 exit=0 wall=157s
2026-09-30T18:31:09Z 60M-v56-s93006-seat0 exit=0 wall=160s
2026-09-30T18:31:09Z 60M-v56-s93004-seat1 exit=0 wall=161s
2026-09-30T18:31:11Z 60M-v56-s93002-seat0 exit=0 wall=170s
2026-09-30T18:31:12Z 60M-v56-s93006-seat1 exit=0 wall=163s
2026-09-30T18:31:15Z 60M-v56-s93008-seat1 exit=0 wall=164s
2026-09-30T18:31:16Z 60M-v56-s93005-seat0 exit=0 wall=168s
end 2026-09-30T18:31:16Z wall_s=348
{"receipts": 48, "qualified": 48, "engine_sha256": ["f73d27ce04a6fd5ddcdd59c618e1da8c9b6fb2f27f5cf9cdc27efad942345004"], "manifest_sha256": ["469a8a25a0ad7ef0de6790bc20d173c889842a3cb092d7fbc464ec74cbf08e62"]}
