Bounded pytest: ['/Users/poonszesen/kg-v3-t31/.venv/bin/pytest', 'tests/owl', 'tests/scripts', 'tests/tools', '-m', 'not slow', '-q']
.................................................................ss..... [  5%]
........................................................................ [ 11%]
........................................................................ [ 16%]
........................................................................ [ 22%]
..................................................s..................... [ 28%]
........................................................................ [ 33%]
........................................................................ [ 39%]
........................................................................ [ 45%]
........................................................................ [ 50%]
........................................................................ [ 56%]
........................................................................ [ 61%]
........................................................................ [ 67%]
........................................................................ [ 73%]
........................................................................ [ 78%]
........................................................................ [ 84%]
........................................................................ [ 90%]
........................................................................ [ 95%]
.......................................................                  [100%]
RESOURCE RECEIPT {"elapsed_seconds": 42.24869783397298, "sampled_pytest_rss_bytes": 608485376, "pytest_ru_maxrss_bytes": 613974016, "exitstatus": 0, "scope": "pytest process only, no descendants; 10ms RSS polling"}

=========================== short test summary info ============================
SKIPPED [1] tests/owl/model/test_attn.py:60: flash-attn CUDA backend is not available
SKIPPED [1] tests/owl/model/test_attn.py:80: flash-attn CUDA backend is not available
SKIPPED [1] tests/owl/test_int8_emulation.py:15: x86 torch quantized backend is unavailable: qnnpack
1276 passed, 3 skipped in 41.28s
