Bounded pytest: ['/Users/poonszesen/kg-v3-t31/.venv/bin/pytest', 'tests/kaggriculture/test_model_encoder.py', '-vv', '--color=no']
============================= test session starts ==============================
platform darwin -- Python 3.12.13, pytest-9.0.3, pluggy-1.6.0 -- /Users/poonszesen/kg-v3-t31/.venv/bin/python
cachedir: .pytest_cache
rootdir: /Users/poonszesen/kg-v3-t31
configfile: pyproject.toml
plugins: anyio-4.14.2
collecting ... collected 43 items

tests/kaggriculture/test_model_encoder.py::test_stems_tokens_and_trunk_use_isaiah_classes_and_widths PASSED [  2%]
tests/kaggriculture/test_model_encoder.py::test_preset_shares_isaiah_6m_trunk_except_depth PASSED [  4%]
tests/kaggriculture/test_model_encoder.py::test_isaiah_6m_uses_the_same_shared_classes PASSED [  6%]
tests/kaggriculture/test_model_encoder.py::test_swiglu_is_rejected PASSED [  9%]
tests/kaggriculture/test_model_encoder.py::test_initialization_follows_isaiah_scheme PASSED [ 11%]
tests/kaggriculture/test_model_encoder.py::test_encoded_fields_have_named_shapes_and_masked_zeros PASSED [ 13%]
tests/kaggriculture/test_model_encoder.py::test_every_region_and_named_readout_sits_at_its_offset PASSED [ 16%]
tests/kaggriculture/test_model_encoder.py::test_pre_trunk_player_addition_and_global_projection PASSED [ 18%]
tests/kaggriculture/test_model_encoder.py::test_masked_actors_and_shops_do_not_affect_present_tokens PASSED [ 20%]
tests/kaggriculture/test_model_encoder.py::test_every_api_rejects_hidden_state PASSED [ 23%]
tests/kaggriculture/test_model_encoder.py::test_unexpected_recurrent_checkpoint_keys_are_rejected PASSED [ 25%]
tests/kaggriculture/test_model_encoder.py::test_outputs_depend_only_on_current_observation PASSED [ 27%]
tests/kaggriculture/test_model_encoder.py::test_seat_rows_are_encoded_independently PASSED [ 30%]
tests/kaggriculture/test_model_encoder.py::test_rows_per_chunk_boundary PASSED [ 32%]
tests/kaggriculture/test_model_encoder.py::test_trunk_gemm_width_matches_every_block_linear[overrides0] PASSED [ 34%]
tests/kaggriculture/test_model_encoder.py::test_trunk_gemm_width_matches_every_block_linear[overrides1] PASSED [ 37%]
tests/kaggriculture/test_model_encoder.py::test_trunk_gemm_width_matches_every_block_linear[overrides2] PASSED [ 39%]
tests/kaggriculture/test_model_encoder.py::test_trunk_gemm_width_matches_every_block_linear[overrides3] PASSED [ 41%]
tests/kaggriculture/test_model_encoder.py::test_trunk_gemm_width_matches_every_block_linear[overrides4] PASSED [ 44%]
tests/kaggriculture/test_model_encoder.py::test_preset_trunk_gemm_width PASSED [ 46%]
tests/kaggriculture/test_model_encoder.py::test_padded_chunks_dispatch_exact_row_slices_in_order[2-sizes0] PASSED [ 48%]
tests/kaggriculture/test_model_encoder.py::test_padded_chunks_dispatch_exact_row_slices_in_order[4-sizes1] PASSED [ 51%]
tests/kaggriculture/test_model_encoder.py::test_zero_rows_per_chunk_rejects_before_trunk PASSED [ 53%]
tests/kaggriculture/test_model_encoder.py::test_compiled_trunk_is_used_for_every_chunk PASSED [ 55%]
tests/kaggriculture/test_model_encoder.py::test_forced_flash_without_kernel_fails_before_trunk PASSED [ 58%]
tests/kaggriculture/test_model_encoder.py::test_packed_dispatch_packs_once_and_unpacks_once PASSED [ 60%]
tests/kaggriculture/test_model_encoder.py::test_packed_path_chunks_at_the_overflow_boundary[1-1] PASSED [ 62%]
tests/kaggriculture/test_model_encoder.py::test_packed_path_chunks_at_the_overflow_boundary[0-2] PASSED [ 65%]
tests/kaggriculture/test_model_encoder.py::test_packed_path_chunks_at_the_overflow_boundary[-1-2] PASSED [ 67%]
tests/kaggriculture/test_model_encoder.py::test_packed_chunks_are_distinct_ordered_and_match_unchunked PASSED [ 69%]
tests/kaggriculture/test_model_encoder.py::test_packed_row_chunks_rejects_only_an_unfittable_row PASSED [ 72%]
tests/kaggriculture/test_model_encoder.py::test_compiled_trunk_serves_packed_dispatch PASSED [ 74%]
tests/kaggriculture/test_model_encoder.py::test_compile_hook_leaves_state_dict_keys_unchanged PASSED [ 76%]
tests/kaggriculture/test_model_encoder.py::test_silu_model_builds_and_encodes PASSED [ 79%]
tests/kaggriculture/test_model_encoder.py::test_muon_groups_follow_isaiah_rule PASSED [ 81%]
tests/kaggriculture/test_model_encoder.py::test_critic_is_isaiah_output_projection_shared_across_players PASSED [ 83%]
tests/kaggriculture/test_model_encoder.py::test_values_are_two_p_self_minus_one_from_a_winner_softmax PASSED [ 86%]
tests/kaggriculture/test_model_encoder.py::test_winner_probabilities_match_a_hand_computed_critic PASSED [ 88%]
tests/kaggriculture/test_model_encoder.py::test_critic_logits_follow_player_token_order PASSED [ 90%]
tests/kaggriculture/test_model_encoder.py::test_critic_output_init_and_muon_group PASSED [ 93%]
tests/kaggriculture/test_model_encoder.py::test_values_are_seat_independent PASSED [ 95%]
tests/kaggriculture/test_model_encoder.py::test_critic_value_mask_is_the_critic_token_mask PASSED [ 97%]
tests/kaggriculture/test_model_encoder.py::test_winner_softmax_is_isaiahs_masked_softmax PASSED [100%]
RESOURCE RECEIPT {"elapsed_seconds": 2.35735670797294, "sampled_pytest_rss_bytes": 407175168, "pytest_ru_maxrss_bytes": 407339008, "exitstatus": 0, "scope": "pytest process only, no descendants; 10ms RSS polling"}


============================== 43 passed in 1.61s ==============================
