Bounded pytest: ['/Users/poonszesen/kg-v3-t31/.venv/bin/pytest', 'tests/kaggriculture/test_training_semantics.py', 'tests/kaggriculture/test_training_smoke.py', '-vv', '--color=no']
============================= test session starts ==============================
platform darwin -- Python 3.12.13, pytest-9.0.3, pluggy-1.6.0 -- /Users/poonszesen/kg-v3-t31/.venv/bin/python
cachedir: .pytest_cache
rootdir: /Users/poonszesen/kg-v3-t31
configfile: pyproject.toml
plugins: anyio-4.14.2
collecting ... collected 28 items

tests/kaggriculture/test_training_semantics.py::test_kaggriculture_truncation_keeps_economic_reward_and_bootstraps PASSED [  3%]
tests/kaggriculture/test_training_semantics.py::test_orbit_truncation_still_drops_the_cut_transition_reward PASSED [  7%]
tests/kaggriculture/test_training_semantics.py::test_truncation_reward_rule_rejects_unknown_observation_batches PASSED [ 10%]
tests/kaggriculture/test_training_semantics.py::test_kaggriculture_per_player_clip_bounds_the_joint_turn_ratio PASSED [ 14%]
tests/kaggriculture/test_training_semantics.py::test_kaggriculture_training_accepts_isaiah_value_settings PASSED [ 17%]
tests/kaggriculture/test_training_semantics.py::test_kaggriculture_training_rejects_incompatible_value_settings[win_only-overrides0-env.reward_mode='win_loss'] PASSED [ 21%]
tests/kaggriculture/test_training_semantics.py::test_kaggriculture_training_rejects_incompatible_value_settings[ship_ratio-overrides1-env.reward_mode='win_loss'] PASSED [ 25%]
tests/kaggriculture/test_training_semantics.py::test_kaggriculture_training_rejects_incompatible_value_settings[win_loss-overrides2-rl.gamma=1.0] PASSED [ 28%]
tests/kaggriculture/test_training_semantics.py::test_kaggriculture_training_rejects_incompatible_value_settings[win_loss-overrides3-rl.value_loss='mse'] PASSED [ 32%]
tests/kaggriculture/test_training_semantics.py::test_kaggriculture_training_requires_joint_per_player_clipping PASSED [ 35%]
tests/kaggriculture/test_training_semantics.py::test_full_config_applies_kaggriculture_guards_only_to_kaggriculture PASSED [ 39%]
tests/kaggriculture/test_training_semantics.py::test_kaggriculture_yaml_configs_load_through_the_training_guards[rl-gamma-0.99-rl\\.gamma=1\\.0-kaggriculture.yaml] PASSED [ 42%]
tests/kaggriculture/test_training_semantics.py::test_kaggriculture_yaml_configs_load_through_the_training_guards[rl-gamma-0.99-rl\\.gamma=1\\.0-kaggriculture_2rank.yaml] PASSED [ 46%]
tests/kaggriculture/test_training_semantics.py::test_kaggriculture_yaml_configs_load_through_the_training_guards[rl-gamma-0.99-rl\\.gamma=1\\.0-kaggriculture_4rank.yaml] PASSED [ 50%]
tests/kaggriculture/test_training_semantics.py::test_kaggriculture_yaml_configs_load_through_the_training_guards[rl-gamma-0.99-rl\\.gamma=1\\.0-kaggriculture_8rank.yaml] PASSED [ 53%]
tests/kaggriculture/test_training_semantics.py::test_kaggriculture_yaml_configs_load_through_the_training_guards[rl-value_loss-winner_ce-rl.value_loss='winner_ce'-kaggriculture.yaml] PASSED [ 57%]
tests/kaggriculture/test_training_semantics.py::test_kaggriculture_yaml_configs_load_through_the_training_guards[rl-value_loss-winner_ce-rl.value_loss='winner_ce'-kaggriculture_2rank.yaml] PASSED [ 60%]
tests/kaggriculture/test_training_semantics.py::test_kaggriculture_yaml_configs_load_through_the_training_guards[rl-value_loss-winner_ce-rl.value_loss='winner_ce'-kaggriculture_4rank.yaml] PASSED [ 64%]
tests/kaggriculture/test_training_semantics.py::test_kaggriculture_yaml_configs_load_through_the_training_guards[rl-value_loss-winner_ce-rl.value_loss='winner_ce'-kaggriculture_8rank.yaml] PASSED [ 67%]
tests/kaggriculture/test_training_semantics.py::test_kaggriculture_yaml_configs_load_through_the_training_guards[env-reward_mode-win_only-reward_mode-kaggriculture.yaml] PASSED [ 71%]
tests/kaggriculture/test_training_semantics.py::test_kaggriculture_yaml_configs_load_through_the_training_guards[env-reward_mode-win_only-reward_mode-kaggriculture_2rank.yaml] PASSED [ 75%]
tests/kaggriculture/test_training_semantics.py::test_kaggriculture_yaml_configs_load_through_the_training_guards[env-reward_mode-win_only-reward_mode-kaggriculture_4rank.yaml] PASSED [ 78%]
tests/kaggriculture/test_training_semantics.py::test_kaggriculture_yaml_configs_load_through_the_training_guards[env-reward_mode-win_only-reward_mode-kaggriculture_8rank.yaml] PASSED [ 82%]
tests/kaggriculture/test_training_semantics.py::test_kaggriculture_yaml_configs_load_through_the_training_guards[rl-ppo_clip_mode-per_entity-rl\\.ppo_clip_mode='per_player'-kaggriculture.yaml] PASSED [ 85%]
tests/kaggriculture/test_training_semantics.py::test_kaggriculture_yaml_configs_load_through_the_training_guards[rl-ppo_clip_mode-per_entity-rl\\.ppo_clip_mode='per_player'-kaggriculture_2rank.yaml] PASSED [ 89%]
tests/kaggriculture/test_training_semantics.py::test_kaggriculture_yaml_configs_load_through_the_training_guards[rl-ppo_clip_mode-per_entity-rl\\.ppo_clip_mode='per_player'-kaggriculture_4rank.yaml] PASSED [ 92%]
tests/kaggriculture/test_training_semantics.py::test_kaggriculture_yaml_configs_load_through_the_training_guards[rl-ppo_clip_mode-per_entity-rl\\.ppo_clip_mode='per_player'-kaggriculture_8rank.yaml] PASSED [ 96%]
tests/kaggriculture/test_training_smoke.py::test_no_teacher_two_updates PASSED [100%]
RESOURCE RECEIPT {"elapsed_seconds": 0.8600167499971576, "sampled_pytest_rss_bytes": 322142208, "pytest_ru_maxrss_bytes": 322699264, "exitstatus": 0, "scope": "pytest process only, no descendants; 10ms RSS polling"}


============================== 28 passed in 0.13s ==============================
