Bounded pytest: ['/Users/poonszesen/kg-v3-t31/.venv/bin/pytest', 'tests/kaggriculture/test_compile_gemm_backends.py', 'tests/kaggriculture/test_configs.py', 'tests/kaggriculture/test_gpu_grammar.py', '-vv', '--color=no']
============================= test session starts ==============================
platform darwin -- Python 3.12.13, pytest-9.0.3, pluggy-1.6.0 -- /Users/poonszesen/kg-v3-t31/.venv/bin/python
cachedir: .pytest_cache
rootdir: /Users/poonszesen/kg-v3-t31
configfile: pyproject.toml
plugins: anyio-4.14.2
collecting ... collected 128 items

tests/kaggriculture/test_compile_gemm_backends.py::test_the_probed_stack_is_one_constant PASSED [  0%]
tests/kaggriculture/test_compile_gemm_backends.py::test_kaggriculture_compiles_see_cublas_only_gemm_backends[default-trunk] PASSED [  1%]
tests/kaggriculture/test_compile_gemm_backends.py::test_kaggriculture_compiles_see_cublas_only_gemm_backends[default-mlp] PASSED [  2%]
tests/kaggriculture/test_compile_gemm_backends.py::test_kaggriculture_compiles_see_cublas_only_gemm_backends[reduce-overhead-trunk] PASSED [  3%]
tests/kaggriculture/test_compile_gemm_backends.py::test_kaggriculture_compiles_see_cublas_only_gemm_backends[reduce-overhead-mlp] PASSED [  3%]
tests/kaggriculture/test_compile_gemm_backends.py::test_kaggriculture_compiles_see_cublas_only_gemm_backends[max-autotune-trunk] PASSED [  4%]
tests/kaggriculture/test_compile_gemm_backends.py::test_kaggriculture_compiles_see_cublas_only_gemm_backends[max-autotune-mlp] PASSED [  5%]
tests/kaggriculture/test_compile_gemm_backends.py::test_kaggriculture_compiles_see_cublas_only_gemm_backends[max-autotune-no-cudagraphs-trunk] PASSED [  6%]
tests/kaggriculture/test_compile_gemm_backends.py::test_kaggriculture_compiles_see_cublas_only_gemm_backends[max-autotune-no-cudagraphs-mlp] PASSED [  7%]
tests/kaggriculture/test_compile_gemm_backends.py::test_orbit_compiles_keep_isaiahs_gemm_backends[max-autotune-trunk] PASSED [  7%]
tests/kaggriculture/test_compile_gemm_backends.py::test_orbit_compiles_keep_isaiahs_gemm_backends[max-autotune-mlp] PASSED [  8%]
tests/kaggriculture/test_compile_gemm_backends.py::test_orbit_compiles_keep_isaiahs_gemm_backends[max-autotune-no-cudagraphs-trunk] PASSED [  9%]
tests/kaggriculture/test_compile_gemm_backends.py::test_orbit_compiles_keep_isaiahs_gemm_backends[max-autotune-no-cudagraphs-mlp] PASSED [ 10%]
tests/kaggriculture/test_compile_gemm_backends.py::test_no_compile_target_claims_nothing[_kaggriculture] PASSED [ 10%]
tests/kaggriculture/test_compile_gemm_backends.py::test_no_compile_target_claims_nothing[_orbit] PASSED [ 11%]
tests/kaggriculture/test_compile_gemm_backends.py::test_one_process_never_compiles_both_games PASSED [ 12%]
tests/kaggriculture/test_compile_gemm_backends.py::test_kaggriculture_after_orbit_raises_before_changing_backends PASSED [ 13%]
tests/kaggriculture/test_compile_gemm_backends.py::test_concurrent_claims_serialize_so_the_second_game_raises PASSED [ 14%]
tests/kaggriculture/test_compile_gemm_backends.py::test_direct_kaggriculture_trunk_compile_claims_cublas_only_backends PASSED [ 14%]
tests/kaggriculture/test_compile_gemm_backends.py::test_direct_kaggriculture_trunk_compile_checks_the_stack_with_aten_preset PASSED [ 15%]
tests/kaggriculture/test_compile_gemm_backends.py::test_direct_orbit_trunk_compile_claims_orbit PASSED [ 16%]
tests/kaggriculture/test_compile_gemm_backends.py::test_orbit_then_kaggriculture_raises_through_any_entry[configured-trunk-configured-trunk] PASSED [ 17%]
tests/kaggriculture/test_compile_gemm_backends.py::test_orbit_then_kaggriculture_raises_through_any_entry[configured-trunk-configured-mlp] PASSED [ 17%]
tests/kaggriculture/test_compile_gemm_backends.py::test_orbit_then_kaggriculture_raises_through_any_entry[configured-trunk-direct-trunk] PASSED [ 18%]
tests/kaggriculture/test_compile_gemm_backends.py::test_orbit_then_kaggriculture_raises_through_any_entry[configured-mlp-configured-trunk] PASSED [ 19%]
tests/kaggriculture/test_compile_gemm_backends.py::test_orbit_then_kaggriculture_raises_through_any_entry[configured-mlp-configured-mlp] PASSED [ 20%]
tests/kaggriculture/test_compile_gemm_backends.py::test_orbit_then_kaggriculture_raises_through_any_entry[configured-mlp-direct-trunk] PASSED [ 21%]
tests/kaggriculture/test_compile_gemm_backends.py::test_orbit_then_kaggriculture_raises_through_any_entry[direct-trunk-configured-trunk] PASSED [ 21%]
tests/kaggriculture/test_compile_gemm_backends.py::test_orbit_then_kaggriculture_raises_through_any_entry[direct-trunk-configured-mlp] PASSED [ 22%]
tests/kaggriculture/test_compile_gemm_backends.py::test_orbit_then_kaggriculture_raises_through_any_entry[direct-trunk-direct-trunk] PASSED [ 23%]
tests/kaggriculture/test_compile_gemm_backends.py::test_kaggriculture_then_orbit_raises_through_any_entry[configured-trunk-configured-trunk] PASSED [ 24%]
tests/kaggriculture/test_compile_gemm_backends.py::test_kaggriculture_then_orbit_raises_through_any_entry[configured-trunk-configured-mlp] PASSED [ 25%]
tests/kaggriculture/test_compile_gemm_backends.py::test_kaggriculture_then_orbit_raises_through_any_entry[configured-trunk-direct-trunk] PASSED [ 25%]
tests/kaggriculture/test_compile_gemm_backends.py::test_kaggriculture_then_orbit_raises_through_any_entry[configured-mlp-configured-trunk] PASSED [ 26%]
tests/kaggriculture/test_compile_gemm_backends.py::test_kaggriculture_then_orbit_raises_through_any_entry[configured-mlp-configured-mlp] PASSED [ 27%]
tests/kaggriculture/test_compile_gemm_backends.py::test_kaggriculture_then_orbit_raises_through_any_entry[configured-mlp-direct-trunk] PASSED [ 28%]
tests/kaggriculture/test_compile_gemm_backends.py::test_kaggriculture_then_orbit_raises_through_any_entry[direct-trunk-configured-trunk] PASSED [ 28%]
tests/kaggriculture/test_compile_gemm_backends.py::test_kaggriculture_then_orbit_raises_through_any_entry[direct-trunk-configured-mlp] PASSED [ 29%]
tests/kaggriculture/test_compile_gemm_backends.py::test_kaggriculture_then_orbit_raises_through_any_entry[direct-trunk-direct-trunk] PASSED [ 30%]
tests/kaggriculture/test_compile_gemm_backends.py::test_compiled_trunk_calls_recheck_the_backends[trunk] PASSED [ 31%]
tests/kaggriculture/test_compile_gemm_backends.py::test_compiled_trunk_calls_recheck_the_backends[mlp] PASSED [ 32%]
tests/kaggriculture/test_compile_gemm_backends.py::test_eager_models_run_under_any_backends PASSED [ 32%]
tests/kaggriculture/test_compile_gemm_backends.py::test_stack_check_accepts_the_probed_gpu_stack PASSED [ 33%]
tests/kaggriculture/test_compile_gemm_backends.py::test_stack_check_rejects_unprobed_versions[overrides0-torch 2.10.0] PASSED [ 34%]
tests/kaggriculture/test_compile_gemm_backends.py::test_stack_check_rejects_unprobed_versions[overrides1-torch 2.9.1] PASSED [ 35%]
tests/kaggriculture/test_compile_gemm_backends.py::test_stack_check_rejects_unprobed_versions[overrides2-torch 2.8.0] PASSED [ 35%]
tests/kaggriculture/test_compile_gemm_backends.py::test_stack_check_rejects_unprobed_versions[overrides3-triton 3.4.0] PASSED [ 36%]
tests/kaggriculture/test_compile_gemm_backends.py::test_stack_check_rejects_unprobed_versions[overrides4-triton 3.6.0] PASSED [ 37%]
tests/kaggriculture/test_compile_gemm_backends.py::test_stack_check_rejects_unprobed_versions[overrides5-NVIDIA driver 570.86.10] PASSED [ 38%]
tests/kaggriculture/test_compile_gemm_backends.py::test_stack_check_rejects_unprobed_versions[overrides6-NVIDIA driver 580.65.06] PASSED [ 39%]
tests/kaggriculture/test_compile_gemm_backends.py::test_stack_check_rejects_a_gpu_host_without_triton PASSED [ 39%]
tests/kaggriculture/test_compile_gemm_backends.py::test_stack_check_rejects_a_gpu_host_whose_driver_was_not_read PASSED [ 40%]
tests/kaggriculture/test_compile_gemm_backends.py::test_stack_check_skips_driver_and_triton_without_cuda_with_reasons PASSED [ 41%]
tests/kaggriculture/test_compile_gemm_backends.py::test_kaggriculture_compile_rejects_an_unprobed_torch_before_compiling PASSED [ 42%]
tests/kaggriculture/test_compile_gemm_backends.py::test_this_cpu_host_reads_no_driver PASSED [ 42%]
tests/kaggriculture/test_configs.py::test_ranked_config_global_workload_equals_scaling_6m[kaggriculture_2rank.yaml-2] PASSED [ 43%]
tests/kaggriculture/test_configs.py::test_ranked_config_global_workload_equals_scaling_6m[kaggriculture_4rank.yaml-4] PASSED [ 44%]
tests/kaggriculture/test_configs.py::test_ranked_config_global_workload_equals_scaling_6m[kaggriculture_8rank.yaml-8] PASSED [ 45%]
tests/kaggriculture/test_configs.py::test_ranked_config_per_rank_shapes_are_scaling_6m_divided[kaggriculture_2rank.yaml-2] PASSED [ 46%]
tests/kaggriculture/test_configs.py::test_ranked_config_per_rank_shapes_are_scaling_6m_divided[kaggriculture_4rank.yaml-4] PASSED [ 46%]
tests/kaggriculture/test_configs.py::test_ranked_config_per_rank_shapes_are_scaling_6m_divided[kaggriculture_8rank.yaml-8] PASSED [ 47%]
tests/kaggriculture/test_configs.py::test_isaiah_per_rank_shape_fails_loudly_when_not_divisible[3-n_envs=256 is not divisible by world size 3] PASSED [ 48%]
tests/kaggriculture/test_configs.py::test_isaiah_per_rank_shape_fails_loudly_when_not_divisible[32-segments_per_minibatch=16 is not divisible by world size 32] PASSED [ 49%]
tests/kaggriculture/test_configs.py::test_isaiah_per_rank_shape_rejects_partial_minibatches_and_teacher_chunks PASSED [ 50%]
tests/kaggriculture/test_configs.py::test_ranked_config_optimizer_and_ppo_equal_scaling_6m[kaggriculture_2rank.yaml] PASSED [ 50%]
tests/kaggriculture/test_configs.py::test_ranked_config_optimizer_and_ppo_equal_scaling_6m[kaggriculture_4rank.yaml] PASSED [ 51%]
tests/kaggriculture/test_configs.py::test_ranked_config_optimizer_and_ppo_equal_scaling_6m[kaggriculture_8rank.yaml] PASSED [ 52%]
tests/kaggriculture/test_configs.py::test_ranked_configs_differ_only_in_per_rank_shapes PASSED [ 53%]
tests/kaggriculture/test_configs.py::test_config_env_and_cross_section_rules[kaggriculture_2rank.yaml] PASSED [ 53%]
tests/kaggriculture/test_configs.py::test_config_env_and_cross_section_rules[kaggriculture_4rank.yaml] PASSED [ 54%]
tests/kaggriculture/test_configs.py::test_config_env_and_cross_section_rules[kaggriculture_8rank.yaml] PASSED [ 55%]
tests/kaggriculture/test_configs.py::test_config_env_and_cross_section_rules[kaggriculture.yaml] PASSED [ 56%]
tests/kaggriculture/test_configs.py::test_local_config_is_the_recipe_on_a_tiny_cpu_model PASSED [ 57%]
tests/kaggriculture/test_configs.py::test_two_rank_workloads_fit_the_model_chunking PASSED [ 57%]
tests/kaggriculture/test_configs.py::test_four_rank_workloads_fit_the_model_chunking PASSED [ 58%]
tests/kaggriculture/test_configs.py::test_eight_rank_workloads_fit_the_model_chunking PASSED [ 59%]
tests/kaggriculture/test_configs.py::test_headroom_lines_label_the_padded_trunk_bounds PASSED [ 60%]
tests/kaggriculture/test_configs.py::test_packed_trunk_calls_never_exceed_the_padded_bound PASSED [ 60%]
tests/kaggriculture/test_configs.py::test_no_teacher_omits_the_teacher_workload PASSED [ 61%]
tests/kaggriculture/test_configs.py::test_workload_check_fails_fast_when_one_row_cannot_fit PASSED [ 62%]
tests/kaggriculture/test_configs.py::test_workloads_reject_empty_shapes[kwargs0-n_envs must be >= 1] PASSED [ 63%]
tests/kaggriculture/test_configs.py::test_workloads_reject_empty_shapes[kwargs1-horizon must be >= 1] PASSED [ 64%]
tests/kaggriculture/test_configs.py::test_workloads_reject_empty_shapes[kwargs2-segments_per_minibatch must be >= 1] PASSED [ 64%]
tests/kaggriculture/test_configs.py::test_workloads_reject_empty_shapes[kwargs3-teacher_segments_per_minibatch] PASSED [ 65%]
tests/kaggriculture/test_configs.py::test_workload_check_rejects_empty_input PASSED [ 66%]
tests/kaggriculture/test_configs.py::test_configs_load_through_full_config_and_build_the_model[kaggriculture_2rank.yaml] PASSED [ 67%]
tests/kaggriculture/test_configs.py::test_configs_load_through_full_config_and_build_the_model[kaggriculture_4rank.yaml] PASSED [ 67%]
tests/kaggriculture/test_configs.py::test_configs_load_through_full_config_and_build_the_model[kaggriculture_8rank.yaml] PASSED [ 68%]
tests/kaggriculture/test_configs.py::test_configs_load_through_full_config_and_build_the_model[kaggriculture.yaml] PASSED [ 69%]
tests/kaggriculture/test_configs.py::test_config_round_trips_through_the_kaggriculture_env_schema PASSED [ 70%]
tests/kaggriculture/test_configs.py::test_orbit_configs_still_load_isaiahs_env_config PASSED [ 71%]
tests/kaggriculture/test_configs.py::test_kaggriculture_model_requires_the_kaggriculture_env PASSED [ 71%]
tests/kaggriculture/test_configs.py::test_kaggriculture_env_requires_the_kaggriculture_model PASSED [ 72%]
tests/kaggriculture/test_configs.py::test_kaggriculture_env_rejects_orbit_specs PASSED [ 73%]
tests/kaggriculture/test_configs.py::test_kaggriculture_env_rejects_fields_outside_its_schema[two_player_weight-1.0] PASSED [ 74%]
tests/kaggriculture/test_configs.py::test_kaggriculture_env_rejects_fields_outside_its_schema[reward_mode-win_only] PASSED [ 75%]
tests/kaggriculture/test_configs.py::test_kaggriculture_env_rejects_fields_outside_its_schema[native_threads-0] PASSED [ 75%]
tests/kaggriculture/test_configs.py::test_kaggriculture_reward_rejects_the_winner_ce_value_loss PASSED [ 76%]
tests/kaggriculture/test_configs.py::test_kaggriculture_reward_requires_gamma_one PASSED [ 77%]
tests/kaggriculture/test_configs.py::test_reward_shaping_rejects_an_invalid_budget[kwargs0-active economic penalty caps must sum below one] PASSED [ 78%]
tests/kaggriculture/test_configs.py::test_reward_shaping_rejects_an_invalid_budget[kwargs1-economic shaping requires a positive event weight] PASSED [ 78%]
tests/kaggriculture/test_configs.py::test_reward_shaping_rejects_an_invalid_budget[kwargs2-econ_cap] PASSED [ 79%]
tests/kaggriculture/test_configs.py::test_reward_shaping_rejects_an_invalid_budget[kwargs3-econ_shaping] PASSED [ 80%]
tests/kaggriculture/test_configs.py::test_reward_terminal_scale_counts_only_enabled_caps PASSED [ 81%]
tests/kaggriculture/test_gpu_grammar.py::test_expected_tables_have_the_native_shapes_and_names PASSED [ 82%]
tests/kaggriculture/test_gpu_grammar.py::test_unit_supports_follow_the_grammar_rules PASSED [ 82%]
tests/kaggriculture/test_gpu_grammar.py::test_market_supports_follow_the_grammar_rules PASSED [ 83%]
tests/kaggriculture/test_gpu_grammar.py::test_unit_quantity_cases[0-0-True] PASSED [ 84%]
tests/kaggriculture/test_gpu_grammar.py::test_unit_quantity_cases[0-1-False] PASSED [ 85%]
tests/kaggriculture/test_gpu_grammar.py::test_unit_quantity_cases[1-0-False] PASSED [ 85%]
tests/kaggriculture/test_gpu_grammar.py::test_unit_quantity_cases[1-1-True] PASSED [ 86%]
tests/kaggriculture/test_gpu_grammar.py::test_unit_quantity_cases[1-31-True] PASSED [ 87%]
tests/kaggriculture/test_gpu_grammar.py::test_unit_quantity_cases[1-32-True] PASSED [ 88%]
tests/kaggriculture/test_gpu_grammar.py::test_unit_quantity_cases[1-1023-True] PASSED [ 89%]
tests/kaggriculture/test_gpu_grammar.py::test_market_quantity_accepts_zero_through_1023[0] PASSED [ 89%]
tests/kaggriculture/test_gpu_grammar.py::test_market_quantity_accepts_zero_through_1023[1] PASSED [ 90%]
tests/kaggriculture/test_gpu_grammar.py::test_market_quantity_accepts_zero_through_1023[31] PASSED [ 91%]
tests/kaggriculture/test_gpu_grammar.py::test_market_quantity_accepts_zero_through_1023[32] PASSED [ 92%]
tests/kaggriculture/test_gpu_grammar.py::test_market_quantity_accepts_zero_through_1023[1023] PASSED [ 92%]
tests/kaggriculture/test_gpu_grammar.py::test_validation_rejects_malformed_tables[<lambda>-torch.bool] PASSED [ 93%]
tests/kaggriculture/test_gpu_grammar.py::test_validation_rejects_malformed_tables[<lambda>-shape] PASSED [ 94%]
tests/kaggriculture/test_gpu_grammar.py::test_validation_rejects_malformed_tables[<lambda>-no admitted value0] PASSED [ 95%]
tests/kaggriculture/test_gpu_grammar.py::test_validation_rejects_malformed_tables[<lambda>-no admitted value1] PASSED [ 96%]
tests/kaggriculture/test_gpu_grammar.py::test_validation_rejects_malformed_tables[<lambda>-NONE0] PASSED [ 96%]
tests/kaggriculture/test_gpu_grammar.py::test_validation_rejects_malformed_tables[<lambda>-NONE1] PASSED [ 97%]
tests/kaggriculture/test_gpu_grammar.py::test_validation_requires_a_non_hire_market_kind PASSED [ 98%]
tests/kaggriculture/test_gpu_grammar.py::test_from_arrays_round_trips_numpy_and_rejects_bad_keys_or_dtypes PASSED [ 99%]
tests/kaggriculture/test_gpu_grammar.py::test_native_tables_match_expected_tables PASSED [100%]
RESOURCE RECEIPT {"elapsed_seconds": 1.8476049999590032, "sampled_pytest_rss_bytes": 324845568, "pytest_ru_maxrss_bytes": 325222400, "exitstatus": 0, "scope": "pytest process only, no descendants; 10ms RSS polling"}


============================= 128 passed in 1.06s ==============================
