Bounded pytest: ['/Users/poonszesen/kg-v3-t31/.venv/bin/pytest', 'tests/kaggriculture/test_model_heads.py', '-k', 'not hire_coupling_enumeration_equals_replayed_density', '-vv', '--color=no']
============================= test session starts ==============================
platform darwin -- Python 3.12.13, pytest-9.0.3, pluggy-1.6.0 -- /Users/poonszesen/kg-v3-t31/.venv/bin/python
cachedir: .pytest_cache
rootdir: /Users/poonszesen/kg-v3-t31
configfile: pyproject.toml
plugins: anyio-4.14.2
collecting ... collected 65 items / 5 deselected / 60 selected

tests/kaggriculture/test_model_heads.py::test_replay_matches_saved_sample_whole_split_and_permuted[dense] PASSED [  1%]
tests/kaggriculture/test_model_heads.py::test_replay_matches_saved_sample_whole_split_and_permuted[hire_capacity] PASSED [  3%]
tests/kaggriculture/test_model_heads.py::test_replay_matches_saved_sample_whole_split_and_permuted[stop_every_position] PASSED [  5%]
tests/kaggriculture/test_model_heads.py::test_replay_matches_saved_sample_whole_split_and_permuted[mixed] PASSED [  6%]
tests/kaggriculture/test_model_heads.py::test_gumbel_draws_match_the_masked_softmax PASSED [  8%]
tests/kaggriculture/test_model_heads.py::test_stop_keeps_its_density_the_sentinel_has_none_and_later_frames_are_zero PASSED [ 10%]
tests/kaggriculture/test_model_heads.py::test_sampled_lengths_count_every_frame_including_stop PASSED [ 11%]
tests/kaggriculture/test_model_heads.py::test_the_base_programs_are_admitted PASSED [ 13%]
tests/kaggriculture/test_model_heads.py::test_out_of_support_values_fail_the_support_group[0-1-3-3-groups0] PASSED [ 15%]
tests/kaggriculture/test_model_heads.py::test_out_of_support_values_fail_the_support_group[0-0-5-0-groups1] PASSED [ 16%]
tests/kaggriculture/test_model_heads.py::test_out_of_support_values_fail_the_support_group[0-2-8-12-groups2] PASSED [ 18%]
tests/kaggriculture/test_model_heads.py::test_out_of_support_values_fail_the_support_group[0-0-1-0-groups3] PASSED [ 20%]
tests/kaggriculture/test_model_heads.py::test_out_of_support_values_fail_the_support_group[0-0-1-19-groups4] PASSED [ 21%]
tests/kaggriculture/test_model_heads.py::test_out_of_support_values_fail_the_support_group[1-6-7-7-groups5] PASSED [ 23%]
tests/kaggriculture/test_model_heads.py::test_hire_beyond_capacity_fails_support_only PASSED [ 25%]
tests/kaggriculture/test_model_heads.py::test_wrong_length_fails_the_length_group PASSED [ 26%]
tests/kaggriculture/test_model_heads.py::test_non_canonical_tokens_fail_the_canonical_group[0-1-0-0] PASSED [ 28%]
tests/kaggriculture/test_model_heads.py::test_non_canonical_tokens_fail_the_canonical_group[0-0-2-5] PASSED [ 30%]
tests/kaggriculture/test_model_heads.py::test_non_canonical_tokens_fail_the_canonical_group[0-0-7-2] PASSED [ 31%]
tests/kaggriculture/test_model_heads.py::test_non_canonical_tokens_fail_the_canonical_group[0-2-1-1] PASSED [ 33%]
tests/kaggriculture/test_model_heads.py::test_non_canonical_tokens_fail_the_canonical_group[0-2-0-1] PASSED [ 35%]
tests/kaggriculture/test_model_heads.py::test_non_canonical_tokens_fail_the_canonical_group[0-3-11-1] PASSED [ 36%]
tests/kaggriculture/test_model_heads.py::test_non_canonical_tokens_fail_the_canonical_group[0-4-11-0] PASSED [ 38%]
tests/kaggriculture/test_model_heads.py::test_non_canonical_tokens_fail_the_canonical_group[0-10-3-1] PASSED [ 40%]
tests/kaggriculture/test_model_heads.py::test_non_canonical_tokens_fail_the_canonical_group[1-7-7-7] PASSED [ 41%]
tests/kaggriculture/test_model_heads.py::test_inactive_rows_must_be_all_zero PASSED [ 43%]
tests/kaggriculture/test_model_heads.py::test_out_of_range_indices_are_rejected_without_a_fault[0-0-1-999] PASSED [ 45%]
tests/kaggriculture/test_model_heads.py::test_out_of_range_indices_are_rejected_without_a_fault[0-0-3--7] PASSED [ 46%]
tests/kaggriculture/test_model_heads.py::test_out_of_range_indices_are_rejected_without_a_fault[0-0-5-1000000] PASSED [ 48%]
tests/kaggriculture/test_model_heads.py::test_out_of_range_indices_are_rejected_without_a_fault[0-2-7-1000000000] PASSED [ 50%]
tests/kaggriculture/test_model_heads.py::test_out_of_range_indices_are_rejected_without_a_fault[0-2-8--5] PASSED [ 51%]
tests/kaggriculture/test_model_heads.py::test_out_of_range_indices_are_rejected_without_a_fault[1-3-7--1] PASSED [ 53%]
tests/kaggriculture/test_model_heads.py::test_out_of_range_indices_are_rejected_without_a_fault[0-2-10-1099511627776] PASSED [ 55%]
tests/kaggriculture/test_model_heads.py::test_wrong_dtype_or_shape_fails_before_any_kernel PASSED [ 56%]
tests/kaggriculture/test_model_heads.py::test_unit_quantity_cases_through_replay[0-0-True] PASSED [ 58%]
tests/kaggriculture/test_model_heads.py::test_unit_quantity_cases_through_replay[1-0-False] PASSED [ 60%]
tests/kaggriculture/test_model_heads.py::test_unit_quantity_cases_through_replay[1-1-True] PASSED [ 61%]
tests/kaggriculture/test_model_heads.py::test_unit_quantity_cases_through_replay[1-31-True] PASSED [ 63%]
tests/kaggriculture/test_model_heads.py::test_unit_quantity_cases_through_replay[1-32-True] PASSED [ 65%]
tests/kaggriculture/test_model_heads.py::test_unit_quantity_cases_through_replay[1-1023-True] PASSED [ 66%]
tests/kaggriculture/test_model_heads.py::test_market_quantity_zero_is_accepted_through_replay[0] PASSED [ 68%]
tests/kaggriculture/test_model_heads.py::test_market_quantity_zero_is_accepted_through_replay[1] PASSED [ 70%]
tests/kaggriculture/test_model_heads.py::test_market_quantity_zero_is_accepted_through_replay[1023] PASSED [ 71%]
tests/kaggriculture/test_model_heads.py::test_fullgraph_captured_core_matches_eager_density_and_gradients PASSED [ 73%]
tests/kaggriculture/test_model_heads.py::test_replay_log_prob_matches_finite_differences_of_a_head_weight PASSED [ 75%]
tests/kaggriculture/test_model_heads.py::test_every_parameter_receives_a_finite_gradient PASSED [ 76%]
tests/kaggriculture/test_model_heads.py::test_heads_are_seat_isolated_and_stateless PASSED [ 78%]
tests/kaggriculture/test_model_heads.py::test_forward_serve_and_values_share_one_encode_contract PASSED [ 80%]
tests/kaggriculture/test_model_heads.py::test_actor_topology_follows_the_brief PASSED [ 81%]
tests/kaggriculture/test_model_heads.py::test_head_and_embedding_optimizer_membership PASSED [ 83%]
tests/kaggriculture/test_model_heads.py::test_head_initialization_follows_isaiah PASSED [ 85%]
tests/kaggriculture/test_model_heads.py::test_default_preset_meets_the_owner_parameter_budget PASSED [ 86%]
tests/kaggriculture/test_model_heads.py::test_head_rows_per_chunk_boundary_at_the_preset PASSED [ 88%]
tests/kaggriculture/test_model_heads.py::test_head_rows_per_chunk_follows_the_limit[-1] PASSED [ 90%]
tests/kaggriculture/test_model_heads.py::test_head_rows_per_chunk_follows_the_limit[0] PASSED [ 91%]
tests/kaggriculture/test_model_heads.py::test_head_rows_per_chunk_follows_the_limit[1] PASSED [ 93%]
tests/kaggriculture/test_model_heads.py::test_head_chunking_dispatches_ordered_slices_and_matches_unchunked[7-calls0] PASSED [ 95%]
tests/kaggriculture/test_model_heads.py::test_head_chunking_dispatches_ordered_slices_and_matches_unchunked[6-calls1] PASSED [ 96%]
tests/kaggriculture/test_model_heads.py::test_head_chunking_dispatches_ordered_slices_and_matches_unchunked[5-calls2] PASSED [ 98%]
tests/kaggriculture/test_model_heads.py::test_trunk_compile_leaves_the_heads_eager PASSED [100%]
RESOURCE RECEIPT {"elapsed_seconds": 5.934026625007391, "sampled_pytest_rss_bytes": 476856320, "pytest_ru_maxrss_bytes": 476938240, "exitstatus": 0, "scope": "pytest process only, no descendants; 10ms RSS polling"}


======================= 60 passed, 5 deselected in 5.18s =======================
