Bounded pytest: ['/Users/poonszesen/kg-v3-t31/.venv/bin/pytest', 'tests/kaggriculture/test_teacher.py', '-vv', '--color=no']
============================= test session starts ==============================
platform darwin -- Python 3.12.13, pytest-9.0.3, pluggy-1.6.0 -- /Users/poonszesen/kg-v3-t31/.venv/bin/python
cachedir: .pytest_cache
rootdir: /Users/poonszesen/kg-v3-t31
configfile: pyproject.toml
plugins: anyio-4.14.2
collecting ... collected 52 items

tests/kaggriculture/test_teacher.py::test_kl_is_zero_for_the_same_teacher_and_exactly_zero_off_support[dense] PASSED [  1%]
tests/kaggriculture/test_teacher.py::test_kl_is_zero_for_the_same_teacher_and_exactly_zero_off_support[hire_capacity] PASSED [  3%]
tests/kaggriculture/test_teacher.py::test_kl_is_zero_for_the_same_teacher_and_exactly_zero_off_support[stop_every_position] PASSED [  5%]
tests/kaggriculture/test_teacher.py::test_kl_is_zero_for_the_same_teacher_and_exactly_zero_off_support[mixed] PASSED [  7%]
tests/kaggriculture/test_teacher.py::test_collected_logits_reproduce_the_replay_density[fp32-dense] PASSED [  9%]
tests/kaggriculture/test_teacher.py::test_collected_logits_reproduce_the_replay_density[fp32-hire_capacity] PASSED [ 11%]
tests/kaggriculture/test_teacher.py::test_collected_logits_reproduce_the_replay_density[fp32-stop_every_position] PASSED [ 13%]
tests/kaggriculture/test_teacher.py::test_collected_logits_reproduce_the_replay_density[fp32-mixed] PASSED [ 15%]
tests/kaggriculture/test_teacher.py::test_collected_logits_reproduce_the_replay_density[fp64-dense] PASSED [ 17%]
tests/kaggriculture/test_teacher.py::test_collected_logits_reproduce_the_replay_density[fp64-hire_capacity] PASSED [ 19%]
tests/kaggriculture/test_teacher.py::test_collected_logits_reproduce_the_replay_density[fp64-stop_every_position] PASSED [ 21%]
tests/kaggriculture/test_teacher.py::test_collected_logits_reproduce_the_replay_density[fp64-mixed] PASSED [ 23%]
tests/kaggriculture/test_teacher.py::test_forward_and_evaluate_actions_leave_the_teacher_fields_unset PASSED [ 25%]
tests/kaggriculture/test_teacher.py::test_kl_matches_a_brute_force_oracle_over_the_admissible_values[base] PASSED [ 26%]
tests/kaggriculture/test_teacher.py::test_kl_matches_a_brute_force_oracle_over_the_admissible_values[hire] 
BOUNDED CHECK STOP: rss=952156160 bytes, elapsed=2.188s; limits=943718400 bytes/115s; rerun in smaller batches
