Bounded pytest: ['/Users/poonszesen/kg-v3-t31/.venv/bin/pytest', 'tests/kaggriculture/test_codec.py', 'tests/kaggriculture/test_env.py', 'tests/kaggriculture/test_env_cuda_fence.py', 'tests/kaggriculture/test_env_reference.py', 'tests/kaggriculture/test_evaluation.py', 'tests/kaggriculture/test_game.py', 'tests/kaggriculture/test_native_env.py', 'tests/kaggriculture/test_native_grammar_bindings.py', 'tests/kaggriculture/test_native_tables.py', 'tests/kaggriculture/test_observe.py', 'tests/kaggriculture/test_rewards.py', 'tests/kaggriculture/test_types.py', '-vv', '--color=no']
============================= test session starts ==============================
platform darwin -- Python 3.12.13, pytest-9.0.3, pluggy-1.6.0 -- /Users/poonszesen/kg-v3-t31/.venv/bin/python
cachedir: .pytest_cache
rootdir: /Users/poonszesen/kg-v3-t31
configfile: pyproject.toml
plugins: anyio-4.14.2
collecting ... collected 760 items

tests/kaggriculture/test_codec.py::test_codec_single_rows_serialize_and_parse_once PASSED [  0%]
tests/kaggriculture/test_codec.py::test_codec_batch_uses_each_seats_public_grammar_parameters PASSED [  0%]
tests/kaggriculture/test_codec.py::test_codec_batch_failure_never_publishes_partial_output PASSED [  0%]
tests/kaggriculture/test_codec.py::test_codec_propagates_native_failure_without_writing PASSED [  0%]
tests/kaggriculture/test_codec.py::test_codec_missing_native_binding_has_no_fallback PASSED [  0%]
tests/kaggriculture/test_codec.py::test_codec_batch_rejects_mismatched_environment_count PASSED [  0%]
tests/kaggriculture/test_codec.py::test_codec_batch_rejects_wrong_seat_count_before_native[1] PASSED [  0%]
tests/kaggriculture/test_codec.py::test_codec_batch_rejects_wrong_seat_count_before_native[3] PASSED [  1%]
tests/kaggriculture/test_codec.py::test_codec_decode_batch_rejects_malformed_tensors_before_native[tokens-bad0-CPU int64] PASSED [  1%]
tests/kaggriculture/test_codec.py::test_codec_decode_batch_rejects_malformed_tensors_before_native[lengths-bad1-CPU int64] PASSED [  1%]
tests/kaggriculture/test_codec.py::test_codec_decode_batch_rejects_malformed_tensors_before_native[tokens-bad2-shape] PASSED [  1%]
tests/kaggriculture/test_codec.py::test_codec_decode_batch_rejects_malformed_tensors_before_native[lengths-bad3-shape] PASSED [  1%]
tests/kaggriculture/test_codec.py::test_codec_decode_batch_rejects_malformed_tensors_before_native[tokens-bad4-C-contiguous] PASSED [  1%]
tests/kaggriculture/test_codec.py::test_codec_decode_batch_rejects_malformed_tensors_before_native[lengths-bad5-C-contiguous] PASSED [  1%]
tests/kaggriculture/test_codec.py::test_reference_programs_round_trip PASSED [  1%]
tests/kaggriculture/test_codec.py::test_native_encode_rejection_preserves_output[action0] PASSED [  2%]
tests/kaggriculture/test_codec.py::test_native_encode_rejection_preserves_output[action1] PASSED [  2%]
tests/kaggriculture/test_codec.py::test_native_encode_rejection_preserves_output[action2] PASSED [  2%]
tests/kaggriculture/test_codec.py::test_native_encode_rejection_preserves_output[action3] PASSED [  2%]
tests/kaggriculture/test_codec.py::test_native_encode_rejection_preserves_output[action4] PASSED [  2%]
tests/kaggriculture/test_codec.py::test_native_encode_rejection_preserves_output[action5] PASSED [  2%]
tests/kaggriculture/test_codec.py::test_native_encode_rejection_preserves_output[action6] PASSED [  2%]
tests/kaggriculture/test_codec.py::test_native_encode_rejection_preserves_output[action7] PASSED [  3%]
tests/kaggriculture/test_codec.py::test_native_encode_rejection_preserves_output[action8] PASSED [  3%]
tests/kaggriculture/test_codec.py::test_native_encode_rejection_preserves_output[action9] PASSED [  3%]
tests/kaggriculture/test_codec.py::test_native_encode_rejection_preserves_output[action10] PASSED [  3%]
tests/kaggriculture/test_codec.py::test_native_encode_rejection_preserves_output[action11] PASSED [  3%]
tests/kaggriculture/test_codec.py::test_native_encode_rejection_preserves_output[action12] PASSED [  3%]
tests/kaggriculture/test_codec.py::test_native_codec_batch_preserves_json_order_and_input_rows PASSED [  3%]
tests/kaggriculture/test_env.py::test_every_batch_checks_contract PASSED [  3%]
tests/kaggriculture/test_env.py::test_action_and_mask_inputs_are_zero_copy_views PASSED [  4%]
tests/kaggriculture/test_env.py::test_invalid_actions_rejected[type] PASSED [  4%]
tests/kaggriculture/test_env.py::test_invalid_actions_rejected[dtype] PASSED [  4%]
tests/kaggriculture/test_env.py::test_invalid_actions_rejected[device] PASSED [  4%]
tests/kaggriculture/test_env.py::test_invalid_actions_rejected[shape] PASSED [  4%]
tests/kaggriculture/test_env.py::test_invalid_actions_rejected[stride] PASSED [  4%]
tests/kaggriculture/test_env.py::test_invalid_actions_rejected[length_dtype] PASSED [  4%]
tests/kaggriculture/test_env.py::test_invalid_actions_rejected[length_shape] PASSED [  5%]
tests/kaggriculture/test_env.py::test_invalid_actions_rejected[length_stride] PASSED [  5%]
tests/kaggriculture/test_env.py::test_invalid_actions_rejected[length_device] PASSED [  5%]
tests/kaggriculture/test_env.py::test_invalid_masks_rejected[mask0] PASSED [  5%]
tests/kaggriculture/test_env.py::test_invalid_masks_rejected[mask1] PASSED [  5%]
tests/kaggriculture/test_env.py::test_invalid_masks_rejected[mask2] PASSED [  5%]
tests/kaggriculture/test_env.py::test_invalid_masks_rejected[mask3] PASSED [  5%]
tests/kaggriculture/test_env.py::test_invalid_masks_rejected[mask4] PASSED [  5%]
tests/kaggriculture/test_env.py::test_requested_pinning_allocator_spy PASSED [  6%]
tests/kaggriculture/test_env.py::test_requested_pinning_unavailable_fails_fast PASSED [  6%]
tests/kaggriculture/test_env.py::test_requested_pinning_silent_unpinned_allocation_rejected PASSED [  6%]
tests/kaggriculture/test_env.py::test_fence_precedes_every_native_write PASSED [  6%]
tests/kaggriculture/test_env.py::test_fence_condition[cpu-False-0] PASSED [  6%]
tests/kaggriculture/test_env.py::test_fence_condition[cpu-True-0] PASSED [  6%]
tests/kaggriculture/test_env.py::test_fence_condition[cuda-False-0] PASSED [  6%]
tests/kaggriculture/test_env.py::test_fence_condition[cuda-True-3] PASSED [  6%]
tests/kaggriculture/test_env.py::test_failed_native_call_preserves_buffers[reset] PASSED [  7%]
tests/kaggriculture/test_env.py::test_failed_native_call_preserves_buffers[step] PASSED [  7%]
tests/kaggriculture/test_env.py::test_failed_native_call_preserves_buffers[truncate] PASSED [  7%]
tests/kaggriculture/test_env.py::test_seat_private_isolation PASSED      [  7%]
tests/kaggriculture/test_env.py::test_seat_private_isolation_live_actions PASSED [  7%]
tests/kaggriculture/test_env.py::test_requested_pinning_without_cuda_rejected_before_allocation PASSED [  7%]
tests/kaggriculture/test_env.py::test_allocation_rejects_invalid_env_count_before_allocating[0] PASSED [  7%]
tests/kaggriculture/test_env.py::test_allocation_rejects_invalid_env_count_before_allocating[-1] PASSED [  8%]
tests/kaggriculture/test_env.py::test_allocation_rejects_invalid_env_count_before_allocating[True] PASSED [  8%]
tests/kaggriculture/test_env.py::test_allocation_rejects_invalid_env_count_before_allocating[1.0] PASSED [  8%]
tests/kaggriculture/test_env.py::test_allocation_rejects_invalid_env_count_before_allocating[1] PASSED [  8%]
tests/kaggriculture/test_env.py::test_constructor_rejects_invalid_integers_before_allocation_and_native[n_envs-0] PASSED [  8%]
tests/kaggriculture/test_env.py::test_constructor_rejects_invalid_integers_before_allocation_and_native[n_envs-True] PASSED [  8%]
tests/kaggriculture/test_env.py::test_constructor_rejects_invalid_integers_before_allocation_and_native[n_envs-2.0] PASSED [  8%]
tests/kaggriculture/test_env.py::test_constructor_rejects_invalid_integers_before_allocation_and_native[seed--1] PASSED [  8%]
tests/kaggriculture/test_env.py::test_constructor_rejects_invalid_integers_before_allocation_and_native[seed-9223372036854775808] PASSED [  9%]
tests/kaggriculture/test_env.py::test_constructor_rejects_invalid_integers_before_allocation_and_native[seed-False] PASSED [  9%]
tests/kaggriculture/test_env.py::test_constructor_rejects_invalid_integers_before_allocation_and_native[seed_stride-0] PASSED [  9%]
tests/kaggriculture/test_env.py::test_constructor_rejects_invalid_integers_before_allocation_and_native[seed_stride-9223372036854775808] PASSED [  9%]
tests/kaggriculture/test_env.py::test_constructor_rejects_invalid_integers_before_allocation_and_native[native_threads-0] PASSED [  9%]
tests/kaggriculture/test_env.py::test_constructor_rejects_invalid_integers_before_allocation_and_native[native_threads-1.5] PASSED [  9%]
tests/kaggriculture/test_env.py::test_real_binding_every_batch_checks_contract PASSED [  9%]
tests/kaggriculture/test_env.py::test_real_binding_terminal_step_keeps_completed_transition_and_new_observation PASSED [ 10%]
tests/kaggriculture/test_env.py::test_real_binding_truncate_preserves_unselected_and_all_transitions[selected0-2] PASSED [ 10%]
tests/kaggriculture/test_env.py::test_real_binding_truncate_preserves_unselected_and_all_transitions[selected0-4] PASSED [ 10%]
tests/kaggriculture/test_env.py::test_real_binding_truncate_preserves_unselected_and_all_transitions[selected1-2] PASSED [ 10%]
tests/kaggriculture/test_env.py::test_real_binding_truncate_preserves_unselected_and_all_transitions[selected1-4] PASSED [ 10%]
tests/kaggriculture/test_env.py::test_real_binding_truncate_preserves_unselected_and_all_transitions[selected2-2] PASSED [ 10%]
tests/kaggriculture/test_env.py::test_real_binding_truncate_preserves_unselected_and_all_transitions[selected2-4] PASSED [ 10%]
tests/kaggriculture/test_env.py::test_real_binding_invalid_action_preserves_all_35_buffers_and_diagnostics PASSED [ 10%]
tests/kaggriculture/test_env_cuda_fence.py::test_step_does_not_overwrite_pending_dma SKIPPED [ 11%]
tests/kaggriculture/test_env_reference.py::test_native_matches_training_batch_16_complete_games PASSED [ 11%]
tests/kaggriculture/test_evaluation.py::test_terminal_seat_banks_returns_raw_float64_banks_in_seat_order PASSED [ 11%]
tests/kaggriculture/test_evaluation.py::test_terminal_seat_banks_accepts_draws_and_missing_winner_extension PASSED [ 11%]
tests/kaggriculture/test_evaluation.py::test_terminal_seat_banks_requires_contract_keys[bank_0] PASSED [ 11%]
tests/kaggriculture/test_evaluation.py::test_terminal_seat_banks_requires_contract_keys[bank_1] PASSED [ 11%]
tests/kaggriculture/test_evaluation.py::test_terminal_seat_banks_requires_contract_keys[margin_0] PASSED [ 11%]
tests/kaggriculture/test_evaluation.py::test_terminal_seat_banks_rejects_non_finite_banks[nan] PASSED [ 11%]
tests/kaggriculture/test_evaluation.py::test_terminal_seat_banks_rejects_non_finite_banks[inf] PASSED [ 12%]
tests/kaggriculture/test_evaluation.py::test_terminal_seat_banks_rejects_non_finite_banks[-inf] PASSED [ 12%]
tests/kaggriculture/test_evaluation.py::test_terminal_seat_banks_rejects_margin_that_disagrees_with_banks PASSED [ 12%]
tests/kaggriculture/test_evaluation.py::test_terminal_seat_banks_rejects_winner_that_disagrees_with_banks[banks0-1.0] PASSED [ 12%]
tests/kaggriculture/test_evaluation.py::test_terminal_seat_banks_rejects_winner_that_disagrees_with_banks[banks1-0.0] PASSED [ 12%]
tests/kaggriculture/test_evaluation.py::test_terminal_seat_banks_rejects_winner_that_disagrees_with_banks[banks2-0.0] PASSED [ 12%]
tests/kaggriculture/test_evaluation.py::test_terminal_seat_banks_rejects_winner_that_disagrees_with_banks[banks3--1.0] PASSED [ 12%]
tests/kaggriculture/test_game.py::test_game_envelope PASSED              [ 13%]
tests/kaggriculture/test_game.py::test_integral_float_envelope_matches_real_header_encoder PASSED [ 13%]
tests/kaggriculture/test_game.py::test_hire_limit_has_one_owner PASSED   [ 13%]
tests/kaggriculture/test_game.py::test_config_union_preserves_obs_tag_discriminator PASSED [ 13%]
tests/kaggriculture/test_game.py::test_orbit_factory_is_original_constructor PASSED [ 13%]
tests/kaggriculture/test_game.py::test_factory_rank_streams PASSED       [ 13%]
tests/kaggriculture/test_game.py::test_factory_invalid_rank_streams[patch0] PASSED [ 13%]
tests/kaggriculture/test_game.py::test_factory_invalid_rank_streams[patch1] PASSED [ 13%]
tests/kaggriculture/test_game.py::test_factory_invalid_rank_streams[patch2] PASSED [ 14%]
tests/kaggriculture/test_game.py::test_factory_invalid_rank_streams[patch3] PASSED [ 14%]
tests/kaggriculture/test_game.py::test_factory_invalid_rank_streams[patch4] PASSED [ 14%]
tests/kaggriculture/test_game.py::test_factory_invalid_rank_streams[patch5] PASSED [ 14%]
tests/kaggriculture/test_game.py::test_factory_invalid_rank_streams[patch6] PASSED [ 14%]
tests/kaggriculture/test_game.py::test_factory_invalid_rank_streams[patch7] PASSED [ 14%]
tests/kaggriculture/test_game.py::test_factory_invalid_rank_streams[patch8] PASSED [ 14%]
tests/kaggriculture/test_game.py::test_factory_invalid_rank_streams[patch9] PASSED [ 15%]
tests/kaggriculture/test_game.py::test_factory_invalid_rank_streams[patch10] PASSED [ 15%]
tests/kaggriculture/test_game.py::test_factory_invalid_rank_streams[patch11] PASSED [ 15%]
tests/kaggriculture/test_game.py::test_factory_invalid_rank_streams[patch12] PASSED [ 15%]
tests/kaggriculture/test_game.py::test_factory_invalid_rank_streams[patch13] PASSED [ 15%]
tests/kaggriculture/test_game.py::test_factory_invalid_rank_streams[patch14] PASSED [ 15%]
tests/kaggriculture/test_game.py::test_factory_invalid_rank_streams[patch15] PASSED [ 15%]
tests/kaggriculture/test_game.py::test_factory_invalid_rank_streams[patch16] PASSED [ 15%]
tests/kaggriculture/test_game.py::test_factory_invalid_rank_streams[patch17] PASSED [ 16%]
tests/kaggriculture/test_game.py::test_factory_invalid_rank_streams[patch18] PASSED [ 16%]
tests/kaggriculture/test_game.py::test_factory_invalid_rank_streams[patch19] PASSED [ 16%]
tests/kaggriculture/test_game.py::test_real_binding_seed_streams PASSED  [ 16%]
tests/kaggriculture/test_native_env.py::test_constructor_observe_does_not_consume_reset_seed PASSED [ 16%]
tests/kaggriculture/test_native_env.py::test_every_destination_rejected_before_any_write[shape-tile_kind] PASSED [ 16%]
tests/kaggriculture/test_native_env.py::test_every_destination_rejected_before_any_write[shape-tile_crop] PASSED [ 16%]
tests/kaggriculture/test_native_env.py::test_every_destination_rejected_before_any_write[shape-tile_animal] PASSED [ 16%]
tests/kaggriculture/test_native_env.py::test_every_destination_rejected_before_any_write[shape-tile_cell] PASSED [ 17%]
tests/kaggriculture/test_native_env.py::test_every_destination_rejected_before_any_write[shape-tile_role] PASSED [ 17%]
tests/kaggriculture/test_native_env.py::test_every_destination_rejected_before_any_write[shape-tiles_int] PASSED [ 17%]
tests/kaggriculture/test_native_env.py::test_every_destination_rejected_before_any_write[shape-tiles_float] PASSED [ 17%]
tests/kaggriculture/test_native_env.py::test_every_destination_rejected_before_any_write[shape-actor_slot] PASSED [ 17%]
tests/kaggriculture/test_native_env.py::test_every_destination_rejected_before_any_write[shape-actor_cell] PASSED [ 17%]
tests/kaggriculture/test_native_env.py::test_every_destination_rejected_before_any_write[shape-actor_role] PASSED [ 17%]
tests/kaggriculture/test_native_env.py::test_every_destination_rejected_before_any_write[shape-actor_mask] PASSED [ 18%]
tests/kaggriculture/test_native_env.py::test_every_destination_rejected_before_any_write[shape-actor_inventory] PASSED [ 18%]
tests/kaggriculture/test_native_env.py::test_every_destination_rejected_before_any_write[shape-actor_inventory_rank] PASSED [ 18%]
tests/kaggriculture/test_native_env.py::test_every_destination_rejected_before_any_write[shape-actors_float] PASSED [ 18%]
tests/kaggriculture/test_native_env.py::test_every_destination_rejected_before_any_write[shape-player_features] PASSED [ 18%]
tests/kaggriculture/test_native_env.py::test_every_destination_rejected_before_any_write[shape-storage_counts] PASSED [ 18%]
tests/kaggriculture/test_native_env.py::test_every_destination_rejected_before_any_write[shape-storage_rank] PASSED [ 18%]
tests/kaggriculture/test_native_env.py::test_every_destination_rejected_before_any_write[shape-banks] PASSED [ 18%]
tests/kaggriculture/test_native_env.py::test_every_destination_rejected_before_any_write[shape-shop_type] PASSED [ 19%]
tests/kaggriculture/test_native_env.py::test_every_destination_rejected_before_any_write[shape-shop_slot] PASSED [ 19%]
tests/kaggriculture/test_native_env.py::test_every_destination_rejected_before_any_write[shape-shop_mask] PASSED [ 19%]
tests/kaggriculture/test_native_env.py::test_every_destination_rejected_before_any_write[shape-market_product] PASSED [ 19%]
tests/kaggriculture/test_native_env.py::test_every_destination_rejected_before_any_write[shape-market_float] PASSED [ 19%]
tests/kaggriculture/test_native_env.py::test_every_destination_rejected_before_any_write[shape-market_int] PASSED [ 19%]
tests/kaggriculture/test_native_env.py::test_every_destination_rejected_before_any_write[shape-global_features] PASSED [ 19%]
tests/kaggriculture/test_native_env.py::test_every_destination_rejected_before_any_write[shape-globals_int] PASSED [ 20%]
tests/kaggriculture/test_native_env.py::test_every_destination_rejected_before_any_write[shape-still_playing] PASSED [ 20%]
tests/kaggriculture/test_native_env.py::test_every_destination_rejected_before_any_write[shape-order_limits] PASSED [ 20%]
tests/kaggriculture/test_native_env.py::test_every_destination_rejected_before_any_write[shape-can_act] PASSED [ 20%]
tests/kaggriculture/test_native_env.py::test_every_destination_rejected_before_any_write[shape-rewards] PASSED [ 20%]
tests/kaggriculture/test_native_env.py::test_every_destination_rejected_before_any_write[shape-dones] PASSED [ 20%]
tests/kaggriculture/test_native_env.py::test_every_destination_rejected_before_any_write[shape-transition_banks_before] PASSED [ 20%]
tests/kaggriculture/test_native_env.py::test_every_destination_rejected_before_any_write[shape-transition_banks_after] PASSED [ 20%]
tests/kaggriculture/test_native_env.py::test_every_destination_rejected_before_any_write[shape-transition_econ_before] PASSED [ 21%]
tests/kaggriculture/test_native_env.py::test_every_destination_rejected_before_any_write[shape-transition_econ_after] PASSED [ 21%]
tests/kaggriculture/test_native_env.py::test_every_destination_rejected_before_any_write[dtype-tile_kind] PASSED [ 21%]
tests/kaggriculture/test_native_env.py::test_every_destination_rejected_before_any_write[dtype-tile_crop] PASSED [ 21%]
tests/kaggriculture/test_native_env.py::test_every_destination_rejected_before_any_write[dtype-tile_animal] PASSED [ 21%]
tests/kaggriculture/test_native_env.py::test_every_destination_rejected_before_any_write[dtype-tile_cell] PASSED [ 21%]
tests/kaggriculture/test_native_env.py::test_every_destination_rejected_before_any_write[dtype-tile_role] PASSED [ 21%]
tests/kaggriculture/test_native_env.py::test_every_destination_rejected_before_any_write[dtype-tiles_int] PASSED [ 21%]
tests/kaggriculture/test_native_env.py::test_every_destination_rejected_before_any_write[dtype-tiles_float] PASSED [ 22%]
tests/kaggriculture/test_native_env.py::test_every_destination_rejected_before_any_write[dtype-actor_slot] PASSED [ 22%]
tests/kaggriculture/test_native_env.py::test_every_destination_rejected_before_any_write[dtype-actor_cell] PASSED [ 22%]
tests/kaggriculture/test_native_env.py::test_every_destination_rejected_before_any_write[dtype-actor_role] PASSED [ 22%]
tests/kaggriculture/test_native_env.py::test_every_destination_rejected_before_any_write[dtype-actor_mask] PASSED [ 22%]
tests/kaggriculture/test_native_env.py::test_every_destination_rejected_before_any_write[dtype-actor_inventory] PASSED [ 22%]
tests/kaggriculture/test_native_env.py::test_every_destination_rejected_before_any_write[dtype-actor_inventory_rank] PASSED [ 22%]
tests/kaggriculture/test_native_env.py::test_every_destination_rejected_before_any_write[dtype-actors_float] PASSED [ 23%]
tests/kaggriculture/test_native_env.py::test_every_destination_rejected_before_any_write[dtype-player_features] PASSED [ 23%]
tests/kaggriculture/test_native_env.py::test_every_destination_rejected_before_any_write[dtype-storage_counts] PASSED [ 23%]
tests/kaggriculture/test_native_env.py::test_every_destination_rejected_before_any_write[dtype-storage_rank] PASSED [ 23%]
tests/kaggriculture/test_native_env.py::test_every_destination_rejected_before_any_write[dtype-banks] PASSED [ 23%]
tests/kaggriculture/test_native_env.py::test_every_destination_rejected_before_any_write[dtype-shop_type] PASSED [ 23%]
tests/kaggriculture/test_native_env.py::test_every_destination_rejected_before_any_write[dtype-shop_slot] PASSED [ 23%]
tests/kaggriculture/test_native_env.py::test_every_destination_rejected_before_any_write[dtype-shop_mask] PASSED [ 23%]
tests/kaggriculture/test_native_env.py::test_every_destination_rejected_before_any_write[dtype-market_product] PASSED [ 24%]
tests/kaggriculture/test_native_env.py::test_every_destination_rejected_before_any_write[dtype-market_float] PASSED [ 24%]
tests/kaggriculture/test_native_env.py::test_every_destination_rejected_before_any_write[dtype-market_int] PASSED [ 24%]
tests/kaggriculture/test_native_env.py::test_every_destination_rejected_before_any_write[dtype-global_features] PASSED [ 24%]
tests/kaggriculture/test_native_env.py::test_every_destination_rejected_before_any_write[dtype-globals_int] PASSED [ 24%]
tests/kaggriculture/test_native_env.py::test_every_destination_rejected_before_any_write[dtype-still_playing] PASSED [ 24%]
tests/kaggriculture/test_native_env.py::test_every_destination_rejected_before_any_write[dtype-order_limits] PASSED [ 24%]
tests/kaggriculture/test_native_env.py::test_every_destination_rejected_before_any_write[dtype-can_act] PASSED [ 25%]
tests/kaggriculture/test_native_env.py::test_every_destination_rejected_before_any_write[dtype-rewards] PASSED [ 25%]
tests/kaggriculture/test_native_env.py::test_every_destination_rejected_before_any_write[dtype-dones] PASSED [ 25%]
tests/kaggriculture/test_native_env.py::test_every_destination_rejected_before_any_write[dtype-transition_banks_before] PASSED [ 25%]
tests/kaggriculture/test_native_env.py::test_every_destination_rejected_before_any_write[dtype-transition_banks_after] PASSED [ 25%]
tests/kaggriculture/test_native_env.py::test_every_destination_rejected_before_any_write[dtype-transition_econ_before] PASSED [ 25%]
tests/kaggriculture/test_native_env.py::test_every_destination_rejected_before_any_write[dtype-transition_econ_after] PASSED [ 25%]
tests/kaggriculture/test_native_env.py::test_every_destination_rejected_before_any_write[readonly-tile_kind] PASSED [ 25%]
tests/kaggriculture/test_native_env.py::test_every_destination_rejected_before_any_write[readonly-tile_crop] PASSED [ 26%]
tests/kaggriculture/test_native_env.py::test_every_destination_rejected_before_any_write[readonly-tile_animal] PASSED [ 26%]
tests/kaggriculture/test_native_env.py::test_every_destination_rejected_before_any_write[readonly-tile_cell] PASSED [ 26%]
tests/kaggriculture/test_native_env.py::test_every_destination_rejected_before_any_write[readonly-tile_role] PASSED [ 26%]
tests/kaggriculture/test_native_env.py::test_every_destination_rejected_before_any_write[readonly-tiles_int] PASSED [ 26%]
tests/kaggriculture/test_native_env.py::test_every_destination_rejected_before_any_write[readonly-tiles_float] PASSED [ 26%]
tests/kaggriculture/test_native_env.py::test_every_destination_rejected_before_any_write[readonly-actor_slot] PASSED [ 26%]
tests/kaggriculture/test_native_env.py::test_every_destination_rejected_before_any_write[readonly-actor_cell] PASSED [ 26%]
tests/kaggriculture/test_native_env.py::test_every_destination_rejected_before_any_write[readonly-actor_role] PASSED [ 27%]
tests/kaggriculture/test_native_env.py::test_every_destination_rejected_before_any_write[readonly-actor_mask] PASSED [ 27%]
tests/kaggriculture/test_native_env.py::test_every_destination_rejected_before_any_write[readonly-actor_inventory] PASSED [ 27%]
tests/kaggriculture/test_native_env.py::test_every_destination_rejected_before_any_write[readonly-actor_inventory_rank] PASSED [ 27%]
tests/kaggriculture/test_native_env.py::test_every_destination_rejected_before_any_write[readonly-actors_float] PASSED [ 27%]
tests/kaggriculture/test_native_env.py::test_every_destination_rejected_before_any_write[readonly-player_features] PASSED [ 27%]
tests/kaggriculture/test_native_env.py::test_every_destination_rejected_before_any_write[readonly-storage_counts] PASSED [ 27%]
tests/kaggriculture/test_native_env.py::test_every_destination_rejected_before_any_write[readonly-storage_rank] PASSED [ 28%]
tests/kaggriculture/test_native_env.py::test_every_destination_rejected_before_any_write[readonly-banks] PASSED [ 28%]
tests/kaggriculture/test_native_env.py::test_every_destination_rejected_before_any_write[readonly-shop_type] PASSED [ 28%]
tests/kaggriculture/test_native_env.py::test_every_destination_rejected_before_any_write[readonly-shop_slot] PASSED [ 28%]
tests/kaggriculture/test_native_env.py::test_every_destination_rejected_before_any_write[readonly-shop_mask] PASSED [ 28%]
tests/kaggriculture/test_native_env.py::test_every_destination_rejected_before_any_write[readonly-market_product] PASSED [ 28%]
tests/kaggriculture/test_native_env.py::test_every_destination_rejected_before_any_write[readonly-market_float] PASSED [ 28%]
tests/kaggriculture/test_native_env.py::test_every_destination_rejected_before_any_write[readonly-market_int] PASSED [ 28%]
tests/kaggriculture/test_native_env.py::test_every_destination_rejected_before_any_write[readonly-global_features] PASSED [ 29%]
tests/kaggriculture/test_native_env.py::test_every_destination_rejected_before_any_write[readonly-globals_int] PASSED [ 29%]
tests/kaggriculture/test_native_env.py::test_every_destination_rejected_before_any_write[readonly-still_playing] PASSED [ 29%]
tests/kaggriculture/test_native_env.py::test_every_destination_rejected_before_any_write[readonly-order_limits] PASSED [ 29%]
tests/kaggriculture/test_native_env.py::test_every_destination_rejected_before_any_write[readonly-can_act] PASSED [ 29%]
tests/kaggriculture/test_native_env.py::test_every_destination_rejected_before_any_write[readonly-rewards] PASSED [ 29%]
tests/kaggriculture/test_native_env.py::test_every_destination_rejected_before_any_write[readonly-dones] PASSED [ 29%]
tests/kaggriculture/test_native_env.py::test_every_destination_rejected_before_any_write[readonly-transition_banks_before] PASSED [ 30%]
tests/kaggriculture/test_native_env.py::test_every_destination_rejected_before_any_write[readonly-transition_banks_after] PASSED [ 30%]
tests/kaggriculture/test_native_env.py::test_every_destination_rejected_before_any_write[readonly-transition_econ_before] PASSED [ 30%]
tests/kaggriculture/test_native_env.py::test_every_destination_rejected_before_any_write[readonly-transition_econ_after] PASSED [ 30%]
tests/kaggriculture/test_native_env.py::test_every_destination_rejected_before_any_write[stride-tile_kind] PASSED [ 30%]
tests/kaggriculture/test_native_env.py::test_every_destination_rejected_before_any_write[stride-tile_crop] PASSED [ 30%]
tests/kaggriculture/test_native_env.py::test_every_destination_rejected_before_any_write[stride-tile_animal] PASSED [ 30%]
tests/kaggriculture/test_native_env.py::test_every_destination_rejected_before_any_write[stride-tile_cell] PASSED [ 30%]
tests/kaggriculture/test_native_env.py::test_every_destination_rejected_before_any_write[stride-tile_role] PASSED [ 31%]
tests/kaggriculture/test_native_env.py::test_every_destination_rejected_before_any_write[stride-tiles_int] PASSED [ 31%]
tests/kaggriculture/test_native_env.py::test_every_destination_rejected_before_any_write[stride-tiles_float] PASSED [ 31%]
tests/kaggriculture/test_native_env.py::test_every_destination_rejected_before_any_write[stride-actor_slot] PASSED [ 31%]
tests/kaggriculture/test_native_env.py::test_every_destination_rejected_before_any_write[stride-actor_cell] PASSED [ 31%]
tests/kaggriculture/test_native_env.py::test_every_destination_rejected_before_any_write[stride-actor_role] PASSED [ 31%]
tests/kaggriculture/test_native_env.py::test_every_destination_rejected_before_any_write[stride-actor_mask] PASSED [ 31%]
tests/kaggriculture/test_native_env.py::test_every_destination_rejected_before_any_write[stride-actor_inventory] PASSED [ 31%]
tests/kaggriculture/test_native_env.py::test_every_destination_rejected_before_any_write[stride-actor_inventory_rank] PASSED [ 32%]
tests/kaggriculture/test_native_env.py::test_every_destination_rejected_before_any_write[stride-actors_float] PASSED [ 32%]
tests/kaggriculture/test_native_env.py::test_every_destination_rejected_before_any_write[stride-player_features] PASSED [ 32%]
tests/kaggriculture/test_native_env.py::test_every_destination_rejected_before_any_write[stride-storage_counts] PASSED [ 32%]
tests/kaggriculture/test_native_env.py::test_every_destination_rejected_before_any_write[stride-storage_rank] PASSED [ 32%]
tests/kaggriculture/test_native_env.py::test_every_destination_rejected_before_any_write[stride-banks] PASSED [ 32%]
tests/kaggriculture/test_native_env.py::test_every_destination_rejected_before_any_write[stride-shop_type] PASSED [ 32%]
tests/kaggriculture/test_native_env.py::test_every_destination_rejected_before_any_write[stride-shop_slot] PASSED [ 33%]
tests/kaggriculture/test_native_env.py::test_every_destination_rejected_before_any_write[stride-shop_mask] PASSED [ 33%]
tests/kaggriculture/test_native_env.py::test_every_destination_rejected_before_any_write[stride-market_product] PASSED [ 33%]
tests/kaggriculture/test_native_env.py::test_every_destination_rejected_before_any_write[stride-market_float] PASSED [ 33%]
tests/kaggriculture/test_native_env.py::test_every_destination_rejected_before_any_write[stride-market_int] PASSED [ 33%]
tests/kaggriculture/test_native_env.py::test_every_destination_rejected_before_any_write[stride-global_features] PASSED [ 33%]
tests/kaggriculture/test_native_env.py::test_every_destination_rejected_before_any_write[stride-globals_int] PASSED [ 33%]
tests/kaggriculture/test_native_env.py::test_every_destination_rejected_before_any_write[stride-still_playing] PASSED [ 33%]
tests/kaggriculture/test_native_env.py::test_every_destination_rejected_before_any_write[stride-order_limits] PASSED [ 34%]
tests/kaggriculture/test_native_env.py::test_every_destination_rejected_before_any_write[stride-can_act] PASSED [ 34%]
tests/kaggriculture/test_native_env.py::test_every_destination_rejected_before_any_write[stride-rewards] PASSED [ 34%]
tests/kaggriculture/test_native_env.py::test_every_destination_rejected_before_any_write[stride-dones] PASSED [ 34%]
tests/kaggriculture/test_native_env.py::test_every_destination_rejected_before_any_write[stride-transition_banks_before] PASSED [ 34%]
tests/kaggriculture/test_native_env.py::test_every_destination_rejected_before_any_write[stride-transition_banks_after] PASSED [ 34%]
tests/kaggriculture/test_native_env.py::test_every_destination_rejected_before_any_write[stride-transition_econ_before] PASSED [ 34%]
tests/kaggriculture/test_native_env.py::test_every_destination_rejected_before_any_write[stride-transition_econ_after] PASSED [ 35%]
tests/kaggriculture/test_native_env.py::test_every_destination_rejected_before_any_write[fortran-tile_kind] PASSED [ 35%]
tests/kaggriculture/test_native_env.py::test_every_destination_rejected_before_any_write[fortran-tile_crop] PASSED [ 35%]
tests/kaggriculture/test_native_env.py::test_every_destination_rejected_before_any_write[fortran-tile_animal] PASSED [ 35%]
tests/kaggriculture/test_native_env.py::test_every_destination_rejected_before_any_write[fortran-tile_cell] PASSED [ 35%]
tests/kaggriculture/test_native_env.py::test_every_destination_rejected_before_any_write[fortran-tile_role] PASSED [ 35%]
tests/kaggriculture/test_native_env.py::test_every_destination_rejected_before_any_write[fortran-tiles_int] PASSED [ 35%]
tests/kaggriculture/test_native_env.py::test_every_destination_rejected_before_any_write[fortran-tiles_float] PASSED [ 35%]
tests/kaggriculture/test_native_env.py::test_every_destination_rejected_before_any_write[fortran-actor_slot] PASSED [ 36%]
tests/kaggriculture/test_native_env.py::test_every_destination_rejected_before_any_write[fortran-actor_cell] PASSED [ 36%]
tests/kaggriculture/test_native_env.py::test_every_destination_rejected_before_any_write[fortran-actor_role] PASSED [ 36%]
tests/kaggriculture/test_native_env.py::test_every_destination_rejected_before_any_write[fortran-actor_mask] PASSED [ 36%]
tests/kaggriculture/test_native_env.py::test_every_destination_rejected_before_any_write[fortran-actor_inventory] PASSED [ 36%]
tests/kaggriculture/test_native_env.py::test_every_destination_rejected_before_any_write[fortran-actor_inventory_rank] PASSED [ 36%]
tests/kaggriculture/test_native_env.py::test_every_destination_rejected_before_any_write[fortran-actors_float] PASSED [ 36%]
tests/kaggriculture/test_native_env.py::test_every_destination_rejected_before_any_write[fortran-player_features] PASSED [ 36%]
tests/kaggriculture/test_native_env.py::test_every_destination_rejected_before_any_write[fortran-storage_counts] PASSED [ 37%]
tests/kaggriculture/test_native_env.py::test_every_destination_rejected_before_any_write[fortran-storage_rank] PASSED [ 37%]
tests/kaggriculture/test_native_env.py::test_every_destination_rejected_before_any_write[fortran-banks] PASSED [ 37%]
tests/kaggriculture/test_native_env.py::test_every_destination_rejected_before_any_write[fortran-shop_type] PASSED [ 37%]
tests/kaggriculture/test_native_env.py::test_every_destination_rejected_before_any_write[fortran-shop_slot] PASSED [ 37%]
tests/kaggriculture/test_native_env.py::test_every_destination_rejected_before_any_write[fortran-shop_mask] PASSED [ 37%]
tests/kaggriculture/test_native_env.py::test_every_destination_rejected_before_any_write[fortran-market_product] PASSED [ 37%]
tests/kaggriculture/test_native_env.py::test_every_destination_rejected_before_any_write[fortran-market_float] PASSED [ 38%]
tests/kaggriculture/test_native_env.py::test_every_destination_rejected_before_any_write[fortran-market_int] PASSED [ 38%]
tests/kaggriculture/test_native_env.py::test_every_destination_rejected_before_any_write[fortran-global_features] PASSED [ 38%]
tests/kaggriculture/test_native_env.py::test_every_destination_rejected_before_any_write[fortran-globals_int] PASSED [ 38%]
tests/kaggriculture/test_native_env.py::test_every_destination_rejected_before_any_write[fortran-still_playing] PASSED [ 38%]
tests/kaggriculture/test_native_env.py::test_every_destination_rejected_before_any_write[fortran-order_limits] PASSED [ 38%]
tests/kaggriculture/test_native_env.py::test_every_destination_rejected_before_any_write[fortran-can_act] PASSED [ 38%]
tests/kaggriculture/test_native_env.py::test_every_destination_rejected_before_any_write[fortran-rewards] PASSED [ 38%]
tests/kaggriculture/test_native_env.py::test_every_destination_rejected_before_any_write[fortran-dones] PASSED [ 39%]
tests/kaggriculture/test_native_env.py::test_every_destination_rejected_before_any_write[fortran-transition_banks_before] PASSED [ 39%]
tests/kaggriculture/test_native_env.py::test_every_destination_rejected_before_any_write[fortran-transition_banks_after] PASSED [ 39%]
tests/kaggriculture/test_native_env.py::test_every_destination_rejected_before_any_write[fortran-transition_econ_before] PASSED [ 39%]
tests/kaggriculture/test_native_env.py::test_every_destination_rejected_before_any_write[fortran-transition_econ_after] PASSED [ 39%]
tests/kaggriculture/test_native_env.py::test_every_destination_rejected_before_any_write[unaligned-tile_kind] PASSED [ 39%]
tests/kaggriculture/test_native_env.py::test_every_destination_rejected_before_any_write[unaligned-tile_crop] PASSED [ 39%]
tests/kaggriculture/test_native_env.py::test_every_destination_rejected_before_any_write[unaligned-tile_animal] PASSED [ 40%]
tests/kaggriculture/test_native_env.py::test_every_destination_rejected_before_any_write[unaligned-tile_cell] PASSED [ 40%]
tests/kaggriculture/test_native_env.py::test_every_destination_rejected_before_any_write[unaligned-tile_role] PASSED [ 40%]
tests/kaggriculture/test_native_env.py::test_every_destination_rejected_before_any_write[unaligned-tiles_int] PASSED [ 40%]
tests/kaggriculture/test_native_env.py::test_every_destination_rejected_before_any_write[unaligned-tiles_float] PASSED [ 40%]
tests/kaggriculture/test_native_env.py::test_every_destination_rejected_before_any_write[unaligned-actor_slot] PASSED [ 40%]
tests/kaggriculture/test_native_env.py::test_every_destination_rejected_before_any_write[unaligned-actor_cell] PASSED [ 40%]
tests/kaggriculture/test_native_env.py::test_every_destination_rejected_before_any_write[unaligned-actor_role] PASSED [ 40%]
tests/kaggriculture/test_native_env.py::test_every_destination_rejected_before_any_write[unaligned-actor_mask] PASSED [ 41%]
tests/kaggriculture/test_native_env.py::test_every_destination_rejected_before_any_write[unaligned-actor_inventory] PASSED [ 41%]
tests/kaggriculture/test_native_env.py::test_every_destination_rejected_before_any_write[unaligned-actor_inventory_rank] PASSED [ 41%]
tests/kaggriculture/test_native_env.py::test_every_destination_rejected_before_any_write[unaligned-actors_float] PASSED [ 41%]
tests/kaggriculture/test_native_env.py::test_every_destination_rejected_before_any_write[unaligned-player_features] PASSED [ 41%]
tests/kaggriculture/test_native_env.py::test_every_destination_rejected_before_any_write[unaligned-storage_counts] PASSED [ 41%]
tests/kaggriculture/test_native_env.py::test_every_destination_rejected_before_any_write[unaligned-storage_rank] PASSED [ 41%]
tests/kaggriculture/test_native_env.py::test_every_destination_rejected_before_any_write[unaligned-banks] PASSED [ 41%]
tests/kaggriculture/test_native_env.py::test_every_destination_rejected_before_any_write[unaligned-shop_type] PASSED [ 42%]
tests/kaggriculture/test_native_env.py::test_every_destination_rejected_before_any_write[unaligned-shop_slot] PASSED [ 42%]
tests/kaggriculture/test_native_env.py::test_every_destination_rejected_before_any_write[unaligned-shop_mask] PASSED [ 42%]
tests/kaggriculture/test_native_env.py::test_every_destination_rejected_before_any_write[unaligned-market_product] PASSED [ 42%]
tests/kaggriculture/test_native_env.py::test_every_destination_rejected_before_any_write[unaligned-market_float] PASSED [ 42%]
tests/kaggriculture/test_native_env.py::test_every_destination_rejected_before_any_write[unaligned-market_int] PASSED [ 42%]
tests/kaggriculture/test_native_env.py::test_every_destination_rejected_before_any_write[unaligned-global_features] PASSED [ 42%]
tests/kaggriculture/test_native_env.py::test_every_destination_rejected_before_any_write[unaligned-globals_int] PASSED [ 43%]
tests/kaggriculture/test_native_env.py::test_every_destination_rejected_before_any_write[unaligned-still_playing] PASSED [ 43%]
tests/kaggriculture/test_native_env.py::test_every_destination_rejected_before_any_write[unaligned-order_limits] PASSED [ 43%]
tests/kaggriculture/test_native_env.py::test_every_destination_rejected_before_any_write[unaligned-can_act] PASSED [ 43%]
tests/kaggriculture/test_native_env.py::test_every_destination_rejected_before_any_write[unaligned-rewards] PASSED [ 43%]
tests/kaggriculture/test_native_env.py::test_every_destination_rejected_before_any_write[unaligned-dones] PASSED [ 43%]
tests/kaggriculture/test_native_env.py::test_every_destination_rejected_before_any_write[unaligned-transition_banks_before] PASSED [ 43%]
tests/kaggriculture/test_native_env.py::test_every_destination_rejected_before_any_write[unaligned-transition_banks_after] PASSED [ 43%]
tests/kaggriculture/test_native_env.py::test_every_destination_rejected_before_any_write[unaligned-transition_econ_before] PASSED [ 44%]
tests/kaggriculture/test_native_env.py::test_every_destination_rejected_before_any_write[unaligned-transition_econ_after] PASSED [ 44%]
tests/kaggriculture/test_native_env.py::test_every_destination_rejected_before_any_write[overlap-tile_kind] PASSED [ 44%]
tests/kaggriculture/test_native_env.py::test_every_destination_rejected_before_any_write[overlap-tile_crop] PASSED [ 44%]
tests/kaggriculture/test_native_env.py::test_every_destination_rejected_before_any_write[overlap-tile_animal] PASSED [ 44%]
tests/kaggriculture/test_native_env.py::test_every_destination_rejected_before_any_write[overlap-tile_cell] PASSED [ 44%]
tests/kaggriculture/test_native_env.py::test_every_destination_rejected_before_any_write[overlap-tile_role] PASSED [ 44%]
tests/kaggriculture/test_native_env.py::test_every_destination_rejected_before_any_write[overlap-tiles_int] PASSED [ 45%]
tests/kaggriculture/test_native_env.py::test_every_destination_rejected_before_any_write[overlap-tiles_float] PASSED [ 45%]
tests/kaggriculture/test_native_env.py::test_every_destination_rejected_before_any_write[overlap-actor_slot] PASSED [ 45%]
tests/kaggriculture/test_native_env.py::test_every_destination_rejected_before_any_write[overlap-actor_cell] PASSED [ 45%]
tests/kaggriculture/test_native_env.py::test_every_destination_rejected_before_any_write[overlap-actor_role] PASSED [ 45%]
tests/kaggriculture/test_native_env.py::test_every_destination_rejected_before_any_write[overlap-actor_mask] PASSED [ 45%]
tests/kaggriculture/test_native_env.py::test_every_destination_rejected_before_any_write[overlap-actor_inventory] PASSED [ 45%]
tests/kaggriculture/test_native_env.py::test_every_destination_rejected_before_any_write[overlap-actor_inventory_rank] PASSED [ 45%]
tests/kaggriculture/test_native_env.py::test_every_destination_rejected_before_any_write[overlap-actors_float] PASSED [ 46%]
tests/kaggriculture/test_native_env.py::test_every_destination_rejected_before_any_write[overlap-player_features] PASSED [ 46%]
tests/kaggriculture/test_native_env.py::test_every_destination_rejected_before_any_write[overlap-storage_counts] PASSED [ 46%]
tests/kaggriculture/test_native_env.py::test_every_destination_rejected_before_any_write[overlap-storage_rank] PASSED [ 46%]
tests/kaggriculture/test_native_env.py::test_every_destination_rejected_before_any_write[overlap-banks] PASSED [ 46%]
tests/kaggriculture/test_native_env.py::test_every_destination_rejected_before_any_write[overlap-shop_type] PASSED [ 46%]
tests/kaggriculture/test_native_env.py::test_every_destination_rejected_before_any_write[overlap-shop_slot] PASSED [ 46%]
tests/kaggriculture/test_native_env.py::test_every_destination_rejected_before_any_write[overlap-shop_mask] PASSED [ 46%]
tests/kaggriculture/test_native_env.py::test_every_destination_rejected_before_any_write[overlap-market_product] PASSED [ 47%]
tests/kaggriculture/test_native_env.py::test_every_destination_rejected_before_any_write[overlap-market_float] PASSED [ 47%]
tests/kaggriculture/test_native_env.py::test_every_destination_rejected_before_any_write[overlap-market_int] PASSED [ 47%]
tests/kaggriculture/test_native_env.py::test_every_destination_rejected_before_any_write[overlap-global_features] PASSED [ 47%]
tests/kaggriculture/test_native_env.py::test_every_destination_rejected_before_any_write[overlap-globals_int] PASSED [ 47%]
tests/kaggriculture/test_native_env.py::test_every_destination_rejected_before_any_write[overlap-still_playing] PASSED [ 47%]
tests/kaggriculture/test_native_env.py::test_every_destination_rejected_before_any_write[overlap-order_limits] PASSED [ 47%]
tests/kaggriculture/test_native_env.py::test_every_destination_rejected_before_any_write[overlap-can_act] PASSED [ 48%]
tests/kaggriculture/test_native_env.py::test_every_destination_rejected_before_any_write[overlap-rewards] PASSED [ 48%]
tests/kaggriculture/test_native_env.py::test_every_destination_rejected_before_any_write[overlap-dones] PASSED [ 48%]
tests/kaggriculture/test_native_env.py::test_every_destination_rejected_before_any_write[overlap-transition_banks_before] PASSED [ 48%]
tests/kaggriculture/test_native_env.py::test_every_destination_rejected_before_any_write[overlap-transition_banks_after] PASSED [ 48%]
tests/kaggriculture/test_native_env.py::test_every_destination_rejected_before_any_write[overlap-transition_econ_before] PASSED [ 48%]
tests/kaggriculture/test_native_env.py::test_every_destination_rejected_before_any_write[overlap-transition_econ_after] PASSED [ 48%]
tests/kaggriculture/test_native_env.py::test_strict_seed_admission[True-1-ValueError] PASSED [ 48%]
tests/kaggriculture/test_native_env.py::test_strict_seed_admission[1.0-1-ValueError] PASSED [ 49%]
tests/kaggriculture/test_native_env.py::test_strict_seed_admission[1-1-ValueError0] PASSED [ 49%]
tests/kaggriculture/test_native_env.py::test_strict_seed_admission[1-True-ValueError] PASSED [ 49%]
tests/kaggriculture/test_native_env.py::test_strict_seed_admission[1-1.0-ValueError] PASSED [ 49%]
tests/kaggriculture/test_native_env.py::test_strict_seed_admission[1-1-ValueError1] PASSED [ 49%]
tests/kaggriculture/test_native_env.py::test_strict_seed_admission[-1-1-ValueError] PASSED [ 49%]
tests/kaggriculture/test_native_env.py::test_strict_seed_admission[0-0-ValueError] PASSED [ 49%]
tests/kaggriculture/test_native_env.py::test_strict_seed_admission[9223372036854775808-1-OverflowError] PASSED [ 50%]
tests/kaggriculture/test_native_env.py::test_strict_seed_admission[0-9223372036854775808-OverflowError] PASSED [ 50%]
tests/kaggriculture/test_native_env.py::test_strict_seed_admission[9223372036854775807-1-OverflowError] PASSED [ 50%]
tests/kaggriculture/test_native_env.py::test_diagnostics_validate_indices_and_copy_values PASSED [ 50%]
tests/kaggriculture/test_native_env.py::test_reward_dict_rejects_invalid_config[missing] PASSED [ 50%]
tests/kaggriculture/test_native_env.py::test_reward_dict_rejects_invalid_config[extra] PASSED [ 50%]
tests/kaggriculture/test_native_env.py::test_reward_dict_rejects_invalid_config[mode] PASSED [ 50%]
tests/kaggriculture/test_native_env.py::test_reward_dict_rejects_invalid_config[nan] PASSED [ 50%]
tests/kaggriculture/test_native_env.py::test_reward_dict_rejects_invalid_config[negative] PASSED [ 51%]
tests/kaggriculture/test_native_env.py::test_reward_dict_rejects_invalid_config[caps] PASSED [ 51%]
tests/kaggriculture/test_native_env.py::test_reward_dict_rejects_invalid_config[inert] PASSED [ 51%]
tests/kaggriculture/test_native_env.py::test_reward_mode_wrong_type_is_admission_error PASSED [ 51%]
tests/kaggriculture/test_native_env.py::test_reward_config_requires_plain_dict PASSED [ 51%]
tests/kaggriculture/test_native_env.py::test_constructor_rejects_empty_or_unrepresentable_allocation[0-1] PASSED [ 51%]
tests/kaggriculture/test_native_env.py::test_constructor_rejects_empty_or_unrepresentable_allocation[1-0] PASSED [ 51%]
tests/kaggriculture/test_native_env.py::test_constructor_rejects_empty_or_unrepresentable_allocation[9223372036854775808-1] PASSED [ 51%]
tests/kaggriculture/test_native_env.py::test_foreign_endian_destination_rejected[tile_kind] PASSED [ 52%]
tests/kaggriculture/test_native_env.py::test_foreign_endian_destination_rejected[tile_crop] PASSED [ 52%]
tests/kaggriculture/test_native_env.py::test_foreign_endian_destination_rejected[tile_animal] PASSED [ 52%]
tests/kaggriculture/test_native_env.py::test_foreign_endian_destination_rejected[tile_cell] PASSED [ 52%]
tests/kaggriculture/test_native_env.py::test_foreign_endian_destination_rejected[tile_role] PASSED [ 52%]
tests/kaggriculture/test_native_env.py::test_foreign_endian_destination_rejected[tiles_int] PASSED [ 52%]
tests/kaggriculture/test_native_env.py::test_foreign_endian_destination_rejected[tiles_float] PASSED [ 52%]
tests/kaggriculture/test_native_env.py::test_foreign_endian_destination_rejected[actor_slot] PASSED [ 53%]
tests/kaggriculture/test_native_env.py::test_foreign_endian_destination_rejected[actor_cell] PASSED [ 53%]
tests/kaggriculture/test_native_env.py::test_foreign_endian_destination_rejected[actor_role] PASSED [ 53%]
tests/kaggriculture/test_native_env.py::test_foreign_endian_destination_rejected[actor_inventory] PASSED [ 53%]
tests/kaggriculture/test_native_env.py::test_foreign_endian_destination_rejected[actor_inventory_rank] PASSED [ 53%]
tests/kaggriculture/test_native_env.py::test_foreign_endian_destination_rejected[actors_float] PASSED [ 53%]
tests/kaggriculture/test_native_env.py::test_foreign_endian_destination_rejected[player_features] PASSED [ 53%]
tests/kaggriculture/test_native_env.py::test_foreign_endian_destination_rejected[storage_counts] PASSED [ 53%]
tests/kaggriculture/test_native_env.py::test_foreign_endian_destination_rejected[storage_rank] PASSED [ 54%]
tests/kaggriculture/test_native_env.py::test_foreign_endian_destination_rejected[banks] PASSED [ 54%]
tests/kaggriculture/test_native_env.py::test_foreign_endian_destination_rejected[shop_type] PASSED [ 54%]
tests/kaggriculture/test_native_env.py::test_foreign_endian_destination_rejected[shop_slot] PASSED [ 54%]
tests/kaggriculture/test_native_env.py::test_foreign_endian_destination_rejected[market_product] PASSED [ 54%]
tests/kaggriculture/test_native_env.py::test_foreign_endian_destination_rejected[market_float] PASSED [ 54%]
tests/kaggriculture/test_native_env.py::test_foreign_endian_destination_rejected[market_int] PASSED [ 54%]
tests/kaggriculture/test_native_env.py::test_foreign_endian_destination_rejected[global_features] PASSED [ 55%]
tests/kaggriculture/test_native_env.py::test_foreign_endian_destination_rejected[globals_int] PASSED [ 55%]
tests/kaggriculture/test_native_env.py::test_foreign_endian_destination_rejected[order_limits] PASSED [ 55%]
tests/kaggriculture/test_native_env.py::test_foreign_endian_destination_rejected[rewards] PASSED [ 55%]
tests/kaggriculture/test_native_env.py::test_foreign_endian_destination_rejected[transition_banks_before] PASSED [ 55%]
tests/kaggriculture/test_native_env.py::test_foreign_endian_destination_rejected[transition_banks_after] PASSED [ 55%]
tests/kaggriculture/test_native_env.py::test_foreign_endian_destination_rejected[transition_econ_before] PASSED [ 55%]
tests/kaggriculture/test_native_env.py::test_foreign_endian_destination_rejected[transition_econ_after] PASSED [ 55%]
tests/kaggriculture/test_native_env.py::test_step_and_malformed_peer_rollback PASSED [ 56%]
tests/kaggriculture/test_native_env.py::test_reset_truncate_seed_exhaustion_publishes_nothing PASSED [ 56%]
tests/kaggriculture/test_native_env.py::test_native_input_admission_preserves_every_output[dtype-tokens] PASSED [ 56%]
tests/kaggriculture/test_native_env.py::test_native_input_admission_preserves_every_output[dtype-lengths] PASSED [ 56%]
tests/kaggriculture/test_native_env.py::test_native_input_admission_preserves_every_output[dtype-mask] PASSED [ 56%]
tests/kaggriculture/test_native_env.py::test_native_input_admission_preserves_every_output[shape-tokens] PASSED [ 56%]
tests/kaggriculture/test_native_env.py::test_native_input_admission_preserves_every_output[shape-lengths] PASSED [ 56%]
tests/kaggriculture/test_native_env.py::test_native_input_admission_preserves_every_output[shape-mask] PASSED [ 56%]
tests/kaggriculture/test_native_env.py::test_native_input_admission_preserves_every_output[stride-tokens] PASSED [ 57%]
tests/kaggriculture/test_native_env.py::test_native_input_admission_preserves_every_output[stride-lengths] PASSED [ 57%]
tests/kaggriculture/test_native_env.py::test_native_input_admission_preserves_every_output[stride-mask] PASSED [ 57%]
tests/kaggriculture/test_native_env.py::test_native_input_admission_preserves_every_output[endian-tokens] PASSED [ 57%]
tests/kaggriculture/test_native_env.py::test_native_input_admission_preserves_every_output[endian-lengths] PASSED [ 57%]
tests/kaggriculture/test_native_env.py::test_native_input_admission_preserves_every_output[endian-mask] PASSED [ 57%]
tests/kaggriculture/test_native_env.py::test_native_input_admission_preserves_every_output[overlap-tokens] PASSED [ 57%]
tests/kaggriculture/test_native_env.py::test_native_input_admission_preserves_every_output[overlap-lengths] PASSED [ 58%]
tests/kaggriculture/test_native_env.py::test_native_input_admission_preserves_every_output[overlap-mask] PASSED [ 58%]
tests/kaggriculture/test_native_env.py::test_distinct_numpy_bases_with_shared_storage_are_rejected PASSED [ 58%]
tests/kaggriculture/test_native_env.py::test_reward_admission_shared_binary64_predicate[values0-True] PASSED [ 58%]
tests/kaggriculture/test_native_env.py::test_reward_admission_shared_binary64_predicate[values1-True] PASSED [ 58%]
tests/kaggriculture/test_native_env.py::test_reward_admission_shared_binary64_predicate[values2-False] PASSED [ 58%]
tests/kaggriculture/test_native_env.py::test_reward_admission_shared_binary64_predicate[values3-False] PASSED [ 58%]
tests/kaggriculture/test_native_env.py::test_reward_admission_shared_binary64_predicate[values4-False] PASSED [ 58%]
tests/kaggriculture/test_native_env.py::test_reward_admission_shared_binary64_predicate[values5-True] PASSED [ 59%]
tests/kaggriculture/test_native_env.py::test_reward_admission_shared_binary64_predicate[values6-False] PASSED [ 59%]
tests/kaggriculture/test_native_env.py::test_reward_admission_shared_binary64_predicate[values7-True] PASSED [ 59%]
tests/kaggriculture/test_native_env.py::test_reward_admission_shared_binary64_predicate[values8-True] PASSED [ 59%]
tests/kaggriculture/test_native_env.py::test_reward_admission_shared_binary64_predicate[values9-False] PASSED [ 59%]
tests/kaggriculture/test_native_env.py::test_reward_admission_shared_binary64_predicate[values10-True] PASSED [ 59%]
tests/kaggriculture/test_native_env.py::test_seed_partition_across_constructor_full_partial_and_terminal_resets[2] PASSED [ 59%]
tests/kaggriculture/test_native_env.py::test_seed_partition_across_constructor_full_partial_and_terminal_resets[8] PASSED [ 60%]
tests/kaggriculture/test_native_env.py::test_seed_partition_overflow_is_transactional[2] PASSED [ 60%]
tests/kaggriculture/test_native_env.py::test_seed_partition_overflow_is_transactional[8] PASSED [ 60%]
tests/kaggriculture/test_native_env.py::test_default_horizon_terminal_record_and_autoreset PASSED [ 60%]
tests/kaggriculture/test_native_env.py::test_truncate_writes_only_selected_rows[mask_values0-False] PASSED [ 60%]
tests/kaggriculture/test_native_env.py::test_truncate_writes_only_selected_rows[mask_values0-True] PASSED [ 60%]
tests/kaggriculture/test_native_env.py::test_truncate_writes_only_selected_rows[mask_values1-False] PASSED [ 60%]
tests/kaggriculture/test_native_env.py::test_truncate_writes_only_selected_rows[mask_values1-True] PASSED [ 60%]
tests/kaggriculture/test_native_env.py::test_truncate_writes_only_selected_rows[mask_values2-False] PASSED [ 61%]
tests/kaggriculture/test_native_env.py::test_truncate_writes_only_selected_rows[mask_values2-True] PASSED [ 61%]
tests/kaggriculture/test_native_env.py::test_one_and_two_thread_pools_publish_identical_batches PASSED [ 61%]
tests/kaggriculture/test_native_env.py::test_calls_overwrite_every_output_byte_of_the_same_buffer_set[observe] PASSED [ 61%]
tests/kaggriculture/test_native_env.py::test_calls_overwrite_every_output_byte_of_the_same_buffer_set[reset] PASSED [ 61%]
tests/kaggriculture/test_native_env.py::test_calls_overwrite_every_output_byte_of_the_same_buffer_set[step] PASSED [ 61%]
tests/kaggriculture/test_native_env.py::test_calls_overwrite_every_output_byte_of_the_same_buffer_set[terminal_step] PASSED [ 61%]
tests/kaggriculture/test_native_grammar_bindings.py::test_exact_grammar_constants PASSED [ 61%]
tests/kaggriculture/test_native_grammar_bindings.py::test_tables_are_copied_bool_support PASSED [ 62%]
tests/kaggriculture/test_native_grammar_bindings.py::test_encode_decode_preserves_canonical_action[action0-1-2] PASSED [ 62%]
tests/kaggriculture/test_native_grammar_bindings.py::test_encode_decode_preserves_canonical_action[action1-1-4] PASSED [ 62%]
tests/kaggriculture/test_native_grammar_bindings.py::test_encode_decode_preserves_canonical_action[action2-1-4] PASSED [ 62%]
tests/kaggriculture/test_native_grammar_bindings.py::test_encode_decode_preserves_canonical_action[action3-1-2] PASSED [ 62%]
tests/kaggriculture/test_native_grammar_bindings.py::test_encode_decode_preserves_canonical_action[action4-1-2] PASSED [ 62%]
tests/kaggriculture/test_native_grammar_bindings.py::test_encode_decode_preserves_canonical_action[action5-1-2] PASSED [ 62%]
tests/kaggriculture/test_native_grammar_bindings.py::test_encode_decode_preserves_canonical_action[action6-3-4] PASSED [ 63%]
tests/kaggriculture/test_native_grammar_bindings.py::test_failed_encode_preserves_output[{] PASSED [ 63%]
tests/kaggriculture/test_native_grammar_bindings.py::test_failed_encode_preserves_output[null] PASSED [ 63%]
tests/kaggriculture/test_native_grammar_bindings.py::test_failed_encode_preserves_output[[]] PASSED [ 63%]
tests/kaggriculture/test_native_grammar_bindings.py::test_failed_encode_preserves_output[{}] PASSED [ 63%]
tests/kaggriculture/test_native_grammar_bindings.py::test_failed_encode_preserves_output[{"farmer":null,"hands":[],"market":[]}] PASSED [ 63%]
tests/kaggriculture/test_native_grammar_bindings.py::test_failed_encode_preserves_output[{"farmer":["PASS"],"hands":[["PASS"]],"market":[]}] PASSED [ 63%]
tests/kaggriculture/test_native_grammar_bindings.py::test_failed_encode_preserves_output[{"farmer":["PASS"],"hands":[],"market":[],"extra":0}] PASSED [ 63%]
tests/kaggriculture/test_native_grammar_bindings.py::test_failed_encode_preserves_output[{"farmer":["PICKUP","WHEAT",0],"hands":[],"market":[]}] PASSED [ 64%]
tests/kaggriculture/test_native_grammar_bindings.py::test_codec_shape_rejection_is_transactional[0-10-241] PASSED [ 64%]
tests/kaggriculture/test_native_grammar_bindings.py::test_codec_shape_rejection_is_transactional[242-10-241] PASSED [ 64%]
tests/kaggriculture/test_native_grammar_bindings.py::test_codec_shape_rejection_is_transactional[1-11-241] PASSED [ 64%]
tests/kaggriculture/test_native_grammar_bindings.py::test_codec_shape_rejection_is_transactional[1--1-241] PASSED [ 64%]
tests/kaggriculture/test_native_grammar_bindings.py::test_codec_shape_rejection_is_transactional[1-10-0] PASSED [ 64%]
tests/kaggriculture/test_native_grammar_bindings.py::test_codec_shape_rejection_is_transactional[1-10-242] PASSED [ 64%]
tests/kaggriculture/test_native_grammar_bindings.py::test_codec_array_admission_before_any_write[dtype] PASSED [ 65%]
tests/kaggriculture/test_native_grammar_bindings.py::test_codec_array_admission_before_any_write[shape] PASSED [ 65%]
tests/kaggriculture/test_native_grammar_bindings.py::test_codec_array_admission_before_any_write[stride] PASSED [ 65%]
tests/kaggriculture/test_native_grammar_bindings.py::test_codec_array_admission_before_any_write[fortran] PASSED [ 65%]
tests/kaggriculture/test_native_grammar_bindings.py::test_codec_array_admission_before_any_write[unaligned] PASSED [ 65%]
tests/kaggriculture/test_native_grammar_bindings.py::test_codec_array_admission_before_any_write[endian] PASSED [ 65%]
tests/kaggriculture/test_native_grammar_bindings.py::test_codec_array_admission_before_any_write[alias] PASSED [ 65%]
tests/kaggriculture/test_native_grammar_bindings.py::test_encode_rejects_readonly_storage PASSED [ 65%]
tests/kaggriculture/test_native_grammar_bindings.py::test_decode_rejects_invalid_length[-1] PASSED [ 66%]
tests/kaggriculture/test_native_grammar_bindings.py::test_decode_rejects_invalid_length[0] PASSED [ 66%]
tests/kaggriculture/test_native_grammar_bindings.py::test_decode_rejects_invalid_length[1] PASSED [ 66%]
tests/kaggriculture/test_native_grammar_bindings.py::test_decode_rejects_invalid_length[3] PASSED [ 66%]
tests/kaggriculture/test_native_grammar_bindings.py::test_decode_rejects_invalid_length[253] PASSED [ 66%]
tests/kaggriculture/test_native_grammar_bindings.py::test_decode_rejects_invalid_length[9223372036854775807] PASSED [ 66%]
tests/kaggriculture/test_native_grammar_bindings.py::test_decode_rejects_dirty_tail_and_wide_tokens[2-0-1] PASSED [ 66%]
tests/kaggriculture/test_native_grammar_bindings.py::test_decode_rejects_dirty_tail_and_wide_tokens[251-11-1] PASSED [ 66%]
tests/kaggriculture/test_native_grammar_bindings.py::test_decode_rejects_dirty_tail_and_wide_tokens[251-1--1] PASSED [ 67%]
tests/kaggriculture/test_native_grammar_bindings.py::test_decode_rejects_dirty_tail_and_wide_tokens[0-1-4611686018427387904] PASSED [ 67%]
tests/kaggriculture/test_native_grammar_bindings.py::test_recorded_grammar_corpus_including_dense_and_rejection_classes PASSED [ 67%]
tests/kaggriculture/test_native_grammar_bindings.py::test_encode_accepts_disjoint_contiguous_view_of_caller_storage PASSED [ 67%]
tests/kaggriculture/test_native_tables.py::test_native_tables_equal_expected[cpu] PASSED [ 67%]
tests/kaggriculture/test_native_tables.py::test_native_tables_equal_expected[device1] PASSED [ 67%]
tests/kaggriculture/test_native_tables.py::test_native_constants_rejected_before_tables_are_requested[version] PASSED [ 67%]
tests/kaggriculture/test_native_tables.py::test_native_constants_rejected_before_tables_are_requested[bool-version] PASSED [ 68%]
tests/kaggriculture/test_native_tables.py::test_native_constants_rejected_before_tables_are_requested[name] PASSED [ 68%]
tests/kaggriculture/test_native_tables.py::test_native_constants_rejected_before_tables_are_requested[name-order] PASSED [ 68%]
tests/kaggriculture/test_native_tables.py::test_native_constants_rejected_before_tables_are_requested[width] PASSED [ 68%]
tests/kaggriculture/test_native_tables.py::test_native_constants_rejected_before_tables_are_requested[arity] PASSED [ 68%]
tests/kaggriculture/test_native_tables.py::test_native_constants_rejected_before_tables_are_requested[name-list] PASSED [ 68%]
tests/kaggriculture/test_native_tables.py::test_native_constants_rejected_before_tables_are_requested[float-widths] PASSED [ 68%]
tests/kaggriculture/test_native_tables.py::test_native_arrays_reject_corruption[missing-key] PASSED [ 68%]
tests/kaggriculture/test_native_tables.py::test_native_arrays_reject_corruption[extra-key] PASSED [ 69%]
tests/kaggriculture/test_native_tables.py::test_native_arrays_reject_corruption[dtype] PASSED [ 69%]
tests/kaggriculture/test_native_tables.py::test_native_arrays_reject_corruption[non-array] PASSED [ 69%]
tests/kaggriculture/test_native_tables.py::test_native_arrays_reject_corruption[shape] PASSED [ 69%]
tests/kaggriculture/test_native_tables.py::test_native_arrays_reject_corruption[fortran] PASSED [ 69%]
tests/kaggriculture/test_native_tables.py::test_native_arrays_reject_corruption[strided] PASSED [ 69%]
tests/kaggriculture/test_native_tables.py::test_native_loader_checks_constants_then_tables_and_forwards_device PASSED [ 69%]
tests/kaggriculture/test_native_tables.py::test_failed_native_binding_propagates_without_fallback[kaggriculture_grammar_constants] PASSED [ 70%]
tests/kaggriculture/test_native_tables.py::test_failed_native_binding_propagates_without_fallback[kaggriculture_grammar_tables] PASSED [ 70%]
tests/kaggriculture/test_native_tables.py::test_model_default_loads_native_tables_once PASSED [ 70%]
tests/kaggriculture/test_native_tables.py::test_model_explicit_tables_bypass_native_loader PASSED [ 70%]
tests/kaggriculture/test_observe.py::test_native_writer_uses_real_schema_and_keeps_all_pointers[unpinned-1] PASSED [ 70%]
tests/kaggriculture/test_observe.py::test_native_writer_uses_real_schema_and_keeps_all_pointers[unpinned-2] PASSED [ 70%]
tests/kaggriculture/test_observe.py::test_native_writer_uses_real_schema_and_keeps_all_pointers[pinned-1] SKIPPED [ 70%]
tests/kaggriculture/test_observe.py::test_native_writer_uses_real_schema_and_keeps_all_pointers[pinned-2] SKIPPED [ 70%]
tests/kaggriculture/test_observe.py::test_every_field_rejects_right_numel_wrong_shape[tile_kind] PASSED [ 71%]
tests/kaggriculture/test_observe.py::test_every_field_rejects_right_numel_wrong_shape[tile_crop] PASSED [ 71%]
tests/kaggriculture/test_observe.py::test_every_field_rejects_right_numel_wrong_shape[tile_animal] PASSED [ 71%]
tests/kaggriculture/test_observe.py::test_every_field_rejects_right_numel_wrong_shape[tile_cell] PASSED [ 71%]
tests/kaggriculture/test_observe.py::test_every_field_rejects_right_numel_wrong_shape[tile_role] PASSED [ 71%]
tests/kaggriculture/test_observe.py::test_every_field_rejects_right_numel_wrong_shape[tiles_int] PASSED [ 71%]
tests/kaggriculture/test_observe.py::test_every_field_rejects_right_numel_wrong_shape[tiles_float] PASSED [ 71%]
tests/kaggriculture/test_observe.py::test_every_field_rejects_right_numel_wrong_shape[actor_slot] PASSED [ 71%]
tests/kaggriculture/test_observe.py::test_every_field_rejects_right_numel_wrong_shape[actor_cell] PASSED [ 72%]
tests/kaggriculture/test_observe.py::test_every_field_rejects_right_numel_wrong_shape[actor_role] PASSED [ 72%]
tests/kaggriculture/test_observe.py::test_every_field_rejects_right_numel_wrong_shape[actor_mask] PASSED [ 72%]
tests/kaggriculture/test_observe.py::test_every_field_rejects_right_numel_wrong_shape[actor_inventory] PASSED [ 72%]
tests/kaggriculture/test_observe.py::test_every_field_rejects_right_numel_wrong_shape[actor_inventory_rank] PASSED [ 72%]
tests/kaggriculture/test_observe.py::test_every_field_rejects_right_numel_wrong_shape[actors_float] PASSED [ 72%]
tests/kaggriculture/test_observe.py::test_every_field_rejects_right_numel_wrong_shape[player_features] PASSED [ 72%]
tests/kaggriculture/test_observe.py::test_every_field_rejects_right_numel_wrong_shape[storage_counts] PASSED [ 73%]
tests/kaggriculture/test_observe.py::test_every_field_rejects_right_numel_wrong_shape[storage_rank] PASSED [ 73%]
tests/kaggriculture/test_observe.py::test_every_field_rejects_right_numel_wrong_shape[banks] PASSED [ 73%]
tests/kaggriculture/test_observe.py::test_every_field_rejects_right_numel_wrong_shape[shop_type] PASSED [ 73%]
tests/kaggriculture/test_observe.py::test_every_field_rejects_right_numel_wrong_shape[shop_slot] PASSED [ 73%]
tests/kaggriculture/test_observe.py::test_every_field_rejects_right_numel_wrong_shape[shop_mask] PASSED [ 73%]
tests/kaggriculture/test_observe.py::test_every_field_rejects_right_numel_wrong_shape[market_product] PASSED [ 73%]
tests/kaggriculture/test_observe.py::test_every_field_rejects_right_numel_wrong_shape[market_float] PASSED [ 73%]
tests/kaggriculture/test_observe.py::test_every_field_rejects_right_numel_wrong_shape[market_int] PASSED [ 74%]
tests/kaggriculture/test_observe.py::test_every_field_rejects_right_numel_wrong_shape[global_features] PASSED [ 74%]
tests/kaggriculture/test_observe.py::test_every_field_rejects_right_numel_wrong_shape[globals_int] PASSED [ 74%]
tests/kaggriculture/test_observe.py::test_every_field_rejects_right_numel_wrong_shape[still_playing] PASSED [ 74%]
tests/kaggriculture/test_observe.py::test_every_field_rejects_right_numel_wrong_shape[order_limits] PASSED [ 74%]
tests/kaggriculture/test_observe.py::test_every_field_rejects_right_numel_wrong_shape[can_act] PASSED [ 74%]
tests/kaggriculture/test_observe.py::test_wrong_dtype_groups_preserve_every_buffer[tile_kind-int32] PASSED [ 74%]
tests/kaggriculture/test_observe.py::test_wrong_dtype_groups_preserve_every_buffer[tiles_float-float64] PASSED [ 75%]
tests/kaggriculture/test_observe.py::test_wrong_dtype_groups_preserve_every_buffer[banks-float32] PASSED [ 75%]
tests/kaggriculture/test_observe.py::test_wrong_dtype_groups_preserve_every_buffer[can_act-uint8] PASSED [ 75%]
tests/kaggriculture/test_observe.py::test_foreign_endian_numeric_arrays_are_rejected[tile_kind] PASSED [ 75%]
tests/kaggriculture/test_observe.py::test_foreign_endian_numeric_arrays_are_rejected[tiles_float] PASSED [ 75%]
tests/kaggriculture/test_observe.py::test_foreign_endian_numeric_arrays_are_rejected[banks] PASSED [ 75%]
tests/kaggriculture/test_observe.py::test_invalid_array_layout_and_writability_preserve_all_bytes[fortran] PASSED [ 75%]
tests/kaggriculture/test_observe.py::test_invalid_array_layout_and_writability_preserve_all_bytes[stride] PASSED [ 75%]
tests/kaggriculture/test_observe.py::test_invalid_array_layout_and_writability_preserve_all_bytes[readonly] PASSED [ 76%]
tests/kaggriculture/test_observe.py::test_invalid_array_layout_and_writability_preserve_all_bytes[unaligned] PASSED [ 76%]
tests/kaggriculture/test_observe.py::test_overlapping_views_are_rejected_even_with_distinct_base_objects[False-False] PASSED [ 76%]
tests/kaggriculture/test_observe.py::test_overlapping_views_are_rejected_even_with_distinct_base_objects[False-True] PASSED [ 76%]
tests/kaggriculture/test_observe.py::test_overlapping_views_are_rejected_even_with_distinct_base_objects[True-False] PASSED [ 76%]
tests/kaggriculture/test_observe.py::test_overlapping_views_are_rejected_even_with_distinct_base_objects[True-True] PASSED [ 76%]
tests/kaggriculture/test_observe.py::test_adjacent_nonoverlapping_views_are_accepted PASSED [ 76%]
tests/kaggriculture/test_observe.py::test_full_actor_capacity_then_sparse_reuse_clears_every_field PASSED [ 76%]
tests/kaggriculture/test_observe.py::test_header_and_late_environment_errors_preserve_the_whole_batch[json] PASSED [ 77%]
tests/kaggriculture/test_observe.py::test_header_and_late_environment_errors_preserve_the_whole_batch[object] PASSED [ 77%]
tests/kaggriculture/test_observe.py::test_header_and_late_environment_errors_preserve_the_whole_batch[empty] PASSED [ 77%]
tests/kaggriculture/test_observe.py::test_header_and_late_environment_errors_preserve_the_whole_batch[missing_second_header_fields] PASSED [ 77%]
tests/kaggriculture/test_observe.py::test_header_and_late_environment_errors_preserve_the_whole_batch[late_state] PASSED [ 77%]
tests/kaggriculture/test_observe.py::test_header_and_late_environment_errors_preserve_the_whole_batch[wrong_e] PASSED [ 77%]
tests/kaggriculture/test_observe.py::test_every_frozen_oracle_record_passes_the_actual_schema PASSED [ 77%]
tests/kaggriculture/test_rewards.py::test_reward_coefficients_required_and_bounded PASSED [ 78%]
tests/kaggriculture/test_rewards.py::test_reward_admission_predicate_cases[coefficients0-True] PASSED [ 78%]
tests/kaggriculture/test_rewards.py::test_reward_admission_predicate_cases[coefficients1-True] PASSED [ 78%]
tests/kaggriculture/test_rewards.py::test_reward_admission_predicate_cases[coefficients2-False] PASSED [ 78%]
tests/kaggriculture/test_rewards.py::test_reward_admission_predicate_cases[coefficients3-False] PASSED [ 78%]
tests/kaggriculture/test_rewards.py::test_reward_admission_predicate_cases[coefficients4-False] PASSED [ 78%]
tests/kaggriculture/test_rewards.py::test_reward_admission_predicate_cases[coefficients5-True] PASSED [ 78%]
tests/kaggriculture/test_rewards.py::test_reward_admission_predicate_cases[coefficients6-True] PASSED [ 78%]
tests/kaggriculture/test_rewards.py::test_reward_admission_predicate_cases[coefficients7-True] PASSED [ 79%]
tests/kaggriculture/test_rewards.py::test_reward_admission_predicate_cases[coefficients8-False] PASSED [ 79%]
tests/kaggriculture/test_rewards.py::test_reward_admission_predicate_cases[coefficients9-True] PASSED [ 79%]
tests/kaggriculture/test_rewards.py::test_reward_admission_predicate_cases[coefficients10-False] PASSED [ 79%]
tests/kaggriculture/test_rewards.py::test_python_and_native_reward_admission_agree[coefficients0-True] PASSED [ 79%]
tests/kaggriculture/test_rewards.py::test_python_and_native_reward_admission_agree[coefficients1-True] PASSED [ 79%]
tests/kaggriculture/test_rewards.py::test_python_and_native_reward_admission_agree[coefficients2-False] PASSED [ 79%]
tests/kaggriculture/test_rewards.py::test_python_and_native_reward_admission_agree[coefficients3-False] PASSED [ 80%]
tests/kaggriculture/test_rewards.py::test_python_and_native_reward_admission_agree[coefficients4-False] PASSED [ 80%]
tests/kaggriculture/test_rewards.py::test_python_and_native_reward_admission_agree[coefficients5-True] PASSED [ 80%]
tests/kaggriculture/test_rewards.py::test_python_and_native_reward_admission_agree[coefficients6-True] PASSED [ 80%]
tests/kaggriculture/test_rewards.py::test_python_and_native_reward_admission_agree[coefficients7-True] PASSED [ 80%]
tests/kaggriculture/test_rewards.py::test_python_and_native_reward_admission_agree[coefficients8-False] PASSED [ 80%]
tests/kaggriculture/test_rewards.py::test_python_and_native_reward_admission_agree[coefficients9-True] PASSED [ 80%]
tests/kaggriculture/test_rewards.py::test_python_and_native_reward_admission_agree[coefficients10-False] PASSED [ 80%]
tests/kaggriculture/test_rewards.py::test_hand_calculated_starvation_drought_and_ineffective_rewards[0] PASSED [ 81%]
tests/kaggriculture/test_rewards.py::test_hand_calculated_starvation_drought_and_ineffective_rewards[1] PASSED [ 81%]
tests/kaggriculture/test_rewards.py::test_other_counters_do_not_affect_rewards PASSED [ 81%]
tests/kaggriculture/test_rewards.py::test_reward_cap_crossings_are_cumulative_and_separate PASSED [ 81%]
tests/kaggriculture/test_rewards.py::test_large_finite_coefficients_saturate_without_nan PASSED [ 81%]
tests/kaggriculture/test_rewards.py::test_terminal_sign_tie_and_finite_bank_extremes PASSED [ 81%]
tests/kaggriculture/test_rewards.py::test_transition_uses_native_float32_rounding_schedule PASSED [ 81%]
tests/kaggriculture/test_rewards.py::test_complete_719_transition_return_telescopes_with_rounding_budget[0--1] PASSED [ 81%]
tests/kaggriculture/test_rewards.py::test_complete_719_transition_return_telescopes_with_rounding_budget[0-0] PASSED [ 82%]
tests/kaggriculture/test_rewards.py::test_complete_719_transition_return_telescopes_with_rounding_budget[0-1] PASSED [ 82%]
tests/kaggriculture/test_rewards.py::test_complete_719_transition_return_telescopes_with_rounding_budget[1--1] PASSED [ 82%]
tests/kaggriculture/test_rewards.py::test_complete_719_transition_return_telescopes_with_rounding_budget[1-0] PASSED [ 82%]
tests/kaggriculture/test_rewards.py::test_complete_719_transition_return_telescopes_with_rounding_budget[1-1] PASSED [ 82%]
tests/kaggriculture/test_rewards.py::test_reward_oracle_rejects_invalid_shape_dtype_finite_and_monotonicity PASSED [ 82%]
tests/kaggriculture/test_rewards.py::test_native_fixture_rewards_match_independent_oracle PASSED [ 82%]
tests/kaggriculture/test_rewards.py::test_extreme_value_native_rewards_match_independent_oracle[overflow-saturation] PASSED [ 83%]
tests/kaggriculture/test_rewards.py::test_extreme_value_native_rewards_match_independent_oracle[disabled-extremes] PASSED [ 83%]
tests/kaggriculture/test_rewards.py::test_extreme_value_native_rewards_match_independent_oracle[tiny-W-overflowing-inner-sum] PASSED [ 83%]
tests/kaggriculture/test_rewards.py::test_overflow_saturation_keeps_float64_caps PASSED [ 83%]
tests/kaggriculture/test_types.py::test_pinned_enums_match_contract_v4 PASSED [ 83%]
tests/kaggriculture/test_types.py::test_valid_batch_passes_including_sentinels_and_large_scaled_values PASSED [ 83%]
tests/kaggriculture/test_types.py::test_twenty_nine_top_level_fields PASSED [ 83%]
tests/kaggriculture/test_types.py::test_wrong_dtype_or_shape_names_the_field[tile_kind-<lambda>] PASSED [ 83%]
tests/kaggriculture/test_types.py::test_wrong_dtype_or_shape_names_the_field[tiles_float-<lambda>] PASSED [ 84%]
tests/kaggriculture/test_types.py::test_wrong_dtype_or_shape_names_the_field[banks-<lambda>] PASSED [ 84%]
tests/kaggriculture/test_types.py::test_wrong_dtype_or_shape_names_the_field[actor_mask-<lambda>] PASSED [ 84%]
tests/kaggriculture/test_types.py::test_categorical_bounds_are_inclusive_below_and_exclusive_above[tile_kind-6] PASSED [ 84%]
tests/kaggriculture/test_types.py::test_categorical_bounds_are_inclusive_below_and_exclusive_above[tile_crop-6] PASSED [ 84%]
tests/kaggriculture/test_types.py::test_categorical_bounds_are_inclusive_below_and_exclusive_above[tile_animal-4] PASSED [ 84%]
tests/kaggriculture/test_types.py::test_categorical_bounds_are_inclusive_below_and_exclusive_above[tile_cell-100] PASSED [ 84%]
tests/kaggriculture/test_types.py::test_categorical_bounds_are_inclusive_below_and_exclusive_above[tile_role-2] PASSED [ 85%]
tests/kaggriculture/test_types.py::test_categorical_bounds_are_inclusive_below_and_exclusive_above[actor_slot-241] PASSED [ 85%]
tests/kaggriculture/test_types.py::test_categorical_bounds_are_inclusive_below_and_exclusive_above[actor_cell-100] PASSED [ 85%]
tests/kaggriculture/test_types.py::test_categorical_bounds_are_inclusive_below_and_exclusive_above[actor_role-4] PASSED [ 85%]
tests/kaggriculture/test_types.py::test_categorical_bounds_are_inclusive_below_and_exclusive_above[shop_type-8] PASSED [ 85%]
tests/kaggriculture/test_types.py::test_categorical_bounds_are_inclusive_below_and_exclusive_above[shop_slot-8] PASSED [ 85%]
tests/kaggriculture/test_types.py::test_categorical_bounds_are_inclusive_below_and_exclusive_above[market_product-9] PASSED [ 85%]
tests/kaggriculture/test_types.py::test_nonfinite_float_channel_is_rejected PASSED [ 85%]
tests/kaggriculture/test_types.py::test_leading_dims_must_agree PASSED   [ 86%]
tests/kaggriculture/test_types.py::test_lead_dims_must_be_exactly_env_by_seat[lead_(2,)] PASSED [ 86%]
tests/kaggriculture/test_types.py::test_lead_dims_must_be_exactly_env_by_seat[lead_(1,1,2)] PASSED [ 86%]
tests/kaggriculture/test_types.py::test_negative_counts_ranks_globals_and_order_limits_are_rejected[actor_inventory] PASSED [ 86%]
tests/kaggriculture/test_types.py::test_negative_counts_ranks_globals_and_order_limits_are_rejected[actor_inventory_rank] PASSED [ 86%]
tests/kaggriculture/test_types.py::test_negative_counts_ranks_globals_and_order_limits_are_rejected[storage_counts] PASSED [ 86%]
tests/kaggriculture/test_types.py::test_negative_counts_ranks_globals_and_order_limits_are_rejected[storage_rank] PASSED [ 86%]
tests/kaggriculture/test_types.py::test_negative_counts_ranks_globals_and_order_limits_are_rejected[globals_int] PASSED [ 86%]
tests/kaggriculture/test_types.py::test_negative_counts_ranks_globals_and_order_limits_are_rejected[order_limits] PASSED [ 87%]
tests/kaggriculture/test_types.py::test_ranks_and_order_limits_have_exclusive_upper_bounds[actor_inventory_rank-13] PASSED [ 87%]
tests/kaggriculture/test_types.py::test_ranks_and_order_limits_have_exclusive_upper_bounds[storage_rank-13] PASSED [ 87%]
tests/kaggriculture/test_types.py::test_ranks_and_order_limits_have_exclusive_upper_bounds[order_limits-11] PASSED [ 87%]
tests/kaggriculture/test_types.py::test_tiles_int_sentinels_and_signed_market_int_pass PASSED [ 87%]
tests/kaggriculture/test_types.py::test_every_field_rejects_a_wrong_dtype[tile_kind] PASSED [ 87%]
tests/kaggriculture/test_types.py::test_every_field_rejects_a_wrong_dtype[tile_crop] PASSED [ 87%]
tests/kaggriculture/test_types.py::test_every_field_rejects_a_wrong_dtype[tile_animal] PASSED [ 88%]
tests/kaggriculture/test_types.py::test_every_field_rejects_a_wrong_dtype[tile_cell] PASSED [ 88%]
tests/kaggriculture/test_types.py::test_every_field_rejects_a_wrong_dtype[tile_role] PASSED [ 88%]
tests/kaggriculture/test_types.py::test_every_field_rejects_a_wrong_dtype[tiles_int] PASSED [ 88%]
tests/kaggriculture/test_types.py::test_every_field_rejects_a_wrong_dtype[tiles_float] PASSED [ 88%]
tests/kaggriculture/test_types.py::test_every_field_rejects_a_wrong_dtype[actor_slot] PASSED [ 88%]
tests/kaggriculture/test_types.py::test_every_field_rejects_a_wrong_dtype[actor_cell] PASSED [ 88%]
tests/kaggriculture/test_types.py::test_every_field_rejects_a_wrong_dtype[actor_role] PASSED [ 88%]
tests/kaggriculture/test_types.py::test_every_field_rejects_a_wrong_dtype[actor_mask] PASSED [ 89%]
tests/kaggriculture/test_types.py::test_every_field_rejects_a_wrong_dtype[actor_inventory] PASSED [ 89%]
tests/kaggriculture/test_types.py::test_every_field_rejects_a_wrong_dtype[actor_inventory_rank] PASSED [ 89%]
tests/kaggriculture/test_types.py::test_every_field_rejects_a_wrong_dtype[actors_float] PASSED [ 89%]
tests/kaggriculture/test_types.py::test_every_field_rejects_a_wrong_dtype[player_features] PASSED [ 89%]
tests/kaggriculture/test_types.py::test_every_field_rejects_a_wrong_dtype[storage_counts] PASSED [ 89%]
tests/kaggriculture/test_types.py::test_every_field_rejects_a_wrong_dtype[storage_rank] PASSED [ 89%]
tests/kaggriculture/test_types.py::test_every_field_rejects_a_wrong_dtype[banks] PASSED [ 90%]
tests/kaggriculture/test_types.py::test_every_field_rejects_a_wrong_dtype[shop_type] PASSED [ 90%]
tests/kaggriculture/test_types.py::test_every_field_rejects_a_wrong_dtype[shop_slot] PASSED [ 90%]
tests/kaggriculture/test_types.py::test_every_field_rejects_a_wrong_dtype[shop_mask] PASSED [ 90%]
tests/kaggriculture/test_types.py::test_every_field_rejects_a_wrong_dtype[market_product] PASSED [ 90%]
tests/kaggriculture/test_types.py::test_every_field_rejects_a_wrong_dtype[market_float] PASSED [ 90%]
tests/kaggriculture/test_types.py::test_every_field_rejects_a_wrong_dtype[market_int] PASSED [ 90%]
tests/kaggriculture/test_types.py::test_every_field_rejects_a_wrong_dtype[global_features] PASSED [ 90%]
tests/kaggriculture/test_types.py::test_every_field_rejects_a_wrong_dtype[globals_int] PASSED [ 91%]
tests/kaggriculture/test_types.py::test_every_field_rejects_a_wrong_dtype[still_playing] PASSED [ 91%]
tests/kaggriculture/test_types.py::test_every_field_rejects_a_wrong_dtype[order_limits] PASSED [ 91%]
tests/kaggriculture/test_types.py::test_every_field_rejects_a_wrong_shape[tile_kind] PASSED [ 91%]
tests/kaggriculture/test_types.py::test_every_field_rejects_a_wrong_shape[tile_crop] PASSED [ 91%]
tests/kaggriculture/test_types.py::test_every_field_rejects_a_wrong_shape[tile_animal] PASSED [ 91%]
tests/kaggriculture/test_types.py::test_every_field_rejects_a_wrong_shape[tile_cell] PASSED [ 91%]
tests/kaggriculture/test_types.py::test_every_field_rejects_a_wrong_shape[tile_role] PASSED [ 91%]
tests/kaggriculture/test_types.py::test_every_field_rejects_a_wrong_shape[tiles_int] PASSED [ 92%]
tests/kaggriculture/test_types.py::test_every_field_rejects_a_wrong_shape[tiles_float] PASSED [ 92%]
tests/kaggriculture/test_types.py::test_every_field_rejects_a_wrong_shape[actor_slot] PASSED [ 92%]
tests/kaggriculture/test_types.py::test_every_field_rejects_a_wrong_shape[actor_cell] PASSED [ 92%]
tests/kaggriculture/test_types.py::test_every_field_rejects_a_wrong_shape[actor_role] PASSED [ 92%]
tests/kaggriculture/test_types.py::test_every_field_rejects_a_wrong_shape[actor_mask] PASSED [ 92%]
tests/kaggriculture/test_types.py::test_every_field_rejects_a_wrong_shape[actor_inventory] PASSED [ 92%]
tests/kaggriculture/test_types.py::test_every_field_rejects_a_wrong_shape[actor_inventory_rank] PASSED [ 93%]
tests/kaggriculture/test_types.py::test_every_field_rejects_a_wrong_shape[actors_float] PASSED [ 93%]
tests/kaggriculture/test_types.py::test_every_field_rejects_a_wrong_shape[player_features] PASSED [ 93%]
tests/kaggriculture/test_types.py::test_every_field_rejects_a_wrong_shape[storage_counts] PASSED [ 93%]
tests/kaggriculture/test_types.py::test_every_field_rejects_a_wrong_shape[storage_rank] PASSED [ 93%]
tests/kaggriculture/test_types.py::test_every_field_rejects_a_wrong_shape[banks] PASSED [ 93%]
tests/kaggriculture/test_types.py::test_every_field_rejects_a_wrong_shape[shop_type] PASSED [ 93%]
tests/kaggriculture/test_types.py::test_every_field_rejects_a_wrong_shape[shop_slot] PASSED [ 93%]
tests/kaggriculture/test_types.py::test_every_field_rejects_a_wrong_shape[shop_mask] PASSED [ 94%]
tests/kaggriculture/test_types.py::test_every_field_rejects_a_wrong_shape[market_product] PASSED [ 94%]
tests/kaggriculture/test_types.py::test_every_field_rejects_a_wrong_shape[market_float] PASSED [ 94%]
tests/kaggriculture/test_types.py::test_every_field_rejects_a_wrong_shape[market_int] PASSED [ 94%]
tests/kaggriculture/test_types.py::test_every_field_rejects_a_wrong_shape[global_features] PASSED [ 94%]
tests/kaggriculture/test_types.py::test_every_field_rejects_a_wrong_shape[globals_int] PASSED [ 94%]
tests/kaggriculture/test_types.py::test_every_field_rejects_a_wrong_shape[still_playing] PASSED [ 94%]
tests/kaggriculture/test_types.py::test_every_field_rejects_a_wrong_shape[order_limits] PASSED [ 95%]
tests/kaggriculture/test_types.py::test_every_missing_field_is_a_validation_error_naming_it[tile_kind] PASSED [ 95%]
tests/kaggriculture/test_types.py::test_every_missing_field_is_a_validation_error_naming_it[tile_crop] PASSED [ 95%]
tests/kaggriculture/test_types.py::test_every_missing_field_is_a_validation_error_naming_it[tile_animal] PASSED [ 95%]
tests/kaggriculture/test_types.py::test_every_missing_field_is_a_validation_error_naming_it[tile_cell] PASSED [ 95%]
tests/kaggriculture/test_types.py::test_every_missing_field_is_a_validation_error_naming_it[tile_role] PASSED [ 95%]
tests/kaggriculture/test_types.py::test_every_missing_field_is_a_validation_error_naming_it[tiles_int] PASSED [ 95%]
tests/kaggriculture/test_types.py::test_every_missing_field_is_a_validation_error_naming_it[tiles_float] PASSED [ 95%]
tests/kaggriculture/test_types.py::test_every_missing_field_is_a_validation_error_naming_it[actor_slot] PASSED [ 96%]
tests/kaggriculture/test_types.py::test_every_missing_field_is_a_validation_error_naming_it[actor_cell] PASSED [ 96%]
tests/kaggriculture/test_types.py::test_every_missing_field_is_a_validation_error_naming_it[actor_role] PASSED [ 96%]
tests/kaggriculture/test_types.py::test_every_missing_field_is_a_validation_error_naming_it[actor_mask] PASSED [ 96%]
tests/kaggriculture/test_types.py::test_every_missing_field_is_a_validation_error_naming_it[actor_inventory] PASSED [ 96%]
tests/kaggriculture/test_types.py::test_every_missing_field_is_a_validation_error_naming_it[actor_inventory_rank] PASSED [ 96%]
tests/kaggriculture/test_types.py::test_every_missing_field_is_a_validation_error_naming_it[actors_float] PASSED [ 96%]
tests/kaggriculture/test_types.py::test_every_missing_field_is_a_validation_error_naming_it[player_features] PASSED [ 96%]
tests/kaggriculture/test_types.py::test_every_missing_field_is_a_validation_error_naming_it[storage_counts] PASSED [ 97%]
tests/kaggriculture/test_types.py::test_every_missing_field_is_a_validation_error_naming_it[storage_rank] PASSED [ 97%]
tests/kaggriculture/test_types.py::test_every_missing_field_is_a_validation_error_naming_it[banks] PASSED [ 97%]
tests/kaggriculture/test_types.py::test_every_missing_field_is_a_validation_error_naming_it[shop_type] PASSED [ 97%]
tests/kaggriculture/test_types.py::test_every_missing_field_is_a_validation_error_naming_it[shop_slot] PASSED [ 97%]
tests/kaggriculture/test_types.py::test_every_missing_field_is_a_validation_error_naming_it[shop_mask] PASSED [ 97%]
tests/kaggriculture/test_types.py::test_every_missing_field_is_a_validation_error_naming_it[market_product] PASSED [ 97%]
tests/kaggriculture/test_types.py::test_every_missing_field_is_a_validation_error_naming_it[market_float] PASSED [ 98%]
tests/kaggriculture/test_types.py::test_every_missing_field_is_a_validation_error_naming_it[market_int] PASSED [ 98%]
tests/kaggriculture/test_types.py::test_every_missing_field_is_a_validation_error_naming_it[global_features] PASSED [ 98%]
tests/kaggriculture/test_types.py::test_every_missing_field_is_a_validation_error_naming_it[globals_int] PASSED [ 98%]
tests/kaggriculture/test_types.py::test_every_missing_field_is_a_validation_error_naming_it[still_playing] PASSED [ 98%]
tests/kaggriculture/test_types.py::test_every_missing_field_is_a_validation_error_naming_it[order_limits] PASSED [ 98%]
tests/kaggriculture/test_types.py::test_every_missing_field_is_a_validation_error_naming_it[action_mask] PASSED [ 98%]
tests/kaggriculture/test_types.py::test_can_act_dtype_and_shape_are_checked[dtype] PASSED [ 98%]
tests/kaggriculture/test_types.py::test_can_act_dtype_and_shape_are_checked[shape] PASSED [ 99%]
tests/kaggriculture/test_types.py::test_make_obs_is_contract_valid[1-2-1-3] PASSED [ 99%]
tests/kaggriculture/test_types.py::test_make_obs_is_contract_valid[3-own1-rival1-shops1] PASSED [ 99%]
tests/kaggriculture/test_types.py::test_tiles_int_count_channels_reject_the_sentinel[0] PASSED [ 99%]
tests/kaggriculture/test_types.py::test_tiles_int_count_channels_reject_the_sentinel[5] PASSED [ 99%]
tests/kaggriculture/test_types.py::test_tiles_int_count_channels_reject_the_sentinel[6] PASSED [ 99%]
tests/kaggriculture/test_types.py::test_fixture_next_hire_cost_follows_the_engine_fibonacci_rule PASSED [ 99%]
tests/kaggriculture/test_types.py::test_fixture_rejects_a_zero_configured_order_limit PASSED [100%]
RESOURCE RECEIPT {"elapsed_seconds": 4.921306749980431, "sampled_pytest_rss_bytes": 417464320, "pytest_ru_maxrss_bytes": 417693696, "exitstatus": 0, "scope": "pytest process only, no descendants; 10ms RSS polling"}


=========================== short test summary info ============================
SKIPPED [1] tests/kaggriculture/test_env_cuda_fence.py:11: CUDA is unavailable
SKIPPED [2] tests/kaggriculture/test_observe.py:288: pinned host memory requires CUDA
======================== 757 passed, 3 skipped in 3.74s ========================
