F                                                                        [100%]
=================================== FAILURES ===================================
_________________________ test_no_teacher_two_updates __________________________

tmp_path = PosixPath('/private/var/folders/s_/d3vy5t5s4dv607gfkpx495000000gn/T/pytest-of-poonszesen/pytest-802/test_no_teacher_two_updates0')

    def test_no_teacher_two_updates(tmp_path: Path) -> None:
        torch.manual_seed(307)
        device = torch.device("cpu")
        obs_spec, action_spec = KaggricultureObsConfig(), KaggricultureActionConfig()
        env = KaggricultureVectorizedEnv(
            n_envs=1, seed=307, seed_stride=1,
            config=KaggricultureGameConfig(episodeSteps=3),
            reward_config=KaggricultureRewardConfig(
                econ_shaping=0.2, econ_starvation_weight=4.0,
                econ_drought_weight=1.0, econ_cap=0.25,
                econ_ineffective_weight=0.0, econ_ineffective_cap=0.10,
            ),
            reward_mode="win_loss", native_threads=1, pin_memory=False,
            transfer_device=device, obs_spec=obs_spec, action_spec=action_spec,
        )
        model = KaggricultureTransformer(
            KaggricultureTransformerConfig(embed_dim=16, depth=1, n_heads=1,
                mlp_ratio=1, n_scratch_tokens=0),
            obs_spec=obs_spec, action_spec=action_spec,
        )
        trainer = PPOTrainer(
            config=PPOConfig(horizon=2, ppo_epochs=1, segments_per_minibatch=1,
                gradient_accumulation_steps=1, dtype="float32", model_compile="none",
                compile_mode=None, teacher_mode=None),
            env=env, model=model, optimizer=torch.optim.Adam(model.parameters(), lr=1e-4),
            device=device,
        )
        initial = {name: value.clone() for name, value in model.state_dict().items()}
        results = [trainer.train_iteration() for _ in range(2)]
        for metrics in results:
            assert all(math.isfinite(value) for value in metrics.values())
>           assert "loss/total" in metrics
E           AssertionError: assert 'loss/total' in {'loss/entropy_loss': -0.4224693179130554, 'loss/policy_loss': 0.009440481662750244, 'loss/teacher_kl_loss': 0.0, 'loss/teacher_value_loss': 0.0, ...}

tests/kaggriculture/test_training_smoke.py:47: AssertionError
=========================== short test summary info ============================
FAILED tests/kaggriculture/test_training_smoke.py::test_no_teacher_two_updates
1 failed in 0.14s
