..FFFFFF..                                                               [100%]
=================================== FAILURES ===================================
_______ test_kaggriculture_wandb_init_uses_v3_identity_and_mode[online] ________

tmp_path = PosixPath('/private/var/folders/s_/d3vy5t5s4dv607gfkpx495000000gn/T/pytest-of-poonszesen/pytest-786/test_kaggriculture_wandb_init_0')
fake_wandb = namespace(init=<function fake_wandb.<locals>.init at 0x11110c400>, log=<function fake_wandb.<locals>.<lambda> at 0x111...st-run-id', summary={}, finish=<function fake_wandb.<locals>.<lambda> at 0x11110d080>), inits=[], logs=[], finishes=[])
wandb_mode = 'online'

    @pytest.mark.parametrize("wandb_mode", ["online", "offline"])
    def test_kaggriculture_wandb_init_uses_v3_identity_and_mode(
        tmp_path: Path, fake_wandb: SimpleNamespace, wandb_mode: str
    ) -> None:
        cfg = FullConfig.from_file(_REPO_ROOT / "configs/kaggriculture.yaml")
    
>       logger = create_logger(LogMode.WANDB, tmp_path, cfg, wandb_mode=wandb_mode)
                 ^^^^^^^^^^^^^^^^^^^^^^^^^^^^^^^^^^^^^^^^^^^^^^^^^^^^^^^^^^^^^^^^^^
E       TypeError: create_logger() got an unexpected keyword argument 'wandb_mode'

tests/owl/train/test_logging.py:65: TypeError
_______ test_kaggriculture_wandb_init_uses_v3_identity_and_mode[offline] _______

tmp_path = PosixPath('/private/var/folders/s_/d3vy5t5s4dv607gfkpx495000000gn/T/pytest-of-poonszesen/pytest-786/test_kaggriculture_wandb_init_1')
fake_wandb = namespace(init=<function fake_wandb.<locals>.init at 0x11110e480>, log=<function fake_wandb.<locals>.<lambda> at 0x111...st-run-id', summary={}, finish=<function fake_wandb.<locals>.<lambda> at 0x11110e200>), inits=[], logs=[], finishes=[])
wandb_mode = 'offline'

    @pytest.mark.parametrize("wandb_mode", ["online", "offline"])
    def test_kaggriculture_wandb_init_uses_v3_identity_and_mode(
        tmp_path: Path, fake_wandb: SimpleNamespace, wandb_mode: str
    ) -> None:
        cfg = FullConfig.from_file(_REPO_ROOT / "configs/kaggriculture.yaml")
    
>       logger = create_logger(LogMode.WANDB, tmp_path, cfg, wandb_mode=wandb_mode)
                 ^^^^^^^^^^^^^^^^^^^^^^^^^^^^^^^^^^^^^^^^^^^^^^^^^^^^^^^^^^^^^^^^^^
E       TypeError: create_logger() got an unexpected keyword argument 'wandb_mode'

tests/owl/train/test_logging.py:65: TypeError
___________ test_orbit_offline_wandb_keeps_run_artifacts_in_run_dir ____________

tmp_path = PosixPath('/private/var/folders/s_/d3vy5t5s4dv607gfkpx495000000gn/T/pytest-of-poonszesen/pytest-786/test_orbit_offline_wandb_keeps0')
fake_wandb = namespace(init=<function fake_wandb.<locals>.init at 0x11110c400>, log=<function fake_wandb.<locals>.<lambda> at 0x111...st-run-id', summary={}, finish=<function fake_wandb.<locals>.<lambda> at 0x11110d3a0>), inits=[], logs=[], finishes=[])

    def test_orbit_offline_wandb_keeps_run_artifacts_in_run_dir(
        tmp_path: Path, fake_wandb: SimpleNamespace
    ) -> None:
        cfg = FullConfig.from_file(_REPO_ROOT / "configs/scaling_6m.yaml")
    
>       WandbLogger(tmp_path, cfg, wandb_mode="offline")
E       TypeError: WandbLogger.__init__() got an unexpected keyword argument 'wandb_mode'

tests/owl/train/test_logging.py:94: TypeError
_______________ test_kaggriculture_online_wandb_resumes_same_run _______________

tmp_path = PosixPath('/private/var/folders/s_/d3vy5t5s4dv607gfkpx495000000gn/T/pytest-of-poonszesen/pytest-786/test_kaggriculture_online_wand0')
fake_wandb = namespace(init=<function fake_wandb.<locals>.init at 0x11110e660>, log=<function fake_wandb.<locals>.<lambda> at 0x111...tion_prob': 0.0}, 'runtime': {'n_runtime_gpus': 1}}, 'id': 'existing-v3-run', 'resume': 'must'}], logs=[], finishes=[])

    def test_kaggriculture_online_wandb_resumes_same_run(
        tmp_path: Path, fake_wandb: SimpleNamespace
    ) -> None:
        cfg = FullConfig.from_file(_REPO_ROOT / "configs/kaggriculture.yaml")
    
        WandbLogger(tmp_path, cfg, resume_run_id="existing-v3-run")
    
        assert fake_wandb.inits[0]["id"] == "existing-v3-run"
        assert fake_wandb.inits[0]["resume"] == "must"
>       assert fake_wandb.inits[0]["project"] == "kg-v3"
E       AssertionError: assert 'orbit-wars' == 'kg-v3'
E         
E         - kg-v3
E         + orbit-wars

tests/owl/train/test_logging.py:116: AssertionError
_____ test_offline_wandb_rejects_resume_before_initialization[scaling_6m] ______

tmp_path = PosixPath('/private/var/folders/s_/d3vy5t5s4dv607gfkpx495000000gn/T/pytest-of-poonszesen/pytest-786/test_offline_wandb_rejects_res0')
fake_wandb = namespace(init=<function fake_wandb.<locals>.init at 0x11110e980>, log=<function fake_wandb.<locals>.<lambda> at 0x111...st-run-id', summary={}, finish=<function fake_wandb.<locals>.<lambda> at 0x11110e3e0>), inits=[], logs=[], finishes=[])
config = 'scaling_6m'

    @pytest.mark.parametrize("config", ["scaling_6m", "kaggriculture"])
    def test_offline_wandb_rejects_resume_before_initialization(
        tmp_path: Path, fake_wandb: SimpleNamespace, config: str
    ) -> None:
        cfg = FullConfig.from_file(_REPO_ROOT / f"configs/{config}.yaml")
    
        with pytest.raises(ValueError, match="offline.*resume|resume.*offline"):
>           WandbLogger(
                tmp_path, cfg, resume_run_id="existing-run", wandb_mode="offline"
            )
E           TypeError: WandbLogger.__init__() got an unexpected keyword argument 'wandb_mode'

tests/owl/train/test_logging.py:126: TypeError
____ test_offline_wandb_rejects_resume_before_initialization[kaggriculture] ____

tmp_path = PosixPath('/private/var/folders/s_/d3vy5t5s4dv607gfkpx495000000gn/T/pytest-of-poonszesen/pytest-786/test_offline_wandb_rejects_res1')
fake_wandb = namespace(init=<function fake_wandb.<locals>.init at 0x11110eca0>, log=<function fake_wandb.<locals>.<lambda> at 0x111...st-run-id', summary={}, finish=<function fake_wandb.<locals>.<lambda> at 0x11110eac0>), inits=[], logs=[], finishes=[])
config = 'kaggriculture'

    @pytest.mark.parametrize("config", ["scaling_6m", "kaggriculture"])
    def test_offline_wandb_rejects_resume_before_initialization(
        tmp_path: Path, fake_wandb: SimpleNamespace, config: str
    ) -> None:
        cfg = FullConfig.from_file(_REPO_ROOT / f"configs/{config}.yaml")
    
        with pytest.raises(ValueError, match="offline.*resume|resume.*offline"):
>           WandbLogger(
                tmp_path, cfg, resume_run_id="existing-run", wandb_mode="offline"
            )
E           TypeError: WandbLogger.__init__() got an unexpected keyword argument 'wandb_mode'

tests/owl/train/test_logging.py:126: TypeError
=========================== short test summary info ============================
FAILED tests/owl/train/test_logging.py::test_kaggriculture_wandb_init_uses_v3_identity_and_mode[online]
FAILED tests/owl/train/test_logging.py::test_kaggriculture_wandb_init_uses_v3_identity_and_mode[offline]
FAILED tests/owl/train/test_logging.py::test_orbit_offline_wandb_keeps_run_artifacts_in_run_dir
FAILED tests/owl/train/test_logging.py::test_kaggriculture_online_wandb_resumes_same_run
FAILED tests/owl/train/test_logging.py::test_offline_wandb_rejects_resume_before_initialization[scaling_6m]
FAILED tests/owl/train/test_logging.py::test_offline_wandb_rejects_resume_before_initialization[kaggriculture]
6 failed, 4 passed in 0.08s
