oracle-cha22-00-cha22-vs-starter.jsonl.gz: 719 transitions, 0 rejected, 184,340 B, 1.1s
oracle-cha22-01-starter-vs-cha22.jsonl.gz: 719 transitions, 0 rejected, 194,370 B, 1.2s
oracle-cha22-02-cha22-vs-starter.jsonl.gz: 719 transitions, 0 rejected, 185,613 B, 1.2s
        4.34 real         4.13 user         0.18 sys
           478134272  maximum resident set size
                   0  average shared memory size
                   0  average unshared data size
                   0  average unshared stack size
              103631  page reclaims
                   7  page faults
                   0  swaps
                   0  block input operations
                   0  block output operations
                   0  messages sent
                   0  messages received
                   0  signals received
                 190  voluntary context switches
                 326  involuntary context switches
         81985311296  instructions retired
         19110076650  cycles elapsed
           454738712  peak memory footprint
