/workspace/kg-v3-rebuild/.venv/lib/python3.12/site-packages/torch/backends/__init__.py:46: UserWarning: Please use the new API settings to control TF32 behavior, such as torch.backends.cudnn.conv.fp32_precision = 'tf32' or torch.backends.cuda.matmul.fp32_precision = 'ieee'. Old settings, e.g, torch.backends.cuda.matmul.allow_tf32 = True, torch.backends.cudnn.allow_tf32 = True, allowTF32CuDNN() and allowTF32CuBLAS() will be deprecated after Pytorch 2.9. Please see https://pytorch.org/docs/main/notes/cuda.html#tensorfloat-32-tf32-on-ampere-and-later-devices (Triggered internally at /pytorch/aten/src/ATen/Context.cpp:80.)
  self.setter(val)
Autotune Choices Stats:
{"num_choices": 2, "num_triton_choices": 0, "best_kernel": "bias_addmm", "best_time": 0.03171199932694435}
AUTOTUNE addmm(4096x256, 4096x768, 768x256)
strides: [0, 1], [768, 1], [1, 768]
dtypes: torch.bfloat16, torch.bfloat16, torch.bfloat16
  bias_addmm 0.0317 ms 100.0% 
  addmm 0.0330 ms 96.0% 
SingleProcess AUTOTUNE benchmarking takes 0.0572 seconds and 0.0001 seconds precompiling for 2 choices
V0929 07:07:19.918000 138019 torch/_dynamo/guards.py:4181] [0/1] [__recompiles] Recompiling function inner in /workspace/kg-v3-rebuild/.venv/lib/python3.12/site-packages/torch/_dynamo/external_utils.py:66
V0929 07:07:19.918000 138019 torch/_dynamo/guards.py:4181] [0/1] [__recompiles]     triggered by the following guard failure(s):
V0929 07:07:19.918000 138019 torch/_dynamo/guards.py:4181] [0/1] [__recompiles]     - 0/0: 768*args[0].size()[0] <= 2147483647  # (_inductor/codegen/simd.py:1440 in can_use_32bit_indexing)
Autotune Choices Stats:
{"num_choices": 2, "num_triton_choices": 0, "best_kernel": "bias_addmm", "best_time": 3.891200065612793}
AUTOTUNE addmm(2796203x256, 2796203x768, 768x256)
strides: [0, 1], [768, 1], [1, 768]
dtypes: torch.bfloat16, torch.bfloat16, torch.bfloat16
  bias_addmm 3.8912 ms 100.0% 
  addmm 5.8184 ms 66.9% 
SingleProcess AUTOTUNE benchmarking takes 0.1313 seconds and 0.0001 seconds precompiling for 2 choices
