/workspace/kg-v3-rebuild/.venv/lib/python3.12/site-packages/torch/backends/__init__.py:46: UserWarning: Please use the new API settings to control TF32 behavior, such as torch.backends.cudnn.conv.fp32_precision = 'tf32' or torch.backends.cuda.matmul.fp32_precision = 'ieee'. Old settings, e.g, torch.backends.cuda.matmul.allow_tf32 = True, torch.backends.cudnn.allow_tf32 = True, allowTF32CuDNN() and allowTF32CuBLAS() will be deprecated after Pytorch 2.9. Please see https://pytorch.org/docs/main/notes/cuda.html#tensorfloat-32-tf32-on-ampere-and-later-devices (Triggered internally at /pytorch/aten/src/ATen/Context.cpp:80.)
  self.setter(val)
Autotune Choices Stats:
{"num_choices": 2, "num_triton_choices": 0, "best_kernel": "bias_addmm", "best_time": 0.02160000056028366}
AUTOTUNE addmm(4096x256, 4096x512, 512x256)
strides: [0, 1], [512, 1], [1, 512]
dtypes: torch.bfloat16, torch.bfloat16, torch.bfloat16
  bias_addmm 0.0216 ms 100.0% 
  addmm 0.0244 ms 88.4% 
SingleProcess AUTOTUNE benchmarking takes 0.0462 seconds and 0.0001 seconds precompiling for 2 choices
V0929 07:07:33.294000 138642 torch/_dynamo/guards.py:4181] [0/1] [__recompiles] Recompiling function inner in /workspace/kg-v3-rebuild/.venv/lib/python3.12/site-packages/torch/_dynamo/external_utils.py:66
V0929 07:07:33.294000 138642 torch/_dynamo/guards.py:4181] [0/1] [__recompiles]     triggered by the following guard failure(s):
V0929 07:07:33.294000 138642 torch/_dynamo/guards.py:4181] [0/1] [__recompiles]     - 0/0: 512*args[0].size()[0] <= 2147483647  # (_inductor/codegen/simd.py:1440 in can_use_32bit_indexing)
Autotune Choices Stats:
{"num_choices": 2, "num_triton_choices": 0, "best_kernel": "bias_addmm", "best_time": 4.356095790863037}
AUTOTUNE addmm(4198401x256, 4198401x512, 512x256)
strides: [0, 1], [512, 1], [1, 512]
dtypes: torch.bfloat16, torch.bfloat16, torch.bfloat16
  bias_addmm 4.3561 ms 100.0% 
  addmm 7.2100 ms 60.4% 
SingleProcess AUTOTUNE benchmarking takes 0.1406 seconds and 0.0001 seconds precompiling for 2 choices
