{"density": "mid", "density_spec": {"own": 40, "rival": 40, "shops": 4}, "envs": 128, "rows_A_D": 256, "rows_B": 1024, "rows_C": 16384, "tokens_per_row_min": 303, "tokens_per_row_max": 303, "padded_seq_len": 709, "make_obs_s": 0.728492259979248, "n_params": 6252223, "torch": "2.9.0+cu128", "cuda_runtime": "12.8", "flash_attn": "2.8.3", "triton": "3.5.0", "device_name": "NVIDIA RTX PRO 6000 Blackwell Server Edition", "tf32_matmul": true, "trunk_compile": "torch.compile(mode=max-autotune-no-cudagraphs, dynamic=True)", "heads": "eager", "autocast": "bfloat16, fp32 params", "grammar_tables": "expected_grammar_tables (synthetic)", "git_head": "e1458d2a717d9d731a367cbb78b98616ee6649f4", "gpu_total_gib": 94.972412109375}
Autotune Choices Stats:
{"num_choices": 2, "num_triton_choices": 0, "best_kernel": "bias_addmm", "best_time": 0.12412799894809723}
AUTOTUNE addmm(77568x256, 77568x256, 256x256)
strides: [0, 1], [256, 1], [1, 256]
dtypes: torch.bfloat16, torch.bfloat16, torch.bfloat16
  bias_addmm 0.1241 ms 100.0% 
  addmm 0.1392 ms 89.2% 
SingleProcess AUTOTUNE benchmarking takes 0.0636 seconds and 0.0001 seconds precompiling for 2 choices
[A_rollout_forward_256] first=15.92s median=15.23ms p90=15.24ms peak_alloc=0.65GiB chunks/iter=1.0 flash=True
[D_compute_value_256] first=0.01s median=11.84ms p90=11.85ms peak_alloc=0.51GiB chunks/iter=1.0 flash=True
V0929 07:10:09.120000 145089 .venv/lib/python3.12/site-packages/torch/_dynamo/guards.py:4181] [0/1] [__recompiles] Recompiling function _forward_transformer_trunk in /workspace/kg-v3-rebuild/python/owl/model/kaggriculture.py:493
V0929 07:10:09.120000 145089 .venv/lib/python3.12/site-packages/torch/_dynamo/guards.py:4181] [0/1] [__recompiles]     triggered by the following guard failure(s):
V0929 07:10:09.120000 145089 .venv/lib/python3.12/site-packages/torch/_dynamo/guards.py:4181] [0/1] [__recompiles]     - 0/0: GLOBAL_STATE changed: grad_mode 
Autotune Choices Stats:
{"num_choices": 2, "num_triton_choices": 0, "best_kernel": "bias_addmm", "best_time": 0.46694400906562805}
AUTOTUNE addmm(310272x512, 310272x256, 256x512)
strides: [0, 1], [256, 1], [1, 256]
dtypes: torch.bfloat16, torch.bfloat16, torch.bfloat16
  bias_addmm 0.4669 ms 100.0% 
  addmm 0.8693 ms 53.7% 
SingleProcess AUTOTUNE benchmarking takes 0.0847 seconds and 0.0002 seconds precompiling for 2 choices
Autotune Choices Stats:
{"num_choices": 2, "num_triton_choices": 0, "best_kernel": "bias_addmm", "best_time": 0.43964800238609314}
AUTOTUNE addmm(310272x256, 310272x256, 256x256)
strides: [0, 1], [256, 1], [1, 256]
dtypes: torch.bfloat16, torch.bfloat16, torch.bfloat16
  bias_addmm 0.4396 ms 100.0% 
  addmm 0.4709 ms 93.4% 
SingleProcess AUTOTUNE benchmarking takes 0.0828 seconds and 0.0001 seconds precompiling for 2 choices
[B_ppo_train_step_1024] first=25.98s median=186.18ms p90=186.40ms peak_alloc=20.92GiB chunks/iter=1.0 flash=True
[C_teacher_forward_16384] first=1.01s median=1004.65ms p90=1004.97ms peak_alloc=30.74GiB chunks/iter=2.0 flash=True
{
  "formula": "update_wall = 64*t_A + t_C + 16*t_B + t_D; ceiling_sps_rank = 8192/update_wall",
  "env_steps_per_update_per_rank": 8192,
  "minibatches_per_update": 16,
  "update_wall_s_median": 4.969930314064025,
  "update_wall_s_p90": 4.974299810409546,
  "share": {
    "A_64x": 0.19610081012240294,
    "B_16x": 0.599370764653907,
    "C": 0.2021465069422365,
    "D": 0.0023819182814536193
  },
  "ceiling_sps_per_rank_median": 1648.312849944412,
  "ceiling_sps_per_rank_p90": 1646.8649482801345,
  "ceiling_sps_2_ranks_approx_median": 3296.625699888824,
  "model_s_per_env_step": 0.0006066809465410187
}
wrote /workspace/kg-v3-rebuild/runs/aten-gemm-ab-2026-09-29/bench_aten/results_mid.json
