/workspace/kg-v3-rebuild/.venv/lib/python3.12/site-packages/torch/backends/__init__.py:46: UserWarning: Please use the new API settings to control TF32 behavior, such as torch.backends.cudnn.conv.fp32_precision = 'tf32' or torch.backends.cuda.matmul.fp32_precision = 'ieee'. Old settings, e.g, torch.backends.cuda.matmul.allow_tf32 = True, torch.backends.cudnn.allow_tf32 = True, allowTF32CuDNN() and allowTF32CuBLAS() will be deprecated after Pytorch 2.9. Please see https://pytorch.org/docs/main/notes/cuda.html#tensorfloat-32-tf32-on-ampere-and-later-devices (Triggered internally at /pytorch/aten/src/ATen/Context.cpp:80.)
  self.setter(val)
Autotune Choices Stats:
{"num_choices": 17, "num_triton_choices": 15, "best_kernel": "triton_mm_9", "best_kernel_desc": "ACC_TYPE='tl.float32', ALLOW_TF32=True, BLOCK_K=64, BLOCK_M=64, BLOCK_N=128, EVEN_K=True, GROUP_M=8, USE_FAST_ACCUM=False, num_stages=3, num_warps=4", "best_time": 0.023840000852942467, "best_triton_pos": 0}
AUTOTUNE addmm(4096x256, 4096x768, 768x256)
strides: [0, 1], [768, 1], [1, 768]
dtypes: torch.bfloat16, torch.bfloat16, torch.bfloat16
  triton_mm_9 0.0238 ms 100.0% ACC_TYPE='tl.float32', ALLOW_TF32=True, BLOCK_K=64, BLOCK_M=64, BLOCK_N=128, EVEN_K=True, GROUP_M=8, USE_FAST_ACCUM=False, num_stages=3, num_warps=4
  triton_mm_14 0.0266 ms 89.7% ACC_TYPE='tl.float32', ALLOW_TF32=True, BLOCK_K=64, BLOCK_M=128, BLOCK_N=128, EVEN_K=True, GROUP_M=8, USE_FAST_ACCUM=False, num_stages=3, num_warps=4
  triton_mm_6 0.0286 ms 83.2% ACC_TYPE='tl.float32', ALLOW_TF32=True, BLOCK_K=64, BLOCK_M=64, BLOCK_N=64, EVEN_K=True, GROUP_M=8, USE_FAST_ACCUM=False, num_stages=3, num_warps=8
  bias_addmm 0.0307 ms 77.7% 
  triton_mm_11 0.0307 ms 77.7% ACC_TYPE='tl.float32', ALLOW_TF32=True, BLOCK_K=32, BLOCK_M=128, BLOCK_N=64, EVEN_K=True, GROUP_M=8, USE_FAST_ACCUM=False, num_stages=4, num_warps=8
  triton_mm_3 0.0308 ms 77.3% ACC_TYPE='tl.float32', ALLOW_TF32=True, BLOCK_K=32, BLOCK_M=64, BLOCK_N=32, EVEN_K=True, GROUP_M=8, USE_FAST_ACCUM=False, num_stages=5, num_warps=8
  triton_mm_8 0.0313 ms 76.2% ACC_TYPE='tl.float32', ALLOW_TF32=True, BLOCK_K=32, BLOCK_M=64, BLOCK_N=128, EVEN_K=True, GROUP_M=8, USE_FAST_ACCUM=False, num_stages=4, num_warps=8
  triton_mm_1 0.0320 ms 74.4% ACC_TYPE='tl.float32', ALLOW_TF32=True, BLOCK_K=128, BLOCK_M=32, BLOCK_N=32, EVEN_K=True, GROUP_M=8, USE_FAST_ACCUM=False, num_stages=2, num_warps=4
  triton_mm_2 0.0322 ms 74.0% ACC_TYPE='tl.float32', ALLOW_TF32=True, BLOCK_K=32, BLOCK_M=32, BLOCK_N=64, EVEN_K=True, GROUP_M=8, USE_FAST_ACCUM=False, num_stages=5, num_warps=8
  triton_mm_10 0.0327 ms 72.8% ACC_TYPE='tl.float32', ALLOW_TF32=True, BLOCK_K=32, BLOCK_M=128, BLOCK_N=64, EVEN_K=True, GROUP_M=8, USE_FAST_ACCUM=False, num_stages=3, num_warps=4
SingleProcess AUTOTUNE benchmarking takes 0.3655 seconds and 0.4425 seconds precompiling for 17 choices
V0929 07:14:52.969000 151148 torch/_dynamo/guards.py:4181] [0/1] [__recompiles] Recompiling function inner in /workspace/kg-v3-rebuild/.venv/lib/python3.12/site-packages/torch/_dynamo/external_utils.py:66
V0929 07:14:52.969000 151148 torch/_dynamo/guards.py:4181] [0/1] [__recompiles]     triggered by the following guard failure(s):
V0929 07:14:52.969000 151148 torch/_dynamo/guards.py:4181] [0/1] [__recompiles]     - 0/0: 768*args[0].size()[0] <= 2147483647  # (_inductor/codegen/simd.py:1442 in can_use_32bit_indexing)
E0929 07:14:53.439000 151148 torch/_inductor/select_algorithm.py:2967] [0/1] Runtime error during autotuning: 
E0929 07:14:53.439000 151148 torch/_inductor/select_algorithm.py:2967] [0/1] CUDA error: an illegal memory access was encountered
E0929 07:14:53.439000 151148 torch/_inductor/select_algorithm.py:2967] [0/1] Search for `cudaErrorIllegalAddress' in https://docs.nvidia.com/cuda/cuda-runtime-api/group__CUDART__TYPES.html for more information.
E0929 07:14:53.439000 151148 torch/_inductor/select_algorithm.py:2967] [0/1] CUDA kernel errors might be asynchronously reported at some other API call, so the stacktrace below might be incorrect.
E0929 07:14:53.439000 151148 torch/_inductor/select_algorithm.py:2967] [0/1] For debugging consider passing CUDA_LAUNCH_BLOCKING=1
E0929 07:14:53.439000 151148 torch/_inductor/select_algorithm.py:2967] [0/1] Compile with `TORCH_USE_CUDA_DSA` to enable device-side assertions.
E0929 07:14:53.439000 151148 torch/_inductor/select_algorithm.py:2967] [0/1] 
E0929 07:14:53.439000 151148 torch/_inductor/select_algorithm.py:2967] [0/1] 
E0929 07:14:53.439000 151148 torch/_inductor/select_algorithm.py:2967] [0/1] Either error in template or triton bug.
E0929 07:14:53.439000 151148 torch/_inductor/select_algorithm.py:2967] [0/1] . 
E0929 07:14:53.439000 151148 torch/_inductor/select_algorithm.py:2967] [0/1] Ignoring this choice.
E0929 07:14:53.440000 151148 torch/_inductor/select_algorithm.py:2967] [0/1] Runtime error during autotuning: 
E0929 07:14:53.440000 151148 torch/_inductor/select_algorithm.py:2967] [0/1] CUDA error: an illegal memory access was encountered
E0929 07:14:53.440000 151148 torch/_inductor/select_algorithm.py:2967] [0/1] Search for `cudaErrorIllegalAddress' in https://docs.nvidia.com/cuda/cuda-runtime-api/group__CUDART__TYPES.html for more information.
E0929 07:14:53.440000 151148 torch/_inductor/select_algorithm.py:2967] [0/1] CUDA kernel errors might be asynchronously reported at some other API call, so the stacktrace below might be incorrect.
E0929 07:14:53.440000 151148 torch/_inductor/select_algorithm.py:2967] [0/1] For debugging consider passing CUDA_LAUNCH_BLOCKING=1
E0929 07:14:53.440000 151148 torch/_inductor/select_algorithm.py:2967] [0/1] Compile with `TORCH_USE_CUDA_DSA` to enable device-side assertions.
E0929 07:14:53.440000 151148 torch/_inductor/select_algorithm.py:2967] [0/1] 
E0929 07:14:53.440000 151148 torch/_inductor/select_algorithm.py:2967] [0/1] 
E0929 07:14:53.440000 151148 torch/_inductor/select_algorithm.py:2967] [0/1] Either error in template or triton bug.
E0929 07:14:53.440000 151148 torch/_inductor/select_algorithm.py:2967] [0/1] . 
E0929 07:14:53.440000 151148 torch/_inductor/select_algorithm.py:2967] [0/1] Ignoring this choice.
E0929 07:14:53.440000 151148 torch/_inductor/select_algorithm.py:2967] [0/1] Runtime error during autotuning: 
E0929 07:14:53.440000 151148 torch/_inductor/select_algorithm.py:2967] [0/1] CUDA error: an illegal memory access was encountered
E0929 07:14:53.440000 151148 torch/_inductor/select_algorithm.py:2967] [0/1] Search for `cudaErrorIllegalAddress' in https://docs.nvidia.com/cuda/cuda-runtime-api/group__CUDART__TYPES.html for more information.
E0929 07:14:53.440000 151148 torch/_inductor/select_algorithm.py:2967] [0/1] CUDA kernel errors might be asynchronously reported at some other API call, so the stacktrace below might be incorrect.
E0929 07:14:53.440000 151148 torch/_inductor/select_algorithm.py:2967] [0/1] For debugging consider passing CUDA_LAUNCH_BLOCKING=1
E0929 07:14:53.440000 151148 torch/_inductor/select_algorithm.py:2967] [0/1] Compile with `TORCH_USE_CUDA_DSA` to enable device-side assertions.
E0929 07:14:53.440000 151148 torch/_inductor/select_algorithm.py:2967] [0/1] 
E0929 07:14:53.440000 151148 torch/_inductor/select_algorithm.py:2967] [0/1] 
E0929 07:14:53.440000 151148 torch/_inductor/select_algorithm.py:2967] [0/1] Either error in template or triton bug.
E0929 07:14:53.440000 151148 torch/_inductor/select_algorithm.py:2967] [0/1] . 
E0929 07:14:53.440000 151148 torch/_inductor/select_algorithm.py:2967] [0/1] Ignoring this choice.
E0929 07:14:53.441000 151148 torch/_inductor/select_algorithm.py:2967] [0/1] Runtime error during autotuning: 
E0929 07:14:53.441000 151148 torch/_inductor/select_algorithm.py:2967] [0/1] CUDA error: an illegal memory access was encountered
E0929 07:14:53.441000 151148 torch/_inductor/select_algorithm.py:2967] [0/1] Search for `cudaErrorIllegalAddress' in https://docs.nvidia.com/cuda/cuda-runtime-api/group__CUDART__TYPES.html for more information.
E0929 07:14:53.441000 151148 torch/_inductor/select_algorithm.py:2967] [0/1] CUDA kernel errors might be asynchronously reported at some other API call, so the stacktrace below might be incorrect.
E0929 07:14:53.441000 151148 torch/_inductor/select_algorithm.py:2967] [0/1] For debugging consider passing CUDA_LAUNCH_BLOCKING=1
E0929 07:14:53.441000 151148 torch/_inductor/select_algorithm.py:2967] [0/1] Compile with `TORCH_USE_CUDA_DSA` to enable device-side assertions.
E0929 07:14:53.441000 151148 torch/_inductor/select_algorithm.py:2967] [0/1] 
E0929 07:14:53.441000 151148 torch/_inductor/select_algorithm.py:2967] [0/1] 
E0929 07:14:53.441000 151148 torch/_inductor/select_algorithm.py:2967] [0/1] Either error in template or triton bug.
E0929 07:14:53.441000 151148 torch/_inductor/select_algorithm.py:2967] [0/1] . 
E0929 07:14:53.441000 151148 torch/_inductor/select_algorithm.py:2967] [0/1] Ignoring this choice.
E0929 07:14:53.441000 151148 torch/_inductor/select_algorithm.py:2967] [0/1] Runtime error during autotuning: 
E0929 07:14:53.441000 151148 torch/_inductor/select_algorithm.py:2967] [0/1] CUDA error: an illegal memory access was encountered
E0929 07:14:53.441000 151148 torch/_inductor/select_algorithm.py:2967] [0/1] Search for `cudaErrorIllegalAddress' in https://docs.nvidia.com/cuda/cuda-runtime-api/group__CUDART__TYPES.html for more information.
E0929 07:14:53.441000 151148 torch/_inductor/select_algorithm.py:2967] [0/1] CUDA kernel errors might be asynchronously reported at some other API call, so the stacktrace below might be incorrect.
E0929 07:14:53.441000 151148 torch/_inductor/select_algorithm.py:2967] [0/1] For debugging consider passing CUDA_LAUNCH_BLOCKING=1
E0929 07:14:53.441000 151148 torch/_inductor/select_algorithm.py:2967] [0/1] Compile with `TORCH_USE_CUDA_DSA` to enable device-side assertions.
E0929 07:14:53.441000 151148 torch/_inductor/select_algorithm.py:2967] [0/1] 
E0929 07:14:53.441000 151148 torch/_inductor/select_algorithm.py:2967] [0/1] 
E0929 07:14:53.441000 151148 torch/_inductor/select_algorithm.py:2967] [0/1] Either error in template or triton bug.
E0929 07:14:53.441000 151148 torch/_inductor/select_algorithm.py:2967] [0/1] . 
E0929 07:14:53.441000 151148 torch/_inductor/select_algorithm.py:2967] [0/1] Ignoring this choice.
E0929 07:14:53.441000 151148 torch/_inductor/select_algorithm.py:2967] [0/1] Runtime error during autotuning: 
E0929 07:14:53.441000 151148 torch/_inductor/select_algorithm.py:2967] [0/1] CUDA error: an illegal memory access was encountered
E0929 07:14:53.441000 151148 torch/_inductor/select_algorithm.py:2967] [0/1] Search for `cudaErrorIllegalAddress' in https://docs.nvidia.com/cuda/cuda-runtime-api/group__CUDART__TYPES.html for more information.
E0929 07:14:53.441000 151148 torch/_inductor/select_algorithm.py:2967] [0/1] CUDA kernel errors might be asynchronously reported at some other API call, so the stacktrace below might be incorrect.
E0929 07:14:53.441000 151148 torch/_inductor/select_algorithm.py:2967] [0/1] For debugging consider passing CUDA_LAUNCH_BLOCKING=1
E0929 07:14:53.441000 151148 torch/_inductor/select_algorithm.py:2967] [0/1] Compile with `TORCH_USE_CUDA_DSA` to enable device-side assertions.
E0929 07:14:53.441000 151148 torch/_inductor/select_algorithm.py:2967] [0/1] 
E0929 07:14:53.441000 151148 torch/_inductor/select_algorithm.py:2967] [0/1] 
E0929 07:14:53.441000 151148 torch/_inductor/select_algorithm.py:2967] [0/1] Either error in template or triton bug.
E0929 07:14:53.441000 151148 torch/_inductor/select_algorithm.py:2967] [0/1] . 
E0929 07:14:53.441000 151148 torch/_inductor/select_algorithm.py:2967] [0/1] Ignoring this choice.
E0929 07:14:53.441000 151148 torch/_inductor/select_algorithm.py:2967] [0/1] Runtime error during autotuning: 
E0929 07:14:53.441000 151148 torch/_inductor/select_algorithm.py:2967] [0/1] CUDA error: an illegal memory access was encountered
E0929 07:14:53.441000 151148 torch/_inductor/select_algorithm.py:2967] [0/1] Search for `cudaErrorIllegalAddress' in https://docs.nvidia.com/cuda/cuda-runtime-api/group__CUDART__TYPES.html for more information.
E0929 07:14:53.441000 151148 torch/_inductor/select_algorithm.py:2967] [0/1] CUDA kernel errors might be asynchronously reported at some other API call, so the stacktrace below might be incorrect.
E0929 07:14:53.441000 151148 torch/_inductor/select_algorithm.py:2967] [0/1] For debugging consider passing CUDA_LAUNCH_BLOCKING=1
E0929 07:14:53.441000 151148 torch/_inductor/select_algorithm.py:2967] [0/1] Compile with `TORCH_USE_CUDA_DSA` to enable device-side assertions.
E0929 07:14:53.441000 151148 torch/_inductor/select_algorithm.py:2967] [0/1] 
E0929 07:14:53.441000 151148 torch/_inductor/select_algorithm.py:2967] [0/1] 
E0929 07:14:53.441000 151148 torch/_inductor/select_algorithm.py:2967] [0/1] Either error in template or triton bug.
E0929 07:14:53.441000 151148 torch/_inductor/select_algorithm.py:2967] [0/1] . 
E0929 07:14:53.441000 151148 torch/_inductor/select_algorithm.py:2967] [0/1] Ignoring this choice.
E0929 07:14:53.442000 151148 torch/_inductor/select_algorithm.py:2967] [0/1] Runtime error during autotuning: 
E0929 07:14:53.442000 151148 torch/_inductor/select_algorithm.py:2967] [0/1] CUDA error: an illegal memory access was encountered
E0929 07:14:53.442000 151148 torch/_inductor/select_algorithm.py:2967] [0/1] Search for `cudaErrorIllegalAddress' in https://docs.nvidia.com/cuda/cuda-runtime-api/group__CUDART__TYPES.html for more information.
E0929 07:14:53.442000 151148 torch/_inductor/select_algorithm.py:2967] [0/1] CUDA kernel errors might be asynchronously reported at some other API call, so the stacktrace below might be incorrect.
E0929 07:14:53.442000 151148 torch/_inductor/select_algorithm.py:2967] [0/1] For debugging consider passing CUDA_LAUNCH_BLOCKING=1
E0929 07:14:53.442000 151148 torch/_inductor/select_algorithm.py:2967] [0/1] Compile with `TORCH_USE_CUDA_DSA` to enable device-side assertions.
E0929 07:14:53.442000 151148 torch/_inductor/select_algorithm.py:2967] [0/1] 
E0929 07:14:53.442000 151148 torch/_inductor/select_algorithm.py:2967] [0/1] 
E0929 07:14:53.442000 151148 torch/_inductor/select_algorithm.py:2967] [0/1] Either error in template or triton bug.
E0929 07:14:53.442000 151148 torch/_inductor/select_algorithm.py:2967] [0/1] . 
E0929 07:14:53.442000 151148 torch/_inductor/select_algorithm.py:2967] [0/1] Ignoring this choice.
E0929 07:14:53.442000 151148 torch/_inductor/select_algorithm.py:2967] [0/1] Runtime error during autotuning: 
E0929 07:14:53.442000 151148 torch/_inductor/select_algorithm.py:2967] [0/1] CUDA error: an illegal memory access was encountered
E0929 07:14:53.442000 151148 torch/_inductor/select_algorithm.py:2967] [0/1] Search for `cudaErrorIllegalAddress' in https://docs.nvidia.com/cuda/cuda-runtime-api/group__CUDART__TYPES.html for more information.
E0929 07:14:53.442000 151148 torch/_inductor/select_algorithm.py:2967] [0/1] CUDA kernel errors might be asynchronously reported at some other API call, so the stacktrace below might be incorrect.
E0929 07:14:53.442000 151148 torch/_inductor/select_algorithm.py:2967] [0/1] For debugging consider passing CUDA_LAUNCH_BLOCKING=1
E0929 07:14:53.442000 151148 torch/_inductor/select_algorithm.py:2967] [0/1] Compile with `TORCH_USE_CUDA_DSA` to enable device-side assertions.
E0929 07:14:53.442000 151148 torch/_inductor/select_algorithm.py:2967] [0/1] 
E0929 07:14:53.442000 151148 torch/_inductor/select_algorithm.py:2967] [0/1] 
E0929 07:14:53.442000 151148 torch/_inductor/select_algorithm.py:2967] [0/1] Either error in template or triton bug.
E0929 07:14:53.442000 151148 torch/_inductor/select_algorithm.py:2967] [0/1] . 
E0929 07:14:53.442000 151148 torch/_inductor/select_algorithm.py:2967] [0/1] Ignoring this choice.
E0929 07:14:53.442000 151148 torch/_inductor/select_algorithm.py:2967] [0/1] Runtime error during autotuning: 
E0929 07:14:53.442000 151148 torch/_inductor/select_algorithm.py:2967] [0/1] CUDA error: an illegal memory access was encountered
E0929 07:14:53.442000 151148 torch/_inductor/select_algorithm.py:2967] [0/1] Search for `cudaErrorIllegalAddress' in https://docs.nvidia.com/cuda/cuda-runtime-api/group__CUDART__TYPES.html for more information.
E0929 07:14:53.442000 151148 torch/_inductor/select_algorithm.py:2967] [0/1] CUDA kernel errors might be asynchronously reported at some other API call, so the stacktrace below might be incorrect.
E0929 07:14:53.442000 151148 torch/_inductor/select_algorithm.py:2967] [0/1] For debugging consider passing CUDA_LAUNCH_BLOCKING=1
E0929 07:14:53.442000 151148 torch/_inductor/select_algorithm.py:2967] [0/1] Compile with `TORCH_USE_CUDA_DSA` to enable device-side assertions.
E0929 07:14:53.442000 151148 torch/_inductor/select_algorithm.py:2967] [0/1] 
E0929 07:14:53.442000 151148 torch/_inductor/select_algorithm.py:2967] [0/1] 
E0929 07:14:53.442000 151148 torch/_inductor/select_algorithm.py:2967] [0/1] Either error in template or triton bug.
E0929 07:14:53.442000 151148 torch/_inductor/select_algorithm.py:2967] [0/1] . 
E0929 07:14:53.442000 151148 torch/_inductor/select_algorithm.py:2967] [0/1] Ignoring this choice.
E0929 07:14:53.442000 151148 torch/_inductor/select_algorithm.py:2967] [0/1] Runtime error during autotuning: 
E0929 07:14:53.442000 151148 torch/_inductor/select_algorithm.py:2967] [0/1] CUDA error: an illegal memory access was encountered
E0929 07:14:53.442000 151148 torch/_inductor/select_algorithm.py:2967] [0/1] Search for `cudaErrorIllegalAddress' in https://docs.nvidia.com/cuda/cuda-runtime-api/group__CUDART__TYPES.html for more information.
E0929 07:14:53.442000 151148 torch/_inductor/select_algorithm.py:2967] [0/1] CUDA kernel errors might be asynchronously reported at some other API call, so the stacktrace below might be incorrect.
E0929 07:14:53.442000 151148 torch/_inductor/select_algorithm.py:2967] [0/1] For debugging consider passing CUDA_LAUNCH_BLOCKING=1
E0929 07:14:53.442000 151148 torch/_inductor/select_algorithm.py:2967] [0/1] Compile with `TORCH_USE_CUDA_DSA` to enable device-side assertions.
E0929 07:14:53.442000 151148 torch/_inductor/select_algorithm.py:2967] [0/1] 
E0929 07:14:53.442000 151148 torch/_inductor/select_algorithm.py:2967] [0/1] 
E0929 07:14:53.442000 151148 torch/_inductor/select_algorithm.py:2967] [0/1] Either error in template or triton bug.
E0929 07:14:53.442000 151148 torch/_inductor/select_algorithm.py:2967] [0/1] . 
E0929 07:14:53.442000 151148 torch/_inductor/select_algorithm.py:2967] [0/1] Ignoring this choice.
E0929 07:14:53.443000 151148 torch/_inductor/select_algorithm.py:2967] [0/1] Runtime error during autotuning: 
E0929 07:14:53.443000 151148 torch/_inductor/select_algorithm.py:2967] [0/1] CUDA error: an illegal memory access was encountered
E0929 07:14:53.443000 151148 torch/_inductor/select_algorithm.py:2967] [0/1] Search for `cudaErrorIllegalAddress' in https://docs.nvidia.com/cuda/cuda-runtime-api/group__CUDART__TYPES.html for more information.
E0929 07:14:53.443000 151148 torch/_inductor/select_algorithm.py:2967] [0/1] CUDA kernel errors might be asynchronously reported at some other API call, so the stacktrace below might be incorrect.
E0929 07:14:53.443000 151148 torch/_inductor/select_algorithm.py:2967] [0/1] For debugging consider passing CUDA_LAUNCH_BLOCKING=1
E0929 07:14:53.443000 151148 torch/_inductor/select_algorithm.py:2967] [0/1] Compile with `TORCH_USE_CUDA_DSA` to enable device-side assertions.
E0929 07:14:53.443000 151148 torch/_inductor/select_algorithm.py:2967] [0/1] 
E0929 07:14:53.443000 151148 torch/_inductor/select_algorithm.py:2967] [0/1] 
E0929 07:14:53.443000 151148 torch/_inductor/select_algorithm.py:2967] [0/1] Either error in template or triton bug.
E0929 07:14:53.443000 151148 torch/_inductor/select_algorithm.py:2967] [0/1] . 
E0929 07:14:53.443000 151148 torch/_inductor/select_algorithm.py:2967] [0/1] Ignoring this choice.
E0929 07:14:53.443000 151148 torch/_inductor/select_algorithm.py:2967] [0/1] Runtime error during autotuning: 
E0929 07:14:53.443000 151148 torch/_inductor/select_algorithm.py:2967] [0/1] CUDA error: an illegal memory access was encountered
E0929 07:14:53.443000 151148 torch/_inductor/select_algorithm.py:2967] [0/1] Search for `cudaErrorIllegalAddress' in https://docs.nvidia.com/cuda/cuda-runtime-api/group__CUDART__TYPES.html for more information.
E0929 07:14:53.443000 151148 torch/_inductor/select_algorithm.py:2967] [0/1] CUDA kernel errors might be asynchronously reported at some other API call, so the stacktrace below might be incorrect.
E0929 07:14:53.443000 151148 torch/_inductor/select_algorithm.py:2967] [0/1] For debugging consider passing CUDA_LAUNCH_BLOCKING=1
E0929 07:14:53.443000 151148 torch/_inductor/select_algorithm.py:2967] [0/1] Compile with `TORCH_USE_CUDA_DSA` to enable device-side assertions.
E0929 07:14:53.443000 151148 torch/_inductor/select_algorithm.py:2967] [0/1] 
E0929 07:14:53.443000 151148 torch/_inductor/select_algorithm.py:2967] [0/1] 
E0929 07:14:53.443000 151148 torch/_inductor/select_algorithm.py:2967] [0/1] Either error in template or triton bug.
E0929 07:14:53.443000 151148 torch/_inductor/select_algorithm.py:2967] [0/1] . 
E0929 07:14:53.443000 151148 torch/_inductor/select_algorithm.py:2967] [0/1] Ignoring this choice.
E0929 07:14:53.443000 151148 torch/_inductor/select_algorithm.py:2967] [0/1] Runtime error during autotuning: 
E0929 07:14:53.443000 151148 torch/_inductor/select_algorithm.py:2967] [0/1] CUDA error: an illegal memory access was encountered
E0929 07:14:53.443000 151148 torch/_inductor/select_algorithm.py:2967] [0/1] Search for `cudaErrorIllegalAddress' in https://docs.nvidia.com/cuda/cuda-runtime-api/group__CUDART__TYPES.html for more information.
E0929 07:14:53.443000 151148 torch/_inductor/select_algorithm.py:2967] [0/1] CUDA kernel errors might be asynchronously reported at some other API call, so the stacktrace below might be incorrect.
E0929 07:14:53.443000 151148 torch/_inductor/select_algorithm.py:2967] [0/1] For debugging consider passing CUDA_LAUNCH_BLOCKING=1
E0929 07:14:53.443000 151148 torch/_inductor/select_algorithm.py:2967] [0/1] Compile with `TORCH_USE_CUDA_DSA` to enable device-side assertions.
E0929 07:14:53.443000 151148 torch/_inductor/select_algorithm.py:2967] [0/1] 
E0929 07:14:53.443000 151148 torch/_inductor/select_algorithm.py:2967] [0/1] 
E0929 07:14:53.443000 151148 torch/_inductor/select_algorithm.py:2967] [0/1] Either error in template or triton bug.
E0929 07:14:53.443000 151148 torch/_inductor/select_algorithm.py:2967] [0/1] . 
E0929 07:14:53.443000 151148 torch/_inductor/select_algorithm.py:2967] [0/1] Ignoring this choice.
E0929 07:14:53.443000 151148 torch/_inductor/select_algorithm.py:2967] [0/1] Runtime error during autotuning: 
E0929 07:14:53.443000 151148 torch/_inductor/select_algorithm.py:2967] [0/1] CUDA error: an illegal memory access was encountered
E0929 07:14:53.443000 151148 torch/_inductor/select_algorithm.py:2967] [0/1] Search for `cudaErrorIllegalAddress' in https://docs.nvidia.com/cuda/cuda-runtime-api/group__CUDART__TYPES.html for more information.
E0929 07:14:53.443000 151148 torch/_inductor/select_algorithm.py:2967] [0/1] CUDA kernel errors might be asynchronously reported at some other API call, so the stacktrace below might be incorrect.
E0929 07:14:53.443000 151148 torch/_inductor/select_algorithm.py:2967] [0/1] For debugging consider passing CUDA_LAUNCH_BLOCKING=1
E0929 07:14:53.443000 151148 torch/_inductor/select_algorithm.py:2967] [0/1] Compile with `TORCH_USE_CUDA_DSA` to enable device-side assertions.
E0929 07:14:53.443000 151148 torch/_inductor/select_algorithm.py:2967] [0/1] 
E0929 07:14:53.443000 151148 torch/_inductor/select_algorithm.py:2967] [0/1] 
E0929 07:14:53.443000 151148 torch/_inductor/select_algorithm.py:2967] [0/1] Either error in template or triton bug.
E0929 07:14:53.443000 151148 torch/_inductor/select_algorithm.py:2967] [0/1] . 
E0929 07:14:53.443000 151148 torch/_inductor/select_algorithm.py:2967] [0/1] Ignoring this choice.
Autotune Choices Stats:
{"num_choices": 17, "num_triton_choices": 15, "best_kernel": "bias_addmm", "best_time": 3.891200065612793, "best_triton_pos": 2, "best_triton_time": Infinity, "best_triton_kernel": "triton_mm_15", "best_triton_kernel_desc": "ACC_TYPE='tl.float32', ALLOW_TF32=True, BLOCK_K=16, BLOCK_M=32, BLOCK_N=32, EVEN_K=True, GROUP_M=8, USE_FAST_ACCUM=False, num_stages=1, num_warps=2"}
AUTOTUNE addmm(2796203x256, 2796203x768, 768x256)
strides: [0, 1], [768, 1], [1, 768]
dtypes: torch.bfloat16, torch.bfloat16, torch.bfloat16
  bias_addmm 3.8912 ms 100.0% 
  addmm 5.8194 ms 66.9% 
  triton_mm_15 inf ms 0.0% ACC_TYPE='tl.float32', ALLOW_TF32=True, BLOCK_K=16, BLOCK_M=32, BLOCK_N=32, EVEN_K=True, GROUP_M=8, USE_FAST_ACCUM=False, num_stages=1, num_warps=2
  triton_mm_16 inf ms 0.0% ACC_TYPE='tl.float32', ALLOW_TF32=True, BLOCK_K=128, BLOCK_M=32, BLOCK_N=32, EVEN_K=True, GROUP_M=8, USE_FAST_ACCUM=False, num_stages=2, num_warps=4
  triton_mm_17 inf ms 0.0% ACC_TYPE='tl.float32', ALLOW_TF32=True, BLOCK_K=32, BLOCK_M=32, BLOCK_N=64, EVEN_K=True, GROUP_M=8, USE_FAST_ACCUM=False, num_stages=5, num_warps=8
  triton_mm_18 inf ms 0.0% ACC_TYPE='tl.float32', ALLOW_TF32=True, BLOCK_K=32, BLOCK_M=64, BLOCK_N=32, EVEN_K=True, GROUP_M=8, USE_FAST_ACCUM=False, num_stages=5, num_warps=8
  triton_mm_19 inf ms 0.0% ACC_TYPE='tl.float32', ALLOW_TF32=True, BLOCK_K=16, BLOCK_M=64, BLOCK_N=64, EVEN_K=True, GROUP_M=8, USE_FAST_ACCUM=False, num_stages=2, num_warps=4
  triton_mm_20 inf ms 0.0% ACC_TYPE='tl.float32', ALLOW_TF32=True, BLOCK_K=32, BLOCK_M=64, BLOCK_N=64, EVEN_K=True, GROUP_M=8, USE_FAST_ACCUM=False, num_stages=2, num_warps=4
  triton_mm_21 inf ms 0.0% ACC_TYPE='tl.float32', ALLOW_TF32=True, BLOCK_K=64, BLOCK_M=64, BLOCK_N=64, EVEN_K=True, GROUP_M=8, USE_FAST_ACCUM=False, num_stages=3, num_warps=8
  triton_mm_22 inf ms 0.0% ACC_TYPE='tl.float32', ALLOW_TF32=True, BLOCK_K=32, BLOCK_M=64, BLOCK_N=128, EVEN_K=True, GROUP_M=8, USE_FAST_ACCUM=False, num_stages=3, num_warps=4
SingleProcess AUTOTUNE benchmarking takes 0.1986 seconds and 0.1696 seconds precompiling for 17 choices
Traceback (most recent call last):
  File "/workspace/kg-v3-rebuild/runs/aten-gemm-ab-2026-09-29/gemm_backend_wrap.py", line 60, in <module>
    main()
  File "/workspace/kg-v3-rebuild/runs/aten-gemm-ab-2026-09-29/gemm_backend_wrap.py", line 51, in main
    runpy.run_path(script, run_name="__main__")
  File "<frozen runpy>", line 286, in run_path
  File "<frozen runpy>", line 98, in _run_module_code
  File "<frozen runpy>", line 88, in _run_code
  File "/workspace/kg-v3-rebuild/runs/aten-gemm-ab-2026-09-29/probe_linear.py", line 172, in <module>
    main()
  File "/workspace/kg-v3-rebuild/runs/aten-gemm-ab-2026-09-29/probe_linear.py", line 165, in main
    rec = run_point(model, fn, m, k, backward, args.seed)
          ^^^^^^^^^^^^^^^^^^^^^^^^^^^^^^^^^^^^^^^^^^^^^^^
  File "/workspace/kg-v3-rebuild/runs/aten-gemm-ab-2026-09-29/probe_linear.py", line 97, in run_point
    out = fn(x)
          ^^^^^
  File "/workspace/kg-v3-rebuild/.venv/lib/python3.12/site-packages/torch/_dynamo/eval_frame.py", line 414, in __call__
    return super().__call__(*args, **kwargs)
           ^^^^^^^^^^^^^^^^^^^^^^^^^^^^^^^^^
  File "/workspace/kg-v3-rebuild/.venv/lib/python3.12/site-packages/torch/nn/modules/module.py", line 1775, in _wrapped_call_impl
    return self._call_impl(*args, **kwargs)
           ^^^^^^^^^^^^^^^^^^^^^^^^^^^^^^^^
  File "/workspace/kg-v3-rebuild/.venv/lib/python3.12/site-packages/torch/nn/modules/module.py", line 1786, in _call_impl
    return forward_call(*args, **kwargs)
           ^^^^^^^^^^^^^^^^^^^^^^^^^^^^^
  File "/workspace/kg-v3-rebuild/.venv/lib/python3.12/site-packages/torch/_dynamo/eval_frame.py", line 832, in compile_wrapper
    return fn(*args, **kwargs)
           ^^^^^^^^^^^^^^^^^^^
  File "/workspace/kg-v3-rebuild/.venv/lib/python3.12/site-packages/torch/_dynamo/convert_frame.py", line 1874, in __call__
    result = self._torchdynamo_orig_backend(
             ^^^^^^^^^^^^^^^^^^^^^^^^^^^^^^^
  File "/workspace/kg-v3-rebuild/.venv/lib/python3.12/site-packages/torch/_dynamo/convert_frame.py", line 1624, in __call__
    result = self._inner_convert(
             ^^^^^^^^^^^^^^^^^^^^
  File "/workspace/kg-v3-rebuild/.venv/lib/python3.12/site-packages/torch/_dynamo/convert_frame.py", line 688, in __call__
    result = _compile(
             ^^^^^^^^^
  File "/workspace/kg-v3-rebuild/.venv/lib/python3.12/site-packages/torch/_dynamo/convert_frame.py", line 1494, in _compile
    raise InternalTorchDynamoError(
  File "/workspace/kg-v3-rebuild/.venv/lib/python3.12/site-packages/torch/_dynamo/convert_frame.py", line 1433, in _compile
    guarded_code, tracer_output = compile_inner(code, one_graph, hooks)
                                  ^^^^^^^^^^^^^^^^^^^^^^^^^^^^^^^^^^^^^
  File "/workspace/kg-v3-rebuild/.venv/lib/python3.12/site-packages/torch/_utils_internal.py", line 92, in wrapper_function
    return function(*args, **kwargs)
           ^^^^^^^^^^^^^^^^^^^^^^^^^
  File "/workspace/kg-v3-rebuild/.venv/lib/python3.12/site-packages/torch/_dynamo/convert_frame.py", line 1117, in compile_inner
    return _compile_inner(code, one_graph, hooks)
           ^^^^^^^^^^^^^^^^^^^^^^^^^^^^^^^^^^^^^^
  File "/workspace/kg-v3-rebuild/.venv/lib/python3.12/site-packages/torch/_dynamo/convert_frame.py", line 1151, in _compile_inner
    dynamo_output = compile_frame(
                    ^^^^^^^^^^^^^^
  File "/workspace/kg-v3-rebuild/.venv/lib/python3.12/site-packages/torch/_dynamo/convert_frame.py", line 1032, in compile_frame
    bytecode, tracer_output = transform_code_object(code, transform)
                              ^^^^^^^^^^^^^^^^^^^^^^^^^^^^^^^^^^^^^^
  File "/workspace/kg-v3-rebuild/.venv/lib/python3.12/site-packages/torch/_dynamo/bytecode_transformation.py", line 1592, in transform_code_object
    tracer_output = transformations(instructions, code_options)
                    ^^^^^^^^^^^^^^^^^^^^^^^^^^^^^^^^^^^^^^^^^^^
  File "/workspace/kg-v3-rebuild/.venv/lib/python3.12/site-packages/torch/_dynamo/convert_frame.py", line 1004, in transform
    tracer_output = trace_frame(
                    ^^^^^^^^^^^^
  File "/workspace/kg-v3-rebuild/.venv/lib/python3.12/site-packages/torch/_dynamo/convert_frame.py", line 333, in _fn
    torch.cuda.set_rng_state(cuda_rng_state)
  File "/workspace/kg-v3-rebuild/.venv/lib/python3.12/site-packages/torch/cuda/random.py", line 79, in set_rng_state
    _lazy_call(cb)
  File "/workspace/kg-v3-rebuild/.venv/lib/python3.12/site-packages/torch/cuda/__init__.py", line 341, in _lazy_call
    callable()
  File "/workspace/kg-v3-rebuild/.venv/lib/python3.12/site-packages/torch/cuda/random.py", line 77, in cb
    default_generator.set_state(new_state)
torch._dynamo.exc.InternalTorchDynamoError: AcceleratorError: CUDA error: an illegal memory access was encountered
Search for `cudaErrorIllegalAddress' in https://docs.nvidia.com/cuda/cuda-runtime-api/group__CUDART__TYPES.html for more information.
CUDA kernel errors might be asynchronously reported at some other API call, so the stacktrace below might be incorrect.
For debugging consider passing CUDA_LAUNCH_BLOCKING=1
Compile with `TORCH_USE_CUDA_DSA` to enable device-side assertions.


