# Rule 2 late-investment filter checks
# branch kg/rule2-late-invest, base 7184b729 (kg/submit-08bc), working tree before commit
# date 2026-09-30T16:19:15Z; python Python 3.12.13; kaggle-environments 1.32.7

$ uvx ruff check / ruff format --check (touched files)
All checks passed!
4 files already formatted

$ mypy python/ scripts/ (just py-static scope)
Success: no issues found in 83 source files

$ python scripts/check_python_311_syntax.py
exit 0

$ python scripts/check_doc_freshness.py
No doc updates required

$ pytest tests/kaggriculture/test_late_invest.py tests/kaggriculture/test_kaggle_agent.py tests/kaggriculture/test_kaggle_view.py tests/kaggriculture/test_codec.py tests/scripts/test_build_kaggriculture_submission.py tests/scripts/test_kaggle_local_episode.py -v
tests/kaggriculture/test_late_invest.py::test_tables_match_the_kaggle_engine_constants PASSED [  0%]
tests/kaggriculture/test_late_invest.py::test_last_processed_action_step_is_episode_steps_minus_two[720-24] PASSED [  1%]
tests/kaggriculture/test_late_invest.py::test_last_processed_action_step_is_episode_steps_minus_two[30-4] PASSED [  2%]
tests/kaggriculture/test_late_invest.py::test_clock_and_step_reads_are_strict PASSED [  3%]
tests/kaggriculture/test_late_invest.py::test_each_purchase_is_blocked_exactly_from_its_first_impossible_step[key0-694] PASSED [  3%]
tests/kaggriculture/test_late_invest.py::test_each_purchase_is_blocked_exactly_from_its_first_impossible_step[key1-694] PASSED [  4%]
tests/kaggriculture/test_late_invest.py::test_each_purchase_is_blocked_exactly_from_its_first_impossible_step[key2-694] PASSED [  5%]
tests/kaggriculture/test_late_invest.py::test_each_purchase_is_blocked_exactly_from_its_first_impossible_step[key3-695] PASSED [  6%]
tests/kaggriculture/test_late_invest.py::test_each_purchase_is_blocked_exactly_from_its_first_impossible_step[key4-671] PASSED [  7%]
tests/kaggriculture/test_late_invest.py::test_each_purchase_is_blocked_exactly_from_its_first_impossible_step[key5-479] PASSED [  7%]
tests/kaggriculture/test_late_invest.py::test_each_purchase_is_blocked_exactly_from_its_first_impossible_step[key6-479] PASSED [  8%]
tests/kaggriculture/test_late_invest.py::test_each_purchase_is_blocked_exactly_from_its_first_impossible_step[key7-527] PASSED [  9%]
tests/kaggriculture/test_late_invest.py::test_each_purchase_is_blocked_exactly_from_its_first_impossible_step[key8-671] PASSED [ 10%]
tests/kaggriculture/test_late_invest.py::test_hires_are_blocked_only_at_day_end_and_in_the_last_two_steps PASSED [ 11%]
tests/kaggriculture/test_late_invest.py::test_upkeep_sales_and_engine_no_ops_are_never_blocked[order0] PASSED [ 11%]
tests/kaggriculture/test_late_invest.py::test_upkeep_sales_and_engine_no_ops_are_never_blocked[order1] PASSED [ 12%]
tests/kaggriculture/test_late_invest.py::test_upkeep_sales_and_engine_no_ops_are_never_blocked[order2] PASSED [ 13%]
tests/kaggriculture/test_late_invest.py::test_upkeep_sales_and_engine_no_ops_are_never_blocked[order3] PASSED [ 14%]
tests/kaggriculture/test_late_invest.py::test_upkeep_sales_and_engine_no_ops_are_never_blocked[order4] PASSED [ 15%]
tests/kaggriculture/test_late_invest.py::test_upkeep_sales_and_engine_no_ops_are_never_blocked[order5] PASSED [ 15%]
tests/kaggriculture/test_late_invest.py::test_upkeep_sales_and_engine_no_ops_are_never_blocked[order6] PASSED [ 16%]
tests/kaggriculture/test_late_invest.py::test_unit_actions_are_never_touched PASSED [ 17%]
tests/kaggriculture/test_late_invest.py::test_filter_replaces_blocked_orders_in_place_and_stays_legal PASSED [ 18%]
tests/kaggriculture/test_late_invest.py::test_nothing_is_blocked_early_and_the_input_is_returned_as_is PASSED [ 19%]
tests/kaggriculture/test_late_invest.py::test_last_allowed_seed_purchase_is_harvested_and_sold[CARROT-720] PASSED [ 19%]
tests/kaggriculture/test_late_invest.py::test_last_allowed_seed_purchase_is_harvested_and_sold[CARROT-699] PASSED [ 20%]
tests/kaggriculture/test_late_invest.py::test_last_allowed_seed_purchase_is_harvested_and_sold[MELON-720] PASSED [ 21%]
tests/kaggriculture/test_late_invest.py::test_last_allowed_seed_purchase_is_harvested_and_sold[MELON-699] PASSED [ 22%]
tests/kaggriculture/test_late_invest.py::test_last_allowed_seed_purchase_is_harvested_and_sold[STRAWBERRY-720] PASSED [ 23%]
tests/kaggriculture/test_late_invest.py::test_last_allowed_seed_purchase_is_harvested_and_sold[STRAWBERRY-699] PASSED [ 23%]
tests/kaggriculture/test_late_invest.py::test_last_allowed_seed_purchase_is_harvested_and_sold[TOMATO-720] PASSED [ 24%]
tests/kaggriculture/test_late_invest.py::test_last_allowed_seed_purchase_is_harvested_and_sold[TOMATO-699] PASSED [ 25%]
tests/kaggriculture/test_late_invest.py::test_last_allowed_seed_purchase_is_harvested_and_sold[WHEAT-720] PASSED [ 26%]
tests/kaggriculture/test_late_invest.py::test_last_allowed_seed_purchase_is_harvested_and_sold[WHEAT-699] PASSED [ 26%]
tests/kaggriculture/test_late_invest.py::test_last_allowed_animal_purchase_yields_sold_fertilizer[COW-720] PASSED [ 27%]
tests/kaggriculture/test_late_invest.py::test_last_allowed_animal_purchase_yields_sold_fertilizer[COW-699] PASSED [ 28%]
tests/kaggriculture/test_late_invest.py::test_last_allowed_animal_purchase_yields_sold_fertilizer[GOOSE-720] PASSED [ 29%]
tests/kaggriculture/test_late_invest.py::test_last_allowed_animal_purchase_yields_sold_fertilizer[GOOSE-699] PASSED [ 30%]
tests/kaggriculture/test_late_invest.py::test_last_allowed_animal_purchase_yields_sold_fertilizer[SHEEP-720] PASSED [ 30%]
tests/kaggriculture/test_late_invest.py::test_last_allowed_animal_purchase_yields_sold_fertilizer[SHEEP-699] PASSED [ 31%]
tests/kaggriculture/test_late_invest.py::test_last_allowed_land_purchase_hosts_an_animal_whose_fertilizer_sells PASSED [ 32%]
tests/kaggriculture/test_late_invest.py::test_last_allowed_hire_harvests_and_sells[716] PASSED [ 33%]
tests/kaggriculture/test_late_invest.py::test_last_allowed_hire_harvests_and_sells[262] PASSED [ 34%]
tests/kaggriculture/test_late_invest.py::test_a_day_end_hire_never_acts PASSED [ 34%]
tests/kaggriculture/test_late_invest.py::test_agent_default_off_returns_the_decoded_program_byte_for_byte PASSED [ 35%]
tests/kaggriculture/test_late_invest.py::test_agent_filter_blocks_only_unproductive_purchases_and_revalidates PASSED [ 36%]
tests/kaggriculture/test_late_invest.py::test_agent_real_model_outputs_are_unchanged_when_off PASSED [ 37%]
tests/kaggriculture/test_late_invest.py::test_packaged_main_switch_is_off_unless_the_env_var_is_one[None-False] PASSED [ 38%]
tests/kaggriculture/test_late_invest.py::test_packaged_main_switch_is_off_unless_the_env_var_is_one[1-True] PASSED [ 38%]
tests/kaggriculture/test_kaggle_agent.py::test_agent_loads_strictly_and_overrides_only_flash_attention PASSED [ 39%]
tests/kaggriculture/test_kaggle_agent.py::test_hire_limit_comes_from_the_packaged_action_spec PASSED [ 40%]
tests/kaggriculture/test_kaggle_agent.py::test_checkpoint_admission_rejects_non_policy_state[checkpoint0-only 'model'] PASSED [ 41%]
tests/kaggriculture/test_kaggle_agent.py::test_checkpoint_admission_rejects_non_policy_state[checkpoint1-prohibited] PASSED [ 42%]
tests/kaggriculture/test_kaggle_agent.py::test_checkpoint_admission_rejects_non_policy_state[checkpoint2-prohibited] PASSED [ 42%]
tests/kaggriculture/test_kaggle_agent.py::test_checkpoint_admission_rejects_non_policy_state[checkpoint3-fp32] PASSED [ 43%]
tests/kaggriculture/test_kaggle_agent.py::test_checkpoint_admission_rejects_non_policy_state[checkpoint4-Unexpected] PASSED [ 44%]
tests/kaggriculture/test_kaggle_agent.py::test_act_returns_a_validated_action_and_drops_the_loader_path PASSED [ 45%]
tests/kaggriculture/test_kaggle_agent.py::test_actions_depend_only_on_the_current_observation PASSED [ 46%]
tests/kaggriculture/test_kaggle_agent.py::test_error_boundary_returns_pass_or_reraises_when_strict PASSED [ 46%]
tests/kaggriculture/test_kaggle_agent.py::test_invalid_decoded_actions_are_caught_by_the_validator PASSED [ 47%]
tests/kaggriculture/test_kaggle_agent.py::test_low_overage_bank_returns_pass_without_the_model PASSED [ 48%]
tests/kaggriculture/test_kaggle_agent.py::test_validator_accepts_canonical_programs[action0-context0] PASSED [ 49%]
tests/kaggriculture/test_kaggle_agent.py::test_validator_accepts_canonical_programs[action1-context1] PASSED [ 50%]
tests/kaggriculture/test_kaggle_agent.py::test_validator_accepts_canonical_programs[action2-context2] PASSED [ 50%]
tests/kaggriculture/test_kaggle_agent.py::test_validator_rejects_malformed_or_out_of_context_programs[None-context0] PASSED [ 51%]
tests/kaggriculture/test_kaggle_agent.py::test_validator_rejects_malformed_or_out_of_context_programs[action1-context1] PASSED [ 52%]
tests/kaggriculture/test_kaggle_agent.py::test_validator_rejects_malformed_or_out_of_context_programs[action2-context2] PASSED [ 53%]
tests/kaggriculture/test_kaggle_agent.py::test_validator_rejects_malformed_or_out_of_context_programs[action3-context3] PASSED [ 53%]
tests/kaggriculture/test_kaggle_agent.py::test_validator_rejects_malformed_or_out_of_context_programs[action4-context4] PASSED [ 54%]
tests/kaggriculture/test_kaggle_agent.py::test_validator_rejects_malformed_or_out_of_context_programs[action5-context5] PASSED [ 55%]
tests/kaggriculture/test_kaggle_agent.py::test_validator_rejects_malformed_or_out_of_context_programs[action6-context6] PASSED [ 56%]
tests/kaggriculture/test_kaggle_agent.py::test_validator_rejects_malformed_or_out_of_context_programs[action7-context7] PASSED [ 57%]
tests/kaggriculture/test_kaggle_agent.py::test_validator_rejects_malformed_or_out_of_context_programs[action8-context8] PASSED [ 57%]
tests/kaggriculture/test_kaggle_agent.py::test_packaged_main_loads_through_kaggles_loader_and_plays PASSED [ 58%]
tests/kaggriculture/test_kaggle_agent.py::test_packaged_main_import_failure_propagates PASSED [ 59%]
tests/kaggriculture/test_kaggle_view.py::test_kaggle_seat_rows_equal_native_rows_after_the_same_actions[7] PASSED [ 60%]
tests/kaggriculture/test_kaggle_view.py::test_kaggle_seat_rows_equal_native_rows_after_the_same_actions[20260930] PASSED [ 61%]
tests/kaggriculture/test_kaggle_view.py::test_struct_and_json_round_tripped_observations_encode_identically PASSED [ 61%]
tests/kaggriculture/test_kaggle_view.py::test_configuration_allowlist_drops_loader_keys_and_keeps_order PASSED [ 62%]
tests/kaggriculture/test_kaggle_view.py::test_view_reads_only_the_public_state_own_private_and_seat PASSED [ 63%]
tests/kaggriculture/test_kaggle_view.py::test_invalid_player_and_rejected_views_leave_buffers_unchanged PASSED [ 64%]
tests/kaggriculture/test_kaggle_view.py::test_single_seat_contract_is_scoped_to_one_row PASSED [ 65%]
tests/kaggriculture/test_codec.py::test_codec_single_rows_serialize_and_parse_once PASSED [ 65%]
tests/kaggriculture/test_codec.py::test_codec_batch_uses_each_seats_public_grammar_parameters PASSED [ 66%]
tests/kaggriculture/test_codec.py::test_codec_batch_failure_never_publishes_partial_output PASSED [ 67%]
tests/kaggriculture/test_codec.py::test_codec_propagates_native_failure_without_writing PASSED [ 68%]
tests/kaggriculture/test_codec.py::test_codec_missing_native_binding_has_no_fallback PASSED [ 69%]
tests/kaggriculture/test_codec.py::test_codec_batch_rejects_mismatched_environment_count PASSED [ 69%]
tests/kaggriculture/test_codec.py::test_codec_batch_rejects_wrong_seat_count_before_native[1] PASSED [ 70%]
tests/kaggriculture/test_codec.py::test_codec_batch_rejects_wrong_seat_count_before_native[3] PASSED [ 71%]
tests/kaggriculture/test_codec.py::test_codec_decode_batch_rejects_malformed_tensors_before_native[tokens-bad0-CPU int64] PASSED [ 72%]
tests/kaggriculture/test_codec.py::test_codec_decode_batch_rejects_malformed_tensors_before_native[lengths-bad1-CPU int64] PASSED [ 73%]
tests/kaggriculture/test_codec.py::test_codec_decode_batch_rejects_malformed_tensors_before_native[tokens-bad2-shape] PASSED [ 73%]
tests/kaggriculture/test_codec.py::test_codec_decode_batch_rejects_malformed_tensors_before_native[lengths-bad3-shape] PASSED [ 74%]
tests/kaggriculture/test_codec.py::test_codec_decode_batch_rejects_malformed_tensors_before_native[tokens-bad4-C-contiguous] PASSED [ 75%]
tests/kaggriculture/test_codec.py::test_codec_decode_batch_rejects_malformed_tensors_before_native[lengths-bad5-C-contiguous] PASSED [ 76%]
tests/kaggriculture/test_codec.py::test_reference_programs_round_trip PASSED [ 76%]
tests/kaggriculture/test_codec.py::test_native_encode_rejection_preserves_output[action0] PASSED [ 77%]
tests/kaggriculture/test_codec.py::test_native_encode_rejection_preserves_output[action1] PASSED [ 78%]
tests/kaggriculture/test_codec.py::test_native_encode_rejection_preserves_output[action2] PASSED [ 79%]
tests/kaggriculture/test_codec.py::test_native_encode_rejection_preserves_output[action3] PASSED [ 80%]
tests/kaggriculture/test_codec.py::test_native_encode_rejection_preserves_output[action4] PASSED [ 80%]
tests/kaggriculture/test_codec.py::test_native_encode_rejection_preserves_output[action5] PASSED [ 81%]
tests/kaggriculture/test_codec.py::test_native_encode_rejection_preserves_output[action6] PASSED [ 82%]
tests/kaggriculture/test_codec.py::test_native_encode_rejection_preserves_output[action7] PASSED [ 83%]
tests/kaggriculture/test_codec.py::test_native_encode_rejection_preserves_output[action8] PASSED [ 84%]
tests/kaggriculture/test_codec.py::test_native_encode_rejection_preserves_output[action9] PASSED [ 84%]
tests/kaggriculture/test_codec.py::test_native_encode_rejection_preserves_output[action10] PASSED [ 85%]
tests/kaggriculture/test_codec.py::test_native_encode_rejection_preserves_output[action11] PASSED [ 86%]
tests/kaggriculture/test_codec.py::test_native_encode_rejection_preserves_output[action12] PASSED [ 87%]
tests/kaggriculture/test_codec.py::test_native_codec_batch_preserves_json_order_and_input_rows PASSED [ 88%]
tests/scripts/test_build_kaggriculture_submission.py::test_archive_layout_manifest_and_slim_checkpoint PASSED [ 88%]
tests/scripts/test_build_kaggriculture_submission.py::test_native_receipt_is_bound_to_the_staged_module PASSED [ 89%]
tests/scripts/test_build_kaggriculture_submission.py::test_archive_bytes_are_reproducible_apart_from_build_time PASSED [ 90%]
tests/scripts/test_build_kaggriculture_submission.py::test_build_refuses_bad_inputs[change0-expected] PASSED [ 91%]
tests/scripts/test_build_kaggriculture_submission.py::test_build_refuses_bad_inputs[change1-over the 1024 limit] PASSED [ 92%]
tests/scripts/test_build_kaggriculture_submission.py::test_build_refuses_bad_inputs[change2-GLIBC_2.17] PASSED [ 92%]
tests/scripts/test_build_kaggriculture_submission.py::test_native_module_must_be_linux_x86_64[\xcf\xfa\xed\xfe\x00\x00\x00\x00\x00\x00\x00\x00\x00\x00\x00\x00\x00\x00\x00\x00\x00\x00\x00\x00\x00\x00\x00\x00\x00\x00\x00\x00\x00\x00\x00\x00\x00\x00\x00\x00\x00\x00\x00\x00\x00\x00\x00\x00\x00\x00\x00\x00\x00\x00\x00\x00\x00\x00\x00\x00\x00\x00\x00\x00-not an ELF] PASSED [ 93%]
tests/scripts/test_build_kaggriculture_submission.py::test_native_module_must_be_linux_x86_64[\x7fELF\x02\x01\x00\x00\x00\x00\x00\x00\x00\x00\x00\x00\x00\x00\xb7\x00\x00\x00\x00\x00\x00\x00\x00\x00\x00\x00\x00\x00\x00\x00\x00\x00\x00\x00\x00\x00\x00\x00\x00\x00\x00\x00\x00\x00\x00\x00\x00\x00\x00\x00\x00\x00\x00\x00\x00\x00\x00\x00\x00\x00\x00GLIBC_2.2.5\x00GLIBC_2.17\x00-x86-64] PASSED [ 94%]
tests/scripts/test_build_kaggriculture_submission.py::test_glibc_requirement_reads_the_highest_symbol_version PASSED [ 95%]
tests/scripts/test_build_kaggriculture_submission.py::test_source_identity_refuses_dirty_trees PASSED [ 96%]
tests/scripts/test_build_kaggriculture_submission.py::test_bulk_outputs_are_ignored_by_git PASSED [ 96%]
tests/scripts/test_kaggle_local_episode.py::test_clean_episode_counts_every_call PASSED [ 97%]
tests/scripts/test_kaggle_local_episode.py::test_final_call_fault_is_recorded_although_the_status_reads_done PASSED [ 98%]
tests/scripts/test_kaggle_local_episode.py::test_non_dict_return_is_flagged_before_kaggle_normalizes_it PASSED [ 99%]
tests/scripts/test_kaggle_local_episode.py::test_cli_forwards_the_episode_step_bound PASSED [100%]
============================= 126 passed in 27.84s =============================

# Threshold mutations (applied one at a time to late_invest.py, then restored;
# pytest tests/kaggriculture/test_late_invest.py -k 'not packaged_main'):
# FERTILIZER_READY_DAYS 1 -> 2                          killed (10 failed)
# LAST_ACTION_OFFSET 2 -> 1                             killed (3 failed)
# animal placement day(t + 2) -> day(t + 1)             killed (4 failed)
# hire step + 2 <= S -> step + 1 <= S                   killed (1 failed)
# sellable_from_day d*T + 1 <= S -> d*T + 2 <= S        killed (8 failed) after the
#   episodeSteps-699 tight plays were added; it survived the default-only suite
#   because 718 = 29*24 + 22 is insensitive to that offset.
