[kg-probe] {"kind": "start", "rank": 1, "t": 1790699097.0556047, "argv": ["/root/kg-v3/scripts/run_ppo.py", "ops/rebuild-2026-09-29/pod-6000-2026-09-29/early-smoke/config.yaml", "/root/runs/kg-v3-prelanding-early-smoke-2rank-20260930", "--log-mode", "wandb", "--wandb-mode", "online", "--max-env-steps", "32768", "--max-runtime-hours", "0.1666667"], "torch": "2.9.0+cu128", "wandb": "0.26.1"}
[kg-probe] {"kind": "start", "rank": 0, "t": 1790699097.058853, "argv": ["/root/kg-v3/scripts/run_ppo.py", "ops/rebuild-2026-09-29/pod-6000-2026-09-29/early-smoke/config.yaml", "/root/runs/kg-v3-prelanding-early-smoke-2rank-20260930", "--log-mode", "wandb", "--wandb-mode", "online", "--max-env-steps", "32768", "--max-runtime-hours", "0.1666667"], "torch": "2.9.0+cu128", "wandb": "0.26.1"}
GEMM workload headroom rollout: 256 rows x 705 padded tokens; trunk 47594 rows/call at full padding (>= 185.9x headroom, <= 1 call(s)); heads 88768 rows/call (346.8x headroom, 1 call(s))
GEMM workload headroom minibatch: 1024 rows x 705 padded tokens; trunk 47594 rows/call at full padding (>= 46.48x headroom, <= 1 call(s)); heads 88768 rows/call (86.69x headroom, 1 call(s))
GEMM workload headroom evaluation: 256 rows x 705 padded tokens; trunk 47594 rows/call at full padding (>= 185.9x headroom, <= 1 call(s)); heads 88768 rows/call (346.8x headroom, 1 call(s))
[kg-probe] {"kind": "env_construct", "rank": 0, "t": 1790699097.6468325, "n_envs": 128, "seed": 23000, "seed_stride": 2, "native_threads": 1, "pin_memory": true, "transfer_device": "cuda:0", "episode_steps": 33}
[kg-probe] {"kind": "env_construct", "rank": 1, "t": 1790699097.657251, "n_envs": 128, "seed": 23001, "seed_stride": 2, "native_threads": 1, "pin_memory": true, "transfer_device": "cuda:1", "episode_steps": 33}
wandb: [wandb.login()] Loaded credentials for https://api.wandb.ai from /root/.netrc.
wandb: Currently logged in as: spoon to https://api.wandb.ai. Use `wandb login --relogin` to force relogin
wandb: Tracking run with wandb version 0.26.1
wandb: Run data is saved locally in /root/runs/kg-v3-prelanding-early-smoke-2rank-20260930/20260929-162457/wandb/run-20260929_162458-yfppat21
wandb: Run `wandb offline` to turn off syncing.
wandb: Syncing run ppo-20260929-162457
wandb: ⭐️ View project at https://wandb.ai/spoon/kg-v3
wandb: 🚀 View run at https://wandb.ai/spoon/kg-v3/runs/yfppat21
[kg-probe] {"kind": "wandb", "rank": 0, "t": 1790699099.1477566, "url": "https://wandb.ai/spoon/kg-v3/runs/yfppat21", "id": "yfppat21", "name": "ppo-20260929-162457", "project": "kg-v3"}
0env steps [00:00, ?env steps/s][kg-probe] {"kind": "terminal_sample", "rank": 1, "t": 1790699100.5525453, "step_call": 32, "metrics": {"total_games_played": [1.0, 1.0, 1.0, 1.0], "terminal_bank_0": [0.0, 0.0, 100.0, 1.0], "terminal_bank_1": [0.0, 0.0, 0.0, 0.0], "terminal_margin_0": [0.0, 0.0, 100.0, 1.0]}, "counts": {"total_games_played": 128, "terminal_bank_0": 128, "terminal_bank_1": 128, "terminal_margin_0": 128}, "dones_any": true}
[kg-probe] {"kind": "terminal_sample", "rank": 0, "t": 1790699100.581632, "step_call": 32, "metrics": {"total_games_played": [1.0, 1.0, 1.0, 1.0], "terminal_bank_0": [0.0, 1.0, 0.0, 0.0], "terminal_bank_1": [0.0, 0.0, 0.0, 0.0], "terminal_margin_0": [0.0, 1.0, 0.0, 0.0]}, "counts": {"total_games_played": 128, "terminal_bank_0": 128, "terminal_bank_1": 128, "terminal_margin_0": 128}, "dones_any": true}
[kg-probe] {"kind": "terminal_sample", "rank": 1, "t": 1790699101.817619, "step_call": 64, "metrics": {"total_games_played": [1.0, 1.0, 1.0, 1.0], "terminal_bank_0": [0.0, 1.0, 0.0, 0.0], "terminal_bank_1": [0.0, 1.0, 0.0, 0.0], "terminal_margin_0": [0.0, 0.0, 0.0, 0.0]}, "counts": {"total_games_played": 128, "terminal_bank_0": 128, "terminal_bank_1": 128, "terminal_margin_0": 128}, "dones_any": true}
[kg-probe] {"kind": "phase", "rank": 1, "t": 1790699101.8215857, "phase": "rollout", "iteration": 1, "seconds": 2.670536251998783, "peak_allocated": 3181728256, "peak_reserved": 3418357760, "device_total": 101975851008, "reserved_fraction": 0.03352124768963027, "native_steps": 64, "native_step_seconds": 2.08561663499313}
[kg-probe] {"kind": "terminal_sample", "rank": 0, "t": 1790699101.8778195, "step_call": 64, "metrics": {"total_games_played": [1.0, 1.0, 1.0, 1.0], "terminal_bank_0": [0.0, 0.0, 0.0, 0.0], "terminal_bank_1": [0.0, 0.0, 3.0, 0.0], "terminal_margin_0": [0.0, 0.0, -3.0, 0.0]}, "counts": {"total_games_played": 128, "terminal_bank_0": 128, "terminal_bank_1": 128, "terminal_margin_0": 128}, "dones_any": true}
[kg-probe] {"kind": "phase", "rank": 0, "t": 1790699101.88216, "phase": "rollout", "iteration": 1, "seconds": 2.731371288999071, "peak_allocated": 3181728256, "peak_reserved": 3418357760, "device_total": 101975851008, "reserved_fraction": 0.03352124768963027, "native_steps": 64, "native_step_seconds": 2.1245372270004736}
[kg-probe] {"kind": "phase", "rank": 0, "t": 1790699102.475824, "phase": "update", "iteration": 1, "seconds": 0.5853900449983485, "peak_allocated": 7577516032, "peak_reserved": 8183087104, "device_total": 101975851008, "reserved_fraction": 0.08024534262879589, "native_steps": 0, "native_step_seconds": 0.0}[kg-probe] {"kind": "phase", "rank": 1, "t": 1790699102.4758363, "phase": "update", "iteration": 1, "seconds": 0.5854123949993664, "peak_allocated": 7574929920, "peak_reserved": 8183087104, "device_total": 101975851008, "reserved_fraction": 0.08024534262879589, "native_steps": 0, "native_step_seconds": 0.0}

[kg-probe] {"kind": "iteration", "rank": 1, "t": 1790699102.478332, "iteration": 1, "wall_seconds": 3.3275907469997037, "optimizer_steps": 16, "metrics": {"loss/entropy_loss": -4.720454671769403e-05, "loss/policy_loss": -1.156964572146535e-06, "loss/teacher_kl_loss": 0.0, "loss/teacher_value_loss": 0.0, "loss/total_loss": 0.18929313123226166, "loss/value_loss": 0.09467075020074844, "optimizer/grad_norm": 4.534919738769531, "optimizer/learning_rate": 3.199999991920777e-05, "optimizer/minibatches_per_update": 16.0, "optimizer/steps": 16.0, "policy/approx_kl": 5.351284926291555e-08, "policy/clipfrac": 0.0, "policy/entropy": 47.20454406738281, "policy/logratio_abs_max": 0.001316070556640625, "policy/logratio_mean": -5.636829882860184e-07, "policy/market_item_entropy": 4.070323467254639, "policy/market_kind_entropy": 12.179364204406738, "policy/market_quantity_entropy": 10.105369567871094, "policy/market_quantity_high_entropy": 10.105323791503906, "policy/ratio_max": 1.0012099742889404, "policy/ratio_mean": 0.999999463558197, "policy/stop_entropy": 0.0, "policy/target_kl_exceeded": 0.0, "policy/target_kl_exceeded_total": 0.0, "policy/unit_actor_entropy": 0.0, "policy/unit_item_entropy": 1.0642367601394653, "policy/unit_kind_entropy": 8.330450057983398, "policy/unit_quantity_entropy": 0.5615606307983398, "policy/unit_quantity_high_entropy": 0.5617142915725708, "policy/unit_quantity_present_entropy": 0.22620350122451782, "policy/unit_target_entropy": 0.0, "teacher/kl": 0.0, "teacher/kl_coef": 0.0, "teacher/value_coef": 0.0, "teacher/value_cross_entropy": 0.0, "train/policy_active_ratio": 1.0, "train/return_mean": 0.0, "train/return_max": 0.75, "train/explained_variance": -0.7251828908920288, "train/advantage_mean": 0.02318505384027958, "train/advantage_std": 0.4362421929836273, "train/max_entities": 23.0, "train/1p_rate": 0.0, "train/2p_rate": 1.0, "train/3p_rate": 0.0, "train/4p_rate": 0.0, "train/player_step_total": 32768.0, "train/total_active_entities": 454891.0, "train/terminal_bank_0": 7.72265625, "train/terminal_bank_1": 8.919921875, "train/terminal_margin_0": -1.197265625, "train/total_games_played": 512.0, "time/rollout_seconds": 2.7317724227905273, "time/teacher_seconds": 0.0, "teacher/cache_bytes": 0.0, "time/update_seconds": 0.585861325263977, "time/iteration_seconds": 3.3276119232177734, "perf/rollout_sps": 5997.571343539523, "perf/teacher_sps": 0.0, "perf/update_sps": 27965.662339321865, "perf/steps_per_second": 4923.651068107968, "perf/tokens_per_second": 2173933.189001431, "perf/active_entities_per_second": 136701.9383558778}}[kg-probe] {"kind": "iteration", "rank": 0, "t": 1790699102.478332, "iteration": 1, "wall_seconds": 3.3278367319999234, "optimizer_steps": 16, "metrics": {"loss/entropy_loss": -4.720454671769403e-05, "loss/policy_loss": -1.156964572146535e-06, "loss/teacher_kl_loss": 0.0, "loss/teacher_value_loss": 0.0, "loss/total_loss": 0.18929313123226166, "loss/value_loss": 0.09467075020074844, "optimizer/grad_norm": 4.534919738769531, "optimizer/learning_rate": 3.199999991920777e-05, "optimizer/minibatches_per_update": 16.0, "optimizer/steps": 16.0, "policy/approx_kl": 5.351284926291555e-08, "policy/clipfrac": 0.0, "policy/entropy": 47.20454406738281, "policy/logratio_abs_max": 0.001316070556640625, "policy/logratio_mean": -5.636829882860184e-07, "policy/market_item_entropy": 4.070323467254639, "policy/market_kind_entropy": 12.179364204406738, "policy/market_quantity_entropy": 10.105369567871094, "policy/market_quantity_high_entropy": 10.105323791503906, "policy/ratio_max": 1.0012099742889404, "policy/ratio_mean": 0.999999463558197, "policy/stop_entropy": 0.0, "policy/target_kl_exceeded": 0.0, "policy/target_kl_exceeded_total": 0.0, "policy/unit_actor_entropy": 0.0, "policy/unit_item_entropy": 1.0642367601394653, "policy/unit_kind_entropy": 8.330450057983398, "policy/unit_quantity_entropy": 0.5615606307983398, "policy/unit_quantity_high_entropy": 0.5617142915725708, "policy/unit_quantity_present_entropy": 0.22620350122451782, "policy/unit_target_entropy": 0.0, "teacher/kl": 0.0, "teacher/kl_coef": 0.0, "teacher/value_coef": 0.0, "teacher/value_cross_entropy": 0.0, "train/policy_active_ratio": 1.0, "train/return_mean": 0.0, "train/return_max": 0.75, "train/explained_variance": -0.7251828908920288, "train/advantage_mean": 0.02318505384027958, "train/advantage_std": 0.4362421929836273, "train/max_entities": 23.0, "train/1p_rate": 0.0, "train/2p_rate": 1.0, "train/3p_rate": 0.0, "train/4p_rate": 0.0, "train/player_step_total": 32768.0, "train/total_active_entities": 454891.0, "train/terminal_bank_0": 7.72265625, "train/terminal_bank_1": 8.919921875, "train/terminal_margin_0": -1.197265625, "train/total_games_played": 512.0, "time/rollout_seconds": 2.7317724227905273, "time/teacher_seconds": 0.0, "teacher/cache_bytes": 0.0, "time/update_seconds": 0.585861325263977, "time/iteration_seconds": 3.3276119232177734, "perf/rollout_sps": 5997.571343539523, "perf/teacher_sps": 0.0, "perf/update_sps": 27965.662339321865, "perf/steps_per_second": 4923.651068107968, "perf/tokens_per_second": 2173933.189001431, "perf/active_entities_per_second": 136701.9383558778}}

16384env steps [00:03, 4923.04env steps/s][kg-probe] {"kind": "phase", "rank": 1, "t": 1790699105.1274042, "phase": "rollout", "iteration": 2, "seconds": 2.6478553369997826, "peak_allocated": 3192456192, "peak_reserved": 8183087104, "device_total": 101975851008, "reserved_fraction": 0.08024534262879589, "native_steps": 64, "native_step_seconds": 2.200586535000184}
[kg-probe] {"kind": "phase", "rank": 0, "t": 1790699105.2075737, "phase": "rollout", "iteration": 2, "seconds": 2.7280184990013367, "peak_allocated": 3192456192, "peak_reserved": 8183087104, "device_total": 101975851008, "reserved_fraction": 0.08024534262879589, "native_steps": 64, "native_step_seconds": 2.273406144004184}
[kg-probe] {"kind": "phase", "rank": 0, "t": 1790699105.7609189, "phase": "update", "iteration": 2, "seconds": 0.5458329530010815, "peak_allocated": 7578644480, "peak_reserved": 8183087104, "device_total": 101975851008, "reserved_fraction": 0.08024534262879589, "native_steps": 0, "native_step_seconds": 0.0}[kg-probe] {"kind": "phase", "rank": 1, "t": 1790699105.760952, "phase": "update", "iteration": 2, "seconds": 0.5459238809999079, "peak_allocated": 7579795968, "peak_reserved": 8183087104, "device_total": 101975851008, "reserved_fraction": 0.08024534262879589, "native_steps": 0, "native_step_seconds": 0.0}

[kg-probe] {"kind": "iteration", "rank": 0, "t": 1790699105.762863, "iteration": 2, "wall_seconds": 3.2834820600000967, "optimizer_steps": 32, "metrics": {"loss/entropy_loss": -4.694826202467084e-05, "loss/policy_loss": -8.569331839680672e-06, "loss/teacher_kl_loss": 0.0, "loss/teacher_value_loss": 0.0, "loss/total_loss": 0.18186107277870178, "loss/value_loss": 0.09095829725265503, "optimizer/grad_norm": 4.455807209014893, "optimizer/learning_rate": 6.399999983841553e-05, "optimizer/minibatches_per_update": 16.0, "optimizer/steps": 32.0, "policy/approx_kl": 1.6475132724735886e-07, "policy/clipfrac": 0.0, "policy/entropy": 46.94826126098633, "policy/logratio_abs_max": 0.002374410629272461, "policy/logratio_mean": 3.5549455787986517e-06, "policy/market_item_entropy": 4.063952445983887, "policy/market_kind_entropy": 12.137928009033203, "policy/market_quantity_entropy": 10.068563461303711, "policy/market_quantity_high_entropy": 10.06851577758789, "policy/ratio_max": 1.0023279190063477, "policy/ratio_mean": 1.000003695487976, "policy/stop_entropy": 0.0, "policy/target_kl_exceeded": 0.0, "policy/target_kl_exceeded_total": 0.0, "policy/unit_actor_entropy": 0.0, "policy/unit_item_entropy": 1.0378340482711792, "policy/unit_kind_entropy": 8.269058227539062, "policy/unit_quantity_entropy": 0.5417585968971252, "policy/unit_quantity_high_entropy": 0.5419363379478455, "policy/unit_quantity_present_entropy": 0.21871592104434967, "policy/unit_target_entropy": 0.0, "teacher/kl": 0.0, "teacher/kl_coef": 0.0, "teacher/value_coef": 0.0, "teacher/value_cross_entropy": 0.0, "train/policy_active_ratio": 1.0, "train/return_mean": 0.0, "train/return_max": 0.75, "train/explained_variance": -0.6209807395935059, "train/advantage_mean": 0.019094184041023254, "train/advantage_std": 0.43084442615509033, "train/max_entities": 18.0, "train/1p_rate": 0.0, "train/2p_rate": 1.0, "train/3p_rate": 0.0, "train/4p_rate": 0.0, "train/player_step_total": 65536.0, "train/total_active_entities": 909086.0, "train/terminal_bank_0": 8.00390625, "train/terminal_bank_1": 5.93359375, "train/terminal_margin_0": 2.0703125, "train/total_games_played": 1024.0, "time/rollout_seconds": 2.7284841537475586, "time/teacher_seconds": 0.0, "teacher/cache_bytes": 0.0, "time/update_seconds": 0.5461832880973816, "time/iteration_seconds": 3.2832953929901123, "perf/rollout_sps": 6004.799396579475, "perf/teacher_sps": 0.0, "perf/update_sps": 29997.256153833143, "perf/steps_per_second": 4990.1084242922825, "perf/tokens_per_second": 2202852.0538973575, "perf/active_entities_per_second": 138335.10106026815}}
32768env steps [00:06, 4961.02env steps/s][kg-probe] {"kind": "iteration", "rank": 1, "t": 1790699105.7628717, "iteration": 2, "wall_seconds": 3.2835015000000567, "optimizer_steps": 32, "metrics": {"loss/entropy_loss": -4.694826202467084e-05, "loss/policy_loss": -8.569331839680672e-06, "loss/teacher_kl_loss": 0.0, "loss/teacher_value_loss": 0.0, "loss/total_loss": 0.18186107277870178, "loss/value_loss": 0.09095829725265503, "optimizer/grad_norm": 4.455807209014893, "optimizer/learning_rate": 6.399999983841553e-05, "optimizer/minibatches_per_update": 16.0, "optimizer/steps": 32.0, "policy/approx_kl": 1.6475132724735886e-07, "policy/clipfrac": 0.0, "policy/entropy": 46.94826126098633, "policy/logratio_abs_max": 0.002374410629272461, "policy/logratio_mean": 3.5549455787986517e-06, "policy/market_item_entropy": 4.063952445983887, "policy/market_kind_entropy": 12.137928009033203, "policy/market_quantity_entropy": 10.068563461303711, "policy/market_quantity_high_entropy": 10.06851577758789, "policy/ratio_max": 1.0023279190063477, "policy/ratio_mean": 1.000003695487976, "policy/stop_entropy": 0.0, "policy/target_kl_exceeded": 0.0, "policy/target_kl_exceeded_total": 0.0, "policy/unit_actor_entropy": 0.0, "policy/unit_item_entropy": 1.0378340482711792, "policy/unit_kind_entropy": 8.269058227539062, "policy/unit_quantity_entropy": 0.5417585968971252, "policy/unit_quantity_high_entropy": 0.5419363379478455, "policy/unit_quantity_present_entropy": 0.21871592104434967, "policy/unit_target_entropy": 0.0, "teacher/kl": 0.0, "teacher/kl_coef": 0.0, "teacher/value_coef": 0.0, "teacher/value_cross_entropy": 0.0, "train/policy_active_ratio": 1.0, "train/return_mean": 0.0, "train/return_max": 0.75, "train/explained_variance": -0.6209807395935059, "train/advantage_mean": 0.019094184041023254, "train/advantage_std": 0.43084442615509033, "train/max_entities": 18.0, "train/1p_rate": 0.0, "train/2p_rate": 1.0, "train/3p_rate": 0.0, "train/4p_rate": 0.0, "train/player_step_total": 65536.0, "train/total_active_entities": 909086.0, "train/terminal_bank_0": 8.00390625, "train/terminal_bank_1": 5.93359375, "train/terminal_margin_0": 2.0703125, "train/total_games_played": 1024.0, "time/rollout_seconds": 2.7284841537475586, "time/teacher_seconds": 0.0, "teacher/cache_bytes": 0.0, "time/update_seconds": 0.5461832880973816, "time/iteration_seconds": 3.2832953929901123, "perf/rollout_sps": 6004.799396579475, "perf/teacher_sps": 0.0, "perf/update_sps": 29997.256153833143, "perf/steps_per_second": 4990.1084242922825, "perf/tokens_per_second": 2202852.0538973575, "perf/active_entities_per_second": 138335.10106026815}}
32768env steps [00:06, 4954.75env steps/s]
wandb: updating run metadata
wandb: uploading history steps 0-1, summary, console lines 0-9
wandb: 
wandb: Run history:
wandb:                loss/entropy_loss ▁█
wandb:                 loss/policy_loss █▁
wandb:             loss/teacher_kl_loss ▁▁
wandb:          loss/teacher_value_loss ▁▁
wandb:                  loss/total_loss █▁
wandb:                  loss/value_loss █▁
wandb:              optimizer/grad_norm █▁
wandb:          optimizer/learning_rate ▁█
wandb: optimizer/minibatches_per_update ▁▁
wandb:                  optimizer/steps ▁█
wandb:                              +54 ...
wandb: 
wandb: Run summary:
wandb:                loss/entropy_loss -5e-05
wandb:                 loss/policy_loss -1e-05
wandb:             loss/teacher_kl_loss 0
wandb:          loss/teacher_value_loss 0
wandb:                  loss/total_loss 0.18186
wandb:                  loss/value_loss 0.09096
wandb:              optimizer/grad_norm 4.45581
wandb:          optimizer/learning_rate 6e-05
wandb: optimizer/minibatches_per_update 16
wandb:                  optimizer/steps 32
wandb:                              +55 ...
wandb: 
wandb: 🚀 View run ppo-20260929-162457 at: https://wandb.ai/spoon/kg-v3/runs/yfppat21
wandb: ⭐️ View project at: https://wandb.ai/spoon/kg-v3
wandb: Synced 5 W&B file(s), 0 media file(s), 0 artifact file(s) and 0 other file(s)
wandb: Find logs at: /root/runs/kg-v3-prelanding-early-smoke-2rank-20260930/20260929-162457/wandb/run-20260929_162458-yfppat21/logs
[kg-probe] {"kind": "exit", "rank": 1, "t": 1790699106.9513876, "native_step_calls": 128, "native_step_seconds": 4.286203169993314, "native_step_mean_ms": 33.485962265572766, "terminal_records": 512, "phase_peaks": {"rollout": {"allocated": 3192456192, "reserved": 8183087104}, "update": {"allocated": 7579795968, "reserved": 8183087104}}, "inductor_max_autotune_gemm_backends": "ATEN,TRITON,CPP"}
[kg-probe] {"kind": "exit", "rank": 0, "t": 1790699107.1660974, "native_step_calls": 128, "native_step_seconds": 4.397943371004658, "native_step_mean_ms": 34.35893258597389, "terminal_records": 512, "phase_peaks": {"rollout": {"allocated": 3192456192, "reserved": 8183087104}, "update": {"allocated": 7578644480, "reserved": 8183087104}}, "inductor_max_autotune_gemm_backends": "ATEN,TRITON,CPP"}
