F                                                                        [100%]
=================================== FAILURES ===================================
_________________ test_caller_growth_after_launch_still_counts _________________

monkeypatch = <_pytest.monkeypatch.MonkeyPatch object at 0x1074c0d40>

    def test_caller_growth_after_launch_still_counts(
        monkeypatch: pytest.MonkeyPatch,
    ) -> None:
        caller = os.getpgrp()
        samples = iter([0])
        monkeypatch.setattr(
            oracle,
            "group_rss",
            lambda group: next(samples, 1_000_000_000) if group == caller else 0,
        )
>       with pytest.raises(RuntimeError, match="reason=aggregate RSS"):
             ^^^^^^^^^^^^^^^^^^^^^^^^^^^^^^^^^^^^^^^^^^^^^^^^^^^^^^^^^
E       Failed: DID NOT RAISE <class 'RuntimeError'>

tests/tools/test_observation_oracle_custody.py:351: Failed
=========================== short test summary info ============================
FAILED tests/tools/test_observation_oracle_custody.py::test_caller_growth_after_launch_still_counts
1 failed in 30.07s
