# Stream C review edits: full Python suite, 2026-09-29T04:27:31Z, branch worktree-agent-a6b402c3efeaea928 on 87c71d7 + working tree
$ uv run pytest tests/owl tests/scripts tests/tools -m "not slow" -q
.................................................................ss..... [  7%]
........................................................................ [ 15%]
........................................................................ [ 23%]
........................................................................ [ 30%]
................................................s....................... [ 38%]
........................................................................ [ 46%]
........................................................................ [ 53%]
........................................................................ [ 61%]
........................................................................ [ 69%]
........................................................................ [ 76%]
........................................................................ [ 84%]
........................................................................ [ 92%]
........................................................................ [ 99%]
.                                                                        [100%]
=========================== short test summary info ============================
SKIPPED [1] tests/owl/model/test_attn.py:60: flash-attn CUDA backend is not available
SKIPPED [1] tests/owl/model/test_attn.py:80: flash-attn CUDA backend is not available
SKIPPED [1] tests/owl/test_int8_emulation.py:15: x86 torch quantized backend is unavailable: qnnpack
934 passed, 3 skipped in 4.33s
