# Stream C re-verification edits: full Python suite, 2026-09-29T04:33:48Z, branch worktree-agent-a6b402c3efeaea928 on 85222aa + working tree
$ uv run pytest tests/owl tests/scripts tests/tools -m "not slow" -q
.................................................................ss..... [  7%]
........................................................................ [ 15%]
........................................................................ [ 22%]
........................................................................ [ 30%]
................................................s....................... [ 38%]
........................................................................ [ 45%]
........................................................................ [ 53%]
........................................................................ [ 61%]
........................................................................ [ 68%]
........................................................................ [ 76%]
........................................................................ [ 83%]
........................................................................ [ 91%]
........................................................................ [ 99%]
........                                                                 [100%]
=========================== short test summary info ============================
SKIPPED [1] tests/owl/model/test_attn.py:60: flash-attn CUDA backend is not available
SKIPPED [1] tests/owl/model/test_attn.py:80: flash-attn CUDA backend is not available
SKIPPED [1] tests/owl/test_int8_emulation.py:15: x86 torch quantized backend is unavailable: qnnpack
941 passed, 3 skipped in 5.29s
