start 2026-09-30T22:40:57Z agent=/root/anchor-eval/pkgs/170M-ft-on-428a63d706cf/agent out=170M-ft-on parallel=30
2026-09-30T22:42:59Z 170M-smaller_market_shock-s93008-seat0 exit=0 wall=122s
2026-09-30T22:43:18Z 170M-smaller_market_shock-s93006-seat1 exit=0 wall=141s
2026-09-30T22:43:38Z 170M-smaller_market_shock-s93005-seat1 exit=0 wall=161s
2026-09-30T22:43:41Z 170M-smaller_market_shock-s93002-seat1 exit=0 wall=164s
2026-09-30T22:43:49Z 170M-cha22-s93003-seat1 exit=0 wall=172s
2026-09-30T22:43:50Z 170M-smaller_market_shock-s93003-seat1 exit=0 wall=173s
2026-09-30T22:43:57Z 170M-cha22-s93006-seat0 exit=0 wall=180s
2026-09-30T22:44:02Z 170M-cha22-s93007-seat1 exit=0 wall=185s
2026-09-30T22:44:03Z 170M-smaller_market_shock-s93006-seat0 exit=0 wall=186s
2026-09-30T22:44:03Z 170M-cha22-s93001-seat0 exit=0 wall=186s
2026-09-30T22:44:04Z 170M-smaller_market_shock-s93007-seat0 exit=0 wall=187s
2026-09-30T22:44:05Z 170M-smaller_market_shock-s93002-seat0 exit=0 wall=188s
2026-09-30T22:44:06Z 170M-cha22-s93004-seat0 exit=0 wall=189s
2026-09-30T22:44:06Z 170M-cha22-s93002-seat0 exit=0 wall=189s
2026-09-30T22:44:06Z 170M-cha22-s93005-seat1 exit=0 wall=189s
2026-09-30T22:44:06Z 170M-cha22-s93001-seat1 exit=0 wall=189s
2026-09-30T22:44:06Z 170M-smaller_market_shock-s93007-seat1 exit=0 wall=189s
2026-09-30T22:44:07Z 170M-smaller_market_shock-s93001-seat0 exit=0 wall=190s
2026-09-30T22:44:07Z 170M-smaller_market_shock-s93001-seat1 exit=0 wall=190s
2026-09-30T22:44:08Z 170M-cha22-s93003-seat0 exit=0 wall=191s
2026-09-30T22:44:08Z 170M-smaller_market_shock-s93004-seat0 exit=0 wall=191s
2026-09-30T22:44:08Z 170M-cha22-s93007-seat0 exit=0 wall=191s
2026-09-30T22:44:08Z 170M-smaller_market_shock-s93005-seat0 exit=0 wall=191s
2026-09-30T22:44:08Z 170M-smaller_market_shock-s93008-seat1 exit=0 wall=191s
2026-09-30T22:44:09Z 170M-smaller_market_shock-s93003-seat0 exit=0 wall=192s
2026-09-30T22:44:09Z 170M-cha22-s93005-seat0 exit=0 wall=192s
2026-09-30T22:44:09Z 170M-cha22-s93006-seat1 exit=0 wall=192s
2026-09-30T22:44:10Z 170M-cha22-s93002-seat1 exit=0 wall=193s
2026-09-30T22:44:10Z 170M-smaller_market_shock-s93004-seat1 exit=0 wall=193s
2026-09-30T22:44:10Z 170M-cha22-s93004-seat1 exit=0 wall=193s
2026-09-30T22:45:38Z 170M-cha22-s93008-seat0 exit=0 wall=159s
2026-09-30T22:45:58Z 170M-cha22-s93008-seat1 exit=0 wall=160s
2026-09-30T22:46:07Z 170M-v56-s93003-seat0 exit=0 wall=130s
2026-09-30T22:46:11Z 170M-v56-s93001-seat0 exit=0 wall=153s
2026-09-30T22:46:15Z 170M-v56-s93005-seat1 exit=0 wall=130s
2026-09-30T22:46:18Z 170M-v56-s93002-seat1 exit=0 wall=148s
2026-09-30T22:46:28Z 170M-v56-s93004-seat0 exit=0 wall=145s
2026-09-30T22:46:29Z 170M-v56-s93004-seat1 exit=0 wall=146s
2026-09-30T22:46:48Z 170M-v56-s93001-seat1 exit=0 wall=187s
2026-09-30T22:46:54Z 170M-v56-s93002-seat0 exit=0 wall=185s
2026-09-30T22:46:56Z 170M-v56-s93006-seat1 exit=0 wall=170s
2026-09-30T22:47:02Z 170M-v56-s93003-seat1 exit=0 wall=180s
2026-09-30T22:47:06Z 170M-v56-s93007-seat0 exit=0 wall=180s
2026-09-30T22:47:07Z 170M-v56-s93008-seat0 exit=0 wall=181s
2026-09-30T22:47:15Z 170M-v56-s93005-seat0 exit=0 wall=191s
2026-09-30T22:47:15Z 170M-v56-s93008-seat1 exit=0 wall=188s
2026-09-30T22:47:17Z 170M-v56-s93006-seat0 exit=0 wall=191s
2026-09-30T22:47:17Z 170M-v56-s93007-seat1 exit=0 wall=191s
end 2026-09-30T22:47:17Z wall_s=380
{"receipts": 48, "qualified": 48, "engine_sha256": ["f73d27ce04a6fd5ddcdd59c618e1da8c9b6fb2f27f5cf9cdc27efad942345004"], "manifest_sha256": ["57d7f47fa27c88c05bbd461a1e53c24cfa22b11acd3f013a49ce5ccf0625dfac"]}
