start 2026-09-30T19:12:57Z agent=/root/anchor-eval/pkgs/90M-ft-on-5e460d20ddfc/agent out=90M-ft-on parallel=30
2026-09-30T19:15:01Z 90M-smaller_market_shock-s93007-seat1 exit=0 wall=124s
2026-09-30T19:15:17Z 90M-smaller_market_shock-s93005-seat1 exit=0 wall=140s
2026-09-30T19:15:28Z 90M-smaller_market_shock-s93005-seat0 exit=0 wall=151s
2026-09-30T19:15:34Z 90M-smaller_market_shock-s93004-seat1 exit=0 wall=157s
2026-09-30T19:15:45Z 90M-smaller_market_shock-s93004-seat0 exit=0 wall=168s
2026-09-30T19:15:47Z 90M-smaller_market_shock-s93003-seat1 exit=0 wall=170s
2026-09-30T19:15:48Z 90M-cha22-s93002-seat0 exit=0 wall=171s
2026-09-30T19:15:48Z 90M-cha22-s93001-seat0 exit=0 wall=171s
2026-09-30T19:15:49Z 90M-cha22-s93007-seat0 exit=0 wall=172s
2026-09-30T19:15:49Z 90M-smaller_market_shock-s93008-seat1 exit=0 wall=172s
2026-09-30T19:15:49Z 90M-smaller_market_shock-s93003-seat0 exit=0 wall=172s
2026-09-30T19:15:53Z 90M-smaller_market_shock-s93001-seat1 exit=0 wall=176s
2026-09-30T19:15:53Z 90M-smaller_market_shock-s93007-seat0 exit=0 wall=176s
2026-09-30T19:15:53Z 90M-cha22-s93004-seat0 exit=0 wall=176s
2026-09-30T19:15:53Z 90M-smaller_market_shock-s93001-seat0 exit=0 wall=176s
2026-09-30T19:15:53Z 90M-smaller_market_shock-s93006-seat0 exit=0 wall=176s
2026-09-30T19:15:54Z 90M-smaller_market_shock-s93002-seat0 exit=0 wall=177s
2026-09-30T19:15:54Z 90M-cha22-s93005-seat0 exit=0 wall=177s
2026-09-30T19:15:54Z 90M-cha22-s93003-seat1 exit=0 wall=177s
2026-09-30T19:15:54Z 90M-cha22-s93001-seat1 exit=0 wall=177s
2026-09-30T19:15:55Z 90M-smaller_market_shock-s93008-seat0 exit=0 wall=178s
2026-09-30T19:15:55Z 90M-cha22-s93002-seat1 exit=0 wall=178s
2026-09-30T19:15:55Z 90M-smaller_market_shock-s93006-seat1 exit=0 wall=178s
2026-09-30T19:15:56Z 90M-smaller_market_shock-s93002-seat1 exit=0 wall=179s
2026-09-30T19:15:57Z 90M-cha22-s93006-seat1 exit=0 wall=180s
2026-09-30T19:15:57Z 90M-cha22-s93005-seat1 exit=0 wall=180s
2026-09-30T19:15:58Z 90M-cha22-s93006-seat0 exit=0 wall=181s
2026-09-30T19:15:58Z 90M-cha22-s93004-seat1 exit=0 wall=181s
2026-09-30T19:15:59Z 90M-cha22-s93003-seat0 exit=0 wall=182s
2026-09-30T19:15:59Z 90M-cha22-s93007-seat1 exit=0 wall=182s
2026-09-30T19:17:18Z 90M-cha22-s93008-seat0 exit=0 wall=137s
2026-09-30T19:17:26Z 90M-cha22-s93008-seat1 exit=0 wall=129s
2026-09-30T19:17:37Z 90M-v56-s93001-seat0 exit=0 wall=129s
2026-09-30T19:17:46Z 90M-v56-s93001-seat1 exit=0 wall=132s
2026-09-30T19:17:48Z 90M-v56-s93002-seat1 exit=0 wall=121s
2026-09-30T19:17:49Z 90M-v56-s93005-seat1 exit=0 wall=116s
2026-09-30T19:17:50Z 90M-v56-s93003-seat1 exit=0 wall=122s
2026-09-30T19:17:50Z 90M-v56-s93007-seat0 exit=0 wall=117s
2026-09-30T19:17:54Z 90M-v56-s93006-seat1 exit=0 wall=121s
2026-09-30T19:17:56Z 90M-v56-s93002-seat0 exit=0 wall=131s
2026-09-30T19:17:56Z 90M-v56-s93003-seat0 exit=0 wall=128s
2026-09-30T19:17:58Z 90M-v56-s93004-seat0 exit=0 wall=129s
2026-09-30T19:18:02Z 90M-v56-s93004-seat1 exit=0 wall=133s
2026-09-30T19:18:16Z 90M-v56-s93005-seat0 exit=0 wall=147s
2026-09-30T19:18:22Z 90M-v56-s93008-seat0 exit=0 wall=148s
2026-09-30T19:18:25Z 90M-v56-s93006-seat0 exit=0 wall=152s
2026-09-30T19:18:46Z 90M-v56-s93007-seat1 exit=0 wall=172s
2026-09-30T19:18:48Z 90M-v56-s93008-seat1 exit=0 wall=174s
end 2026-09-30T19:18:48Z wall_s=351
{"receipts": 48, "qualified": 48, "engine_sha256": ["f73d27ce04a6fd5ddcdd59c618e1da8c9b6fb2f27f5cf9cdc27efad942345004"], "manifest_sha256": ["317d06bb4411e6a7a85c1c9bbc24e4d1312e527be28f11dfea1fdd6875c89275"]}
