# just py-prepare (uvx --from rust-just) on kg/rebuild-bc-wandb: 619bf50 plus the review P3-1 fix and record edits (committed next)
uvx ruff check python/ scripts/ tests/ --select I --fix
All checks passed!
uvx ruff format python/ scripts/ tests/
150 files left unchanged
uv run python scripts/check_python_311_syntax.py
uvx ruff check python/ scripts/ tests/
All checks passed!
uv run mypy python/ scripts/
Success: no issues found in 77 source files
uv run pytest tests/ -m "not slow"
============================= test session starts ==============================
platform darwin -- Python 3.12.13, pytest-9.0.3, pluggy-1.6.0
rootdir: /Users/poonszesen/kg-v3-bcwandb
configfile: pyproject.toml
plugins: anyio-4.14.2
collected 2717 items

tests/kaggriculture/test_base_generics_typing.py .                       [  0%]
tests/kaggriculture/test_bc.py ......................................... [  1%]
....s..................                                                  [  2%]
tests/kaggriculture/test_codec.py .............................          [  3%]
tests/kaggriculture/test_compile_gemm_backends.py ...................... [  4%]
.................................                                        [  5%]
tests/kaggriculture/test_configs.py .................................... [  6%]
......................                                                   [  7%]
tests/kaggriculture/test_env.py ........................................ [  9%]
..............                                                           [  9%]
tests/kaggriculture/test_env_cuda_fence.py s                             [  9%]
tests/kaggriculture/test_env_reference.py .                              [  9%]
tests/kaggriculture/test_evaluation.py .............                     [ 10%]
tests/kaggriculture/test_game.py ...........................             [ 11%]
tests/kaggriculture/test_gpu_grammar.py ........................         [ 12%]
tests/kaggriculture/test_model_compile.py ...........                    [ 12%]
tests/kaggriculture/test_model_encoder.py .............................. [ 13%]
.............                                                            [ 14%]
tests/kaggriculture/test_model_heads.py ................................ [ 15%]
.................................                                        [ 16%]
tests/kaggriculture/test_model_registration.py .......                   [ 16%]
tests/kaggriculture/test_native_env.py ................................. [ 17%]
........................................................................ [ 20%]
........................................................................ [ 23%]
........................................................................ [ 25%]
........................................................................ [ 28%]
........................                                                 [ 29%]
tests/kaggriculture/test_native_grammar_bindings.py .................... [ 30%]
.......................                                                  [ 30%]
tests/kaggriculture/test_native_tables.py ......................         [ 31%]
tests/kaggriculture/test_observe.py ..ss................................ [ 33%]
.....................                                                    [ 33%]
tests/kaggriculture/test_rewards.py .................................... [ 35%]
......                                                                   [ 35%]
tests/kaggriculture/test_teacher.py .................................... [ 36%]
................                                                         [ 37%]
tests/kaggriculture/test_telemetry.py ..........                         [ 37%]
tests/kaggriculture/test_training_semantics.py ......................... [ 38%]
......                                                                   [ 38%]
tests/kaggriculture/test_training_smoke.py ...                           [ 38%]
tests/kaggriculture/test_types.py ...................................... [ 40%]
........................................................................ [ 42%]
................                                                         [ 43%]
tests/owl/agent/test_agent.py .......................................... [ 45%]
...........                                                              [ 45%]
tests/owl/agent/test_kaggle_engine_sanitization.py ....                  [ 45%]
tests/owl/agent/test_kaggle_observation.py ...                           [ 45%]
tests/owl/kaggriculture/test_opponents.py sssssssss                      [ 46%]
tests/owl/model/test_attn.py .....ss                                     [ 46%]
tests/owl/model/test_model_config_files.py ............................. [ 47%]
..................                                                       [ 48%]
tests/owl/model/test_recurrent_transformer_v1.py ..............          [ 48%]
tests/owl/model/test_stateless_transformer_v1.py ....................... [ 49%]
........................................................................ [ 52%]
...............................                                          [ 53%]
tests/owl/model/test_teacher_targets.py ............................     [ 54%]
tests/owl/test_checkpoint_quantization.py .............................. [ 55%]
..............                                                           [ 55%]
tests/owl/test_config.py .........                                       [ 56%]
tests/owl/test_int8_emulation.py ...s                                    [ 56%]
tests/owl/test_replay.py ...                                             [ 56%]
tests/owl/test_rl.py ................................................... [ 58%]
...........................                                              [ 59%]
tests/owl/train/test_advantages.py ..............                        [ 59%]
tests/owl/train/test_config.py ......................................... [ 61%]
.............................                                            [ 62%]
tests/owl/train/test_distributed.py ...................                  [ 63%]
tests/owl/train/test_logging.py ........................................ [ 64%]
..................................................                       [ 66%]
tests/owl/train/test_loss.py .............                               [ 66%]
tests/owl/train/test_metrics.py ..                                       [ 67%]
tests/owl/train/test_optimizer.py ...........                            [ 67%]
tests/owl/train/test_ppo.py ............................................ [ 69%]
.................................                                        [ 70%]
tests/owl/train/test_ppo_observation_mapping.py ........................ [ 71%]
........................................................................ [ 73%]
........................................................................ [ 76%]
.............................                                            [ 77%]
tests/scripts/test_benchmark_checkpoints.py ............................ [ 78%]
...........                                                              [ 78%]
tests/scripts/test_download_replays.py ....                              [ 79%]
tests/scripts/test_export_wandb_netrc_entry.py ...                       [ 79%]
tests/scripts/test_extract_model_weights.py .................            [ 79%]
tests/scripts/test_kaggriculture_parity.py .................s........... [ 80%]
.......                                                                  [ 81%]
tests/scripts/test_kaggriculture_prepare_bc.py ......................... [ 82%]
.                                                                        [ 82%]
tests/scripts/test_kaggriculture_select_replays.py .................     [ 82%]
tests/scripts/test_roundtrip_checkpoint_quantization.py ................ [ 83%]
..                                                                       [ 83%]
tests/scripts/test_run_ppo.py .......................................... [ 84%]
........................................................................ [ 87%]
.....................................................                    [ 89%]
tests/tools/test_check_engine_trim.py .................................. [ 90%]
.............................................                            [ 92%]
tests/tools/test_check_opponent_import.py .............................. [ 93%]
.................................s.                                      [ 94%]
tests/tools/test_observation_oracle_custody.py ......................... [ 95%]
............................                                             [ 96%]
tests/tools/test_record_grammar_reference.py .........................   [ 97%]
tests/tools/test_record_kaggriculture_env_reference.py ................. [ 98%]
...........................................                              [ 99%]
tests/tools/test_replay_viewer.py ..                                     [100%]

=========================== short test summary info ============================
SKIPPED [1] tests/kaggriculture/test_bc.py:1325: set KG_V3_BC_BEST and KG_V3_BC_SHARDS to check the real BC best
SKIPPED [1] tests/kaggriculture/test_env_cuda_fence.py:11: CUDA is unavailable
SKIPPED [2] tests/kaggriculture/test_observe.py:288: pinned host memory requires CUDA
SKIPPED [8] tests/owl/kaggriculture/test_opponents.py:26: needs a native opponent seat: Task 1.4 KaggricultureEnv has no opponents_rs hook
SKIPPED [1] tests/owl/kaggriculture/test_opponents.py:31: needs a native opponent seat: Task 1.4 KaggricultureEnv has no opponents_rs hook
SKIPPED [1] tests/owl/model/test_attn.py:60: flash-attn CUDA backend is not available
SKIPPED [1] tests/owl/model/test_attn.py:80: flash-attn CUDA backend is not available
SKIPPED [1] tests/owl/test_int8_emulation.py:15: x86 torch quantized backend is unavailable: qnnpack
SKIPPED [1] tests/scripts/test_kaggriculture_parity.py:371: Mac bound: committed regeneration exceeds two live games; run on pod
SKIPPED [1] tests/tools/test_check_opponent_import.py:396: original sources live in the sibling repo
================= 2699 passed, 18 skipped in 77.15s (0:01:17) ==================
uv run python scripts/check_doc_freshness.py
No doc updates required
exit 0
