start 2026-09-30T23:30:32Z agent=/root/anchor-eval/pkgs/200M-ft-on-19ffe102341a/agent out=200M-ft-on parallel=30
2026-09-30T23:32:36Z 200M-smaller_market_shock-s93006-seat0 exit=0 wall=124s
2026-09-30T23:33:11Z 200M-smaller_market_shock-s93008-seat1 exit=0 wall=159s
2026-09-30T23:33:24Z 200M-smaller_market_shock-s93002-seat1 exit=0 wall=172s
2026-09-30T23:33:27Z 200M-cha22-s93003-seat0 exit=0 wall=175s
2026-09-30T23:33:31Z 200M-smaller_market_shock-s93004-seat0 exit=0 wall=179s
2026-09-30T23:33:35Z 200M-smaller_market_shock-s93003-seat1 exit=0 wall=183s
2026-09-30T23:33:36Z 200M-cha22-s93004-seat1 exit=0 wall=184s
2026-09-30T23:33:39Z 200M-smaller_market_shock-s93005-seat1 exit=0 wall=187s
2026-09-30T23:33:42Z 200M-cha22-s93007-seat1 exit=0 wall=190s
2026-09-30T23:33:42Z 200M-cha22-s93002-seat1 exit=0 wall=190s
2026-09-30T23:33:42Z 200M-smaller_market_shock-s93007-seat0 exit=0 wall=190s
2026-09-30T23:33:44Z 200M-smaller_market_shock-s93008-seat0 exit=0 wall=192s
2026-09-30T23:33:44Z 200M-smaller_market_shock-s93004-seat1 exit=0 wall=192s
2026-09-30T23:33:45Z 200M-cha22-s93002-seat0 exit=0 wall=193s
2026-09-30T23:33:46Z 200M-cha22-s93004-seat0 exit=0 wall=194s
2026-09-30T23:33:46Z 200M-smaller_market_shock-s93001-seat0 exit=0 wall=194s
2026-09-30T23:33:47Z 200M-cha22-s93005-seat1 exit=0 wall=195s
2026-09-30T23:33:47Z 200M-cha22-s93007-seat0 exit=0 wall=195s
2026-09-30T23:33:48Z 200M-smaller_market_shock-s93001-seat1 exit=0 wall=196s
2026-09-30T23:33:48Z 200M-smaller_market_shock-s93007-seat1 exit=0 wall=196s
2026-09-30T23:33:49Z 200M-smaller_market_shock-s93002-seat0 exit=0 wall=197s
2026-09-30T23:33:50Z 200M-cha22-s93006-seat0 exit=0 wall=198s
2026-09-30T23:33:51Z 200M-smaller_market_shock-s93006-seat1 exit=0 wall=199s
2026-09-30T23:33:52Z 200M-cha22-s93006-seat1 exit=0 wall=200s
2026-09-30T23:33:53Z 200M-smaller_market_shock-s93005-seat0 exit=0 wall=201s
2026-09-30T23:33:53Z 200M-smaller_market_shock-s93003-seat0 exit=0 wall=201s
2026-09-30T23:33:53Z 200M-cha22-s93001-seat0 exit=0 wall=201s
2026-09-30T23:33:54Z 200M-cha22-s93001-seat1 exit=0 wall=202s
2026-09-30T23:33:55Z 200M-cha22-s93003-seat1 exit=0 wall=203s
2026-09-30T23:33:57Z 200M-cha22-s93005-seat0 exit=0 wall=205s
2026-09-30T23:35:33Z 200M-cha22-s93008-seat1 exit=0 wall=142s
2026-09-30T23:35:34Z 200M-cha22-s93008-seat0 exit=0 wall=178s
2026-09-30T23:35:42Z 200M-v56-s93001-seat1 exit=0 wall=135s
2026-09-30T23:35:42Z 200M-v56-s93002-seat1 exit=0 wall=127s
2026-09-30T23:35:55Z 200M-v56-s93005-seat1 exit=0 wall=131s
2026-09-30T23:35:58Z 200M-v56-s93007-seat0 exit=0 wall=132s
2026-09-30T23:35:58Z 200M-v56-s93004-seat1 exit=0 wall=136s
2026-09-30T23:35:59Z 200M-v56-s93003-seat0 exit=0 wall=143s
2026-09-30T23:36:14Z 200M-v56-s93003-seat1 exit=0 wall=155s
2026-09-30T23:36:15Z 200M-v56-s93004-seat0 exit=0 wall=153s
2026-09-30T23:36:15Z 200M-v56-s93008-seat0 exit=0 wall=148s
2026-09-30T23:36:15Z 200M-v56-s93005-seat0 exit=0 wall=153s
2026-09-30T23:36:36Z 200M-v56-s93001-seat0 exit=0 wall=192s
2026-09-30T23:36:40Z 200M-v56-s93002-seat0 exit=0 wall=189s
2026-09-30T23:36:51Z 200M-v56-s93007-seat1 exit=0 wall=184s
2026-09-30T23:36:52Z 200M-v56-s93008-seat1 exit=0 wall=185s
2026-09-30T23:37:00Z 200M-v56-s93006-seat1 exit=0 wall=195s
2026-09-30T23:37:00Z 200M-v56-s93006-seat0 exit=0 wall=196s
end 2026-09-30T23:37:00Z wall_s=388
{"receipts": 48, "qualified": 48, "engine_sha256": ["f73d27ce04a6fd5ddcdd59c618e1da8c9b6fb2f27f5cf9cdc27efad942345004"], "manifest_sha256": ["432a705e3d0aa0e6a958c2978cb5472f61c502f992689c5d5e70232012ea836f"]}
