   Compiling num-integer v0.1.46
   Compiling hashbrown v0.17.0
   Compiling equivalent v1.0.2
   Compiling serde_json v1.0.149
   Compiling indexmap v2.14.0
   Compiling num-bigint v0.4.8
   Compiling ndarray v0.17.2
   Compiling num-rational v0.4.2
   Compiling kaggriculture-engine v0.1.0 (/Users/poonszesen/kg-v3-observe/engine_rs)
   Compiling numpy v0.28.0
   Compiling owl v0.1.0 (/Users/poonszesen/kg-v3-observe)
    Finished `test` profile [unoptimized + debuginfo] target(s) in 6.59s
     Running unittests src/lib.rs (target/debug/deps/rs-7de3796adb200e16)

running 1 test
test rules_engine::generation::tests::arbitrary_precision_uniform_fixture_float ... FAILED

failures:

---- rules_engine::generation::tests::arbitrary_precision_uniform_fixture_float stdout ----

thread 'rules_engine::generation::tests::arbitrary_precision_uniform_fixture_float' (9944423) panicked at src/rules_engine/generation.rs:705:10:
called `Result::unwrap()` on an `Err` value: Error("invalid type: map, expected f64", line: 0, column: 0)
note: run with `RUST_BACKTRACE=1` environment variable to display a backtrace


failures:
    rules_engine::generation::tests::arbitrary_precision_uniform_fixture_float

test result: FAILED. 0 passed; 1 failed; 0 ignored; 0 measured; 157 filtered out; finished in 0.00s

error: test failed, to rerun pass `--lib`
