    Checking num-traits v0.2.19
    Checking libc v0.2.186
    Checking serde_core v1.0.228
    Checking num-integer v0.1.46
    Checking crossbeam-utils v0.8.21
    Checking crossbeam-epoch v0.9.18
    Checking cfg-if v1.0.4
    Checking rand_core v0.10.1
    Checking hashbrown v0.17.0
    Checking equivalent v1.0.2
    Checking rawpointer v0.2.1
    Checking matrixmultiply v0.3.10
    Checking indexmap v2.14.0
    Checking crossbeam-deque v0.8.6
    Checking zmij v1.0.21
    Checking num-bigint v0.4.8
    Checking num-complex v0.4.6
    Checking pyo3-ffi v0.28.3
    Checking memchr v2.8.0
    Checking once_cell v1.21.4
    Checking itoa v1.0.18
    Checking serde_json v1.0.149
    Checking pyo3 v0.28.3
    Checking num-rational v0.4.2
    Checking serde v1.0.228
    Checking ndarray v0.17.2
    Checking rayon-core v1.13.0
    Checking getrandom v0.4.2
    Checking chacha20 v0.10.0
   Compiling owl v0.1.0 (/Users/poonszesen/kg-v3-observe)
    Checking either v1.15.0
    Checking rustc-hash v2.1.2
    Checking rayon v1.12.0
    Checking numpy v0.28.0
    Checking rand v0.10.1
    Checking kaggriculture-engine v0.1.0 (/Users/poonszesen/kg-v3-observe/engine_rs)
error: this operation has no effect
  --> src/kaggriculture/tests.rs:84:39
   |
84 |             still_playing: vec![true; n_envs * 2 * 1],
   |                                       ^^^^^^^^^^^^^^ help: consider reducing it to: `(n_envs * 2)`
   |
   = help: for further information visit https://rust-lang.github.io/rust-clippy/master/index.html#identity_op
   = note: `-D clippy::identity-op` implied by `-D warnings`
   = help: to override `-D warnings` add `#[allow(clippy::identity_op)]`

error: this operation has no effect
  --> src/kaggriculture/tests.rs:85:37
   |
85 |             order_limits: vec![-17; n_envs * 2 * 1],
   |                                     ^^^^^^^^^^^^^^ help: consider reducing it to: `(n_envs * 2)`
   |
   = help: for further information visit https://rust-lang.github.io/rust-clippy/master/index.html#identity_op

error: casting to the same type is unnecessary (`i64` -> `i64`)
   --> src/kaggriculture/tests.rs:309:18
    |
309 |         *value = (tag * 13000 + index as i64 + 0) as i64;
    |                  ^^^^^^^^^^^^^^^^^^^^^^^^^^^^^^^^^^^^^^^ help: try: `(tag * 13000 + index as i64 + 0)`
    |
    = help: for further information visit https://rust-lang.github.io/rust-clippy/master/index.html#unnecessary_cast
    = note: `-D clippy::unnecessary-cast` implied by `-D warnings`
    = help: to override `-D warnings` add `#[allow(clippy::unnecessary_cast)]`

error: this operation has no effect
   --> src/kaggriculture/tests.rs:309:18
    |
309 |         *value = (tag * 13000 + index as i64 + 0) as i64;
    |                  ^^^^^^^^^^^^^^^^^^^^^^^^^^^^^^^^ help: consider reducing it to: `(tag * 13000 + index as i64)`
    |
    = help: for further information visit https://rust-lang.github.io/rust-clippy/master/index.html#identity_op

error: casting to the same type is unnecessary (`i64` -> `i64`)
   --> src/kaggriculture/tests.rs:312:18
    |
312 |         *value = (tag * 13000 + index as i64 + 1) as i64;
    |                  ^^^^^^^^^^^^^^^^^^^^^^^^^^^^^^^^^^^^^^^ help: try: `(tag * 13000 + index as i64 + 1)`
    |
    = help: for further information visit https://rust-lang.github.io/rust-clippy/master/index.html#unnecessary_cast

error: casting to the same type is unnecessary (`i64` -> `i64`)
   --> src/kaggriculture/tests.rs:315:18
    |
315 |         *value = (tag * 13000 + index as i64 + 2) as i64;
    |                  ^^^^^^^^^^^^^^^^^^^^^^^^^^^^^^^^^^^^^^^ help: try: `(tag * 13000 + index as i64 + 2)`
    |
    = help: for further information visit https://rust-lang.github.io/rust-clippy/master/index.html#unnecessary_cast

error: casting to the same type is unnecessary (`i64` -> `i64`)
   --> src/kaggriculture/tests.rs:318:18
    |
318 |         *value = (tag * 13000 + index as i64 + 3) as i64;
    |                  ^^^^^^^^^^^^^^^^^^^^^^^^^^^^^^^^^^^^^^^ help: try: `(tag * 13000 + index as i64 + 3)`
    |
    = help: for further information visit https://rust-lang.github.io/rust-clippy/master/index.html#unnecessary_cast

error: casting to the same type is unnecessary (`i64` -> `i64`)
   --> src/kaggriculture/tests.rs:321:18
    |
321 |         *value = (tag * 13000 + index as i64 + 4) as i64;
    |                  ^^^^^^^^^^^^^^^^^^^^^^^^^^^^^^^^^^^^^^^ help: try: `(tag * 13000 + index as i64 + 4)`
    |
    = help: for further information visit https://rust-lang.github.io/rust-clippy/master/index.html#unnecessary_cast

error: casting to the same type is unnecessary (`i64` -> `i64`)
   --> src/kaggriculture/tests.rs:324:18
    |
324 |         *value = (tag * 13000 + index as i64 + 5) as i64;
    |                  ^^^^^^^^^^^^^^^^^^^^^^^^^^^^^^^^^^^^^^^ help: try: `(tag * 13000 + index as i64 + 5)`
    |
    = help: for further information visit https://rust-lang.github.io/rust-clippy/master/index.html#unnecessary_cast

error: casting to the same type is unnecessary (`i64` -> `i64`)
   --> src/kaggriculture/tests.rs:330:18
    |
330 |         *value = (tag * 13000 + index as i64 + 7) as i64;
    |                  ^^^^^^^^^^^^^^^^^^^^^^^^^^^^^^^^^^^^^^^ help: try: `(tag * 13000 + index as i64 + 7)`
    |
    = help: for further information visit https://rust-lang.github.io/rust-clippy/master/index.html#unnecessary_cast

error: casting to the same type is unnecessary (`i64` -> `i64`)
   --> src/kaggriculture/tests.rs:333:18
    |
333 |         *value = (tag * 13000 + index as i64 + 8) as i64;
    |                  ^^^^^^^^^^^^^^^^^^^^^^^^^^^^^^^^^^^^^^^ help: try: `(tag * 13000 + index as i64 + 8)`
    |
    = help: for further information visit https://rust-lang.github.io/rust-clippy/master/index.html#unnecessary_cast

error: casting to the same type is unnecessary (`i64` -> `i64`)
   --> src/kaggriculture/tests.rs:336:18
    |
336 |         *value = (tag * 13000 + index as i64 + 9) as i64;
    |                  ^^^^^^^^^^^^^^^^^^^^^^^^^^^^^^^^^^^^^^^ help: try: `(tag * 13000 + index as i64 + 9)`
    |
    = help: for further information visit https://rust-lang.github.io/rust-clippy/master/index.html#unnecessary_cast

error: casting to the same type is unnecessary (`i64` -> `i64`)
   --> src/kaggriculture/tests.rs:342:18
    |
342 |         *value = (tag * 13000 + index as i64 + 11) as i64;
    |                  ^^^^^^^^^^^^^^^^^^^^^^^^^^^^^^^^^^^^^^^^ help: try: `(tag * 13000 + index as i64 + 11)`
    |
    = help: for further information visit https://rust-lang.github.io/rust-clippy/master/index.html#unnecessary_cast

error: casting to the same type is unnecessary (`i64` -> `i64`)
   --> src/kaggriculture/tests.rs:345:18
    |
345 |         *value = (tag * 13000 + index as i64 + 12) as i64;
    |                  ^^^^^^^^^^^^^^^^^^^^^^^^^^^^^^^^^^^^^^^^ help: try: `(tag * 13000 + index as i64 + 12)`
    |
    = help: for further information visit https://rust-lang.github.io/rust-clippy/master/index.html#unnecessary_cast

error: casting to the same type is unnecessary (`i64` -> `i64`)
   --> src/kaggriculture/tests.rs:354:18
    |
354 |         *value = (tag * 13000 + index as i64 + 15) as i64;
    |                  ^^^^^^^^^^^^^^^^^^^^^^^^^^^^^^^^^^^^^^^^ help: try: `(tag * 13000 + index as i64 + 15)`
    |
    = help: for further information visit https://rust-lang.github.io/rust-clippy/master/index.html#unnecessary_cast

error: casting to the same type is unnecessary (`i64` -> `i64`)
   --> src/kaggriculture/tests.rs:357:18
    |
357 |         *value = (tag * 13000 + index as i64 + 16) as i64;
    |                  ^^^^^^^^^^^^^^^^^^^^^^^^^^^^^^^^^^^^^^^^ help: try: `(tag * 13000 + index as i64 + 16)`
    |
    = help: for further information visit https://rust-lang.github.io/rust-clippy/master/index.html#unnecessary_cast

error: casting to the same type is unnecessary (`i64` -> `i64`)
   --> src/kaggriculture/tests.rs:363:18
    |
363 |         *value = (tag * 13000 + index as i64 + 18) as i64;
    |                  ^^^^^^^^^^^^^^^^^^^^^^^^^^^^^^^^^^^^^^^^ help: try: `(tag * 13000 + index as i64 + 18)`
    |
    = help: for further information visit https://rust-lang.github.io/rust-clippy/master/index.html#unnecessary_cast

error: casting to the same type is unnecessary (`i64` -> `i64`)
   --> src/kaggriculture/tests.rs:366:18
    |
366 |         *value = (tag * 13000 + index as i64 + 19) as i64;
    |                  ^^^^^^^^^^^^^^^^^^^^^^^^^^^^^^^^^^^^^^^^ help: try: `(tag * 13000 + index as i64 + 19)`
    |
    = help: for further information visit https://rust-lang.github.io/rust-clippy/master/index.html#unnecessary_cast

error: casting to the same type is unnecessary (`i64` -> `i64`)
   --> src/kaggriculture/tests.rs:372:18
    |
372 |         *value = (tag * 13000 + index as i64 + 21) as i64;
    |                  ^^^^^^^^^^^^^^^^^^^^^^^^^^^^^^^^^^^^^^^^ help: try: `(tag * 13000 + index as i64 + 21)`
    |
    = help: for further information visit https://rust-lang.github.io/rust-clippy/master/index.html#unnecessary_cast

error: casting to the same type is unnecessary (`i64` -> `i64`)
   --> src/kaggriculture/tests.rs:378:18
    |
378 |         *value = (tag * 13000 + index as i64 + 23) as i64;
    |                  ^^^^^^^^^^^^^^^^^^^^^^^^^^^^^^^^^^^^^^^^ help: try: `(tag * 13000 + index as i64 + 23)`
    |
    = help: for further information visit https://rust-lang.github.io/rust-clippy/master/index.html#unnecessary_cast

error: casting to the same type is unnecessary (`i64` -> `i64`)
   --> src/kaggriculture/tests.rs:384:18
    |
384 |         *value = (tag * 13000 + index as i64 + 25) as i64;
    |                  ^^^^^^^^^^^^^^^^^^^^^^^^^^^^^^^^^^^^^^^^ help: try: `(tag * 13000 + index as i64 + 25)`
    |
    = help: for further information visit https://rust-lang.github.io/rust-clippy/master/index.html#unnecessary_cast

error: casting to the same type is unnecessary (`i64` -> `i64`)
   --> src/kaggriculture/tests.rs:387:25
    |
387 |     *row.order_limits = (tag * 13000 + 27) as i64;
    |                         ^^^^^^^^^^^^^^^^^^^^^^^^^ help: try: `(tag * 13000 + 27)`
    |
    = help: for further information visit https://rust-lang.github.io/rust-clippy/master/index.html#unnecessary_cast

error: casting to the same type is unnecessary (`i64` -> `i64`)
   --> src/kaggriculture/tests.rs:576:13
    |
576 |             (tag * 13000 + index as i64 + 0) as i64,
    |             ^^^^^^^^^^^^^^^^^^^^^^^^^^^^^^^^^^^^^^^ help: try: `((tag * 13000 + index as i64 + 0))`
    |
    = help: for further information visit https://rust-lang.github.io/rust-clippy/master/index.html#unnecessary_cast

error: this operation has no effect
   --> src/kaggriculture/tests.rs:576:13
    |
576 |             (tag * 13000 + index as i64 + 0) as i64,
    |             ^^^^^^^^^^^^^^^^^^^^^^^^^^^^^^^^ help: consider reducing it to: `(tag * 13000 + index as i64)`
    |
    = help: for further information visit https://rust-lang.github.io/rust-clippy/master/index.html#identity_op

error: casting to the same type is unnecessary (`i64` -> `i64`)
   --> src/kaggriculture/tests.rs:585:13
    |
585 |             (tag * 13000 + index as i64 + 1) as i64,
    |             ^^^^^^^^^^^^^^^^^^^^^^^^^^^^^^^^^^^^^^^ help: try: `((tag * 13000 + index as i64 + 1))`
    |
    = help: for further information visit https://rust-lang.github.io/rust-clippy/master/index.html#unnecessary_cast

error: casting to the same type is unnecessary (`i64` -> `i64`)
   --> src/kaggriculture/tests.rs:594:13
    |
594 |             (tag * 13000 + index as i64 + 2) as i64,
    |             ^^^^^^^^^^^^^^^^^^^^^^^^^^^^^^^^^^^^^^^ help: try: `((tag * 13000 + index as i64 + 2))`
    |
    = help: for further information visit https://rust-lang.github.io/rust-clippy/master/index.html#unnecessary_cast

error: casting to the same type is unnecessary (`i64` -> `i64`)
   --> src/kaggriculture/tests.rs:603:13
    |
603 |             (tag * 13000 + index as i64 + 3) as i64,
    |             ^^^^^^^^^^^^^^^^^^^^^^^^^^^^^^^^^^^^^^^ help: try: `((tag * 13000 + index as i64 + 3))`
    |
    = help: for further information visit https://rust-lang.github.io/rust-clippy/master/index.html#unnecessary_cast

error: casting to the same type is unnecessary (`i64` -> `i64`)
   --> src/kaggriculture/tests.rs:612:13
    |
612 |             (tag * 13000 + index as i64 + 4) as i64,
    |             ^^^^^^^^^^^^^^^^^^^^^^^^^^^^^^^^^^^^^^^ help: try: `((tag * 13000 + index as i64 + 4))`
    |
    = help: for further information visit https://rust-lang.github.io/rust-clippy/master/index.html#unnecessary_cast

error: casting to the same type is unnecessary (`i64` -> `i64`)
   --> src/kaggriculture/tests.rs:621:13
    |
621 |             (tag * 13000 + index as i64 + 5) as i64,
    |             ^^^^^^^^^^^^^^^^^^^^^^^^^^^^^^^^^^^^^^^ help: try: `((tag * 13000 + index as i64 + 5))`
    |
    = help: for further information visit https://rust-lang.github.io/rust-clippy/master/index.html#unnecessary_cast

error: casting to the same type is unnecessary (`i64` -> `i64`)
   --> src/kaggriculture/tests.rs:639:13
    |
639 |             (tag * 13000 + index as i64 + 7) as i64,
    |             ^^^^^^^^^^^^^^^^^^^^^^^^^^^^^^^^^^^^^^^ help: try: `((tag * 13000 + index as i64 + 7))`
    |
    = help: for further information visit https://rust-lang.github.io/rust-clippy/master/index.html#unnecessary_cast

error: casting to the same type is unnecessary (`i64` -> `i64`)
   --> src/kaggriculture/tests.rs:648:13
    |
648 |             (tag * 13000 + index as i64 + 8) as i64,
    |             ^^^^^^^^^^^^^^^^^^^^^^^^^^^^^^^^^^^^^^^ help: try: `((tag * 13000 + index as i64 + 8))`
    |
    = help: for further information visit https://rust-lang.github.io/rust-clippy/master/index.html#unnecessary_cast

error: casting to the same type is unnecessary (`i64` -> `i64`)
   --> src/kaggriculture/tests.rs:657:13
    |
657 |             (tag * 13000 + index as i64 + 9) as i64,
    |             ^^^^^^^^^^^^^^^^^^^^^^^^^^^^^^^^^^^^^^^ help: try: `((tag * 13000 + index as i64 + 9))`
    |
    = help: for further information visit https://rust-lang.github.io/rust-clippy/master/index.html#unnecessary_cast

error: casting to the same type is unnecessary (`i64` -> `i64`)
   --> src/kaggriculture/tests.rs:675:13
    |
675 |             (tag * 13000 + index as i64 + 11) as i64,
    |             ^^^^^^^^^^^^^^^^^^^^^^^^^^^^^^^^^^^^^^^^ help: try: `((tag * 13000 + index as i64 + 11))`
    |
    = help: for further information visit https://rust-lang.github.io/rust-clippy/master/index.html#unnecessary_cast

error: casting to the same type is unnecessary (`i64` -> `i64`)
   --> src/kaggriculture/tests.rs:684:13
    |
684 |             (tag * 13000 + index as i64 + 12) as i64,
    |             ^^^^^^^^^^^^^^^^^^^^^^^^^^^^^^^^^^^^^^^^ help: try: `((tag * 13000 + index as i64 + 12))`
    |
    = help: for further information visit https://rust-lang.github.io/rust-clippy/master/index.html#unnecessary_cast

error: casting to the same type is unnecessary (`i64` -> `i64`)
   --> src/kaggriculture/tests.rs:711:13
    |
711 |             (tag * 13000 + index as i64 + 15) as i64,
    |             ^^^^^^^^^^^^^^^^^^^^^^^^^^^^^^^^^^^^^^^^ help: try: `((tag * 13000 + index as i64 + 15))`
    |
    = help: for further information visit https://rust-lang.github.io/rust-clippy/master/index.html#unnecessary_cast

error: casting to the same type is unnecessary (`i64` -> `i64`)
   --> src/kaggriculture/tests.rs:720:13
    |
720 |             (tag * 13000 + index as i64 + 16) as i64,
    |             ^^^^^^^^^^^^^^^^^^^^^^^^^^^^^^^^^^^^^^^^ help: try: `((tag * 13000 + index as i64 + 16))`
    |
    = help: for further information visit https://rust-lang.github.io/rust-clippy/master/index.html#unnecessary_cast

error: casting to the same type is unnecessary (`i64` -> `i64`)
   --> src/kaggriculture/tests.rs:738:13
    |
738 |             (tag * 13000 + index as i64 + 18) as i64,
    |             ^^^^^^^^^^^^^^^^^^^^^^^^^^^^^^^^^^^^^^^^ help: try: `((tag * 13000 + index as i64 + 18))`
    |
    = help: for further information visit https://rust-lang.github.io/rust-clippy/master/index.html#unnecessary_cast

error: casting to the same type is unnecessary (`i64` -> `i64`)
   --> src/kaggriculture/tests.rs:747:13
    |
747 |             (tag * 13000 + index as i64 + 19) as i64,
    |             ^^^^^^^^^^^^^^^^^^^^^^^^^^^^^^^^^^^^^^^^ help: try: `((tag * 13000 + index as i64 + 19))`
    |
    = help: for further information visit https://rust-lang.github.io/rust-clippy/master/index.html#unnecessary_cast

error: casting to the same type is unnecessary (`i64` -> `i64`)
   --> src/kaggriculture/tests.rs:765:13
    |
765 |             (tag * 13000 + index as i64 + 21) as i64,
    |             ^^^^^^^^^^^^^^^^^^^^^^^^^^^^^^^^^^^^^^^^ help: try: `((tag * 13000 + index as i64 + 21))`
    |
    = help: for further information visit https://rust-lang.github.io/rust-clippy/master/index.html#unnecessary_cast

error: casting to the same type is unnecessary (`i64` -> `i64`)
   --> src/kaggriculture/tests.rs:783:13
    |
783 |             (tag * 13000 + index as i64 + 23) as i64,
    |             ^^^^^^^^^^^^^^^^^^^^^^^^^^^^^^^^^^^^^^^^ help: try: `((tag * 13000 + index as i64 + 23))`
    |
    = help: for further information visit https://rust-lang.github.io/rust-clippy/master/index.html#unnecessary_cast

error: casting to the same type is unnecessary (`i64` -> `i64`)
   --> src/kaggriculture/tests.rs:801:13
    |
801 |             (tag * 13000 + index as i64 + 25) as i64,
    |             ^^^^^^^^^^^^^^^^^^^^^^^^^^^^^^^^^^^^^^^^ help: try: `((tag * 13000 + index as i64 + 25))`
    |
    = help: for further information visit https://rust-lang.github.io/rust-clippy/master/index.html#unnecessary_cast

error: this operation has no effect
   --> src/kaggriculture/tests.rs:806:20
    |
806 |         let tag = (flat_index / 1 + 1) as i64;
    |                    ^^^^^^^^^^^^^^ help: consider reducing it to: `flat_index`
    |
    = help: for further information visit https://rust-lang.github.io/rust-clippy/master/index.html#identity_op

error: any number modulo 1 will be 0
   --> src/kaggriculture/tests.rs:807:21
    |
807 |         let index = flat_index % 1;
    |                     ^^^^^^^^^^^^^^
    |
    = help: for further information visit https://rust-lang.github.io/rust-clippy/master/index.html#modulo_one
    = note: `#[deny(clippy::modulo_one)]` on by default

error: this operation has no effect
   --> src/kaggriculture/tests.rs:815:20
    |
815 |         let tag = (flat_index / 1 + 1) as i64;
    |                    ^^^^^^^^^^^^^^ help: consider reducing it to: `flat_index`
    |
    = help: for further information visit https://rust-lang.github.io/rust-clippy/master/index.html#identity_op

error: any number modulo 1 will be 0
   --> src/kaggriculture/tests.rs:816:21
    |
816 |         let index = flat_index % 1;
    |                     ^^^^^^^^^^^^^^
    |
    = help: for further information visit https://rust-lang.github.io/rust-clippy/master/index.html#modulo_one

error: casting to the same type is unnecessary (`i64` -> `i64`)
   --> src/kaggriculture/tests.rs:819:13
    |
819 |             (tag * 13000 + index as i64 + 27) as i64,
    |             ^^^^^^^^^^^^^^^^^^^^^^^^^^^^^^^^^^^^^^^^ help: try: `((tag * 13000 + index as i64 + 27))`
    |
    = help: for further information visit https://rust-lang.github.io/rust-clippy/master/index.html#unnecessary_cast

error: could not compile `owl` (lib test) due to 46 previous errors
