    Checking owl v0.1.0 (/Users/poonszesen/kg-v3-observe)
error: this boolean expression can be simplified
   --> src/kaggriculture/config.rs:117:12
    |
117 |           if !turns_per_day
    |  ____________^
118 | |             .checked_mul(orders)
119 | |             .is_some_and(|product| product <= 240)
    | |__________________________________________________^
    |
    = help: for further information visit https://rust-lang.github.io/rust-clippy/master/index.html#nonminimal_bool
    = note: `-D clippy::nonminimal-bool` implied by `-D warnings`
    = help: to override `-D warnings` add `#[allow(clippy::nonminimal_bool)]`
help: try
    |
117 ~         if turns_per_day
118 +             .checked_mul(orders).is_none_or(|product| product > 240)
    |

error: float has excessive precision
    --> src/kaggriculture/tests.rs:1204:44
     |
1204 |     header.initial.public.farms[1].money = 9_876_543.987654321;
     |                                            ^^^^^^^^^^^^^^^^^^^
     |
     = help: for further information visit https://rust-lang.github.io/rust-clippy/master/index.html#excessive_precision
     = note: `-D clippy::excessive-precision` implied by `-D warnings`
     = help: to override `-D warnings` add `#[allow(clippy::excessive_precision)]`
help: consider changing the type or truncating it to
     |
1204 -     header.initial.public.farms[1].money = 9_876_543.987654321;
1204 +     header.initial.public.farms[1].money = 9_876_543.987_654_32;
     |

error: could not compile `owl` (lib) due to 1 previous error
warning: build failed, waiting for other jobs to finish...
error: could not compile `owl` (lib test) due to 2 previous errors
