   Compiling owl v0.1.0 (/Users/poonszesen/kg-v3-observe)
    Finished `test` profile [unoptimized + debuginfo] target(s) in 1.93s
     Running unittests src/lib.rs (target/debug/deps/rs-7de3796adb200e16)

running 4 tests
test kaggriculture::tests::hire_cost_literal_sequence_matches_engine_hire_bank_deltas ... FAILED
test kaggriculture::tests::hire_cost_positive_prefix_stops_at_first_f32_overflow ... ok
test kaggriculture::tests::hire_cost_uses_each_public_count ... FAILED
test kaggriculture::tests::hire_cost_zero_multiplier_handles_huge_representable_count_without_iteration ... ok

failures:

---- kaggriculture::tests::hire_cost_literal_sequence_matches_engine_hire_bank_deltas stdout ----

thread 'kaggriculture::tests::hire_cost_literal_sequence_matches_engine_hire_bank_deltas' (10021704) panicked at src/kaggriculture/tests.rs:1386:13:
assertion `left == right` failed
  left: 3.5e-5
 right: 7e-5
note: run with `RUST_BACKTRACE=1` environment variable to display a backtrace

---- kaggriculture::tests::hire_cost_uses_each_public_count stdout ----

thread 'kaggriculture::tests::hire_cost_uses_each_public_count' (10021706) panicked at src/kaggriculture/tests.rs:1357:13:
assertion `left == right` failed
  left: 0.000175
 right: 0.00028


failures:
    kaggriculture::tests::hire_cost_literal_sequence_matches_engine_hire_bank_deltas
    kaggriculture::tests::hire_cost_uses_each_public_count

test result: FAILED. 2 passed; 2 failed; 0 ignored; 0 measured; 179 filtered out; finished in 0.01s

error: test failed, to rerun pass `--lib`
