   Compiling owl v0.1.0 (/Users/poonszesen/kg-v3-observe)
    Finished `test` profile [unoptimized + debuginfo] target(s) in 0.64s
     Running unittests src/lib.rs (target/debug/deps/rs-7de3796adb200e16)

running 24 tests
test kaggriculture::tests::config_accepts_all_six_corpus_profiles_and_small_episodes ... ok
test kaggriculture::tests::config_context_uses_bound_rules_wide_time_arithmetic_and_both_roles ... ok
test kaggriculture::tests::config_day_order_product_has_exact_240_boundary_and_checked_overflow ... ok
test kaggriculture::tests::config_framework_extras_do_not_replace_explicit_seed_or_rule_context ... ok
test kaggriculture::tests::config_preserves_maximum_exact_integers_and_large_scaled_values ... ok
test kaggriculture::tests::config_rejects_envelope_violations_without_output_writes ... ok
test kaggriculture::tests::config_rejects_farm_count_clock_and_nonfinite_derived_context_transactionally ... ok
test kaggriculture::tests::config_rejects_nonempty_explicit_market_params_but_accepts_empty ... ok
test kaggriculture::tests::config_weed_requires_finite_nonnegative_numeric_f32_without_unit_cap ... ok
test kaggriculture::tests::hire_cost_literal_sequence_matches_engine_hire_bank_deltas ... ok
test kaggriculture::tests::hire_cost_positive_prefix_stops_at_first_f32_overflow ... ok
test kaggriculture::tests::hire_cost_uses_each_public_count ... ok
test kaggriculture::tests::hire_cost_zero_multiplier_handles_huge_representable_count_without_iteration ... ok
test kaggriculture::tests::shape_byte_capacity_overflow_is_an_error ... ok
test kaggriculture::tests::shape_clear_overwrites_every_field_with_positive_zero_or_false ... ok
test kaggriculture::tests::shape_error_display_preserves_field_and_optional_context ... ok
test kaggriculture::tests::shape_every_field_rejects_short_and_long_without_writes ... ok
test kaggriculture::tests::shape_header_helper_retains_both_private_states ... ok
test kaggriculture::tests::shape_product_overflow_is_an_error ... ok
test kaggriculture::tests::shape_publish_mismatched_environments_leaves_all_fields_unchanged ... ok
test kaggriculture::tests::shape_serial_and_rayon_cover_identical_ordered_rows ... ok
test kaggriculture::tests::shape_staging_allocations_stay_fixed_across_writes_and_publication ... ok
test kaggriculture::tests::shape_wrong_environment_count_and_251_frame_mask_are_rejected ... ok
test kaggriculture::tests::shape_zero_environments_is_an_error ... ok

test result: ok. 24 passed; 0 failed; 0 ignored; 0 measured; 159 filtered out; finished in 0.93s

