   Compiling owl v0.1.0 (/Users/poonszesen/kg-v3-observe)
    Finished `test` profile [unoptimized + debuginfo] target(s) in 2.35s
     Running unittests src/lib.rs (target/debug/deps/rs-7de3796adb200e16)

running 5 tests
test kaggriculture::tests::actors_all_241_slots_preserve_exact_counts_and_positions ... FAILED
test kaggriculture::tests::actors_empty_farmer_is_present_and_dense_to_sparse_clears_padding ... FAILED
test kaggriculture::tests::actors_public_positions_roles_and_all_private_channels ... FAILED
test kaggriculture::tests::actors_rank_remove_reinsert_preserves_counts_and_replacement_preserves_rank ... FAILED
test kaggriculture::tests::actors_reject_malformed_positions_cardinality_and_private_counts_atomically ... FAILED

failures:

---- kaggriculture::tests::actors_all_241_slots_preserve_exact_counts_and_positions stdout ----

thread 'kaggriculture::tests::actors_all_241_slots_preserve_exact_counts_and_positions' (10092618) panicked at src/kaggriculture/tests.rs:2165:9:
assertion failed: row.actor_mask.iter().all(|present| *present)
note: run with `RUST_BACKTRACE=1` environment variable to display a backtrace

---- kaggriculture::tests::actors_empty_farmer_is_present_and_dense_to_sparse_clears_padding stdout ----

thread 'kaggriculture::tests::actors_empty_farmer_is_present_and_dense_to_sparse_clears_padding' (10092619) panicked at src/kaggriculture/tests.rs:2198:9:
assertion failed: row.actor_mask[0]

---- kaggriculture::tests::actors_public_positions_roles_and_all_private_channels stdout ----

thread 'kaggriculture::tests::actors_public_positions_roles_and_all_private_channels' (10092620) panicked at src/kaggriculture/tests.rs:2090:17:
assertion `left == right` failed
  left: 0
 right: 27

---- kaggriculture::tests::actors_rank_remove_reinsert_preserves_counts_and_replacement_preserves_rank stdout ----

thread 'kaggriculture::tests::actors_rank_remove_reinsert_preserves_counts_and_replacement_preserves_rank' (10092621) panicked at src/kaggriculture/tests.rs:2121:9:
assertion `left == right` failed
  left: 0
 right: 1

---- kaggriculture::tests::actors_reject_malformed_positions_cardinality_and_private_counts_atomically stdout ----

thread 'kaggriculture::tests::actors_reject_malformed_positions_cardinality_and_private_counts_atomically' (10092622) panicked at src/kaggriculture/tests.rs:938:24:
called `Result::unwrap_err()` on an `Ok` value: ()


failures:
    kaggriculture::tests::actors_all_241_slots_preserve_exact_counts_and_positions
    kaggriculture::tests::actors_empty_farmer_is_present_and_dense_to_sparse_clears_padding
    kaggriculture::tests::actors_public_positions_roles_and_all_private_channels
    kaggriculture::tests::actors_rank_remove_reinsert_preserves_counts_and_replacement_preserves_rank
    kaggriculture::tests::actors_reject_malformed_positions_cardinality_and_private_counts_atomically

test result: FAILED. 0 passed; 5 failed; 0 ignored; 0 measured; 200 filtered out; finished in 0.01s

error: test failed, to rerun pass `--lib`
