uvx ruff check python/ scripts/ tests/ --select I --fix
All checks passed!
uvx ruff format python/ scripts/ tests/
89 files left unchanged
uv run python scripts/check_python_311_syntax.py
uvx ruff check python/ scripts/ tests/
All checks passed!
uv run mypy python/ scripts/
Success: no issues found in 52 source files
uv run pytest tests/ -m "not slow"
============================= test session starts ==============================
platform darwin -- Python 3.12.13, pytest-9.0.3, pluggy-1.6.0
rootdir: /Users/poonszesen/kg-v3-observe
configfile: pyproject.toml
plugins: anyio-4.13.0
collected 1059 items / 1 error

==================================== ERRORS ====================================
_____________ ERROR collecting tests/kaggriculture/test_observe.py _____________
ImportError while importing test module '/Users/poonszesen/kg-v3-observe/tests/kaggriculture/test_observe.py'.
Hint: make sure your test modules/packages have valid Python names.
Traceback:
../.local/share/uv/python/cpython-3.12.13-macos-aarch64-none/lib/python3.12/importlib/__init__.py:90: in import_module
    return _bootstrap._gcd_import(name[level:], package, level)
           ^^^^^^^^^^^^^^^^^^^^^^^^^^^^^^^^^^^^^^^^^^^^^^^^^^^^
tests/kaggriculture/test_observe.py:20: in <module>
    from owl.kaggriculture.types import (
E   ModuleNotFoundError: No module named 'owl.kaggriculture'
=========================== short test summary info ============================
ERROR tests/kaggriculture/test_observe.py
!!!!!!!!!!!!!!!!!!!! Interrupted: 1 error during collection !!!!!!!!!!!!!!!!!!!!
=============================== 1 error in 1.09s ===============================
error: recipe `py-test` failed on line 29 with exit code 2
