   Compiling owl v0.1.0 (/Users/poonszesen/kg-v3-observe)
    Finished `test` profile [unoptimized + debuginfo] target(s) in 2.12s
     Running unittests src/lib.rs (target/debug/deps/rs-7de3796adb200e16)

running 3 tests
test kaggriculture::oracle_corpus::reconstruction_comparator_names_record_seat_group_offset_and_signed_zero ... ok
test kaggriculture::oracle_corpus::reconstruction_hand_anchors_cover_every_range_and_boundary ... 
thread 'kaggriculture::oracle_corpus::reconstruction_hand_anchors_cover_every_range_and_boundary' (10352775) panicked at src/kaggriculture/oracle_corpus.rs:1467:75:
called `Result::unwrap()` on an `Err` value: "record=independent-hand-vector seat=0 offset=0 field=public/private summary: actual=0.0 recorded=0.33194444"
note: run with `RUST_BACKTRACE=1` environment variable to display a backtrace
FAILED
test kaggriculture::oracle_corpus::reconstruction_old_day_rule_sentinel_age_and_clamping_are_explicit ... 
thread 'kaggriculture::oracle_corpus::reconstruction_old_day_rule_sentinel_age_and_clamping_are_explicit' (10352776) panicked at src/kaggriculture/oracle_corpus.rs:1490:5:
assertion `left == right` failed
  left: 0.0
 right: 9.0
FAILED

failures:

failures:
    kaggriculture::oracle_corpus::reconstruction_hand_anchors_cover_every_range_and_boundary
    kaggriculture::oracle_corpus::reconstruction_old_day_rule_sentinel_age_and_clamping_are_explicit

test result: FAILED. 1 passed; 2 failed; 0 ignored; 0 measured; 223 filtered out; finished in 0.01s

error: test failed, to rerun pass `--lib`
