   Compiling owl v0.1.0 (/Users/poonszesen/kg-v3-observe)
    Finished `test` profile [unoptimized + debuginfo] target(s) in 1.13s
     Running unittests src/lib.rs (target/debug/deps/rs-7de3796adb200e16)

running 8 tests
test kaggriculture::oracle_corpus::reconstruction_byteplane_decode_preserves_bits_and_rejects_bad_lengths ... ok
test kaggriculture::oracle_corpus::reconstruction_comparator_names_record_seat_group_offset_and_signed_zero ... ok
test kaggriculture::oracle_corpus::reconstruction_coverage_rejects_duplicate_offset - should panic ... 
thread 'kaggriculture::oracle_corpus::reconstruction_coverage_rejects_duplicate_offset' (10438135) panicked at src/kaggriculture/oracle_corpus.rs:1389:9:
legacy offset 615 written twice
note: run with `RUST_BACKTRACE=1` environment variable to display a backtrace
ok
test kaggriculture::oracle_corpus::reconstruction_coverage_rejects_unwritten_zero_hole - should panic ... 
thread 'kaggriculture::oracle_corpus::reconstruction_coverage_rejects_unwritten_zero_hole' (10438136) panicked at src/kaggriculture/oracle_corpus.rs:1398:13:
legacy offset 959 never reconstructed
ok
test kaggriculture::oracle_corpus::reconstruction_feature_streams_support_both_formats_and_exact_eof ... ok
test kaggriculture::oracle_corpus::reconstruction_hand_anchors_cover_every_range_and_boundary ... ok
test kaggriculture::oracle_corpus::reconstruction_old_day_rule_sentinel_age_and_clamping_are_explicit ... ok
test kaggriculture::oracle_corpus::reconstruction_recorded_constants_and_duplicates_are_checked_independently ... ok

test result: ok. 8 passed; 0 failed; 0 ignored; 0 measured; 228 filtered out; finished in 0.02s

