PT017 Found assertion on exception `error` in `except` block, use `pytest.raises()` instead
   --> ops/rebuild-2026-09-29/1.3/native_boundary_smoke.py:217:13
    |
215 |             _write(payload, arrays)
216 |         except ValueError as error:
217 |             assert field in str(error), (field, str(error))
    |             ^^^^^^^^^^^^^^^^^^^^^^^^^^^^^^^^^^^^^^^^^^^^^^^
218 |         else:
219 |             raise AssertionError(f"accepted invalid {field}")
    |

PT017 Found assertion on exception `error` in `except` block, use `pytest.raises()` instead
   --> ops/rebuild-2026-09-29/1.3/native_boundary_smoke.py:217:13
    |
215 |             _write(payload, arrays)
216 |         except ValueError as error:
217 |             assert field in str(error), (field, str(error))
    |             ^^^^^^^^^^^^^^^^^^^^^^^^^^^^^^^^^^^^^^^^^^^^^^^
218 |         else:
219 |             raise AssertionError(f"accepted invalid {field}")
    |

Found 2 errors.
