# just prepare on the uncommitted merge of kg/rebuild-wandb 8d5838e into integration 5ed1c1a (kg/merge-wandb-c), 2026-09-29T18:27:27Z
# CARGO_BUILD_JOBS=2 OMP_NUM_THREADS=2 uvx --from rust-just just prepare
uv run maturin develop
📦 Including license file `LICENSE`
🍹 Building a mixed python/rust project
🔗 Found pyo3 bindings with abi3 support
🐍 Found CPython 3.12 at /Users/poonszesen/kg-v3-m-wandb/.venv/bin/python
📡 Using build options features from pyproject.toml
Audited 9 packages in 22ms
Resolved 44 packages in 477ms
Audited 44 packages in 1ms
   Compiling target-lexicon v0.13.5
   Compiling autocfg v1.5.0
   Compiling proc-macro2 v1.0.106
   Compiling quote v1.0.45
   Compiling unicode-ident v1.0.24
   Compiling pyo3-build-config v0.28.3
   Compiling num-traits v0.2.19
   Compiling syn v2.0.117
   Compiling libc v0.2.186
   Compiling serde_core v1.0.228
   Compiling crossbeam-utils v0.8.21
   Compiling num-integer v0.1.46
   Compiling pyo3-macros-backend v0.28.3
   Compiling pyo3-ffi v0.28.3
   Compiling matrixmultiply v0.3.10
   Compiling zmij v1.0.21
   Compiling heck v0.5.0
   Compiling crossbeam-epoch v0.9.18
   Compiling pyo3 v0.28.3
   Compiling equivalent v1.0.2
   Compiling serde v1.0.228
   Compiling serde_json v1.0.149
   Compiling rawpointer v0.2.1
   Compiling rayon-core v1.13.0
   Compiling hashbrown v0.17.0
   Compiling rand_core v0.10.1
   Compiling cfg-if v1.0.4
   Compiling getrandom v0.4.2
   Compiling indexmap v2.14.0
   Compiling pyo3-macros v0.28.3
   Compiling crossbeam-deque v0.8.6
   Compiling num-bigint v0.4.8
   Compiling serde_derive v1.0.228
   Compiling num-complex v0.4.6
   Compiling numpy v0.28.0
   Compiling once_cell v1.21.4
   Compiling memchr v2.8.0
   Compiling itoa v1.0.18
   Compiling ndarray v0.17.2
   Compiling num-rational v0.4.2
   Compiling chacha20 v0.10.0
   Compiling owl v0.1.0 (/Users/poonszesen/kg-v3-m-wandb)
   Compiling rustc-hash v2.1.2
   Compiling either v1.15.0
   Compiling rayon v1.12.0
   Compiling rand v0.10.1
   Compiling kaggriculture-engine v0.1.0 (/Users/poonszesen/kg-v3-m-wandb/engine_rs)
    Finished `dev` profile [unoptimized + debuginfo] target(s) in 18.68s
📦 Built wheel for abi3 Python ≥ 3.11 to /var/folders/s_/d3vy5t5s4dv607gfkpx495000000gn/T/.tmpRtu1bY/owl-0.1.0-cp311-abi3-macosx_11_0_arm64.whl
✏️ Setting installed package as editable
🛠 Installed owl-0.1.0
uv run python scripts/check_engine_trim.py
Uninstalled 1 package in 0.43ms
Installed 1 package in 1ms
engine trim manifest: OK
uv run --offline python scripts/check_opponent_import.py
opponent import check passed (entry pins; custody only; parity is checked separately)
cargo fmt
cargo fmt --manifest-path engine_rs/Cargo.toml --check
cargo fmt --manifest-path opponents_rs/Cargo.toml --check
uvx ruff check python/ scripts/ tests/ --select I --fix
All checks passed!
uvx ruff format python/ scripts/ tests/
142 files left unchanged
cargo clippy --all-targets -- -D warnings
   Compiling target-lexicon v0.13.5
   Compiling autocfg v1.5.0
   Compiling proc-macro2 v1.0.106
   Compiling pyo3-build-config v0.28.3
   Compiling unicode-ident v1.0.24
   Compiling quote v1.0.45
   Compiling num-traits v0.2.19
   Compiling syn v2.0.117
   Compiling libc v0.2.186
   Compiling serde_core v1.0.228
   Compiling crossbeam-utils v0.8.21
    Checking num-integer v0.1.46
   Compiling pyo3-ffi v0.28.3
   Compiling pyo3-macros-backend v0.28.3
   Compiling matrixmultiply v0.3.10
   Compiling heck v0.5.0
   Compiling zmij v1.0.21
    Checking crossbeam-epoch v0.9.18
   Compiling pyo3 v0.28.3
    Checking hashbrown v0.17.0
    Checking cfg-if v1.0.4
   Compiling rayon-core v1.13.0
    Checking equivalent v1.0.2
   Compiling serde v1.0.228
    Checking rawpointer v0.2.1
    Checking rand_core v0.10.1
   Compiling getrandom v0.4.2
   Compiling serde_json v1.0.149
   Compiling pyo3-macros v0.28.3
    Checking indexmap v2.14.0
    Checking crossbeam-deque v0.8.6
    Checking num-bigint v0.4.8
   Compiling serde_derive v1.0.228
    Checking num-complex v0.4.6
   Compiling numpy v0.28.0
    Checking memchr v2.8.0
    Checking itoa v1.0.18
    Checking once_cell v1.21.4
    Checking ndarray v0.17.2
    Checking num-rational v0.4.2
    Checking chacha20 v0.10.0
   Compiling owl v0.1.0 (/Users/poonszesen/kg-v3-m-wandb)
    Checking rustc-hash v2.1.2
    Checking either v1.15.0
    Checking rayon v1.12.0
    Checking rand v0.10.1
    Checking kaggriculture-engine v0.1.0 (/Users/poonszesen/kg-v3-m-wandb/engine_rs)
    Finished `dev` profile [unoptimized + debuginfo] target(s) in 14.40s
# Six pinned upstream style findings; see ops/rebuild-2026-09-29/1.1/results.md.
cargo clippy --manifest-path engine_rs/Cargo.toml --all-targets --locked -- -D warnings -A clippy::too_many_arguments -A clippy::collapsible_if -A clippy::needless_range_loop
   Compiling proc-macro2 v1.0.107
   Compiling autocfg v1.5.1
   Compiling num-traits v0.2.19
   Compiling unicode-ident v1.0.24
   Compiling serde_core v1.0.229
   Compiling quote v1.0.47
   Compiling zmij v1.0.23
    Checking num-integer v0.1.47
   Compiling syn v3.0.3
   Compiling serde_json v1.0.151
   Compiling serde v1.0.229
    Checking equivalent v1.0.2
    Checking hashbrown v0.17.1
    Checking indexmap v2.14.0
   Compiling serde_derive v1.0.229
    Checking num-bigint v0.4.8
    Checking itoa v1.0.18
    Checking memchr v2.8.3
    Checking num-rational v0.4.2
    Checking kaggriculture-engine v0.1.0 (/Users/poonszesen/kg-v3-m-wandb/engine_rs)
    Finished `dev` profile [unoptimized + debuginfo] target(s) in 5.39s
cargo clippy --offline --manifest-path opponents_rs/Cargo.toml --all-targets --locked -- -D warnings
   Compiling autocfg v1.5.1
   Compiling proc-macro2 v1.0.107
   Compiling num-traits v0.2.19
   Compiling version_check v0.9.5
   Compiling serde_core v1.0.229
   Compiling quote v1.0.47
   Compiling unicode-ident v1.0.26
   Compiling generic-array v0.14.7
   Compiling zmij v1.0.23
    Checking typenum v1.20.1
   Compiling syn v3.0.6
    Checking num-integer v0.1.47
    Checking hashbrown v0.17.1
   Compiling serde_json v1.0.151
    Checking equivalent v1.0.2
   Compiling libc v0.2.189
   Compiling serde v1.0.229
   Compiling serde_derive v1.0.229
    Checking indexmap v2.14.2
    Checking num-bigint v0.4.8
    Checking memchr v2.8.3
    Checking itoa v1.0.18
    Checking num-rational v0.4.2
    Checking crypto-common v0.1.7
    Checking block-buffer v0.10.4
    Checking digest v0.10.7
    Checking cpufeatures v0.2.17
    Checking cfg-if v1.0.5
    Checking sha2 v0.10.9
    Checking kaggriculture-engine v0.1.0 (/Users/poonszesen/kg-v3-m-wandb/engine_rs)
    Checking kaggriculture-opponents v0.1.0 (/Users/poonszesen/kg-v3-m-wandb/opponents_rs)
    Finished `dev` profile [unoptimized + debuginfo] target(s) in 4.68s
uv run python scripts/check_python_311_syntax.py
uvx ruff check python/ scripts/ tests/
E501 Line too long (93 > 88)
   --> scripts/run_ppo.py:473:89
    |
471 |             # Name where the unsynced run lives, so the outage can be repaired.
472 |             print(
473 |                 f"W&B offline: telemetry stays under {run_dir / 'wandb'} until `wandb sync`",
    |                                                                                         ^^^^^
474 |                 file=sys.stderr,
475 |                 flush=True,
    |

Found 1 error.
error: recipe `py-lint` failed on line 23 with exit code 1
EXIT=1
