2026-09-30T17:07:57Z copyoff start host=root@<terminated-h200-pod-ip> port=15795 name=earn720-r30e01w30-8xh200-from-60M-20261001 dest=/Users/poonszesen/kg-v3-runs/earn720-r30e01w30-8xh200-from-60M-20261001 pid=18914
2026-09-30T17:07:57Z pass start
2026-09-30T17:08:20Z pass end: 0 checkpoint files
2026-09-30T17:18:20Z pass start
2026-09-30T17:18:46Z pass end: 0 checkpoint files
2026-09-30T17:28:46Z pass start
2026-09-30T17:29:15Z pass end: 0 checkpoint files
2026-09-30T17:39:15Z pass start
2026-09-30T17:39:40Z pass end: 0 checkpoint files
2026-09-30T17:49:40Z pass start
2026-09-30T17:50:05Z pass end: 0 checkpoint files
2026-09-30T18:00:05Z pass start
  copied 20260930-170804/checkpoint_00_070_041_344.pt 51926715 B mtime 1790790870 sha256 4c8b94831dd2a7b0688646555e19fa47170da538bd37d14296f529b9745238e9 (matches pod)
2026-09-30T18:00:49Z pass end: 1 checkpoint files
2026-09-30T18:10:49Z pass start
  copied 20260930-170804/checkpoint_last_best.pt 51923135 B mtime 1790790896 sha256 1fcd6a35ca856345df7945ad5bac2359677d0088f735f1bab2705cf0a68b60db (matches pod)
  kept promoted last_best as 1790790896-1fcd6a35ca85.pt
2026-09-30T18:11:31Z pass end: 3 checkpoint files
2026-09-30T18:21:31Z pass start
2026-09-30T18:21:55Z pass end: 3 checkpoint files
2026-09-30T18:31:55Z pass start
  copied 20260930-170804/checkpoint_last_best.pt 51923135 B mtime 1790792878 sha256 650c91a92a9f798940b22bcf818ffc32388423e2ffe49559471be2d82f7ea402 (matches pod)
  kept promoted last_best as 1790792878-650c91a92a9f.pt
2026-09-30T18:32:47Z pass end: 4 checkpoint files
2026-09-30T19:09:06Z pass start
  copied 20260930-170804/checkpoint_00_080_063_744.pt 51926715 B mtime 1790792852 sha256 ded916bd72c3697a9fd0da0a1475f1ca86cf7514fe00e47f80ec0c577a36b152 (matches pod)
2026-09-30T19:10:12Z pass end: 5 checkpoint files
2026-09-30T19:12:34Z copyoff stopped by signal (pid 18914)
2026-09-30T19:12:36Z copyoff start host=root@<terminated-h200-pod-ip> port=15795 name=earn720-r30e01w30-8xh200-from-60M-20261001 dest=/Users/poonszesen/kg-v3-runs/earn720-r30e01w30-8xh200-from-60M-20261001 pid=57973
2026-09-30T19:12:36Z pass start
  copied 20260930-170804/checkpoint_00_090_086_144.pt 51926715 B mtime 1790794812 sha256 6b196ef33b3db9dab74220421f147d4bb9cdb49562115e3e7ac822947a11d19a (matches pod)
2026-09-30T19:13:44Z pass end: 6 checkpoint files
