2026-09-30T17:07:50Z watchdog start pgid=26925 log=/root/runs/earn720-r30e01w30-8xh200-from-60M-20261001.log poll=60s stop=nonfinite loss/* only
2026-09-30T17:07:50Z heartbeat rank0_iteration=0 records_per_rank={} skipped=0 last_bank=None
2026-09-30T17:11:50Z observe iteration=1 games=160 own_bank_mean=97438.3 reward_bank_mean=0.0002596920746527778 return_common_mean=0.1869782954454422
2026-09-30T17:12:50Z observe iteration=2 games=160 own_bank_mean=94572.3 reward_bank_mean=0.00025053323784722227 return_common_mean=0.18038392066955566
2026-09-30T17:12:50Z observe iteration=3 games=160 own_bank_mean=94819.6 reward_bank_mean=0.0002543745920138889 return_common_mean=0.18314971029758453
2026-09-30T17:13:50Z observe iteration=4 games=160 own_bank_mean=95328.3 reward_bank_mean=0.00025628109374999997 return_common_mean=0.18452239036560059
2026-09-30T17:13:50Z observe iteration=5 games=160 own_bank_mean=94470.7 reward_bank_mean=0.00025394453993055554 return_common_mean=0.18284006416797638
2026-09-30T17:14:50Z observe iteration=6 games=160 own_bank_mean=95734.2 reward_bank_mean=0.00025746131076388886 return_common_mean=0.18537214398384094
2026-09-30T17:14:50Z observe iteration=7 games=160 own_bank_mean=98398.7 reward_bank_mean=0.0002644363107638889 return_common_mean=0.19039414823055267
2026-09-30T17:15:50Z observe iteration=8 games=160 own_bank_mean=96242.3 reward_bank_mean=0.00025857266493055554 return_common_mean=0.18617230653762817
2026-09-30T17:15:50Z observe iteration=9 games=160 own_bank_mean=96523.0 reward_bank_mean=0.00025941667534722226 return_common_mean=0.18678002059459686
2026-09-30T17:16:50Z observe iteration=10 games=160 own_bank_mean=95079.7 reward_bank_mean=0.0002557408506944444 return_common_mean=0.1841334104537964
2026-09-30T17:16:50Z observe iteration=11 games=160 own_bank_mean=92902.2 reward_bank_mean=0.00024942563368055557 return_common_mean=0.17958645522594452
2026-09-30T17:16:50Z heartbeat rank0_iteration=11 records_per_rank={0: 11, 1: 11, 2: 11, 3: 11, 4: 11, 5: 11, 6: 11, 7: 11} skipped=0 last_bank=(11, 160.0, 92902.25)
2026-09-30T17:17:50Z observe iteration=12 games=160 own_bank_mean=93263.4 reward_bank_mean=0.0002504544878472222 return_common_mean=0.18032723665237427
2026-09-30T17:17:50Z observe iteration=13 games=160 own_bank_mean=94589.8 reward_bank_mean=0.0002540372222222222 return_common_mean=0.18290680646896362
2026-09-30T17:18:50Z observe iteration=14 games=160 own_bank_mean=93377.2 reward_bank_mean=0.0002506432986111111 return_common_mean=0.18046316504478455
2026-09-30T17:18:50Z observe iteration=15 games=160 own_bank_mean=94359.9 reward_bank_mean=0.00025358428819444444 return_common_mean=0.18258067965507507
2026-09-30T17:19:50Z observe iteration=16 games=160 own_bank_mean=96102.6 reward_bank_mean=0.000258631171875 return_common_mean=0.18621444702148438
2026-09-30T17:19:50Z observe iteration=17 games=160 own_bank_mean=93238.2 reward_bank_mean=0.00025069795138888887 return_common_mean=0.1805025339126587
2026-09-30T17:20:50Z observe iteration=18 games=160 own_bank_mean=94488.2 reward_bank_mean=0.0002541669444444444 return_common_mean=0.18300019204616547
2026-09-30T17:20:50Z observe iteration=19 games=160 own_bank_mean=96167.0 reward_bank_mean=0.0002585090625 return_common_mean=0.18612651526927948
2026-09-30T17:21:50Z observe iteration=20 games=160 own_bank_mean=94694.4 reward_bank_mean=0.0002546981076388889 return_common_mean=0.18338264524936676
2026-09-30T17:21:50Z observe iteration=21 games=160 own_bank_mean=94013.3 reward_bank_mean=0.0002527045833333333 return_common_mean=0.18194730579853058
2026-09-30T17:22:50Z observe iteration=22 games=160 own_bank_mean=96021.4 reward_bank_mean=0.0002582195920138889 return_common_mean=0.18591812252998352
2026-09-30T17:22:50Z observe iteration=23 games=160 own_bank_mean=94845.2 reward_bank_mean=0.0002547657899305555 return_common_mean=0.18343137204647064
2026-09-30T17:23:50Z observe iteration=24 games=160 own_bank_mean=97564.0 reward_bank_mean=0.0002625955381944444 return_common_mean=0.18906879425048828
2026-09-30T17:23:50Z observe iteration=25 games=160 own_bank_mean=94547.2 reward_bank_mean=0.0002542756336805555 return_common_mean=0.18307848274707794
2026-09-30T17:24:50Z observe iteration=26 games=160 own_bank_mean=93804.4 reward_bank_mean=0.00025157230034722223 return_common_mean=0.18113206326961517
2026-09-30T17:24:50Z observe iteration=27 games=160 own_bank_mean=95772.3 reward_bank_mean=0.0002575840451388889 return_common_mean=0.18546050786972046
2026-09-30T17:25:50Z observe iteration=28 games=160 own_bank_mean=97297.0 reward_bank_mean=0.00026162773437499995 return_common_mean=0.18837197124958038
2026-09-30T17:25:50Z observe iteration=29 games=160 own_bank_mean=93734.6 reward_bank_mean=0.0002520225173611111 return_common_mean=0.18145620822906494
2026-09-30T17:26:50Z observe iteration=30 games=160 own_bank_mean=95628.1 reward_bank_mean=0.0002572727864583333 return_common_mean=0.18523640930652618
2026-09-30T17:26:50Z heartbeat rank0_iteration=30 records_per_rank={0: 30, 1: 30, 2: 30, 3: 30, 4: 30, 5: 30, 6: 30, 7: 30} skipped=0 last_bank=(30, 160.0, 95628.134375)
2026-09-30T17:27:50Z observe iteration=31 games=160 own_bank_mean=94867.7 reward_bank_mean=0.00025518703993055553 return_common_mean=0.18373467028141022
2026-09-30T17:27:50Z observe iteration=32 games=160 own_bank_mean=96045.8 reward_bank_mean=0.00025849102430555547 return_common_mean=0.18611353635787964
2026-09-30T17:28:50Z observe iteration=33 games=160 own_bank_mean=97013.0 reward_bank_mean=0.0002610633420138889 return_common_mean=0.18796560168266296
2026-09-30T17:28:50Z observe iteration=34 games=160 own_bank_mean=97539.7 reward_bank_mean=0.0002625525868055556 return_common_mean=0.18903787434101105
2026-09-30T17:29:50Z observe iteration=35 games=160 own_bank_mean=95214.1 reward_bank_mean=0.00025591078993055557 return_common_mean=0.18425576388835907
2026-09-30T17:29:50Z observe iteration=36 games=160 own_bank_mean=91815.7 reward_bank_mean=0.0002466796440972222 return_common_mean=0.17760932445526123
2026-09-30T17:30:50Z observe iteration=37 games=160 own_bank_mean=95010.8 reward_bank_mean=0.000255253828125 return_common_mean=0.18378275632858276
2026-09-30T17:30:50Z observe iteration=38 games=160 own_bank_mean=95682.7 reward_bank_mean=0.0002572975173611111 return_common_mean=0.18525420129299164
2026-09-30T17:31:50Z observe iteration=39 games=160 own_bank_mean=95232.0 reward_bank_mean=0.00025623161458333333 return_common_mean=0.1844867616891861
2026-09-30T17:31:50Z observe iteration=40 games=160 own_bank_mean=93833.8 reward_bank_mean=0.00025222401909722223 return_common_mean=0.18160128593444824
2026-09-30T17:32:50Z observe iteration=41 games=160 own_bank_mean=94793.3 reward_bank_mean=0.00025490736111111114 return_common_mean=0.18353329598903656
2026-09-30T17:32:50Z observe iteration=42 games=160 own_bank_mean=94003.9 reward_bank_mean=0.00025237390625000003 return_common_mean=0.1817092001438141
2026-09-30T17:33:50Z observe iteration=43 games=160 own_bank_mean=95089.2 reward_bank_mean=0.00025574618055555553 return_common_mean=0.1841372549533844
2026-09-30T17:33:50Z observe iteration=44 games=160 own_bank_mean=97810.2 reward_bank_mean=0.0002630672569444444 return_common_mean=0.18940843641757965
2026-09-30T17:34:50Z observe iteration=45 games=160 own_bank_mean=96237.8 reward_bank_mean=0.00025843015625 return_common_mean=0.18606971204280853
2026-09-30T17:34:50Z observe iteration=46 games=160 own_bank_mean=92440.4 reward_bank_mean=0.00024845219618055555 return_common_mean=0.1788855791091919
2026-09-30T17:35:50Z observe iteration=47 games=160 own_bank_mean=96457.0 reward_bank_mean=0.0002593743489583333 return_common_mean=0.18674951791763306
2026-09-30T17:35:50Z observe iteration=48 games=160 own_bank_mean=94233.7 reward_bank_mean=0.00025340973090277777 return_common_mean=0.18245501816272736
2026-09-30T17:36:50Z observe iteration=49 games=160 own_bank_mean=95695.3 reward_bank_mean=0.0002572278732638889 return_common_mean=0.18520405888557434
2026-09-30T17:36:50Z observe iteration=50 games=160 own_bank_mean=95419.2 reward_bank_mean=0.00025669001736111115 return_common_mean=0.18481682240962982
2026-09-30T17:36:50Z heartbeat rank0_iteration=50 records_per_rank={0: 50, 1: 50, 2: 50, 3: 50, 4: 50, 5: 50, 6: 50, 7: 50} skipped=0 last_bank=(50, 160.0, 95419.153125)
2026-09-30T17:37:50Z observe iteration=51 games=160 own_bank_mean=95634.9 reward_bank_mean=0.00025726779513888886 return_common_mean=0.18523280322551727
2026-09-30T17:37:50Z observe iteration=52 games=160 own_bank_mean=97527.4 reward_bank_mean=0.0002625533159722222 return_common_mean=0.18903838098049164
2026-09-30T17:38:51Z observe iteration=53 games=160 own_bank_mean=99494.2 reward_bank_mean=0.0002679244965277777 return_common_mean=0.19290563464164734
2026-09-30T17:39:51Z observe iteration=54 games=160 own_bank_mean=97152.9 reward_bank_mean=0.00026171171875 return_common_mean=0.1884324550628662
2026-09-30T17:39:51Z observe iteration=55 games=160 own_bank_mean=94173.2 reward_bank_mean=0.0002534818229166667 return_common_mean=0.18250690400600433
2026-09-30T17:40:51Z observe iteration=56 games=160 own_bank_mean=96891.8 reward_bank_mean=0.00026074023437499996 return_common_mean=0.1877329796552658
2026-09-30T17:40:51Z observe iteration=57 games=160 own_bank_mean=95292.3 reward_bank_mean=0.0002565794965277778 return_common_mean=0.18473723530769348
2026-09-30T17:41:51Z observe iteration=58 games=160 own_bank_mean=96842.3 reward_bank_mean=0.00026077263020833337 return_common_mean=0.18775628507137299
2026-09-30T17:41:51Z observe iteration=59 games=160 own_bank_mean=95950.7 reward_bank_mean=0.0002578396267361111 return_common_mean=0.18564453721046448
2026-09-30T17:42:51Z observe iteration=60 games=160 own_bank_mean=97211.9 reward_bank_mean=0.0002613249652777778 return_common_mean=0.1881539672613144
2026-09-30T17:42:51Z observe iteration=61 games=160 own_bank_mean=98084.6 reward_bank_mean=0.00026392689236111116 return_common_mean=0.1900273561477661
2026-09-30T17:43:51Z observe iteration=62 games=160 own_bank_mean=96181.8 reward_bank_mean=0.0002586673524305555 return_common_mean=0.18624049425125122
2026-09-30T17:43:51Z observe iteration=63 games=160 own_bank_mean=96600.9 reward_bank_mean=0.0002596868836805555 return_common_mean=0.18697455525398254
2026-09-30T17:44:51Z observe iteration=64 games=160 own_bank_mean=94832.4 reward_bank_mean=0.0002549795138888889 return_common_mean=0.1835852414369583
2026-09-30T17:44:51Z observe iteration=65 games=160 own_bank_mean=94115.3 reward_bank_mean=0.00025303848090277775 return_common_mean=0.18218770623207092
2026-09-30T17:45:51Z observe iteration=66 games=160 own_bank_mean=94779.0 reward_bank_mean=0.000254926875 return_common_mean=0.18354734778404236
2026-09-30T17:45:51Z observe iteration=67 games=160 own_bank_mean=96041.5 reward_bank_mean=0.00025831335937499995 return_common_mean=0.18598560988903046
2026-09-30T17:46:51Z observe iteration=68 games=160 own_bank_mean=96230.3 reward_bank_mean=0.00025872469618055553 return_common_mean=0.18628177046775818
2026-09-30T17:46:51Z observe iteration=69 games=160 own_bank_mean=96909.8 reward_bank_mean=0.00026065720486111106 return_common_mean=0.1876731812953949
2026-09-30T17:46:51Z heartbeat rank0_iteration=69 records_per_rank={0: 69, 1: 69, 2: 69, 3: 69, 4: 69, 5: 69, 6: 69, 7: 69} skipped=0 last_bank=(69, 160.0, 96909.790625)
2026-09-30T17:47:51Z observe iteration=70 games=160 own_bank_mean=95967.0 reward_bank_mean=0.00025739599826388887 return_common_mean=0.18532511591911316
2026-09-30T17:47:51Z observe iteration=71 games=160 own_bank_mean=94869.3 reward_bank_mean=0.0002551665625 return_common_mean=0.18371990323066711
2026-09-30T17:48:51Z observe iteration=72 games=160 own_bank_mean=96409.0 reward_bank_mean=0.0002594260590277778 return_common_mean=0.18678675591945648
2026-09-30T17:49:51Z observe iteration=73 games=160 own_bank_mean=97583.2 reward_bank_mean=0.00026260726562499996 return_common_mean=0.189077228307724
2026-09-30T17:49:51Z observe iteration=74 games=160 own_bank_mean=94808.9 reward_bank_mean=0.0002550139236111111 return_common_mean=0.18361002206802368
2026-09-30T17:50:51Z observe iteration=75 games=160 own_bank_mean=96637.3 reward_bank_mean=0.00026036539062499993 return_common_mean=0.18746307492256165
2026-09-30T17:50:51Z observe iteration=76 games=160 own_bank_mean=94847.2 reward_bank_mean=0.00025465624999999995 return_common_mean=0.1833525002002716
2026-09-30T17:50:51Z observe iteration=77 games=160 own_bank_mean=96976.9 reward_bank_mean=0.00026098571180555556 return_common_mean=0.18790970742702484
2026-09-30T17:51:51Z observe iteration=78 games=160 own_bank_mean=93965.2 reward_bank_mean=0.0002526742795138889 return_common_mean=0.1819254755973816
2026-09-30T17:51:51Z observe iteration=79 games=160 own_bank_mean=93927.6 reward_bank_mean=0.0002527445225694444 return_common_mean=0.1819760501384735
2026-09-30T17:52:51Z observe iteration=80 games=160 own_bank_mean=95664.6 reward_bank_mean=0.00025726271701388887 return_common_mean=0.18522915244102478
2026-09-30T17:52:51Z observe iteration=81 games=160 own_bank_mean=96672.1 reward_bank_mean=0.0002597017534722222 return_common_mean=0.18698523938655853
2026-09-30T17:52:51Z observe iteration=82 games=160 own_bank_mean=95039.0 reward_bank_mean=0.0002556265190972222 return_common_mean=0.18405109643936157
2026-09-30T17:53:51Z observe iteration=83 games=160 own_bank_mean=93788.9 reward_bank_mean=0.00025196708333333337 return_common_mean=0.18141630291938782
2026-09-30T17:53:51Z observe iteration=84 games=160 own_bank_mean=95412.6 reward_bank_mean=0.0002566529166666667 return_common_mean=0.18479008972644806
2026-09-30T17:53:51Z observe iteration=85 games=160 own_bank_mean=93558.9 reward_bank_mean=0.00025129424479166664 return_common_mean=0.18093185126781464
2026-09-30T17:54:51Z observe iteration=86 games=160 own_bank_mean=94829.0 reward_bank_mean=0.0002547155989583334 return_common_mean=0.18339523673057556
2026-09-30T17:54:51Z observe iteration=87 games=160 own_bank_mean=97666.6 reward_bank_mean=0.00026251002604166663 return_common_mean=0.1890072226524353
2026-09-30T17:55:51Z observe iteration=88 games=160 own_bank_mean=96440.9 reward_bank_mean=0.0002595105208333333 return_common_mean=0.18684758245944977
2026-09-30T17:55:51Z observe iteration=89 games=160 own_bank_mean=93081.2 reward_bank_mean=0.00025013210069444445 return_common_mean=0.1800951212644577
2026-09-30T17:56:51Z observe iteration=90 games=160 own_bank_mean=93996.9 reward_bank_mean=0.0002525323177083333 return_common_mean=0.181823268532753
2026-09-30T17:56:51Z observe iteration=91 games=160 own_bank_mean=94460.7 reward_bank_mean=0.00025377023437499994 return_common_mean=0.1827145665884018
2026-09-30T17:56:51Z observe iteration=92 games=160 own_bank_mean=95074.7 reward_bank_mean=0.00025572062499999997 return_common_mean=0.1841188669204712
2026-09-30T17:56:51Z heartbeat rank0_iteration=92 records_per_rank={0: 92, 1: 92, 2: 92, 3: 92, 4: 92, 5: 92, 6: 92, 7: 92} skipped=0 last_bank=(92, 160.0, 95074.709375)
2026-09-30T17:57:51Z observe iteration=93 games=160 own_bank_mean=95355.1 reward_bank_mean=0.0002560767534722222 return_common_mean=0.18437525629997253
2026-09-30T17:57:51Z observe iteration=94 games=160 own_bank_mean=95215.7 reward_bank_mean=0.0002561389583333333 return_common_mean=0.18442004919052124
2026-09-30T17:58:51Z observe iteration=95 games=160 own_bank_mean=97309.8 reward_bank_mean=0.0002618559982638889 return_common_mean=0.18853633105754852
2026-09-30T17:58:51Z observe iteration=96 games=160 own_bank_mean=94184.3 reward_bank_mean=0.00025319203993055556 return_common_mean=0.18229825794696808
2026-09-30T17:58:51Z observe iteration=97 games=160 own_bank_mean=94823.0 reward_bank_mean=0.0002550661458333333 return_common_mean=0.18364763259887695
2026-09-30T17:59:51Z observe iteration=98 games=160 own_bank_mean=95116.3 reward_bank_mean=0.00025558658854166666 return_common_mean=0.18402235209941864
2026-09-30T17:59:51Z observe iteration=99 games=160 own_bank_mean=94562.4 reward_bank_mean=0.00025461546006944443 return_common_mean=0.18332311511039734
2026-09-30T17:59:51Z observe iteration=100 games=160 own_bank_mean=96363.2 reward_bank_mean=0.00025895173611111113 return_common_mean=0.18644525110721588
2026-09-30T18:00:51Z observe iteration=101 games=160 own_bank_mean=96890.0 reward_bank_mean=0.000260485625 return_common_mean=0.1875496506690979
2026-09-30T18:00:51Z observe iteration=102 games=160 own_bank_mean=94682.6 reward_bank_mean=0.00025480812499999997 return_common_mean=0.18346184492111206
2026-09-30T18:01:51Z observe iteration=103 games=160 own_bank_mean=96800.8 reward_bank_mean=0.0002606901475694444 return_common_mean=0.1876969039440155
2026-09-30T18:01:51Z observe iteration=104 games=160 own_bank_mean=93093.2 reward_bank_mean=0.00025006078125 return_common_mean=0.1800437569618225
2026-09-30T18:02:51Z observe iteration=105 games=160 own_bank_mean=95156.9 reward_bank_mean=0.00025533923611111107 return_common_mean=0.18384423851966858
2026-09-30T18:02:51Z observe iteration=106 games=160 own_bank_mean=95508.9 reward_bank_mean=0.0002569498090277778 return_common_mean=0.1850038468837738
2026-09-30T18:02:51Z observe iteration=107 games=160 own_bank_mean=94350.7 reward_bank_mean=0.00025345829861111107 return_common_mean=0.18248997628688812
2026-09-30T18:03:51Z observe iteration=108 games=160 own_bank_mean=95512.6 reward_bank_mean=0.00025689143229166663 return_common_mean=0.18496182560920715
2026-09-30T18:03:51Z observe iteration=109 games=160 own_bank_mean=93737.9 reward_bank_mean=0.0002517815190972222 return_common_mean=0.18128268420696259
2026-09-30T18:04:51Z observe iteration=110 games=160 own_bank_mean=96483.1 reward_bank_mean=0.0002597049826388889 return_common_mean=0.18698759377002716
2026-09-30T18:04:51Z observe iteration=111 games=160 own_bank_mean=95351.4 reward_bank_mean=0.00025647305555555555 return_common_mean=0.18466059863567352
2026-09-30T18:04:51Z observe iteration=112 games=160 own_bank_mean=95386.4 reward_bank_mean=0.00025612369791666665 return_common_mean=0.18440905213356018
2026-09-30T18:05:51Z observe iteration=113 games=160 own_bank_mean=93633.1 reward_bank_mean=0.0002512498003472222 return_common_mean=0.18089985847473145
2026-09-30T18:05:51Z observe iteration=114 games=160 own_bank_mean=93793.7 reward_bank_mean=0.00025197033854166667 return_common_mean=0.18141862750053406
2026-09-30T18:05:51Z observe iteration=115 games=160 own_bank_mean=96016.6 reward_bank_mean=0.00025836627604166663 return_common_mean=0.18602371215820312
2026-09-30T18:06:51Z observe iteration=116 games=160 own_bank_mean=95042.7 reward_bank_mean=0.00025547437499999997 return_common_mean=0.1839415431022644
2026-09-30T18:06:51Z observe iteration=117 games=160 own_bank_mean=97932.9 reward_bank_mean=0.00026316559895833334 return_common_mean=0.18947921693325043
2026-09-30T18:06:51Z heartbeat rank0_iteration=117 records_per_rank={0: 117, 1: 117, 2: 117, 3: 117, 4: 117, 5: 117, 6: 117, 7: 117} skipped=0 last_bank=(117, 160.0, 97932.903125)
2026-09-30T18:07:51Z observe iteration=118 games=160 own_bank_mean=93870.4 reward_bank_mean=0.00025233359375 return_common_mean=0.18168017268180847
2026-09-30T18:07:51Z observe iteration=119 games=160 own_bank_mean=95259.9 reward_bank_mean=0.00025625635416666665 return_common_mean=0.18450456857681274
2026-09-30T18:07:51Z observe iteration=120 games=160 own_bank_mean=97379.1 reward_bank_mean=0.0002622015104166666 return_common_mean=0.18878507614135742
2026-09-30T18:08:51Z observe iteration=121 games=160 own_bank_mean=94699.8 reward_bank_mean=0.00025467745659722225 return_common_mean=0.1833677738904953
2026-09-30T18:08:51Z observe iteration=122 games=160 own_bank_mean=97484.3 reward_bank_mean=0.00026239467881944444 return_common_mean=0.1889241635799408
2026-09-30T18:08:51Z observe iteration=123 games=160 own_bank_mean=96093.3 reward_bank_mean=0.00025865487847222225 return_common_mean=0.18623152375221252
2026-09-30T18:09:51Z observe iteration=124 games=160 own_bank_mean=95559.7 reward_bank_mean=0.00025704584201388886 return_common_mean=0.18507301807403564
2026-09-30T18:09:51Z observe iteration=125 games=160 own_bank_mean=94867.3 reward_bank_mean=0.00025515550347222227 return_common_mean=0.1837119460105896
2026-09-30T18:09:51Z observe iteration=126 games=160 own_bank_mean=95841.8 reward_bank_mean=0.0002577101128472222 return_common_mean=0.18555128574371338
2026-09-30T18:10:51Z observe iteration=127 games=160 own_bank_mean=94558.6 reward_bank_mean=0.0002541227864583333 return_common_mean=0.182968407869339
2026-09-30T18:10:51Z observe iteration=128 games=160 own_bank_mean=97215.6 reward_bank_mean=0.000261516953125 return_common_mean=0.18829220533370972
2026-09-30T18:11:51Z observe iteration=129 games=160 own_bank_mean=95414.4 reward_bank_mean=0.00025642713541666664 return_common_mean=0.18462753295898438
2026-09-30T18:11:51Z observe iteration=130 games=160 own_bank_mean=98005.7 reward_bank_mean=0.00026326273437499994 return_common_mean=0.18954917788505554
2026-09-30T18:11:51Z observe iteration=131 games=160 own_bank_mean=97849.3 reward_bank_mean=0.0002630972222222222 return_common_mean=0.18942999839782715
2026-09-30T18:12:51Z observe iteration=132 games=160 own_bank_mean=96759.7 reward_bank_mean=0.00026032830729166666 return_common_mean=0.18743638694286346
2026-09-30T18:12:51Z observe iteration=133 games=160 own_bank_mean=96153.7 reward_bank_mean=0.0002587311545138889 return_common_mean=0.18628643453121185
2026-09-30T18:12:51Z observe iteration=134 games=160 own_bank_mean=95865.5 reward_bank_mean=0.00025777326388888886 return_common_mean=0.1855967491865158
2026-09-30T18:13:51Z observe iteration=135 games=160 own_bank_mean=100248.1 reward_bank_mean=0.00027001304687499997 return_common_mean=0.19440940022468567
2026-09-30T18:13:51Z observe iteration=136 games=160 own_bank_mean=98097.4 reward_bank_mean=0.00026371026041666665 return_common_mean=0.1898714005947113
2026-09-30T18:14:51Z observe iteration=137 games=160 own_bank_mean=98760.4 reward_bank_mean=0.00026541783854166666 return_common_mean=0.1911008358001709
2026-09-30T18:14:51Z observe iteration=138 games=160 own_bank_mean=99047.5 reward_bank_mean=0.00026674998263888887 return_common_mean=0.1920599788427353
2026-09-30T18:14:51Z observe iteration=139 games=160 own_bank_mean=96619.2 reward_bank_mean=0.00025997480902777777 return_common_mean=0.18718186020851135
2026-09-30T18:15:51Z observe iteration=140 games=160 own_bank_mean=97639.0 reward_bank_mean=0.00026287389756944444 return_common_mean=0.18926919996738434
2026-09-30T18:15:51Z observe iteration=141 games=160 own_bank_mean=93444.4 reward_bank_mean=0.0002511457291666667 return_common_mean=0.18082493543624878
2026-09-30T18:15:51Z observe iteration=142 games=160 own_bank_mean=95480.2 reward_bank_mean=0.0002565594357638889 return_common_mean=0.18472279608249664
2026-09-30T18:16:51Z observe iteration=143 games=160 own_bank_mean=94483.2 reward_bank_mean=0.0002540157986111111 return_common_mean=0.1828913688659668
2026-09-30T18:16:51Z observe iteration=144 games=160 own_bank_mean=93897.2 reward_bank_mean=0.00025251144965277776 return_common_mean=0.1818082481622696
2026-09-30T18:16:51Z observe iteration=145 games=160 own_bank_mean=96268.7 reward_bank_mean=0.00025894582465277777 return_common_mean=0.18644097447395325
2026-09-30T18:16:51Z heartbeat rank0_iteration=145 records_per_rank={0: 145, 1: 145, 2: 145, 3: 145, 4: 145, 5: 145, 6: 145, 7: 145} skipped=0 last_bank=(145, 160.0, 96268.721875)
2026-09-30T18:17:51Z observe iteration=146 games=160 own_bank_mean=96702.1 reward_bank_mean=0.00026024470486111107 return_common_mean=0.18737618625164032
2026-09-30T18:17:51Z observe iteration=147 games=160 own_bank_mean=98300.6 reward_bank_mean=0.000264635 return_common_mean=0.1905371993780136
2026-09-30T18:18:51Z observe iteration=148 games=160 own_bank_mean=95789.1 reward_bank_mean=0.00025855580729166667 return_common_mean=0.18616017699241638
2026-09-30T18:18:51Z observe iteration=149 games=160 own_bank_mean=98729.2 reward_bank_mean=0.00026746955729166664 return_common_mean=0.19257807731628418
2026-09-30T18:18:51Z observe iteration=150 games=160 own_bank_mean=93228.7 reward_bank_mean=0.0002497159548611111 return_common_mean=0.17979547381401062
2026-09-30T18:19:51Z observe iteration=151 games=160 own_bank_mean=97779.4 reward_bank_mean=0.00026459651041666664 return_common_mean=0.19050948321819305
2026-09-30T18:19:51Z observe iteration=152 games=160 own_bank_mean=98160.4 reward_bank_mean=0.00026397402777777774 return_common_mean=0.1900613009929657
2026-09-30T18:19:51Z observe iteration=153 games=160 own_bank_mean=96701.3 reward_bank_mean=0.00025969423611111106 return_common_mean=0.18697986006736755
2026-09-30T18:20:51Z observe iteration=154 games=160 own_bank_mean=98874.6 reward_bank_mean=0.0002657322222222222 return_common_mean=0.19132719933986664
2026-09-30T18:20:51Z observe iteration=155 games=160 own_bank_mean=98466.0 reward_bank_mean=0.00026492780381944447 return_common_mean=0.19074800610542297
2026-09-30T18:21:51Z observe iteration=156 games=160 own_bank_mean=94633.2 reward_bank_mean=0.0002541768836805556 return_common_mean=0.1830073595046997
2026-09-30T18:21:51Z observe iteration=157 games=160 own_bank_mean=96792.1 reward_bank_mean=0.00025990027777777775 return_common_mean=0.1871282160282135
2026-09-30T18:21:51Z observe iteration=158 games=160 own_bank_mean=97120.5 reward_bank_mean=0.00026118707465277774 return_common_mean=0.18805468082427979
2026-09-30T18:22:51Z observe iteration=159 games=160 own_bank_mean=97666.7 reward_bank_mean=0.00026274498263888885 return_common_mean=0.18917638063430786
2026-09-30T18:22:51Z observe iteration=160 games=160 own_bank_mean=97872.3 reward_bank_mean=0.0002632334461805556 return_common_mean=0.18952807784080505
2026-09-30T18:22:51Z observe iteration=161 games=160 own_bank_mean=95428.3 reward_bank_mean=0.0002564499826388889 return_common_mean=0.18464399874210358
2026-09-30T18:23:51Z observe iteration=162 games=160 own_bank_mean=96161.2 reward_bank_mean=0.0002585260677083333 return_common_mean=0.18613877892494202
2026-09-30T18:23:51Z observe iteration=163 games=160 own_bank_mean=98302.5 reward_bank_mean=0.0002644128732638889 return_common_mean=0.19037726521492004
2026-09-30T18:23:51Z observe iteration=164 games=160 own_bank_mean=96350.4 reward_bank_mean=0.00025915231770833334 return_common_mean=0.18658965826034546
2026-09-30T18:24:51Z observe iteration=165 games=160 own_bank_mean=97793.1 reward_bank_mean=0.0002631642708333333 return_common_mean=0.18947826325893402
2026-09-30T18:24:51Z observe iteration=166 games=160 own_bank_mean=95880.7 reward_bank_mean=0.00025796339409722225 return_common_mean=0.1857336312532425
2026-09-30T18:25:51Z observe iteration=167 games=160 own_bank_mean=97093.7 reward_bank_mean=0.00026123522569444443 return_common_mean=0.18808937072753906
2026-09-30T18:25:51Z observe iteration=168 games=160 own_bank_mean=94365.5 reward_bank_mean=0.00025391112847222223 return_common_mean=0.1828160136938095
2026-09-30T18:25:51Z observe iteration=169 games=160 own_bank_mean=98492.8 reward_bank_mean=0.0002648692013888889 return_common_mean=0.1907058209180832
2026-09-30T18:26:51Z observe iteration=170 games=160 own_bank_mean=98008.0 reward_bank_mean=0.0002634680121527778 return_common_mean=0.18969696760177612
2026-09-30T18:26:51Z observe iteration=171 games=160 own_bank_mean=97403.5 reward_bank_mean=0.0002622346440972222 return_common_mean=0.18880893290042877
2026-09-30T18:26:51Z observe iteration=172 games=160 own_bank_mean=98878.4 reward_bank_mean=0.0002661356597222222 return_common_mean=0.19161765277385712
2026-09-30T18:26:51Z heartbeat rank0_iteration=172 records_per_rank={0: 172, 1: 172, 2: 172, 3: 172, 4: 172, 5: 172, 6: 172, 7: 172} skipped=0 last_bank=(172, 160.0, 98878.415625)
2026-09-30T18:27:51Z observe iteration=173 games=160 own_bank_mean=97701.0 reward_bank_mean=0.0002629650868055556 return_common_mean=0.18933485448360443
2026-09-30T18:27:51Z observe iteration=174 games=160 own_bank_mean=96917.2 reward_bank_mean=0.00026105294270833333 return_common_mean=0.18795810639858246
2026-09-30T18:28:51Z observe iteration=175 games=160 own_bank_mean=96207.6 reward_bank_mean=0.00025879746527777774 return_common_mean=0.18633417785167694
2026-09-30T18:28:51Z observe iteration=176 games=160 own_bank_mean=95506.4 reward_bank_mean=0.0002570491145833334 return_common_mean=0.18507535755634308
2026-09-30T18:29:51Z observe iteration=177 games=160 own_bank_mean=94214.1 reward_bank_mean=0.0002535123697916667 return_common_mean=0.18252888321876526
2026-09-30T18:29:51Z observe iteration=178 games=160 own_bank_mean=96045.1 reward_bank_mean=0.00025795109375 return_common_mean=0.18572477996349335
2026-09-30T18:29:51Z observe iteration=179 games=160 own_bank_mean=95655.0 reward_bank_mean=0.00025731164062499996 return_common_mean=0.18526439368724823
2026-09-30T18:30:51Z observe iteration=180 games=160 own_bank_mean=95905.0 reward_bank_mean=0.0002577227777777777 return_common_mean=0.18556039035320282
2026-09-30T18:30:51Z observe iteration=181 games=160 own_bank_mean=97797.8 reward_bank_mean=0.0002633492361111111 return_common_mean=0.18961146473884583
2026-09-30T18:31:51Z observe iteration=182 games=160 own_bank_mean=95091.4 reward_bank_mean=0.0002555033159722222 return_common_mean=0.1839623898267746
2026-09-30T18:31:51Z observe iteration=183 games=160 own_bank_mean=94525.5 reward_bank_mean=0.00025418389756944444 return_common_mean=0.18301239609718323
2026-09-30T18:31:51Z observe iteration=184 games=160 own_bank_mean=97671.9 reward_bank_mean=0.0002628882204861111 return_common_mean=0.18927952647209167
2026-09-30T18:32:51Z observe iteration=185 games=160 own_bank_mean=95772.8 reward_bank_mean=0.00025754621527777785 return_common_mean=0.1854332685470581
2026-09-30T18:32:51Z observe iteration=186 games=160 own_bank_mean=94174.7 reward_bank_mean=0.0002531073003472222 return_common_mean=0.18223725259304047
2026-09-30T18:32:51Z observe iteration=187 games=160 own_bank_mean=99051.5 reward_bank_mean=0.0002669323177083333 return_common_mean=0.19219127297401428
2026-09-30T18:33:51Z observe iteration=188 games=160 own_bank_mean=98438.0 reward_bank_mean=0.0002648033854166666 return_common_mean=0.19065845012664795
2026-09-30T18:33:51Z observe iteration=189 games=160 own_bank_mean=97813.7 reward_bank_mean=0.0002631863802083333 return_common_mean=0.18949419260025024
2026-09-30T18:34:51Z observe iteration=190 games=160 own_bank_mean=97189.2 reward_bank_mean=0.00026117702256944444 return_common_mean=0.18804745376110077
2026-09-30T18:34:51Z observe iteration=191 games=160 own_bank_mean=98707.2 reward_bank_mean=0.0002653323350694444 return_common_mean=0.1910392791032791
2026-09-30T18:34:51Z observe iteration=192 games=160 own_bank_mean=93619.7 reward_bank_mean=0.00025166276909722226 return_common_mean=0.18119719624519348
2026-09-30T18:35:51Z observe iteration=193 games=160 own_bank_mean=94502.3 reward_bank_mean=0.00025410558159722217 return_common_mean=0.1829560101032257
2026-09-30T18:35:51Z observe iteration=194 games=160 own_bank_mean=97477.8 reward_bank_mean=0.00026450004340277777 return_common_mean=0.19044002890586853
2026-09-30T18:35:51Z observe iteration=195 games=160 own_bank_mean=95563.8 reward_bank_mean=0.00025718890625 return_common_mean=0.18517599999904633
2026-09-30T18:36:51Z observe iteration=196 games=160 own_bank_mean=95729.7 reward_bank_mean=0.0002575176736111111 return_common_mean=0.1854127198457718
2026-09-30T18:36:51Z observe iteration=197 games=160 own_bank_mean=100077.6 reward_bank_mean=0.0002695496267361111 return_common_mean=0.19407573342323303
2026-09-30T18:36:51Z heartbeat rank0_iteration=197 records_per_rank={0: 197, 1: 197, 2: 197, 3: 197, 4: 197, 5: 197, 6: 197, 7: 197} skipped=0 last_bank=(197, 160.0, 100077.64375)
2026-09-30T18:37:51Z observe iteration=198 games=160 own_bank_mean=95210.2 reward_bank_mean=0.0002559861458333333 return_common_mean=0.18431003391742706
2026-09-30T18:37:51Z observe iteration=199 games=160 own_bank_mean=94358.8 reward_bank_mean=0.0002520856597222222 return_common_mean=0.18150167167186737
2026-09-30T18:37:51Z observe iteration=200 games=160 own_bank_mean=96624.9 reward_bank_mean=0.0002598083420138889 return_common_mean=0.18706199526786804
2026-09-30T18:38:51Z observe iteration=201 games=160 own_bank_mean=93107.9 reward_bank_mean=0.00025036388020833333 return_common_mean=0.1802619993686676
2026-09-30T18:38:51Z observe iteration=202 games=160 own_bank_mean=94972.8 reward_bank_mean=0.00025550056423611104 return_common_mean=0.18396040797233582
2026-09-30T18:38:51Z observe iteration=203 games=160 own_bank_mean=94695.1 reward_bank_mean=0.0002544268402777778 return_common_mean=0.183187335729599
2026-09-30T18:39:51Z observe iteration=204 games=160 own_bank_mean=93601.5 reward_bank_mean=0.00025185190104166666 return_common_mean=0.18133337795734406
2026-09-30T18:39:51Z observe iteration=205 games=160 own_bank_mean=94494.4 reward_bank_mean=0.0002538896527777777 return_common_mean=0.1828005462884903
2026-09-30T18:39:51Z observe iteration=206 games=160 own_bank_mean=95963.2 reward_bank_mean=0.0002581561111111111 return_common_mean=0.1858723908662796
2026-09-30T18:40:51Z observe iteration=207 games=160 own_bank_mean=96871.0 reward_bank_mean=0.00026037144965277776 return_common_mean=0.18746744096279144
2026-09-30T18:40:51Z observe iteration=208 games=160 own_bank_mean=94363.0 reward_bank_mean=0.00025378732638888884 return_common_mean=0.1827268749475479
2026-09-30T18:41:51Z observe iteration=209 games=160 own_bank_mean=98740.7 reward_bank_mean=0.0002652596527777778 return_common_mean=0.19098693132400513
2026-09-30T18:41:51Z observe iteration=210 games=160 own_bank_mean=95368.3 reward_bank_mean=0.00025638262152777774 return_common_mean=0.1845954954624176
2026-09-30T18:41:51Z observe iteration=211 games=160 own_bank_mean=93479.9 reward_bank_mean=0.00025130720486111113 return_common_mean=0.18094119429588318
2026-09-30T18:42:51Z observe iteration=212 games=160 own_bank_mean=95502.3 reward_bank_mean=0.0002566992795138889 return_common_mean=0.18482348322868347
2026-09-30T18:42:51Z observe iteration=213 games=160 own_bank_mean=100029.6 reward_bank_mean=0.00026937457465277774 return_common_mean=0.19394969940185547
2026-09-30T18:42:51Z observe iteration=214 games=160 own_bank_mean=95848.2 reward_bank_mean=0.0002576885416666666 return_common_mean=0.1855357587337494
2026-09-30T18:43:51Z observe iteration=215 games=160 own_bank_mean=93858.2 reward_bank_mean=0.00025218930555555557 return_common_mean=0.18157629668712616
2026-09-30T18:43:51Z observe iteration=216 games=160 own_bank_mean=97698.2 reward_bank_mean=0.00026311144965277775 return_common_mean=0.18944023549556732
2026-09-30T18:44:51Z observe iteration=217 games=160 own_bank_mean=96427.0 reward_bank_mean=0.0002596237934027778 return_common_mean=0.1869291365146637
2026-09-30T18:44:51Z observe iteration=218 games=160 own_bank_mean=93820.9 reward_bank_mean=0.00025140905381944447 return_common_mean=0.1810145080089569
2026-09-30T18:44:51Z observe iteration=219 games=160 own_bank_mean=94867.8 reward_bank_mean=0.0002552350173611111 return_common_mean=0.18376921117305756
2026-09-30T18:45:51Z observe iteration=220 games=160 own_bank_mean=95172.2 reward_bank_mean=0.0002562332725694444 return_common_mean=0.1844879686832428
2026-09-30T18:45:51Z observe iteration=221 games=160 own_bank_mean=98600.7 reward_bank_mean=0.0002657510243055555 return_common_mean=0.19134072959423065
2026-09-30T18:45:51Z observe iteration=222 games=160 own_bank_mean=96767.1 reward_bank_mean=0.0002596273350694445 return_common_mean=0.18693166971206665
2026-09-30T18:46:51Z observe iteration=223 games=160 own_bank_mean=97181.6 reward_bank_mean=0.00026113924479166667 return_common_mean=0.188020259141922
2026-09-30T18:46:51Z observe iteration=224 games=160 own_bank_mean=98458.9 reward_bank_mean=0.0002649157118055556 return_common_mean=0.19073930382728577
2026-09-30T18:46:51Z heartbeat rank0_iteration=224 records_per_rank={0: 224, 1: 224, 2: 224, 3: 224, 4: 224, 5: 224, 6: 224, 7: 224} skipped=0 last_bank=(224, 160.0, 98458.91875)
2026-09-30T18:47:51Z observe iteration=225 games=160 own_bank_mean=97432.8 reward_bank_mean=0.00026192341145833334 return_common_mean=0.1885848492383957
2026-09-30T18:47:51Z observe iteration=226 games=160 own_bank_mean=96428.2 reward_bank_mean=0.00025940521701388883 return_common_mean=0.18677175045013428
2026-09-30T18:47:51Z observe iteration=227 games=160 own_bank_mean=93054.7 reward_bank_mean=0.00025015034722222226 return_common_mean=0.18010824918746948
2026-09-30T18:48:51Z observe iteration=228 games=160 own_bank_mean=95941.6 reward_bank_mean=0.00025816994791666664 return_common_mean=0.1858823597431183
2026-09-30T18:48:51Z observe iteration=229 games=160 own_bank_mean=96628.9 reward_bank_mean=0.00025976010416666666 return_common_mean=0.18702727556228638
2026-09-30T18:48:51Z observe iteration=230 games=160 own_bank_mean=94067.4 reward_bank_mean=0.00025252260416666665 return_common_mean=0.18181626498699188
2026-09-30T18:49:51Z observe iteration=231 games=160 own_bank_mean=92902.3 reward_bank_mean=0.0002498717795138889 return_common_mean=0.1799076795578003
2026-09-30T18:49:51Z observe iteration=232 games=160 own_bank_mean=97884.6 reward_bank_mean=0.00026303635416666666 return_common_mean=0.18938617408275604
2026-09-30T18:49:51Z observe iteration=233 games=160 own_bank_mean=98584.0 reward_bank_mean=0.0002653235069444444 return_common_mean=0.19103291630744934
2026-09-30T18:50:51Z observe iteration=234 games=160 own_bank_mean=96184.9 reward_bank_mean=0.00025866280381944443 return_common_mean=0.18623721599578857
2026-09-30T18:50:51Z observe iteration=235 games=160 own_bank_mean=95591.5 reward_bank_mean=0.0002569465972222222 return_common_mean=0.18500156700611115
2026-09-30T18:51:51Z observe iteration=236 games=160 own_bank_mean=96006.9 reward_bank_mean=0.0002583860416666667 return_common_mean=0.18603794276714325
2026-09-30T18:51:51Z observe iteration=237 games=160 own_bank_mean=97025.6 reward_bank_mean=0.0002610620138888889 return_common_mean=0.18796466290950775
2026-09-30T18:51:51Z observe iteration=238 games=160 own_bank_mean=93606.8 reward_bank_mean=0.00025174912326388885 return_common_mean=0.1812593638896942
2026-09-30T18:52:51Z observe iteration=239 games=160 own_bank_mean=94480.7 reward_bank_mean=0.00025422205729166666 return_common_mean=0.18303988873958588
2026-09-30T18:52:51Z observe iteration=240 games=160 own_bank_mean=94953.7 reward_bank_mean=0.00025532947048611106 return_common_mean=0.18383722007274628
2026-09-30T18:52:51Z observe iteration=241 games=160 own_bank_mean=94067.3 reward_bank_mean=0.0002534073263888888 return_common_mean=0.18245325982570648
2026-09-30T18:53:51Z observe iteration=242 games=160 own_bank_mean=96078.6 reward_bank_mean=0.00025890166666666666 return_common_mean=0.18640919029712677
2026-09-30T18:53:51Z observe iteration=243 games=160 own_bank_mean=95518.2 reward_bank_mean=0.0002566381423611111 return_common_mean=0.18477948009967804
2026-09-30T18:54:51Z observe iteration=244 games=160 own_bank_mean=94710.0 reward_bank_mean=0.00025460399305555554 return_common_mean=0.18331487476825714
2026-09-30T18:54:51Z observe iteration=245 games=160 own_bank_mean=95874.3 reward_bank_mean=0.00025787527777777774 return_common_mean=0.18567019701004028
2026-09-30T18:54:51Z observe iteration=246 games=160 own_bank_mean=95033.9 reward_bank_mean=0.00025564447048611114 return_common_mean=0.18406401574611664
2026-09-30T18:55:51Z observe iteration=247 games=160 own_bank_mean=95844.5 reward_bank_mean=0.0002577722222222222 return_common_mean=0.18559598922729492
2026-09-30T18:55:51Z observe iteration=248 games=160 own_bank_mean=95762.9 reward_bank_mean=0.0002593086805555555 return_common_mean=0.18670225143432617
2026-09-30T18:55:51Z observe iteration=249 games=160 own_bank_mean=94755.9 reward_bank_mean=0.0002547594965277778 return_common_mean=0.18342682719230652
2026-09-30T18:56:51Z observe iteration=250 games=160 own_bank_mean=97030.8 reward_bank_mean=0.00026114600694444445 return_common_mean=0.18802513182163239
2026-09-30T18:56:51Z observe iteration=251 games=160 own_bank_mean=96923.0 reward_bank_mean=0.00026199082465277774 return_common_mean=0.18863338232040405
2026-09-30T18:56:51Z heartbeat rank0_iteration=251 records_per_rank={0: 251, 1: 251, 2: 251, 3: 251, 4: 251, 5: 251, 6: 251, 7: 251} skipped=0 last_bank=(251, 160.0, 96922.95625)
2026-09-30T18:57:51Z observe iteration=252 games=160 own_bank_mean=94981.3 reward_bank_mean=0.0002585195659722222 return_common_mean=0.18613409996032715
2026-09-30T18:57:51Z observe iteration=253 games=160 own_bank_mean=96458.7 reward_bank_mean=0.0002601896961805556 return_common_mean=0.18733657896518707
2026-09-30T18:57:51Z observe iteration=254 games=160 own_bank_mean=97439.9 reward_bank_mean=0.00026244524305555554 return_common_mean=0.18896058201789856
2026-09-30T18:58:51Z observe iteration=255 games=160 own_bank_mean=93827.1 reward_bank_mean=0.0002519215364583333 return_common_mean=0.18138350546360016
2026-09-30T18:58:51Z observe iteration=256 games=160 own_bank_mean=98014.9 reward_bank_mean=0.0002637323003472222 return_common_mean=0.18988725543022156
2026-09-30T18:58:51Z observe iteration=257 games=160 own_bank_mean=94949.0 reward_bank_mean=0.00025561267361111107 return_common_mean=0.1840411126613617
2026-09-30T18:59:51Z observe iteration=258 games=160 own_bank_mean=96126.6 reward_bank_mean=0.0002585569965277778 return_common_mean=0.18616102635860443
2026-09-30T18:59:51Z observe iteration=259 games=160 own_bank_mean=94949.5 reward_bank_mean=0.00025553994791666665 return_common_mean=0.1839887648820877
2026-09-30T18:59:51Z observe iteration=260 games=160 own_bank_mean=91943.3 reward_bank_mean=0.0002465615538194444 return_common_mean=0.17752431333065033
2026-09-30T19:00:51Z observe iteration=261 games=160 own_bank_mean=93282.9 reward_bank_mean=0.0002508034722222222 return_common_mean=0.18057850003242493
2026-09-30T19:01:51Z observe iteration=262 games=160 own_bank_mean=94962.7 reward_bank_mean=0.00025554142361111106 return_common_mean=0.18398982286453247
2026-09-30T19:01:51Z observe iteration=263 games=160 own_bank_mean=96084.7 reward_bank_mean=0.00025921581597222217 return_common_mean=0.18663540482521057
2026-09-30T19:01:51Z observe iteration=264 games=160 own_bank_mean=92706.6 reward_bank_mean=0.0002494861892361111 return_common_mean=0.17963004112243652
2026-09-30T19:02:51Z observe iteration=265 games=160 own_bank_mean=97709.9 reward_bank_mean=0.0002649186979166666 return_common_mean=0.19074146449565887
2026-09-30T19:02:51Z observe iteration=266 games=160 own_bank_mean=96941.9 reward_bank_mean=0.00026072651041666664 return_common_mean=0.1877230852842331
2026-09-30T19:02:51Z observe iteration=267 games=160 own_bank_mean=96016.2 reward_bank_mean=0.0002581755989583333 return_common_mean=0.1858864426612854
2026-09-30T19:03:51Z observe iteration=268 games=160 own_bank_mean=96709.4 reward_bank_mean=0.00026024749131944446 return_common_mean=0.1873781979084015
2026-09-30T19:03:51Z observe iteration=269 games=160 own_bank_mean=96040.7 reward_bank_mean=0.0002586865711805556 return_common_mean=0.1862543374300003
2026-09-30T19:04:51Z observe iteration=270 games=160 own_bank_mean=94660.2 reward_bank_mean=0.00025435583333333333 return_common_mean=0.1831361949443817
2026-09-30T19:04:51Z observe iteration=271 games=160 own_bank_mean=93312.3 reward_bank_mean=0.0002507839930555555 return_common_mean=0.18056447803974152
2026-09-30T19:04:51Z observe iteration=272 games=160 own_bank_mean=97100.2 reward_bank_mean=0.0002611341319444444 return_common_mean=0.18801657855510712
2026-09-30T19:05:51Z observe iteration=273 games=160 own_bank_mean=98137.5 reward_bank_mean=0.00026435000868055557 return_common_mean=0.19033199548721313
2026-09-30T19:05:51Z observe iteration=274 games=160 own_bank_mean=96020.3 reward_bank_mean=0.00025890998263888886 return_common_mean=0.1864151954650879
2026-09-30T19:05:51Z observe iteration=275 games=160 own_bank_mean=95432.4 reward_bank_mean=0.0002562718142361111 return_common_mean=0.18451569974422455
2026-09-30T19:06:51Z observe iteration=276 games=160 own_bank_mean=99673.1 reward_bank_mean=0.00026852707465277773 return_common_mean=0.1933394968509674
2026-09-30T19:06:51Z observe iteration=277 games=160 own_bank_mean=95049.5 reward_bank_mean=0.0002561315711805556 return_common_mean=0.18441474437713623
2026-09-30T19:06:51Z heartbeat rank0_iteration=277 records_per_rank={0: 277, 1: 277, 2: 277, 3: 277, 4: 277, 5: 277, 6: 277, 7: 277} skipped=0 last_bank=(277, 160.0, 95049.525)
2026-09-30T19:07:51Z observe iteration=278 games=160 own_bank_mean=99124.4 reward_bank_mean=0.00026728874131944444 return_common_mean=0.19244790077209473
2026-09-30T19:07:51Z observe iteration=279 games=160 own_bank_mean=94562.7 reward_bank_mean=0.0002560748958333333 return_common_mean=0.1843739151954651
2026-09-30T19:07:51Z observe iteration=280 games=160 own_bank_mean=98905.7 reward_bank_mean=0.0002673684722222222 return_common_mean=0.19250530004501343
2026-09-30T19:08:51Z observe iteration=281 games=160 own_bank_mean=96402.6 reward_bank_mean=0.0002602164409722222 return_common_mean=0.18735583126544952
2026-09-30T19:08:51Z observe iteration=282 games=160 own_bank_mean=94779.5 reward_bank_mean=0.00025566021701388885 return_common_mean=0.18407535552978516
2026-09-30T19:08:51Z observe iteration=283 games=160 own_bank_mean=95979.8 reward_bank_mean=0.00025851217881944435 return_common_mean=0.18612876534461975
2026-09-30T19:09:51Z observe iteration=284 games=160 own_bank_mean=98021.3 reward_bank_mean=0.0002645247395833333 return_common_mean=0.1904578059911728
2026-09-30T19:09:51Z observe iteration=285 games=160 own_bank_mean=97621.5 reward_bank_mean=0.0002639122222222222 return_common_mean=0.19001680612564087
2026-09-30T19:10:51Z observe iteration=286 games=160 own_bank_mean=97715.0 reward_bank_mean=0.0002641343663194444 return_common_mean=0.19017675518989563
2026-09-30T19:10:51Z observe iteration=287 games=160 own_bank_mean=99411.8 reward_bank_mean=0.0002691222829861111 return_common_mean=0.19376805424690247
2026-09-30T19:10:51Z observe iteration=288 games=160 own_bank_mean=96429.0 reward_bank_mean=0.0002600568489583333 return_common_mean=0.18724092841148376
