Override 'env.n_envs' has the same value (20) as the existing config
Override 'env.pin_memory' has the same value (True) as the existing config
Override 'rl.segments_per_minibatch' has the same value (1) as the existing config
Override 'rl.gradient_accumulation_steps' has the same value (1) as the existing config
Override 'rl.eval_replay_games' has the same value (0) as the existing config
{"variant": "baseline", "cold_first_step_seconds": 11.494658192619681, "mean_step_seconds": 0.01811551783233881, "seat_rows_per_second": 2208.0517029766734}
Override 'env.n_envs' has the same value (20) as the existing config
Override 'env.pin_memory' has the same value (True) as the existing config
Override 'rl.segments_per_minibatch' has the same value (1) as the existing config
Override 'rl.gradient_accumulation_steps' has the same value (1) as the existing config
Override 'rl.eval_replay_games' has the same value (0) as the existing config
{"variant": "actor", "cold_first_step_seconds": 3.093095403164625, "mean_step_seconds": 0.017206979046265284, "seat_rows_per_second": 2324.638153649746}
Override 'env.n_envs' has the same value (20) as the existing config
Override 'env.pin_memory' has the same value (True) as the existing config
Override 'rl.segments_per_minibatch' has the same value (1) as the existing config
Override 'rl.gradient_accumulation_steps' has the same value (1) as the existing config
Override 'rl.eval_replay_games' has the same value (0) as the existing config
{"variant": "packing", "cold_first_step_seconds": 0.016577793285250664, "mean_step_seconds": 0.018346117263038954, "seat_rows_per_second": 2180.2978486671996}
Override 'env.n_envs' has the same value (20) as the existing config
Override 'env.pin_memory' has the same value (True) as the existing config
Override 'rl.segments_per_minibatch' has the same value (1) as the existing config
Override 'rl.gradient_accumulation_steps' has the same value (1) as the existing config
Override 'rl.eval_replay_games' has the same value (0) as the existing config
{"variant": "d2h", "cold_first_step_seconds": 0.016412045806646347, "mean_step_seconds": 0.018551353079577285, "seat_rows_per_second": 2156.1769553097984}
Override 'env.n_envs' has the same value (20) as the existing config
Override 'env.pin_memory' has the same value (True) as the existing config
Override 'rl.segments_per_minibatch' has the same value (1) as the existing config
Override 'rl.gradient_accumulation_steps' has the same value (1) as the existing config
Override 'rl.eval_replay_games' has the same value (0) as the existing config
{"variant": "telemetry", "cold_first_step_seconds": 0.015195336192846298, "mean_step_seconds": 0.017824866349498432, "seat_rows_per_second": 2244.056096450089}
Override 'env.n_envs' has the same value (20) as the existing config
Override 'env.pin_memory' has the same value (True) as the existing config
Override 'rl.segments_per_minibatch' has the same value (1) as the existing config
Override 'rl.gradient_accumulation_steps' has the same value (1) as the existing config
Override 'rl.eval_replay_games' has the same value (0) as the existing config
{"variant": "all", "cold_first_step_seconds": 0.01323680393397808, "mean_step_seconds": 0.017337216772139074, "seat_rows_per_second": 2307.175397626685}
