Override 'env.n_envs' has the same value (20) as the existing config
Override 'env.pin_memory' has the same value (True) as the existing config
Override 'rl.segments_per_minibatch' has the same value (1) as the existing config
Override 'rl.gradient_accumulation_steps' has the same value (1) as the existing config
Override 'rl.eval_replay_games' has the same value (0) as the existing config
Autotune Choices Stats:
{"num_choices": 2, "num_triton_choices": 0, "best_kernel": "addmm", "best_time": 0.015072000212967396}
AUTOTUNE addmm(8840x256, 8840x256, 256x256)
strides: [0, 1], [256, 1], [1, 256]
dtypes: torch.bfloat16, torch.bfloat16, torch.bfloat16
  addmm 0.0151 ms 100.0% 
  bias_addmm 0.0302 ms 49.8% 
SingleProcess AUTOTUNE benchmarking takes 0.0266 seconds and 0.0001 seconds precompiling for 2 choices
{"variant": "baseline", "cold_first_step_seconds": 20.549523152410984, "mean_step_seconds": 0.016912105816106002, "seat_rows_per_second": 2365.1696858416394}
Override 'env.n_envs' has the same value (20) as the existing config
Override 'env.pin_memory' has the same value (True) as the existing config
Override 'rl.segments_per_minibatch' has the same value (1) as the existing config
Override 'rl.gradient_accumulation_steps' has the same value (1) as the existing config
Override 'rl.eval_replay_games' has the same value (0) as the existing config
/root/kg-v3/.venv/lib/python3.12/site-packages/torch/_inductor/lowering.py:7242: UserWarning: 
Online softmax is disabled on the fly since Inductor decides to
split the reduction. Cut an issue to PyTorch if this is an
important use case and you want to speed it up with online
softmax.

  warnings.warn(
{"variant": "actor", "cold_first_step_seconds": 37.32357643172145, "mean_step_seconds": 0.012705950886011124, "seat_rows_per_second": 3148.1311677380095}
Override 'env.n_envs' has the same value (20) as the existing config
Override 'env.pin_memory' has the same value (True) as the existing config
Override 'rl.segments_per_minibatch' has the same value (1) as the existing config
Override 'rl.gradient_accumulation_steps' has the same value (1) as the existing config
Override 'rl.eval_replay_games' has the same value (0) as the existing config
{"variant": "packing", "cold_first_step_seconds": 0.01592828705906868, "mean_step_seconds": 0.015136780254542827, "seat_rows_per_second": 2642.5699076919122}
Override 'env.n_envs' has the same value (20) as the existing config
Override 'env.pin_memory' has the same value (True) as the existing config
Override 'rl.segments_per_minibatch' has the same value (1) as the existing config
Override 'rl.gradient_accumulation_steps' has the same value (1) as the existing config
Override 'rl.eval_replay_games' has the same value (0) as the existing config
{"variant": "d2h", "cold_first_step_seconds": 0.014761826023459435, "mean_step_seconds": 0.015045648763577142, "seat_rows_per_second": 2658.575952991335}
Override 'env.n_envs' has the same value (20) as the existing config
Override 'env.pin_memory' has the same value (True) as the existing config
Override 'rl.segments_per_minibatch' has the same value (1) as the existing config
Override 'rl.gradient_accumulation_steps' has the same value (1) as the existing config
Override 'rl.eval_replay_games' has the same value (0) as the existing config
{"variant": "telemetry", "cold_first_step_seconds": 0.01457749493420124, "mean_step_seconds": 0.016847632626692453, "seat_rows_per_second": 2374.2208110964043}
Override 'env.n_envs' has the same value (20) as the existing config
Override 'env.pin_memory' has the same value (True) as the existing config
Override 'rl.segments_per_minibatch' has the same value (1) as the existing config
Override 'rl.gradient_accumulation_steps' has the same value (1) as the existing config
Override 'rl.eval_replay_games' has the same value (0) as the existing config
{"variant": "all", "cold_first_step_seconds": 0.013006728142499924, "mean_step_seconds": 0.01408467506368955, "seat_rows_per_second": 2839.9661205618045}
