Override 'env.n_envs' has the same value (20) as the existing config
Override 'env.pin_memory' has the same value (True) as the existing config
Override 'rl.segments_per_minibatch' has the same value (1) as the existing config
Override 'rl.gradient_accumulation_steps' has the same value (1) as the existing config
Override 'rl.eval_replay_games' has the same value (0) as the existing config
{"variant": "baseline", "cold_first_step_seconds": 11.367308523505926, "mean_step_seconds": 0.011062242339054744, "seat_rows_per_second": 3615.9034284379954}
Override 'env.n_envs' has the same value (20) as the existing config
Override 'env.pin_memory' has the same value (True) as the existing config
Override 'rl.segments_per_minibatch' has the same value (1) as the existing config
Override 'rl.gradient_accumulation_steps' has the same value (1) as the existing config
Override 'rl.eval_replay_games' has the same value (0) as the existing config
{"variant": "actor", "cold_first_step_seconds": 2.039139097556472, "mean_step_seconds": 0.008567835167050362, "seat_rows_per_second": 4668.623896247382}
Override 'env.n_envs' has the same value (20) as the existing config
Override 'env.pin_memory' has the same value (True) as the existing config
Override 'rl.segments_per_minibatch' has the same value (1) as the existing config
Override 'rl.gradient_accumulation_steps' has the same value (1) as the existing config
Override 'rl.eval_replay_games' has the same value (0) as the existing config
{"variant": "packing", "cold_first_step_seconds": 0.012580621987581253, "mean_step_seconds": 0.01115080530444781, "seat_rows_per_second": 3587.1848631457033}
Override 'env.n_envs' has the same value (20) as the existing config
Override 'env.pin_memory' has the same value (True) as the existing config
Override 'rl.segments_per_minibatch' has the same value (1) as the existing config
Override 'rl.gradient_accumulation_steps' has the same value (1) as the existing config
Override 'rl.eval_replay_games' has the same value (0) as the existing config
{"variant": "d2h", "cold_first_step_seconds": 0.012596862390637398, "mean_step_seconds": 0.010817469370861848, "seat_rows_per_second": 3697.722510566547}
Override 'env.n_envs' has the same value (20) as the existing config
Override 'env.pin_memory' has the same value (True) as the existing config
Override 'rl.segments_per_minibatch' has the same value (1) as the existing config
Override 'rl.gradient_accumulation_steps' has the same value (1) as the existing config
Override 'rl.eval_replay_games' has the same value (0) as the existing config
{"variant": "telemetry", "cold_first_step_seconds": 0.011772027239203453, "mean_step_seconds": 0.01091001366575559, "seat_rows_per_second": 3666.356544130849}
Override 'env.n_envs' has the same value (20) as the existing config
Override 'env.pin_memory' has the same value (True) as the existing config
Override 'rl.segments_per_minibatch' has the same value (1) as the existing config
Override 'rl.gradient_accumulation_steps' has the same value (1) as the existing config
Override 'rl.eval_replay_games' has the same value (0) as the existing config
{"variant": "all", "cold_first_step_seconds": 0.010404195636510849, "mean_step_seconds": 0.00838582508265972, "seat_rows_per_second": 4769.954012362163}
