[nt-probe] {"kind": "numa_bind", "rank": 0, "t": 1790792965.4698222, "local_rank": 0, "gpu_index": 0, "bus_id": "0000:9b:00.0", "node": 1, "cpus": 10, "ranks_on_node": 1, "oversubscribed": false, "reason": "GPU 0 0000:9b:00.0 -> node 1; whole node set shared by 1 rank(s) (cut to the allowed set: 10 of 48)", "cpulist": "48-57", "local_world_size": 1, "bus_source": "nvidia-smi", "mempolicy_mode": null}
[nt-probe] {"kind": "start", "rank": 0, "t": 1790792967.6540935, "argv": ["/root/kg-v3/scripts/run_ppo.py", "configs/kaggriculture_4rank_margin.yaml", "/root/runs/sps-diag-on-20261001", "--log-mode", "wandb", "--wandb-mode", "online", "--experiment-id", "sps-diag-on-20261001", "--load-model-weights", "/root/sps-diag/ckpt/checkpoint_00_070_041_344.pt", "--load-model-weights-mode", "model_only", "-o", "env.n_envs=20", "rl.horizon=720", "rl.segments_per_minibatch=1", "rl.gae_lambda=1.0", "env.reward_shaping.econ_bank_weight=0.3", "env.reward_shaping.econ_bank_scale=150000", "env.reward_shaping.econ_bank_cap=0.3", "env.reward_shaping.econ_margin_weight=0.3", "env.reward_shaping.econ_margin_scale=100000", "env.reward_shaping.econ_margin_cap=0.3", "env.reward_shaping.econ_shaping=0.01", "env.reward_shaping.econ_cap=0.1", "rl.checkpoint_freq=1000000000", "rl.compile_actor_heads=true", "rl.rollout_packing=true", "rl.pinned_action_d2h=true", "env.skip_reward_telemetry_validation=true"], "torch": "2.9.0+cu128", "omp": "1", "numa": "cpu", "cuda_device_order": "PCI_BUS_ID"}
Launched with the following raw manual overrides: '['env.n_envs=20', 'rl.horizon=720', 'rl.segments_per_minibatch=1', 'rl.gae_lambda=1.0', 'env.reward_shaping.econ_bank_weight=0.3', 'env.reward_shaping.econ_bank_scale=150000', 'env.reward_shaping.econ_bank_cap=0.3', 'env.reward_shaping.econ_margin_weight=0.3', 'env.reward_shaping.econ_margin_scale=100000', 'env.reward_shaping.econ_margin_cap=0.3', 'env.reward_shaping.econ_shaping=0.01', 'env.reward_shaping.econ_cap=0.1', 'rl.checkpoint_freq=1000000000', 'rl.compile_actor_heads=true', 'rl.rollout_packing=true', 'rl.pinned_action_d2h=true', 'env.skip_reward_telemetry_validation=true']'
GEMM workload headroom rollout: 40 rows x 709 padded tokens; trunk 5915 rows/call at full padding (>= 147.9x headroom, <= 1 call(s)); heads 11096 rows/call (277.4x headroom, 1 call(s))
GEMM workload headroom minibatch: 1440 rows x 709 padded tokens; trunk 5915 rows/call at full padding (>= 4.108x headroom, <= 1 call(s)); heads 11096 rows/call (7.706x headroom, 1 call(s))
GEMM workload headroom teacher_chunk: 28800 rows x 709 padded tokens; trunk 5915 rows/call at full padding (>= 0.2054x headroom, <= 5 call(s)); heads 11096 rows/call (0.3853x headroom, 3 call(s)); teacher targets 2943590400 B per chunk, 2943590400 B cached for 28800 rollout rows
GEMM workload headroom evaluation: 40 rows x 709 padded tokens; trunk 5915 rows/call at full padding (>= 147.9x headroom, <= 1 call(s)); heads 11096 rows/call (277.4x headroom, 1 call(s))
Compile stack check: torch 2.9.0+cu128; triton 3.5.0; NVIDIA driver 570.195.03
[nt-probe] {"kind": "env_construct", "rank": 0, "t": 1790792968.0138438, "n_envs": 20, "native_threads": 4, "seed": 280165376, "seed_stride": 1, "transfer_device": "cuda:0", "affinity_cpus": 10}
Compiled GEMM backends: compile_gemm_game=kaggriculture, compile_gemm_backends=ATEN, compile_stack_torch=2.9.0+cu128, compile_stack_triton=3.5.0, compile_stack_nvidia_driver=570.195.03
wandb: [wandb.login()] Loaded credentials for https://api.wandb.ai from /root/.netrc.
wandb: Currently logged in as: spoon to https://api.wandb.ai. Use `wandb login --relogin` to force relogin
wandb: setting up run 3ruvrx2f
wandb: Tracking run with wandb version 0.26.1
wandb: Run data is saved locally in /root/runs/sps-diag-on-20261001/20260930-182927/wandb/run-20260930_182929-3ruvrx2f
wandb: Run `wandb offline` to turn off syncing.
wandb: Syncing run ppo-20260930-182927
wandb: ⭐️ View project at https://wandb.ai/spoon/kg-v3
wandb: 🚀 View run at https://wandb.ai/spoon/kg-v3/runs/3ruvrx2f
[nt-probe] {"kind": "wandb", "rank": 0, "t": 1790792971.5208988, "url": "https://wandb.ai/spoon/kg-v3/runs/3ruvrx2f", "id": "3ruvrx2f", "name": "ppo-20260930-182927", "group": "sps-diag-on-20261001"}
70041344env steps [00:00, ?env steps/s]/root/kg-v3/.venv/lib/python3.12/site-packages/torch/_inductor/lowering.py:7242: UserWarning: 
Online softmax is disabled on the fly since Inductor decides to
split the reduction. Cut an issue to PyTorch if this is an
important use case and you want to speed it up with online
softmax.

  warnings.warn(
/root/kg-v3/.venv/lib/python3.12/site-packages/torch/_inductor/lowering.py:7242: UserWarning: 
Online softmax is disabled on the fly since Inductor decides to
split the reduction. Cut an issue to PyTorch if this is an
important use case and you want to speed it up with online
softmax.

  warnings.warn(
/root/kg-v3/.venv/lib/python3.12/site-packages/torch/_inductor/lowering.py:7242: UserWarning: 
Online softmax is disabled on the fly since Inductor decides to
split the reduction. Cut an issue to PyTorch if this is an
important use case and you want to speed it up with online
softmax.

  warnings.warn(
Autotune Choices Stats:
{"num_choices": 2, "num_triton_choices": 0, "best_kernel": "bias_addmm", "best_time": 0.11110399663448334}
AUTOTUNE addmm(347040x256, 347040x256, 256x256)
strides: [0, 1], [256, 1], [1, 256]
dtypes: torch.bfloat16, torch.bfloat16, torch.bfloat16
  bias_addmm 0.1111 ms 100.0% 
  addmm 0.2908 ms 38.2% 
SingleProcess AUTOTUNE benchmarking takes 0.0511 seconds and 0.0002 seconds precompiling for 2 choices
Autotune Choices Stats:
{"num_choices": 2, "num_triton_choices": 0, "best_kernel": "bias_addmm", "best_time": 0.013472000136971474}
AUTOTUNE addmm(15840x256, 15840x256, 256x256)
strides: [0, 1], [256, 1], [1, 256]
dtypes: torch.bfloat16, torch.bfloat16, torch.bfloat16
  bias_addmm 0.0135 ms 100.0% 
  addmm 0.0198 ms 68.0% 
SingleProcess AUTOTUNE benchmarking takes 0.0180 seconds and 0.0001 seconds precompiling for 2 choices
Autotune Choices Stats:
{"num_choices": 2, "num_triton_choices": 0, "best_kernel": "bias_addmm", "best_time": 0.05814399942755699}
AUTOTUNE addmm(347040x24, 347040x256, 256x24)
strides: [0, 1], [256, 1], [1, 256]
dtypes: torch.bfloat16, torch.bfloat16, torch.bfloat16
  bias_addmm 0.0581 ms 100.0% 
  addmm 0.0748 ms 77.8% 
SingleProcess AUTOTUNE benchmarking takes 0.0292 seconds and 0.0001 seconds precompiling for 2 choices
Autotune Choices Stats:
{"num_choices": 2, "num_triton_choices": 0, "best_kernel": "bias_addmm", "best_time": 0.058848001062870026}
AUTOTUNE addmm(347040x32, 347040x256, 256x32)
strides: [0, 1], [256, 1], [1, 256]
dtypes: torch.bfloat16, torch.bfloat16, torch.bfloat16
  bias_addmm 0.0588 ms 100.0% 
  addmm 0.0811 ms 72.6% 
SingleProcess AUTOTUNE benchmarking takes 0.0304 seconds and 0.0001 seconds precompiling for 2 choices
Autotune Choices Stats:
{"num_choices": 2, "num_triton_choices": 0, "best_kernel": "bias_addmm", "best_time": 0.05708799883723259}
AUTOTUNE addmm(347040x16, 347040x256, 256x16)
strides: [0, 1], [256, 1], [1, 256]
dtypes: torch.bfloat16, torch.bfloat16, torch.bfloat16
  bias_addmm 0.0571 ms 100.0% 
  addmm 0.0683 ms 83.6% 
SingleProcess AUTOTUNE benchmarking takes 0.0282 seconds and 0.0001 seconds precompiling for 2 choices
Autotune Choices Stats:
{"num_choices": 2, "num_triton_choices": 0, "best_kernel": "bias_addmm", "best_time": 0.056063998490571976}
AUTOTUNE addmm(347040x8, 347040x256, 256x8)
strides: [0, 1], [256, 1], [1, 256]
dtypes: torch.bfloat16, torch.bfloat16, torch.bfloat16
  bias_addmm 0.0561 ms 100.0% 
  addmm 0.0624 ms 89.8% 
SingleProcess AUTOTUNE benchmarking takes 0.0272 seconds and 0.0001 seconds precompiling for 2 choices
Autotune Choices Stats:
{"num_choices": 2, "num_triton_choices": 0, "best_kernel": "bias_addmm", "best_time": 0.009535999968647957}
AUTOTUNE addmm(15840x8, 15840x256, 256x8)
strides: [0, 1], [256, 1], [1, 256]
dtypes: torch.bfloat16, torch.bfloat16, torch.bfloat16
  bias_addmm 0.0095 ms 100.0% 
  addmm 0.0117 ms 81.6% 
SingleProcess AUTOTUNE benchmarking takes 0.0218 seconds and 0.0001 seconds precompiling for 2 choices
Autotune Choices Stats:
{"num_choices": 2, "num_triton_choices": 0, "best_kernel": "bias_addmm", "best_time": 0.00940799992531538}
AUTOTUNE addmm(15840x16, 15840x256, 256x16)
strides: [0, 1], [256, 1], [1, 256]
dtypes: torch.bfloat16, torch.bfloat16, torch.bfloat16
  bias_addmm 0.0094 ms 100.0% 
  addmm 0.0119 ms 79.2% 
SingleProcess AUTOTUNE benchmarking takes 0.0219 seconds and 0.0001 seconds precompiling for 2 choices
Autotune Choices Stats:
{"num_choices": 2, "num_triton_choices": 0, "best_kernel": "bias_addmm", "best_time": 0.009472000412642956}
AUTOTUNE addmm(15840x32, 15840x256, 256x32)
strides: [0, 1], [256, 1], [1, 256]
dtypes: torch.bfloat16, torch.bfloat16, torch.bfloat16
  bias_addmm 0.0095 ms 100.0% 
  addmm 0.0122 ms 77.7% 
SingleProcess AUTOTUNE benchmarking takes 0.0221 seconds and 0.0002 seconds precompiling for 2 choices
/root/kg-v3/.venv/lib/python3.12/site-packages/torch/_inductor/lowering.py:7242: UserWarning: 
Online softmax is disabled on the fly since Inductor decides to
split the reduction. Cut an issue to PyTorch if this is an
important use case and you want to speed it up with online
softmax.

  warnings.warn(
[nt-probe] {"kind": "iteration", "rank": 0, "t": 1790793243.5982943, "iteration": 1, "perf_end": 13706774.214940997, "wall_seconds": 272.07319367304444, "native_step_calls": 720, "native_step_seconds": 6.331980375573039, "proc_cpu_seconds": 213.47, "proc_cpu_total": 217.72, "stat_busy": 6408767036, "stat_total": 131423058023, "metrics": {"loss/total_loss": 0.056339818984270096, "loss/policy_loss": -6.232724263099954e-05, "loss/value_loss": 0.02653643488883972, "loss/entropy_loss": -4.472800355870277e-06, "loss/teacher_kl_loss": 8.79504113981966e-06, "loss/teacher_value_loss": 0.0033249573316425085, "policy/entropy": 4.472800254821777, "teacher/kl": 0.0017590083880349994, "teacher/value_cross_entropy": 0.6649914979934692, "policy/approx_kl": 0.0018103448674082756, "policy/clipfrac": 0.008194445632398129, "policy/ratio_mean": 0.9998565912246704, "policy/ratio_max": 1.3936039209365845, "policy/logratio_mean": -0.001953778089955449, "policy/logratio_abs_max": 0.3610323965549469, "policy/market_item_entropy": 0.34024885296821594, "policy/market_kind_entropy": 0.5035072565078735, "policy/market_quantity_entropy": 0.5943083167076111, "policy/market_quantity_high_entropy": 0.00035784600186161697, "policy/stop_entropy": 0.0, "policy/unit_actor_entropy": 0.0, "policy/unit_item_entropy": 0.19386319816112518, "policy/unit_kind_entropy": 2.7475621700286865, "policy/unit_quantity_entropy": 0.0929514691233635, "policy/unit_quantity_high_entropy": 6.66368180191057e-07, "policy/unit_quantity_present_entropy": 4.302240483866626e-07, "policy/unit_target_entropy": 0.0, "teacher/market_item_kl": 9.297544602304697e-05, "teacher/market_kind_kl": 0.00015913465176708996, "teacher/market_quantity_kl": 7.741851732134819e-05, "teacher/market_quantity_high_kl": 2.5571251782707805e-08, "teacher/unit_item_kl": 3.567142630345188e-05, "teacher/unit_kind_kl": 0.001376797677949071, "teacher/unit_quantity_kl": 1.6984489775495604e-05, "teacher/unit_quantity_high_kl": 1.0794061477970018e-10, "teacher/unit_quantity_present_kl": 5.379778289515968e-10, "policy/target_kl_exceeded": 0.0, "policy/target_kl_exceeded_total": 0.0, "optimizer/grad_norm": 13.604403495788574, "optimizer/steps": 20.0, "optimizer/minibatches_per_update": 20.0, "train/policy_active_ratio": 1.0, "optimizer/learning_rate": 2.0000000000000003e-06, "teacher/kl_coef": 0.005, "teacher/value_coef": 0.005, "train/return_mean": 0.17997629940509796, "train/return_common_mean": 0.17997629940509796, "train/return_zero_sum_abs_mean": 0.3207300305366516, "train/return_max": 0.3025699853897095, "train/explained_variance": 0.4641040563583374, "train/advantage_mean": -0.00655403733253479, "train/advantage_std": 0.23003391921520233, "train/max_entities": 29.0, "train/1p_rate": 0.0, "train/2p_rate": 1.0, "train/player_step_total": 140111488.0, "train/total_active_entities": 2978279285.0, "train/total_games_played": 97332.0, "train/terminal_bank_0": 95106.8, "train/terminal_bank_1": 92927.65, "train/terminal_margin_0": 2179.15, "train/reward_bank_mean": 0.0002499670833333333, "train/reward_margin_abs_mean": 0.00049912375, "train/bank_games": 20.0, "train/own_bank_mean": 94017.225, "train/own_bank_p10": 70920.2, "train/own_bank_p50": 93148.5, "train/own_bank_p90": 113653.0, "train/margin_abs_mean": 4282.15, "train/margin_abs_p50": 3340.0, "train/draw_rate": 0.0, "train/winner_bank_mean": 96158.3, "train/loser_bank_mean": 91876.15, "time/rollout_seconds": 26.850322611629963, "time/teacher_seconds": 110.47219499200583, "teacher/cache_bytes": 2943590400.0, "time/update_seconds": 126.16194002702832, "time/iteration_seconds": 272.07298726029694, "perf/rollout_sps": 536.3064052631821, "perf/teacher_sps": 130.34954181042602, "perf/update_sps": 114.13901844656965, "perf/steps_per_second": 52.92697428364423, "perf/tokens_per_second": 25867.764642385097, "perf/active_entities_per_second": 2274.977777958641}}
70055744env steps [04:32, 52.93env steps/s][nt-probe] {"kind": "iteration", "rank": 0, "t": 1790793259.4287596, "iteration": 2, "perf_end": 13706790.045375217, "wall_seconds": 15.827940596267581, "native_step_calls": 720, "native_step_seconds": 7.382587943226099, "proc_cpu_seconds": 22.52000000000001, "proc_cpu_total": 240.24, "stat_busy": 6408785129, "stat_total": 131423209803, "metrics": {"loss/total_loss": 0.06466501206159592, "loss/policy_loss": 0.000158976879902184, "loss/value_loss": 0.030596742406487465, "loss/entropy_loss": -4.473425178730395e-06, "loss/teacher_kl_loss": 9.485188456892502e-06, "loss/teacher_value_loss": 0.003307538805529475, "policy/entropy": 4.473425388336182, "teacher/kl": 0.0018970378441736102, "teacher/value_cross_entropy": 0.661507785320282, "policy/approx_kl": 0.0019046025117859244, "policy/clipfrac": 0.009479166939854622, "policy/ratio_mean": 1.0001248121261597, "policy/ratio_max": 1.363288164138794, "policy/logratio_mean": -0.0017797303153201938, "policy/logratio_abs_max": 0.39238008856773376, "policy/market_item_entropy": 0.3458763360977173, "policy/market_kind_entropy": 0.515593409538269, "policy/market_quantity_entropy": 0.6159173250198364, "policy/market_quantity_high_entropy": 0.00040316718514077365, "policy/stop_entropy": 0.0, "policy/unit_actor_entropy": 0.0, "policy/unit_item_entropy": 0.1953755021095276, "policy/unit_kind_entropy": 2.704514980316162, "policy/unit_quantity_entropy": 0.09574367851018906, "policy/unit_quantity_high_entropy": 5.074510909253149e-07, "policy/unit_quantity_present_entropy": 3.974825233399315e-07, "policy/unit_target_entropy": 0.0, "teacher/market_item_kl": 0.00010773511894512922, "teacher/market_kind_kl": 0.00017496731015853584, "teacher/market_quantity_kl": 9.111605322686955e-05, "teacher/market_quantity_high_kl": 2.9136760559822505e-08, "teacher/unit_item_kl": 4.231465209159069e-05, "teacher/unit_kind_kl": 0.0014627950731664896, "teacher/unit_quantity_kl": 1.8079843357554637e-05, "teacher/unit_quantity_high_kl": 8.454403149782408e-11, "teacher/unit_quantity_present_kl": 6.356019599529361e-10, "policy/target_kl_exceeded": 0.0, "policy/target_kl_exceeded_total": 0.0, "optimizer/grad_norm": 13.473588943481445, "optimizer/steps": 40.0, "optimizer/minibatches_per_update": 20.0, "train/policy_active_ratio": 1.0, "optimizer/learning_rate": 4.000000000000001e-06, "teacher/kl_coef": 0.005, "teacher/value_coef": 0.005, "train/return_mean": 0.18126420676708221, "train/return_common_mean": 0.18126420676708221, "train/return_zero_sum_abs_mean": 0.32503923773765564, "train/return_max": 0.3035399913787842, "train/explained_variance": 0.40812861919403076, "train/advantage_mean": 0.002891835290938616, "train/advantage_std": 0.24733760952949524, "train/max_entities": 29.0, "train/1p_rate": 0.0, "train/2p_rate": 1.0, "train/player_step_total": 140140288.0, "train/total_active_entities": 2978897511.0, "train/total_games_played": 97352.0, "train/terminal_bank_0": 95843.75, "train/terminal_bank_1": 94413.35, "train/terminal_margin_0": 1430.4, "train/reward_bank_mean": 0.0002517558333333333, "train/reward_margin_abs_mean": 0.0005078777083333333, "train/bank_games": 20.0, "train/own_bank_mean": 95128.55, "train/own_bank_p10": 66913.0, "train/own_bank_p50": 92353.5, "train/own_bank_p90": 120837.0, "train/margin_abs_mean": 5610.2, "train/margin_abs_p50": 2407.5, "train/draw_rate": 0.0, "train/winner_bank_mean": 97933.65, "train/loser_bank_mean": 92323.45, "time/rollout_seconds": 12.313886603340507, "time/teacher_seconds": 0.7371407262980938, "teacher/cache_bytes": 2943590400.0, "time/update_seconds": 2.772205524146557, "time/iteration_seconds": 15.827833773568273, "perf/rollout_sps": 1169.4114509787328, "perf/teacher_sps": 19534.94019020834, "perf/update_sps": 5194.420065385716, "perf/steps_per_second": 909.7896911229452, "perf/tokens_per_second": 444561.9091445438, "perf/active_entities_per_second": 39059.41955445652}}
70070144env steps [04:47, 118.67env steps/s]70070144env steps [05:00, 118.67env steps/s][nt-probe] {"kind": "iteration", "rank": 0, "t": 1790793274.9444013, "iteration": 3, "perf_end": 13706805.561175589, "wall_seconds": 15.513553228229284, "native_step_calls": 720, "native_step_seconds": 7.574831886216998, "proc_cpu_seconds": 22.25999999999999, "proc_cpu_total": 262.51, "stat_busy": 6408803411, "stat_total": 131423358539, "metrics": {"loss/total_loss": 0.0778784230351448, "loss/policy_loss": 0.0005074605578556657, "loss/value_loss": 0.03701212629675865, "loss/entropy_loss": -4.544649073068285e-06, "loss/teacher_kl_loss": 1.1475423889351077e-05, "loss/teacher_value_loss": 0.0033397821243852377, "policy/entropy": 4.544649600982666, "teacher/kl": 0.002295084996148944, "teacher/value_cross_entropy": 0.6679564714431763, "policy/approx_kl": 0.001971786841750145, "policy/clipfrac": 0.009895834140479565, "policy/ratio_mean": 1.0002716779708862, "policy/ratio_max": 1.395713210105896, "policy/logratio_mean": -0.0017001839587464929, "policy/logratio_abs_max": 0.4027279019355774, "policy/market_item_entropy": 0.3611695468425751, "policy/market_kind_entropy": 0.5207295417785645, "policy/market_quantity_entropy": 0.6364513635635376, "policy/market_quantity_high_entropy": 0.000401913101086393, "policy/stop_entropy": 0.0, "policy/unit_actor_entropy": 0.0, "policy/unit_item_entropy": 0.20252828299999237, "policy/unit_kind_entropy": 2.7249631881713867, "policy/unit_quantity_entropy": 0.09840461611747742, "policy/unit_quantity_high_entropy": 4.535883419976017e-07, "policy/unit_quantity_present_entropy": 3.7337366620704415e-07, "policy/unit_target_entropy": 0.0, "teacher/market_item_kl": 0.00013880232290830463, "teacher/market_kind_kl": 0.0002516475215088576, "teacher/market_quantity_kl": 0.00011926640581805259, "teacher/market_quantity_high_kl": 2.57838674855293e-08, "teacher/unit_item_kl": 5.484613939188421e-05, "teacher/unit_kind_kl": 0.0017060370882973075, "teacher/unit_quantity_kl": 2.4458906409563497e-05, "teacher/unit_quantity_high_kl": 1.3685867716883848e-10, "teacher/unit_quantity_present_kl": 6.027731092039801e-10, "policy/target_kl_exceeded": 0.0, "policy/target_kl_exceeded_total": 0.0, "optimizer/grad_norm": 14.511641502380371, "optimizer/steps": 60.0, "optimizer/minibatches_per_update": 20.0, "train/policy_active_ratio": 1.0, "optimizer/learning_rate": 6e-06, "teacher/kl_coef": 0.005, "teacher/value_coef": 0.005, "train/return_mean": 0.1800542026758194, "train/return_common_mean": 0.1800542026758194, "train/return_zero_sum_abs_mean": 0.3184751570224762, "train/return_max": 0.3024179935455322, "train/explained_variance": 0.28065556287765503, "train/advantage_mean": 0.012527626007795334, "train/advantage_std": 0.2721179723739624, "train/max_entities": 29.0, "train/1p_rate": 0.0, "train/2p_rate": 1.0, "train/player_step_total": 140169088.0, "train/total_active_entities": 2979517515.0, "train/total_games_played": 97372.0, "train/terminal_bank_0": 93852.7, "train/terminal_bank_1": 93126.2, "train/terminal_margin_0": 726.5, "train/reward_bank_mean": 0.00025007527777777777, "train/reward_margin_abs_mean": 0.0005126014583333333, "train/bank_games": 20.0, "train/own_bank_mean": 93489.45, "train/own_bank_p10": 64927.0, "train/own_bank_p50": 92732.5, "train/own_bank_p90": 115739.40000000001, "train/margin_abs_mean": 4592.8, "train/margin_abs_p50": 3822.0, "train/draw_rate": 0.0, "train/winner_bank_mean": 95785.85, "train/loser_bank_mean": 91193.05, "time/rollout_seconds": 12.450867122039199, "time/teacher_seconds": 0.7358848955482244, "teacher/cache_bytes": 2943590400.0, "time/update_seconds": 2.322420194745064, "time/iteration_seconds": 15.513469148427248, "perf/rollout_sps": 1156.545954499077, "perf/teacher_sps": 19568.27771179104, "perf/update_sps": 6200.42834306335, "perf/steps_per_second": 928.225651027892, "perf/tokens_per_second": 453799.72285010887, "perf/active_entities_per_second": 39965.52892638175}}
70084544env steps [05:03, 197.21env steps/s][nt-probe] {"kind": "iteration", "rank": 0, "t": 1790793290.4846056, "iteration": 4, "perf_end": 13706821.101389747, "wall_seconds": 15.53818853199482, "native_step_calls": 720, "native_step_seconds": 7.628911275416613, "proc_cpu_seconds": 22.30000000000001, "proc_cpu_total": 284.81, "stat_busy": 6408827506, "stat_total": 131423507851, "metrics": {"loss/total_loss": 0.08319329470396042, "loss/policy_loss": 0.00039809136069379747, "loss/value_loss": 0.03972441330552101, "loss/entropy_loss": -4.4174717004352715e-06, "loss/teacher_kl_loss": 1.4843084500171244e-05, "loss/teacher_value_loss": 0.003335947636514902, "policy/entropy": 4.417471408843994, "teacher/kl": 0.002968617482110858, "teacher/value_cross_entropy": 0.6671895980834961, "policy/approx_kl": 0.0020763517823070288, "policy/clipfrac": 0.012777778320014477, "policy/ratio_mean": 1.0004199743270874, "policy/ratio_max": 1.3811063766479492, "policy/logratio_mean": -0.0016563915414735675, "policy/logratio_abs_max": 0.3877372443675995, "policy/market_item_entropy": 0.3320234417915344, "policy/market_kind_entropy": 0.5012577176094055, "policy/market_quantity_entropy": 0.570264995098114, "policy/market_quantity_high_entropy": 0.0003447853960096836, "policy/stop_entropy": 0.0, "policy/unit_actor_entropy": 0.0, "policy/unit_item_entropy": 0.17895649373531342, "policy/unit_kind_entropy": 2.7379493713378906, "policy/unit_quantity_entropy": 0.0966731533408165, "policy/unit_quantity_high_entropy": 8.7918107283258e-07, "policy/unit_quantity_present_entropy": 4.738422489936056e-07, "policy/unit_target_entropy": 0.0, "teacher/market_item_kl": 0.00017410934378858656, "teacher/market_kind_kl": 0.000318548089126125, "teacher/market_quantity_kl": 0.000129650768940337, "teacher/market_quantity_high_kl": 2.634729412420711e-08, "teacher/unit_item_kl": 9.171231795335189e-05, "teacher/unit_kind_kl": 0.002221365226432681, "teacher/unit_quantity_kl": 3.3204494684468955e-05, "teacher/unit_quantity_high_kl": 1.3256536146588616e-10, "teacher/unit_quantity_present_kl": 4.957387833570692e-10, "policy/target_kl_exceeded": 0.0, "policy/target_kl_exceeded_total": 0.0, "optimizer/grad_norm": 13.821150779724121, "optimizer/steps": 80.0, "optimizer/minibatches_per_update": 20.0, "train/policy_active_ratio": 1.0, "optimizer/learning_rate": 8.000000000000001e-06, "teacher/kl_coef": 0.005, "teacher/value_coef": 0.005, "train/return_mean": 0.19868279993534088, "train/return_common_mean": 0.19868279993534088, "train/return_zero_sum_abs_mean": 0.31467747688293457, "train/return_max": 0.3035550117492676, "train/explained_variance": 0.2214219570159912, "train/advantage_mean": 0.010663979686796665, "train/advantage_std": 0.2815014719963074, "train/max_entities": 29.0, "train/1p_rate": 0.0, "train/2p_rate": 1.0, "train/player_step_total": 140197888.0, "train/total_active_entities": 2980137950.0, "train/total_games_played": 97392.0, "train/terminal_bank_0": 103827.9, "train/terminal_bank_1": 101089.2, "train/terminal_margin_0": 2738.7, "train/reward_bank_mean": 0.0002759483333333333, "train/reward_margin_abs_mean": 0.0005298364583333334, "train/bank_games": 20.0, "train/own_bank_mean": 102458.55, "train/own_bank_p10": 76047.4, "train/own_bank_p50": 99907.0, "train/own_bank_p90": 128786.20000000001, "train/margin_abs_mean": 3771.8, "train/margin_abs_p50": 3135.5, "train/draw_rate": 0.0, "train/winner_bank_mean": 104344.45, "train/loser_bank_mean": 100572.65, "time/rollout_seconds": 12.493452807888389, "time/teacher_seconds": 0.7359699476510286, "teacher/cache_bytes": 2943590400.0, "time/update_seconds": 2.304641328752041, "time/iteration_seconds": 15.538108391687274, "perf/rollout_sps": 1152.603705431041, "perf/teacher_sps": 19566.016310801835, "perf/update_sps": 6248.260768541183, "perf/steps_per_second": 926.7537358475277, "perf/tokens_per_second": 453135.5955636654, "perf/active_entities_per_second": 39929.89264587228}}
70098944env steps [05:18, 286.13env steps/s]70098944env steps [05:30, 286.13env steps/s][nt-probe] {"kind": "iteration", "rank": 0, "t": 1790793305.9838614, "iteration": 5, "perf_end": 13706836.600654041, "wall_seconds": 15.497307868674397, "native_step_calls": 720, "native_step_seconds": 7.591936329379678, "proc_cpu_seconds": 22.279999999999973, "proc_cpu_total": 307.09, "stat_busy": 6408860198, "stat_total": 131423657460, "metrics": {"loss/total_loss": 0.07903002202510834, "loss/policy_loss": 0.0005359253846108913, "loss/value_loss": 0.037559524178504944, "loss/entropy_loss": -4.483296834223438e-06, "loss/teacher_kl_loss": 2.1145595383131877e-05, "loss/teacher_value_loss": 0.003358387155458331, "policy/entropy": 4.483296871185303, "teacher/kl": 0.004229119047522545, "teacher/value_cross_entropy": 0.6716775298118591, "policy/approx_kl": 0.002189670456573367, "policy/clipfrac": 0.013541667722165585, "policy/ratio_mean": 1.000077247619629, "policy/ratio_max": 1.3787287473678589, "policy/logratio_mean": -0.0021124256309121847, "policy/logratio_abs_max": 0.3625173270702362, "policy/market_item_entropy": 0.3589434325695038, "policy/market_kind_entropy": 0.5031512975692749, "policy/market_quantity_entropy": 0.6104459166526794, "policy/market_quantity_high_entropy": 0.0003281301469542086, "policy/stop_entropy": 0.0, "policy/unit_actor_entropy": 0.0, "policy/unit_item_entropy": 0.20064888894557953, "policy/unit_kind_entropy": 2.717874526977539, "policy/unit_quantity_entropy": 0.09190327674150467, "policy/unit_quantity_high_entropy": 7.923114822006028e-07, "policy/unit_quantity_present_entropy": 4.3286891582283715e-07, "policy/unit_target_entropy": 0.0, "teacher/market_item_kl": 0.00026813079603016376, "teacher/market_kind_kl": 0.0005103223957121372, "teacher/market_quantity_kl": 0.00015962128236424178, "teacher/market_quantity_high_kl": 3.281034111068948e-08, "teacher/unit_item_kl": 0.00025023380294442177, "teacher/unit_kind_kl": 0.0029996547382324934, "teacher/unit_quantity_kl": 4.1122359107248485e-05, "teacher/unit_quantity_high_kl": 2.1336976629982018e-10, "teacher/unit_quantity_present_kl": 5.47499046099631e-10, "policy/target_kl_exceeded": 0.0, "policy/target_kl_exceeded_total": 0.0, "optimizer/grad_norm": 13.874646186828613, "optimizer/steps": 100.0, "optimizer/minibatches_per_update": 20.0, "train/policy_active_ratio": 1.0, "optimizer/learning_rate": 1e-05, "teacher/kl_coef": 0.005, "teacher/value_coef": 0.005, "train/return_mean": 0.177151158452034, "train/return_common_mean": 0.177151158452034, "train/return_zero_sum_abs_mean": 0.3138797879219055, "train/return_max": 0.30160000920295715, "train/explained_variance": 0.2585042119026184, "train/advantage_mean": -0.0046716490760445595, "train/advantage_std": 0.2737858295440674, "train/max_entities": 28.0, "train/1p_rate": 0.0, "train/2p_rate": 1.0, "train/player_step_total": 140226688.0, "train/total_active_entities": 2980757056.0, "train/total_games_played": 97412.0, "train/terminal_bank_0": 90769.1, "train/terminal_bank_1": 92358.6, "train/terminal_margin_0": -1589.5, "train/reward_bank_mean": 0.0002460432638888889, "train/reward_margin_abs_mean": 0.0004893997916666666, "train/bank_games": 20.0, "train/own_bank_mean": 91563.85, "train/own_bank_p10": 78418.2, "train/own_bank_p50": 91339.5, "train/own_bank_p90": 111955.4, "train/margin_abs_mean": 3238.0, "train/margin_abs_p50": 2668.5, "train/draw_rate": 0.0, "train/winner_bank_mean": 93182.85, "train/loser_bank_mean": 89944.85, "time/rollout_seconds": 12.438852190971375, "time/teacher_seconds": 0.7368326839059591, "teacher/cache_bytes": 2943590400.0, "time/update_seconds": 2.317466078326106, "time/iteration_seconds": 15.497227482497692, "perf/rollout_sps": 1157.6630848987904, "perf/teacher_sps": 19543.107023517772, "perf/update_sps": 6213.683183833718, "perf/steps_per_second": 929.1984657425412, "perf/tokens_per_second": 454159.42999796825, "perf/active_entities_per_second": 39949.46842583345}}
70113344env steps [05:34, 381.27env steps/s][nt-probe] {"kind": "iteration", "rank": 0, "t": 1790793321.4898117, "iteration": 6, "perf_end": 13706852.10658356, "wall_seconds": 15.50400072708726, "native_step_calls": 720, "native_step_seconds": 7.609250215813518, "proc_cpu_seconds": 22.31000000000006, "proc_cpu_total": 329.40000000000003, "stat_busy": 6408892049, "stat_total": 131423807078, "metrics": {"loss/total_loss": 0.08004561066627502, "loss/policy_loss": 0.0004358117585070431, "loss/value_loss": 0.038112442940473557, "loss/entropy_loss": -4.504512162384344e-06, "loss/teacher_kl_loss": 3.3432046620873734e-05, "loss/teacher_value_loss": 0.0033559822477400303, "policy/entropy": 4.504511833190918, "teacher/kl": 0.006686409469693899, "teacher/value_cross_entropy": 0.671196460723877, "policy/approx_kl": 0.002492279512807727, "policy/clipfrac": 0.017812499776482582, "policy/ratio_mean": 1.0002635717391968, "policy/ratio_max": 1.4329144954681396, "policy/logratio_mean": -0.002228732919320464, "policy/logratio_abs_max": 0.4263198971748352, "policy/market_item_entropy": 0.3580383062362671, "policy/market_kind_entropy": 0.5081270337104797, "policy/market_quantity_entropy": 0.6229531168937683, "policy/market_quantity_high_entropy": 0.0004185005964245647, "policy/stop_entropy": 0.0, "policy/unit_actor_entropy": 0.0, "policy/unit_item_entropy": 0.19393160939216614, "policy/unit_kind_entropy": 2.721604585647583, "policy/unit_quantity_entropy": 0.09943754971027374, "policy/unit_quantity_high_entropy": 7.981738576745556e-07, "policy/unit_quantity_present_entropy": 4.7338235731331224e-07, "policy/unit_target_entropy": 0.0, "teacher/market_item_kl": 0.00036058868863619864, "teacher/market_kind_kl": 0.0006387952598743141, "teacher/market_quantity_kl": 0.00020578915427904576, "teacher/market_quantity_high_kl": 3.681683935496949e-08, "teacher/unit_item_kl": 0.0003268526925239712, "teacher/unit_kind_kl": 0.00508128572255373, "teacher/unit_quantity_kl": 7.306066254386678e-05, "teacher/unit_quantity_high_kl": 1.9675161500032345e-10, "teacher/unit_quantity_present_kl": 5.132038682909013e-10, "policy/target_kl_exceeded": 0.0, "policy/target_kl_exceeded_total": 0.0, "optimizer/grad_norm": 13.714937210083008, "optimizer/steps": 120.0, "optimizer/minibatches_per_update": 20.0, "train/policy_active_ratio": 1.0, "optimizer/learning_rate": 1.2e-05, "teacher/kl_coef": 0.005, "teacher/value_coef": 0.005, "train/return_mean": 0.19302044808864594, "train/return_common_mean": 0.19302044808864594, "train/return_zero_sum_abs_mean": 0.31365662813186646, "train/return_max": 0.30233898758888245, "train/explained_variance": 0.23821145296096802, "train/advantage_mean": 0.0003124058712273836, "train/advantage_std": 0.2759719789028168, "train/max_entities": 29.0, "train/1p_rate": 0.0, "train/2p_rate": 1.0, "train/player_step_total": 140255488.0, "train/total_active_entities": 2981378415.0, "train/total_games_played": 97432.0, "train/terminal_bank_0": 99623.85, "train/terminal_bank_1": 99464.2, "train/terminal_margin_0": 159.65, "train/reward_bank_mean": 0.00026808395833333333, "train/reward_margin_abs_mean": 0.0005407722916666666, "train/bank_games": 20.0, "train/own_bank_mean": 99544.025, "train/own_bank_p10": 80593.9, "train/own_bank_p50": 93073.0, "train/own_bank_p90": 129991.9, "train/margin_abs_mean": 3080.15, "train/margin_abs_p50": 2088.0, "train/draw_rate": 0.0, "train/winner_bank_mean": 101084.1, "train/loser_bank_mean": 98003.95, "time/rollout_seconds": 12.447891175746918, "time/teacher_seconds": 0.7365862876176834, "teacher/cache_bytes": 2943590400.0, "time/update_seconds": 2.3154022321105003, "time/iteration_seconds": 15.503919595852494, "perf/rollout_sps": 1156.8224526300896, "perf/teacher_sps": 19549.64440971803, "perf/update_sps": 6219.22178371329, "perf/steps_per_second": 928.7973864268615, "perf/tokens_per_second": 454254.0327598204, "perf/active_entities_per_second": 40077.54272450057}}
70127744env steps [05:49, 476.84env steps/s]70127744env steps [06:00, 476.84env steps/s][nt-probe] {"kind": "iteration", "rank": 0, "t": 1790793336.991008, "iteration": 7, "perf_end": 13706867.607791394, "wall_seconds": 15.499259274452925, "native_step_calls": 720, "native_step_seconds": 7.5975152105093, "proc_cpu_seconds": 22.20999999999998, "proc_cpu_total": 351.61, "stat_busy": 6408910773, "stat_total": 131423955594, "metrics": {"loss/total_loss": 0.061115819960832596, "loss/policy_loss": 0.0003580545599106699, "loss/value_loss": 0.0286808293312788, "loss/entropy_loss": -4.449695552466437e-06, "loss/teacher_kl_loss": 5.1260460168123245e-05, "loss/teacher_value_loss": 0.0033492916263639927, "policy/entropy": 4.449695587158203, "teacher/kl": 0.010252092964947224, "teacher/value_cross_entropy": 0.6698583364486694, "policy/approx_kl": 0.0024360548704862595, "policy/clipfrac": 0.015763888135552406, "policy/ratio_mean": 1.0009042024612427, "policy/ratio_max": 1.495776653289795, "policy/logratio_mean": -0.0015318440273404121, "policy/logratio_abs_max": 0.4502481520175934, "policy/market_item_entropy": 0.3479498326778412, "policy/market_kind_entropy": 0.5017993450164795, "policy/market_quantity_entropy": 0.6074814200401306, "policy/market_quantity_high_entropy": 0.0003642148512881249, "policy/stop_entropy": 0.0, "policy/unit_actor_entropy": 0.0, "policy/unit_item_entropy": 0.18790340423583984, "policy/unit_kind_entropy": 2.712714910507202, "policy/unit_quantity_entropy": 0.09148142486810684, "policy/unit_quantity_high_entropy": 4.174357854935806e-07, "policy/unit_quantity_present_entropy": 3.3998713888649945e-07, "policy/unit_target_entropy": 0.0, "teacher/market_item_kl": 0.0004519381036516279, "teacher/market_kind_kl": 0.0007880986668169498, "teacher/market_quantity_kl": 0.00029737528529949486, "teacher/market_quantity_high_kl": 4.031100431234336e-08, "teacher/unit_item_kl": 0.00031327808392234147, "teacher/unit_kind_kl": 0.008315079845488071, "teacher/unit_quantity_kl": 8.628171781310812e-05, "teacher/unit_quantity_high_kl": 2.1800039551322925e-10, "teacher/unit_quantity_present_kl": 4.730182356915691e-10, "policy/target_kl_exceeded": 0.0, "policy/target_kl_exceeded_total": 0.0, "optimizer/grad_norm": 13.654190063476562, "optimizer/steps": 140.0, "optimizer/minibatches_per_update": 20.0, "train/policy_active_ratio": 1.0, "optimizer/learning_rate": 1.4000000000000001e-05, "teacher/kl_coef": 0.005, "teacher/value_coef": 0.005, "train/return_mean": 0.1768324077129364, "train/return_common_mean": 0.1768324077129364, "train/return_zero_sum_abs_mean": 0.31236639618873596, "train/return_max": 0.30243799090385437, "train/explained_variance": 0.39604490995407104, "train/advantage_mean": 0.010385042987763882, "train/advantage_std": 0.23987527191638947, "train/max_entities": 28.0, "train/1p_rate": 0.0, "train/2p_rate": 1.0, "train/player_step_total": 140284288.0, "train/total_active_entities": 2981996506.0, "train/total_games_played": 97452.0, "train/terminal_bank_0": 91650.2, "train/terminal_bank_1": 91272.9, "train/terminal_margin_0": 377.3, "train/reward_bank_mean": 0.00024560055555555556, "train/reward_margin_abs_mean": 0.0004853866666666666, "train/bank_games": 20.0, "train/own_bank_mean": 91461.55, "train/own_bank_p10": 68164.2, "train/own_bank_p50": 86432.0, "train/own_bank_p90": 122314.5, "train/margin_abs_mean": 3062.0, "train/margin_abs_p50": 2471.0, "train/draw_rate": 0.0, "train/winner_bank_mean": 92992.55, "train/loser_bank_mean": 89930.55, "time/rollout_seconds": 12.442075189203024, "time/teacher_seconds": 0.7359830718487501, "teacher/cache_bytes": 2943590400.0, "time/update_seconds": 2.3171304147690535, "time/iteration_seconds": 15.499180974438787, "perf/rollout_sps": 1157.363203567201, "perf/teacher_sps": 19565.667405675475, "perf/update_sps": 6214.583308827369, "perf/steps_per_second": 929.0813510564492, "perf/tokens_per_second": 453971.21380826866, "perf/active_entities_per_second": 39878.94592748831}}
70142144env steps [06:05, 567.06env steps/s]W0930 18:35:39.456000 10965 torch/distributed/elastic/agent/server/api.py:725] Received 15 death signal, shutting down workers
W0930 18:35:39.457000 10965 torch/distributed/elastic/multiprocessing/api.py:908] Sending process 10970 closing signal SIGTERM
Traceback (most recent call last):
  File "/root/kg-v3/.venv/bin/torchrun", line 10, in <module>
    sys.exit(main())
             ^^^^^^
  File "/root/kg-v3/.venv/lib/python3.12/site-packages/torch/distributed/elastic/multiprocessing/errors/__init__.py", line 357, in wrapper
    return f(*args, **kwargs)
           ^^^^^^^^^^^^^^^^^^
  File "/root/kg-v3/.venv/lib/python3.12/site-packages/torch/distributed/run.py", line 936, in main
    run(args)
  File "/root/kg-v3/.venv/lib/python3.12/site-packages/torch/distributed/run.py", line 927, in run
    elastic_launch(
  File "/root/kg-v3/.venv/lib/python3.12/site-packages/torch/distributed/launcher/api.py", line 156, in __call__
    return launch_agent(self._config, self._entrypoint, list(args))
           ^^^^^^^^^^^^^^^^^^^^^^^^^^^^^^^^^^^^^^^^^^^^^^^^^^^^^^^^
  File "/root/kg-v3/.venv/lib/python3.12/site-packages/torch/distributed/launcher/api.py", line 284, in launch_agent
    result = agent.run()
             ^^^^^^^^^^^
  File "/root/kg-v3/.venv/lib/python3.12/site-packages/torch/distributed/elastic/metrics/api.py", line 138, in wrapper
    result = f(*args, **kwargs)
             ^^^^^^^^^^^^^^^^^^
  File "/root/kg-v3/.venv/lib/python3.12/site-packages/torch/distributed/elastic/agent/server/api.py", line 717, in run
    result = self._invoke_run(role)
             ^^^^^^^^^^^^^^^^^^^^^^
  File "/root/kg-v3/.venv/lib/python3.12/site-packages/torch/distributed/elastic/agent/server/api.py", line 881, in _invoke_run
    time.sleep(monitor_interval)
  File "/root/kg-v3/.venv/lib/python3.12/site-packages/torch/distributed/elastic/multiprocessing/api.py", line 85, in _terminate_process_handler
    raise SignalException(f"Process {os.getpid()} got signal: {sigval}", sigval=sigval)
torch.distributed.elastic.multiprocessing.api.SignalException: Process 10965 got signal: 15
DONE sps-diag-on-20261001 iters=7
