uvx ruff check python/ scripts/ tests/ --select I --fix
All checks passed!
uvx ruff format python/ scripts/ tests/
122 files left unchanged
uv run python scripts/check_python_311_syntax.py
uvx ruff check python/ scripts/ tests/
All checks passed!
uv run mypy python/ scripts/
Success: no issues found in 65 source files
uv run pytest tests/ -m "not slow"
============================= test session starts ==============================
platform darwin -- Python 3.12.13, pytest-9.0.3, pluggy-1.6.0
rootdir: /Users/poonszesen/kg-v3-m-7-1
configfile: pyproject.toml
plugins: anyio-4.14.2
collected 1793 items

tests/kaggriculture/test_base_generics_typing.py .                       [  0%]
tests/kaggriculture/test_compile_gemm_backends.py ...................... [  1%]
.................................                                        [  3%]
tests/kaggriculture/test_configs.py .................................... [  5%]
..............                                                           [  5%]
tests/kaggriculture/test_evaluation.py .............                     [  6%]
tests/kaggriculture/test_gpu_grammar.py .......................s         [  7%]
tests/kaggriculture/test_model_compile.py ...........                    [  8%]
tests/kaggriculture/test_model_encoder.py .............................. [ 10%]
.............                                                            [ 10%]
tests/kaggriculture/test_model_heads.py ................................ [ 12%]
.................................                                        [ 14%]
tests/kaggriculture/test_model_registration.py .......                   [ 15%]
tests/kaggriculture/test_observe.py ..ss................................ [ 17%]
.....................                                                    [ 18%]
tests/kaggriculture/test_teacher.py .................................... [ 20%]
..........s..sss                                                         [ 21%]
tests/kaggriculture/test_training_semantics.py ......................... [ 22%]
..                                                                       [ 22%]
tests/kaggriculture/test_types.py ...................................... [ 24%]
........................................................................ [ 28%]
................                                                         [ 29%]
tests/owl/agent/test_agent.py .......................................... [ 31%]
...........                                                              [ 32%]
tests/owl/agent/test_kaggle_engine_sanitization.py ....                  [ 32%]
tests/owl/agent/test_kaggle_observation.py ...                           [ 32%]
tests/owl/kaggriculture/test_opponents.py sssssssss                      [ 33%]
tests/owl/model/test_attn.py .....ss                                     [ 33%]
tests/owl/model/test_model_config_files.py ............................. [ 35%]
..................                                                       [ 36%]
tests/owl/model/test_recurrent_transformer_v1.py ..............          [ 37%]
tests/owl/model/test_stateless_transformer_v1.py ....................... [ 38%]
........................................................................ [ 42%]
...............................                                          [ 44%]
tests/owl/model/test_teacher_targets.py ............................     [ 45%]
tests/owl/test_checkpoint_quantization.py .............................. [ 47%]
..............                                                           [ 48%]
tests/owl/test_config.py .........                                       [ 48%]
tests/owl/test_int8_emulation.py ...s                                    [ 49%]
tests/owl/test_replay.py ...                                             [ 49%]
tests/owl/test_rl.py ................................................... [ 52%]
...........................                                              [ 53%]
tests/owl/train/test_advantages.py ..............                        [ 54%]
tests/owl/train/test_config.py ......................................... [ 56%]
............................                                             [ 58%]
tests/owl/train/test_distributed.py ...................                  [ 59%]
tests/owl/train/test_logging.py ..                                       [ 59%]
tests/owl/train/test_loss.py .............                               [ 60%]
tests/owl/train/test_metrics.py ..                                       [ 60%]
tests/owl/train/test_optimizer.py ...........                            [ 60%]
tests/owl/train/test_ppo.py ............................................ [ 63%]
...............................                                          [ 64%]
tests/owl/train/test_ppo_observation_mapping.py ........................ [ 66%]
........................................................................ [ 70%]
........................................................................ [ 74%]
...                                                                      [ 74%]
tests/scripts/test_benchmark_checkpoints.py ............................ [ 76%]
.........                                                                [ 76%]
tests/scripts/test_download_replays.py ....                              [ 76%]
tests/scripts/test_extract_model_weights.py .................            [ 77%]
tests/scripts/test_kaggriculture_parity.py .................s........... [ 79%]
.......                                                                  [ 79%]
tests/scripts/test_kaggriculture_select_replays.py .................     [ 80%]
tests/scripts/test_roundtrip_checkpoint_quantization.py ................ [ 81%]
..                                                                       [ 81%]
tests/scripts/test_run_ppo.py .......................................... [ 84%]
...............................................s..............           [ 87%]
tests/tools/test_check_engine_trim.py .................................. [ 89%]
.............................................                            [ 91%]
tests/tools/test_check_opponent_import.py .............................. [ 93%]
.................................s.                                      [ 95%]
tests/tools/test_observation_oracle_custody.py ......................... [ 96%]
............................                                             [ 98%]
tests/tools/test_record_grammar_reference.py .........................   [ 99%]
tests/tools/test_replay_viewer.py ..                                     [100%]

=========================== short test summary info ============================
SKIPPED [1] tests/kaggriculture/test_gpu_grammar.py:171: Task 1.2/1.4 native grammar binding not available: native grammar tables arrive with Task 1.2/1.4 (owl.rs.kaggriculture_grammar_tables); use expected_grammar_tables until the binding exists
SKIPPED [2] tests/kaggriculture/test_observe.py:288: pinned host memory requires CUDA
SKIPPED [1] tests/kaggriculture/test_teacher.py:1355: needs Task 3.1 trainer seam (Kaggriculture rollout storage and action mapping in ppo.py; the merged trainer rejects KaggricultureActionMask)
SKIPPED [1] tests/kaggriculture/test_teacher.py:1624: needs the Task 3.1 run_ppo game seam and the Task 1.4 native env (the merged configs load, but run_ppo stops because no Kaggriculture environment exists)
SKIPPED [1] tests/kaggriculture/test_teacher.py:1653: needs the Task 3.1 run_ppo game seam and the Task 1.4 native env (the merged configs load, but run_ppo stops because no Kaggriculture environment exists)
SKIPPED [1] tests/kaggriculture/test_teacher.py:1689: needs Task 3.1 trainer seam (Kaggriculture rollout storage and action mapping in ppo.py; the merged trainer rejects KaggricultureActionMask)
SKIPPED [8] tests/owl/kaggriculture/test_opponents.py:20: needs Task 1.4 binding
SKIPPED [1] tests/owl/kaggriculture/test_opponents.py:25: needs Task 1.4 binding
SKIPPED [1] tests/owl/model/test_attn.py:60: flash-attn CUDA backend is not available
SKIPPED [1] tests/owl/model/test_attn.py:80: flash-attn CUDA backend is not available
SKIPPED [1] tests/owl/test_int8_emulation.py:15: x86 torch quantized backend is unavailable: qnnpack
SKIPPED [1] tests/scripts/test_kaggriculture_parity.py:371: Mac bound: committed regeneration exceeds two live games; run on pod
SKIPPED [1] tests/scripts/test_run_ppo.py:3044: Needs the native Kaggriculture environment and its EnvConfig seed (rebuild Tasks 1.4/1.5).
SKIPPED [1] tests/tools/test_check_opponent_import.py:396: original sources live in the sibling repo
====================== 1771 passed, 22 skipped in 51.18s =======================
uv run python scripts/check_doc_freshness.py
No doc updates required
exit=0
