Bounded pytest: ['/Users/poonszesen/kg-v3-pod6000/.venv/lib/python3.12/site-packages/pytest/__main__.py', '-q', '-p', 'no:cacheprovider', 'tests/kaggriculture/test_teacher.py::test_kl_is_zero_for_the_same_teacher_and_exactly_zero_off_support[dense]', 'tests/kaggriculture/test_teacher.py::test_kl_is_zero_for_the_same_teacher_and_exactly_zero_off_support[hire_capacity]', 'tests/kaggriculture/test_teacher.py::test_kl_is_zero_for_the_same_teacher_and_exactly_zero_off_support[stop_every_position]', 'tests/kaggriculture/test_teacher.py::test_kl_is_zero_for_the_same_teacher_and_exactly_zero_off_support[mixed]', 'tests/kaggriculture/test_teacher.py::test_collected_logits_reproduce_the_replay_density[fp32-dense]', 'tests/kaggriculture/test_teacher.py::test_collected_logits_reproduce_the_replay_density[fp32-hire_capacity]']
......                                                                   [100%]
RESOURCE RECEIPT {"elapsed_seconds": 1.2208892499911599, "sampled_pytest_rss_bytes": 368656384, "pytest_ru_maxrss_bytes": 368656384, "exitstatus": 0, "scope": "pytest process only, no descendants; 10ms RSS polling"}

6 passed in 0.48s
Bounded pytest: ['/Users/poonszesen/kg-v3-pod6000/.venv/lib/python3.12/site-packages/pytest/__main__.py', '-q', '-p', 'no:cacheprovider', 'tests/kaggriculture/test_teacher.py::test_collected_logits_reproduce_the_replay_density[fp32-stop_every_position]', 'tests/kaggriculture/test_teacher.py::test_collected_logits_reproduce_the_replay_density[fp32-mixed]', 'tests/kaggriculture/test_teacher.py::test_collected_logits_reproduce_the_replay_density[fp64-dense]', 'tests/kaggriculture/test_teacher.py::test_collected_logits_reproduce_the_replay_density[fp64-hire_capacity]', 'tests/kaggriculture/test_teacher.py::test_collected_logits_reproduce_the_replay_density[fp64-stop_every_position]', 'tests/kaggriculture/test_teacher.py::test_collected_logits_reproduce_the_replay_density[fp64-mixed]']
......                                                                   [100%]
RESOURCE RECEIPT {"elapsed_seconds": 1.2319726669811644, "sampled_pytest_rss_bytes": 452165632, "pytest_ru_maxrss_bytes": 452198400, "exitstatus": 0, "scope": "pytest process only, no descendants; 10ms RSS polling"}

6 passed in 0.51s
Bounded pytest: ['/Users/poonszesen/kg-v3-pod6000/.venv/lib/python3.12/site-packages/pytest/__main__.py', '-q', '-p', 'no:cacheprovider', 'tests/kaggriculture/test_teacher.py::test_forward_and_evaluate_actions_leave_the_teacher_fields_unset', 'tests/kaggriculture/test_teacher.py::test_kl_matches_a_brute_force_oracle_over_the_admissible_values[base]', 'tests/kaggriculture/test_teacher.py::test_kl_matches_a_brute_force_oracle_over_the_admissible_values[hire]', 'tests/kaggriculture/test_teacher.py::test_head_and_trunk_chunking_match_the_unchunked_kl', 'tests/kaggriculture/test_teacher.py::test_fullgraph_captured_core_matches_eager_with_teacher_logits', 'tests/kaggriculture/test_teacher.py::test_kl_gradients_reach_every_student_head_and_no_teacher_parameter']
..
BOUNDED CHECK STOP: rss=951812096 bytes, elapsed=1.028s; limits=943718400 bytes/115s; rerun in smaller batches
Bounded pytest: ['/Users/poonszesen/kg-v3-pod6000/.venv/lib/python3.12/site-packages/pytest/__main__.py', '-q', '-p', 'no:cacheprovider', 'tests/kaggriculture/test_teacher.py::test_kl_gradient_matches_finite_differences_in_fp64', 'tests/kaggriculture/test_teacher.py::test_targets_have_the_lead_layout_dtypes_and_optional_fields', 'tests/kaggriculture/test_teacher.py::test_teacher_targets_reject_programs_the_teacher_grammar_does_not_admit', 'tests/kaggriculture/test_teacher.py::test_index_then_concat_restores_the_targets[1-both]', 'tests/kaggriculture/test_teacher.py::test_index_then_concat_restores_the_targets[1-kl]', 'tests/kaggriculture/test_teacher.py::test_index_then_concat_restores_the_targets[1-value]']
......                                                                   [100%]
RESOURCE RECEIPT {"elapsed_seconds": 1.0271856249892153, "sampled_pytest_rss_bytes": 336150528, "pytest_ru_maxrss_bytes": 336150528, "exitstatus": 0, "scope": "pytest process only, no descendants; 10ms RSS polling"}

6 passed in 0.33s
Bounded pytest: ['/Users/poonszesen/kg-v3-pod6000/.venv/lib/python3.12/site-packages/pytest/__main__.py', '-q', '-p', 'no:cacheprovider', 'tests/kaggriculture/test_teacher.py::test_index_then_concat_restores_the_targets[2-both]', 'tests/kaggriculture/test_teacher.py::test_index_then_concat_restores_the_targets[2-kl]', 'tests/kaggriculture/test_teacher.py::test_index_then_concat_restores_the_targets[2-value]', 'tests/kaggriculture/test_teacher.py::test_index_then_concat_restores_the_targets[3-both]', 'tests/kaggriculture/test_teacher.py::test_index_then_concat_restores_the_targets[3-kl]', 'tests/kaggriculture/test_teacher.py::test_index_then_concat_restores_the_targets[3-value]']
......                                                                   [100%]
RESOURCE RECEIPT {"elapsed_seconds": 1.0281066659954377, "sampled_pytest_rss_bytes": 324796416, "pytest_ru_maxrss_bytes": 324796416, "exitstatus": 0, "scope": "pytest process only, no descendants; 10ms RSS polling"}

6 passed in 0.32s
Bounded pytest: ['/Users/poonszesen/kg-v3-pod6000/.venv/lib/python3.12/site-packages/pytest/__main__.py', '-q', '-p', 'no:cacheprovider', 'tests/kaggriculture/test_teacher.py::test_concat_validates_every_chunk_symmetrically', 'tests/kaggriculture/test_teacher.py::test_grammar_signature_tracks_tables_and_hire_limit', 'tests/kaggriculture/test_teacher.py::test_nbytes_counts_every_cached_tensor', 'tests/kaggriculture/test_teacher.py::test_cache_bytes_per_row_follow_the_contract_widths', 'tests/kaggriculture/test_teacher.py::test_chunked_precompute_equals_one_whole_batch_call', 'tests/kaggriculture/test_teacher.py::test_isaiah_cached_teacher_rejects_foreign_targets_before_any_kernel']
......                                                                   [100%]
RESOURCE RECEIPT {"elapsed_seconds": 1.1222620419575833, "sampled_pytest_rss_bytes": 364642304, "pytest_ru_maxrss_bytes": 366231552, "exitstatus": 0, "scope": "pytest process only, no descendants; 10ms RSS polling"}

6 passed in 0.41s
Bounded pytest: ['/Users/poonszesen/kg-v3-pod6000/.venv/lib/python3.12/site-packages/pytest/__main__.py', '-q', '-p', 'no:cacheprovider', 'tests/kaggriculture/test_teacher.py::test_cached_path_is_bit_for_bit_the_combined_path', 'tests/kaggriculture/test_teacher.py::test_a_copied_teacher_gives_zero_kl_and_the_student_winner_entropy', 'tests/kaggriculture/test_teacher.py::test_value_cross_entropy_is_the_live_seat_mean', 'tests/kaggriculture/test_teacher.py::test_cached_admission_rejects_bad_targets_before_any_kernel', 'tests/kaggriculture/test_teacher.py::test_combined_path_rejects_foreign_or_mismatched_teachers', 'tests/kaggriculture/test_teacher.py::test_a_grammar_mismatch_that_replay_admits_is_rejected_by_the_signature']
......                                                                   [100%]
RESOURCE RECEIPT {"elapsed_seconds": 1.0619468330405653, "sampled_pytest_rss_bytes": 352763904, "pytest_ru_maxrss_bytes": 352796672, "exitstatus": 0, "scope": "pytest process only, no descendants; 10ms RSS polling"}

6 passed in 0.34s
Bounded pytest: ['/Users/poonszesen/kg-v3-pod6000/.venv/lib/python3.12/site-packages/pytest/__main__.py', '-q', '-p', 'no:cacheprovider', 'tests/kaggriculture/test_teacher.py::test_ppo_teacher_wrappers_dispatch_statelessly', 'tests/kaggriculture/test_teacher.py::test_ppo_teacher_wrappers_leave_orbit_results_unchanged', 'tests/kaggriculture/test_teacher.py::test_targets_and_kl_are_seat_isolated_and_stateless', 'tests/kaggriculture/test_teacher.py::test_the_model_supports_both_cached_distillation_paths', 'tests/kaggriculture/test_teacher.py::test_trainer_precomputes_once_and_logs_teacher_metrics', 'tests/kaggriculture/test_teacher.py::test_teacher_obs_spec_dispatch_covers_kaggriculture']
......                                                                   [100%]
RESOURCE RECEIPT {"elapsed_seconds": 1.2062489579548128, "sampled_pytest_rss_bytes": 358465536, "pytest_ru_maxrss_bytes": 358727680, "exitstatus": 0, "scope": "pytest process only, no descendants; 10ms RSS polling"}

6 passed in 0.47s
Bounded pytest: ['/Users/poonszesen/kg-v3-pod6000/.venv/lib/python3.12/site-packages/pytest/__main__.py', '-q', '-p', 'no:cacheprovider', 'tests/kaggriculture/test_teacher.py::test_last_best_refresh_keeps_the_tables_and_copies_the_student', 'tests/kaggriculture/test_teacher.py::test_run_ppo_resume_restores_the_teacher_from_checkpoint_last_best', 'tests/kaggriculture/test_teacher.py::test_run_ppo_fresh_launch_from_weights_activates_the_last_best_teacher', 'tests/kaggriculture/test_teacher.py::test_trainer_checkpoint_after_a_teacher_iteration_holds_no_teacher_cache']
....                                                                     [100%]
RESOURCE RECEIPT {"elapsed_seconds": 1.001086208038032, "sampled_pytest_rss_bytes": 348110848, "pytest_ru_maxrss_bytes": 348946432, "exitstatus": 0, "scope": "pytest process only, no descendants; 10ms RSS polling"}

4 passed in 0.27s
Bounded pytest: ['/Users/poonszesen/kg-v3-pod6000/.venv/lib/python3.12/site-packages/pytest/__main__.py', '-q', '-p', 'no:cacheprovider', 'tests/kaggriculture/test_teacher.py::test_forward_and_evaluate_actions_leave_the_teacher_fields_unset']
.                                                                        [100%]
RESOURCE RECEIPT {"elapsed_seconds": 0.8577919999952428, "sampled_pytest_rss_bytes": 290635776, "pytest_ru_maxrss_bytes": 297746432, "exitstatus": 0, "scope": "pytest process only, no descendants; 10ms RSS polling"}

1 passed in 0.03s
Bounded pytest: ['/Users/poonszesen/kg-v3-pod6000/.venv/lib/python3.12/site-packages/pytest/__main__.py', '-q', '-p', 'no:cacheprovider', 'tests/kaggriculture/test_teacher.py::test_kl_matches_a_brute_force_oracle_over_the_admissible_values[base]']
.                                                                        [100%]
RESOURCE RECEIPT {"elapsed_seconds": 0.9539168329793029, "sampled_pytest_rss_bytes": 470155264, "pytest_ru_maxrss_bytes": 470155264, "exitstatus": 0, "scope": "pytest process only, no descendants; 10ms RSS polling"}

1 passed in 0.14s
Bounded pytest: ['/Users/poonszesen/kg-v3-pod6000/.venv/lib/python3.12/site-packages/pytest/__main__.py', '-q', '-p', 'no:cacheprovider', 'tests/kaggriculture/test_teacher.py::test_kl_matches_a_brute_force_oracle_over_the_admissible_values[hire]']
.                                                                        [100%]
RESOURCE RECEIPT {"elapsed_seconds": 1.126138166000601, "sampled_pytest_rss_bytes": 815464448, "pytest_ru_maxrss_bytes": 815480832, "exitstatus": 0, "scope": "pytest process only, no descendants; 10ms RSS polling"}

1 passed in 0.35s
Bounded pytest: ['/Users/poonszesen/kg-v3-pod6000/.venv/lib/python3.12/site-packages/pytest/__main__.py', '-q', '-p', 'no:cacheprovider', 'tests/kaggriculture/test_teacher.py::test_head_and_trunk_chunking_match_the_unchunked_kl']
.                                                                        [100%]
RESOURCE RECEIPT {"elapsed_seconds": 0.880912416963838, "sampled_pytest_rss_bytes": 319455232, "pytest_ru_maxrss_bytes": 319455232, "exitstatus": 0, "scope": "pytest process only, no descendants; 10ms RSS polling"}

1 passed in 0.10s
Bounded pytest: ['/Users/poonszesen/kg-v3-pod6000/.venv/lib/python3.12/site-packages/pytest/__main__.py', '-q', '-p', 'no:cacheprovider', 'tests/kaggriculture/test_teacher.py::test_fullgraph_captured_core_matches_eager_with_teacher_logits']
.                                                                        [100%]
RESOURCE RECEIPT {"elapsed_seconds": 5.193924833030906, "sampled_pytest_rss_bytes": 407404544, "pytest_ru_maxrss_bytes": 407486464, "exitstatus": 0, "scope": "pytest process only, no descendants; 10ms RSS polling"}

1 passed in 4.36s
Bounded pytest: ['/Users/poonszesen/kg-v3-pod6000/.venv/lib/python3.12/site-packages/pytest/__main__.py', '-q', '-p', 'no:cacheprovider', 'tests/kaggriculture/test_teacher.py::test_kl_gradients_reach_every_student_head_and_no_teacher_parameter']
.                                                                        [100%]
RESOURCE RECEIPT {"elapsed_seconds": 0.8921183749916963, "sampled_pytest_rss_bytes": 303529984, "pytest_ru_maxrss_bytes": 306200576, "exitstatus": 0, "scope": "pytest process only, no descendants; 10ms RSS polling"}

1 passed in 0.05s
