Override 'env.n_envs' has the same value (20) as the existing config
Override 'rl.horizon' has the same value (720) as the existing config
[21:11:32] rl.compile_actor_heads=True model_compile=trunk mode=max-autotune-no-cudagraphs dtype=bfloat16 clip_mode=per_player teacher_mode=last_best kl=0.005 tv=0.005
[21:11:32] env created
Current thread 0x000076465a97e080 (most recent call first):
  File "/root/kg-v3/.venv/lib/python3.12/site-packages/torch/nn/init.py", line 665 in orthogonal_
  File "/root/kg-v3/python/owl/model/stateless_transformer_v1.py", line 3170 in _init_linear
  File "/root/kg-v3/python/owl/model/stateless_transformer_v1.py", line 3152 in _init_module
  File "/root/kg-v3/.venv/lib/python3.12/site-packages/torch/nn/modules/module.py", line 1064 in apply
  File "/root/kg-v3/.venv/lib/python3.12/site-packages/torch/nn/modules/module.py", line 1063 in apply
  File "/root/kg-v3/.venv/lib/python3.12/site-packages/torch/nn/modules/module.py", line 1063 in apply
  File "/root/kg-v3/.venv/lib/python3.12/site-packages/torch/nn/modules/module.py", line 1063 in apply
  File "/root/kg-v3/.venv/lib/python3.12/site-packages/torch/nn/modules/module.py", line 1063 in apply
  File "/root/kg-v3/python/owl/model/kaggriculture.py", line 341 in reset_parameters
  File "/root/kg-v3/python/owl/model/kaggriculture.py", line 336 in __init__
  File "/root/kg-v3/python/owl/model/factory.py", line 88 in create_model
  File "/root/parity/gpu_head_parity.py", line 101 in main
  File "/root/parity/gpu_head_parity.py", line 342 in <module>
[21:13:56] model created
[21:13:57] configure_model_compile -> 2; compiled core set: True
[21:13:57] loaded weights env_steps=110015744
Autotune Choices Stats:
{"num_choices": 2, "num_triton_choices": 0, "best_kernel": "addmm", "best_time": 0.01532800029963255}
AUTOTUNE addmm(8840x256, 8840x256, 256x256)
strides: [0, 1], [256, 1], [1, 256]
dtypes: torch.bfloat16, torch.bfloat16, torch.bfloat16
  addmm 0.0153 ms 100.0% 
  bias_addmm 0.0313 ms 49.0% 
SingleProcess AUTOTUNE benchmarking takes 0.0281 seconds and 0.0002 seconds precompiling for 2 choices
/root/kg-v3/.venv/lib/python3.12/site-packages/torch/_inductor/lowering.py:7242: UserWarning: 
Online softmax is disabled on the fly since Inductor decides to
split the reduction. Cut an issue to PyTorch if this is an
important use case and you want to speed it up with online
softmax.

  warnings.warn(
[21:17:59] rollout 720x20 done in 94.0s
/root/kg-v3/.venv/lib/python3.12/site-packages/torch/_inductor/lowering.py:7242: UserWarning: 
Online softmax is disabled on the fly since Inductor decides to
split the reduction. Cut an issue to PyTorch if this is an
important use case and you want to speed it up with online
softmax.

  warnings.warn(
/root/kg-v3/.venv/lib/python3.12/site-packages/torch/_inductor/lowering.py:7242: UserWarning: 
Online softmax is disabled on the fly since Inductor decides to
split the reduction. Cut an issue to PyTorch if this is an
important use case and you want to speed it up with online
softmax.

  warnings.warn(
[21:21:53] teacher targets in 118.0s; policy_mask frac=1.000 logp shape=(20, 720, 2)
/root/kg-v3/.venv/lib/python3.12/site-packages/torch/_inductor/lowering.py:7242: UserWarning: 
Online softmax is disabled on the fly since Inductor decides to
split the reduction. Cut an issue to PyTorch if this is an
important use case and you want to speed it up with online
softmax.

  warnings.warn(
/root/kg-v3/.venv/lib/python3.12/site-packages/torch/_inductor/lowering.py:7242: UserWarning: 
Online softmax is disabled on the fly since Inductor decides to
split the reduction. Cut an issue to PyTorch if this is an
important use case and you want to speed it up with online
softmax.

  warnings.warn(
[21:23:36] replay arm compiled: 103.0s
[21:23:38] replay arm eager: 1.9s
[21:23:38] replay stats done
Autotune Choices Stats:
{"num_choices": 2, "num_triton_choices": 0, "best_kernel": "bias_addmm", "best_time": 0.17052799463272095}
AUTOTUNE addmm(352144x512, 352144x256, 256x512)
strides: [0, 1], [256, 1], [1, 256]
dtypes: torch.bfloat16, torch.bfloat16, torch.bfloat16
  bias_addmm 0.1705 ms 100.0% 
  addmm 0.5756 ms 29.6% 
SingleProcess AUTOTUNE benchmarking takes 0.0613 seconds and 0.0002 seconds precompiling for 2 choices
Autotune Choices Stats:
{"num_choices": 2, "num_triton_choices": 0, "best_kernel": "bias_addmm", "best_time": 0.09865599870681763}
AUTOTUNE addmm(352144x256, 352144x256, 256x256)
strides: [0, 1], [256, 1], [1, 256]
dtypes: torch.bfloat16, torch.bfloat16, torch.bfloat16
  bias_addmm 0.0987 ms 100.0% 
  addmm 0.2956 ms 33.4% 
SingleProcess AUTOTUNE benchmarking takes 0.0502 seconds and 0.0001 seconds precompiling for 2 choices
/root/kg-v3/.venv/lib/python3.12/site-packages/torch/_inductor/lowering.py:7242: UserWarning: 
Online softmax is disabled on the fly since Inductor decides to
split the reduction. Cut an issue to PyTorch if this is an
important use case and you want to speed it up with online
softmax.

  warnings.warn(
Autotune Choices Stats:
{"num_choices": 2, "num_triton_choices": 0, "best_kernel": "bias_addmm", "best_time": 0.11161600053310394}
AUTOTUNE addmm(347040x256, 347040x256, 256x256)
strides: [0, 1], [256, 1], [1, 256]
dtypes: torch.bfloat16, torch.bfloat16, torch.bfloat16
  bias_addmm 0.1116 ms 100.0% 
  addmm 0.2917 ms 38.3% 
SingleProcess AUTOTUNE benchmarking takes 0.0491 seconds and 0.0001 seconds precompiling for 2 choices
Autotune Choices Stats:
{"num_choices": 2, "num_triton_choices": 0, "best_kernel": "bias_addmm", "best_time": 0.013728000223636627}
AUTOTUNE addmm(15840x256, 15840x256, 256x256)
strides: [0, 1], [256, 1], [1, 256]
dtypes: torch.bfloat16, torch.bfloat16, torch.bfloat16
  bias_addmm 0.0137 ms 100.0% 
  addmm 0.0203 ms 67.6% 
SingleProcess AUTOTUNE benchmarking takes 0.0185 seconds and 0.0001 seconds precompiling for 2 choices
Autotune Choices Stats:
{"num_choices": 2, "num_triton_choices": 0, "best_kernel": "bias_addmm", "best_time": 0.05827200040221214}
AUTOTUNE addmm(347040x24, 347040x256, 256x24)
strides: [0, 1], [256, 1], [1, 256]
dtypes: torch.bfloat16, torch.bfloat16, torch.bfloat16
  bias_addmm 0.0583 ms 100.0% 
  addmm 0.0752 ms 77.5% 
SingleProcess AUTOTUNE benchmarking takes 0.0295 seconds and 0.0001 seconds precompiling for 2 choices
Autotune Choices Stats:
{"num_choices": 2, "num_triton_choices": 0, "best_kernel": "bias_addmm", "best_time": 0.05881600081920624}
AUTOTUNE addmm(347040x32, 347040x256, 256x32)
strides: [0, 1], [256, 1], [1, 256]
dtypes: torch.bfloat16, torch.bfloat16, torch.bfloat16
  bias_addmm 0.0588 ms 100.0% 
  addmm 0.0817 ms 72.0% 
SingleProcess AUTOTUNE benchmarking takes 0.0278 seconds and 0.0001 seconds precompiling for 2 choices
Autotune Choices Stats:
{"num_choices": 2, "num_triton_choices": 0, "best_kernel": "bias_addmm", "best_time": 0.056992001831531525}
AUTOTUNE addmm(347040x16, 347040x256, 256x16)
strides: [0, 1], [256, 1], [1, 256]
dtypes: torch.bfloat16, torch.bfloat16, torch.bfloat16
  bias_addmm 0.0570 ms 100.0% 
  addmm 0.0689 ms 82.7% 
SingleProcess AUTOTUNE benchmarking takes 0.0261 seconds and 0.0001 seconds precompiling for 2 choices
Autotune Choices Stats:
{"num_choices": 2, "num_triton_choices": 0, "best_kernel": "bias_addmm", "best_time": 0.056063998490571976}
AUTOTUNE addmm(347040x8, 347040x256, 256x8)
strides: [0, 1], [256, 1], [1, 256]
dtypes: torch.bfloat16, torch.bfloat16, torch.bfloat16
  bias_addmm 0.0561 ms 100.0% 
  addmm 0.0628 ms 89.3% 
SingleProcess AUTOTUNE benchmarking takes 0.0290 seconds and 0.0001 seconds precompiling for 2 choices
Autotune Choices Stats:
{"num_choices": 2, "num_triton_choices": 0, "best_kernel": "bias_addmm", "best_time": 0.009216000325977802}
AUTOTUNE addmm(15840x8, 15840x256, 256x8)
strides: [0, 1], [256, 1], [1, 256]
dtypes: torch.bfloat16, torch.bfloat16, torch.bfloat16
  bias_addmm 0.0092 ms 100.0% 
  addmm 0.0122 ms 75.6% 
SingleProcess AUTOTUNE benchmarking takes 0.0202 seconds and 0.0001 seconds precompiling for 2 choices
Autotune Choices Stats:
{"num_choices": 2, "num_triton_choices": 0, "best_kernel": "bias_addmm", "best_time": 0.009184000082314014}
AUTOTUNE addmm(15840x16, 15840x256, 256x16)
strides: [0, 1], [256, 1], [1, 256]
dtypes: torch.bfloat16, torch.bfloat16, torch.bfloat16
  bias_addmm 0.0092 ms 100.0% 
  addmm 0.0121 ms 75.7% 
SingleProcess AUTOTUNE benchmarking takes 0.0202 seconds and 0.0001 seconds precompiling for 2 choices
Autotune Choices Stats:
{"num_choices": 2, "num_triton_choices": 0, "best_kernel": "bias_addmm", "best_time": 0.009344000369310379}
AUTOTUNE addmm(15840x32, 15840x256, 256x32)
strides: [0, 1], [256, 1], [1, 256]
dtypes: torch.bfloat16, torch.bfloat16, torch.bfloat16
  bias_addmm 0.0093 ms 100.0% 
  addmm 0.0126 ms 73.9% 
SingleProcess AUTOTUNE benchmarking takes 0.0202 seconds and 0.0001 seconds precompiling for 2 choices
/root/kg-v3/.venv/lib/python3.12/site-packages/torch/_inductor/lowering.py:7242: UserWarning: 
Online softmax is disabled on the fly since Inductor decides to
split the reduction. Cut an issue to PyTorch if this is an
important use case and you want to speed it up with online
softmax.

  warnings.warn(
[21:26:15] minibatch seg 0: loss c=0.0531468 e=0.0530551 grad rel c-vs-e global=9.928e-03 eager-noise=0.000e+00
[21:26:15] minibatch seg 6: loss c=0.0316379 e=0.0319058 grad rel c-vs-e global=8.707e-02 eager-noise=0.000e+00
[21:26:16] minibatch seg 13: loss c=0.0831726 e=0.0832214 grad rel c-vs-e global=8.207e-02 eager-noise=0.000e+00
[21:26:16] minibatch seg 19: loss c=0.0706295 e=0.0708369 grad rel c-vs-e global=3.359e-02 eager-noise=0.000e+00
[21:26:17] wrote /root/parity/results.json
