[21:28:39] model ready
[21:29:27] rollout done
[21:29:40] segment replay compiled/compiled
[21:29:41] segment replay eager/compiled
[21:29:42] segment replay fp64/compiled
[21:29:44] segment replay eager/eager
[21:29:45] segment replay fp64/eager
/root/kg-v3/.venv/lib/python3.12/site-packages/torch/_inductor/lowering.py:7242: UserWarning: 
Online softmax is disabled on the fly since Inductor decides to
split the reduction. Cut an issue to PyTorch if this is an
important use case and you want to speed it up with online
softmax.

  warnings.warn(
[21:30:20] step replay compiled/compiled
[21:30:22] step replay eager/compiled
[21:30:24] step replay fp64/compiled
[21:30:25] step replay eager/eager
[21:30:27] step replay fp64/eager
[21:30:27] replay stats done
/root/kg-v3/.venv/lib/python3.12/site-packages/torch/_inductor/lowering.py:7242: UserWarning: 
Online softmax is disabled on the fly since Inductor decides to
split the reduction. Cut an issue to PyTorch if this is an
important use case and you want to speed it up with online
softmax.

  warnings.warn(
/root/kg-v3/.venv/lib/python3.12/site-packages/torch/_inductor/lowering.py:7242: UserWarning: 
Online softmax is disabled on the fly since Inductor decides to
split the reduction. Cut an issue to PyTorch if this is an
important use case and you want to speed it up with online
softmax.

  warnings.warn(
[21:32:02] mb 0: c-vs-e 2.490e-02 c-vs-64 7.248e-02 e-vs-64 6.911e-02
[21:32:03] mb 6: c-vs-e 9.465e-03 c-vs-64 6.326e-02 e-vs-64 6.250e-02
[21:32:03] mb 13: c-vs-e 2.226e-02 c-vs-64 6.536e-02 e-vs-64 6.628e-02
[21:32:04] mb 19: c-vs-e 8.442e-03 c-vs-64 9.490e-02 e-vs-64 9.540e-02
[21:32:04] wrote results2.json
