    Blocking waiting for file lock on package cache
    Blocking waiting for file lock on package cache
    Blocking waiting for file lock on package cache
    Finished `test` profile [unoptimized + debuginfo] target(s) in 0.11s
     Running unittests src/lib.rs (engine_rs/target/debug/deps/kaggriculture_engine-defe974ba3c431db)

running 41 tests
test tests::attrib_ledger_exact_small_cases ... ok
test tests::attrib_ledger_reconciles_with_econ_counters ... ok
test tests::boolean_weed_probability_is_not_a_schema_number ... ok
test tests::concurrent_sellers_receive_the_same_precommit_quote ... ok
test tests::econ_telemetry_counts_commands_pass_commits_and_sales ... ok
test tests::econ_v4_counting_is_state_neutral ... ok
test tests::econ_v4_death_clipping_and_missed_growth ... ok
test tests::econ_v4_labor_and_malformed_commands ... ok
test tests::econ_v4_loss_counters ... ok
test tests::econ_v4_market_failures_and_reference_prices ... ok
test tests::econ_v4_terminal_provenance_and_flags ... ok
test tests::econ_v4_unit_losses ... ok
test tests::exact_linear_amplitude_does_not_eagerly_float_wide_horizon ... ok
test tests::failed_action_is_transactional ... ok
test tests::float_seed_is_accepted_at_reset_but_fails_at_the_first_daily_mix ... ok
test tests::ineffective_commands_equal_the_per_verb_upstream_sums ... ok
test tests::integral_float_and_boolean_horizons_keep_their_python_numeric_kinds ... ok
test tests::market_escape_guard_matches_pythons_99_999_unit_limit ... ok
test tests::mixed_float_division_rejects_an_exact_square_beyond_f64 ... ok
test tests::mixed_float_numerator_does_not_eagerly_convert_a_wide_hinge_t ... ok
test tests::mixed_float_numerator_squares_integer_t_before_float_conversion ... ok
test tests::mixed_integer_float_market_comparison_is_exact_before_arithmetic ... ok
test tests::native_reset_rejects_non_two_player_cardinality ... ok
test tests::nested_market_horizon_does_not_coerce_strings ... ok
test tests::normalized_integral_float_configuration_and_unknown_keys_are_retained ... ok
test tests::python_action_integer_requires_valid_decimal_underscore_grammar ... ok
test tests::python_ties_to_even_price_boundary_is_preserved ... ok
test tests::schema_integer_configuration_does_not_apply_python_action_coercions ... ok
test tests::seat_wealth_marks_liquid_holdings_to_market_and_productive_assets_at_book ... ok
test tests::shed_overflow_keeps_inventory_in_insertion_order ... ok
test tests::squared_integer_market_distance_is_shaped_before_float_conversion ... ok
test tests::step_zero_town_tick_and_terminal_lifecycle_match_python ... ok
test tests::upstream_deaths_are_exact_disjoint_removal_events ... ok
test tests::upstream_harvest_counts_success_not_unripe_request ... ok
test tests::upstream_plant_overcommit_and_missing_hand_are_not_commits ... ok
test tests::upstream_ready_stock_uses_harvest_age_post_close_and_includes_terminal ... ok
test tests::upstream_schema_is_numeric_complete_and_accumulates_all_paths ... ok
test tests::upstream_verbs_preserve_coarse_family_accounting ... ok
test tests::wide_integer_hinge_uses_exact_t_over_t_and_distance_ratio ... ok
test tests::zero_count_pickup_is_a_pass ... ok
test tests::zero_market_horizon_fails_when_python_first_prices_the_market ... ok

test result: ok. 41 passed; 0 failed; 0 ignored; 0 measured; 0 filtered out; finished in 0.27s

     Running tests/py_random.rs (engine_rs/target/debug/deps/py_random-4fe19bb9f2a1d8df)

running 9 tests
test choice_and_two_successive_shuffles_match_cpython ... ok
test first_ten_thousand_tempered_words_match_cpython_stream_hashes ... ok
test getrandbits_matches_cpython_across_word_boundaries ... ok
test integer_seed_and_mt19937_state_match_cpython ... ok
test mt19937_twists_match_cpython_across_multiple_state_rollovers ... ok
test primitive_and_word_seed_adapters_use_the_same_python_integer_path ... ok
test python_domain_edges_are_explicit_and_zero_bit_draws_consume_nothing ... ok
test random_53_bit_fractions_match_cpython_bit_for_bit ... ok
test randrange_rejection_sampling_matches_cpython ... ok

test result: ok. 9 passed; 0 failed; 0 ignored; 0 measured; 0 filtered out; finished in 0.02s

     Running tests/replay_parity.rs (engine_rs/target/debug/deps/replay_parity-c38030bb30dd03b7)

running 19 tests
test comparator_names_first_differing_field ... ok
test env_directory_traces ... ok
test episode_95324500 ... ok
test episode_95901360 ... ok
test episode_95921764 ... ok
test episode_95990191 ... ok
test generated_fixtures_replay ... ok
test generated_trace_perturbed_action_is_rejected ... ok
test generated_trace_perturbed_private_order_is_rejected ... ok
test generated_trace_perturbed_state_is_rejected ... ok
test generated_trace_rejection_claims_are_checked ... ok
test kernel_public_api ... ok
test nested_private_order_mismatch_is_rejected - should panic ... ok
test private_order_mismatch_is_rejected - should panic ... ok
test public_number_mismatch_is_rejected - should panic ... ok
test public_order_mismatch_is_rejected - should panic ... ok
test rollback_check_accepts_an_untouched_state ... ok
test rollback_check_rejects_a_key_order_only_mutation ... ok
test rollback_check_rejects_status_reward_and_done_mutations ... ok

test result: ok. 19 passed; 0 failed; 0 ignored; 0 measured; 0 filtered out; finished in 16.47s

   Doc-tests kaggriculture_engine

running 0 tests

test result: ok. 0 passed; 0 failed; 0 ignored; 0 measured; 0 filtered out; finished in 0.00s

