$ CARGO_BUILD_JOBS=2 CARGO_NET_OFFLINE=true UV_OFFLINE=true cargo test --manifest-path engine_rs/Cargo.toml --locked --test grammar_kernel -- --test-threads=1
   Compiling kaggriculture-engine v0.1.0 (/Users/poonszesen/kg-v3-grammar/engine_rs)
    Finished `test` profile [unoptimized + debuginfo] target(s) in 0.45s
     Running tests/grammar_kernel.rs (engine_rs/target/debug/deps/grammar_kernel-88e2fbe693fab574)

running 18 tests
test decoded_actor_ordinals_match_engine_units ... ok
test decoded_command_matrices_execute_both_seats ... ok
test decoded_dense_241_and_hire_capacity ... ok
test decoded_hire_masks_ignore_cash ... ok
test decoded_programs_feed_kernel ... ok
test decoded_replay_actions_preserve_selected_states ... ok
test decoded_sampled_oracle_programs_execute ... ok
test decoded_transfer_quantities_have_inventory_effects ... ok
test grammar::tests::grammar_constants ... ok
test grammar::tests::grammar_coupled_hire_exact_distribution ... ok
test grammar::tests::grammar_encode_rejects ... ok
test grammar::tests::grammar_encode_round_trip ... ok
test grammar::tests::grammar_exact_commands ... ok
test grammar::tests::grammar_fixture_oracle ... ok
test grammar::tests::grammar_rejects_malformed_i64 ... ok
test grammar::tests::grammar_replays_reference_program ... ok
test grammar::tests::grammar_tables_match_reference_and_reachable_states ... ok
test kernel_comparator_rejects_nested_order_change - should panic ... ok

test result: ok. 18 passed; 0 failed; 0 ignored; 0 measured; 0 filtered out; finished in 13.45s


EXIT_CODE=0
