$ CARGO_BUILD_JOBS=2 CARGO_NET_OFFLINE=true UV_OFFLINE=true uv run --offline pytest tests/owl tests/scripts tests/tools -m 'not slow' -q
.................................................................ss..... [  6%]
........................................................................ [ 13%]
........................................................................ [ 20%]
........................................................................ [ 27%]
................................................s....................... [ 34%]
........................................................................ [ 41%]
........................................................................ [ 48%]
........................................................................ [ 54%]
........................................................................ [ 61%]
........................................................................ [ 68%]
........................................................................ [ 75%]
........................................................................ [ 82%]
........................................................................ [ 89%]
........................................................................ [ 96%]
........................................                                 [100%]
=========================== short test summary info ============================
SKIPPED [1] tests/owl/model/test_attn.py:60: flash-attn CUDA backend is not available
SKIPPED [1] tests/owl/model/test_attn.py:80: flash-attn CUDA backend is not available
SKIPPED [1] tests/owl/test_int8_emulation.py:15: x86 torch quantized backend is unavailable: qnnpack
1045 passed, 3 skipped in 39.06s

EXIT_CODE=0
