$ CARGO_BUILD_JOBS=2 CARGO_NET_OFFLINE=true UV_OFFLINE=true git status --short --untracked-files=all
 M Cargo.toml
 M cookbook/log.md
 M cookbook/references/index.md
 M cookbook/references/native-game-semantics-use-v3-owned-buffers.md
 M docs/rules-parity-coverage.md
 M engine_rs/TRIM_MANIFEST.json
 M engine_rs/tests/grammar_kernel.rs
 M ops/rebuild-2026-09-29/1.2/checks.json
 M ops/rebuild-2026-09-29/1.2/run_check.py
 M ops/rebuild-2026-09-29/plan.md
 M src/kaggriculture/grammar.rs
 M src/kaggriculture/grammar_tests.rs
?? ops/rebuild-2026-09-29/1.2/controls/decode-stub.rs.txt
?? ops/rebuild-2026-09-29/1.2/controls/encode-stub.rs.txt
?? ops/rebuild-2026-09-29/1.2/controls/final-sentinel.before
?? ops/rebuild-2026-09-29/1.2/controls/final-sentinel.patch
?? ops/rebuild-2026-09-29/1.2/controls/hire-guard.before
?? ops/rebuild-2026-09-29/1.2/controls/hire-guard.patch
?? ops/rebuild-2026-09-29/1.2/controls/kernel-buy-land.before
?? ops/rebuild-2026-09-29/1.2/controls/kernel-buy-land.patch
?? ops/rebuild-2026-09-29/1.2/controls/replay-render-corrected.before
?? ops/rebuild-2026-09-29/1.2/controls/replay-render-corrected.patch
?? ops/rebuild-2026-09-29/1.2/controls/replay-render.before
?? ops/rebuild-2026-09-29/1.2/controls/replay-render.patch
?? ops/rebuild-2026-09-29/1.2/controls/transitions-stub.rs.txt
?? ops/rebuild-2026-09-29/1.2/logs/authored-rust-format.log
?? ops/rebuild-2026-09-29/1.2/logs/decode-green.log
?? ops/rebuild-2026-09-29/1.2/logs/decode-red.log
?? ops/rebuild-2026-09-29/1.2/logs/docs-fresh-final.log
?? ops/rebuild-2026-09-29/1.2/logs/encode-green.log
?? ops/rebuild-2026-09-29/1.2/logs/encode-red.log
?? ops/rebuild-2026-09-29/1.2/logs/engine-bytes-from-task-start.log
?? ops/rebuild-2026-09-29/1.2/logs/engine-bytes-guard.log
?? ops/rebuild-2026-09-29/1.2/logs/engine-serde-features.log
?? ops/rebuild-2026-09-29/1.2/logs/final-branch.log
?? ops/rebuild-2026-09-29/1.2/logs/final-docs-lint.log
?? ops/rebuild-2026-09-29/1.2/logs/final-engine-cargo.log
?? ops/rebuild-2026-09-29/1.2/logs/final-engine-grammar.log
?? ops/rebuild-2026-09-29/1.2/logs/final-kernel-hash.log
?? ops/rebuild-2026-09-29/1.2/logs/final-orbit-python-existing-deps.log
?? ops/rebuild-2026-09-29/1.2/logs/final-orbit-python.log
?? ops/rebuild-2026-09-29/1.2/logs/final-reference-pin.log
?? ops/rebuild-2026-09-29/1.2/logs/final-root-cargo.log
?? ops/rebuild-2026-09-29/1.2/logs/final-root-grammar.log
?? ops/rebuild-2026-09-29/1.2/logs/final-staging-guard.log
?? ops/rebuild-2026-09-29/1.2/logs/final-status.log
?? ops/rebuild-2026-09-29/1.2/logs/final-tool-pytest.log
?? ops/rebuild-2026-09-29/1.2/logs/final-trim.log
?? ops/rebuild-2026-09-29/1.2/logs/final-whitespace.log
?? ops/rebuild-2026-09-29/1.2/logs/hire-green.log
?? ops/rebuild-2026-09-29/1.2/logs/hire-negative.log
?? ops/rebuild-2026-09-29/1.2/logs/kernel-clippy.log
?? ops/rebuild-2026-09-29/1.2/logs/kernel-format.log
?? ops/rebuild-2026-09-29/1.2/logs/kernel-green.log
?? ops/rebuild-2026-09-29/1.2/logs/kernel-initial.log
?? ops/rebuild-2026-09-29/1.2/logs/kernel-renderer-red.log
?? ops/rebuild-2026-09-29/1.2/logs/missing-sentinel-green.log
?? ops/rebuild-2026-09-29/1.2/logs/missing-sentinel-negative.log
?? ops/rebuild-2026-09-29/1.2/logs/ops-helpers-format.log
?? ops/rebuild-2026-09-29/1.2/logs/ops-helpers-lint.log
?? ops/rebuild-2026-09-29/1.2/logs/oracle-format-final.log
?? ops/rebuild-2026-09-29/1.2/logs/oracle-format-hardening.log
?? ops/rebuild-2026-09-29/1.2/logs/oracle-format-tests-final.log
?? ops/rebuild-2026-09-29/1.2/logs/oracle-harness-format.log
?? ops/rebuild-2026-09-29/1.2/logs/oracle-lint-clean.log
?? ops/rebuild-2026-09-29/1.2/logs/oracle-lint-final.log
?? ops/rebuild-2026-09-29/1.2/logs/oracle-lint-fix2.log
?? ops/rebuild-2026-09-29/1.2/logs/oracle-lint-postformat.log
?? ops/rebuild-2026-09-29/1.2/logs/oracle-python-format.log
?? ops/rebuild-2026-09-29/1.2/logs/oracle-python-format2.log
?? ops/rebuild-2026-09-29/1.2/logs/oracle-readonly-final-audit.log
?? ops/rebuild-2026-09-29/1.2/logs/oracle-record-final.log
?? ops/rebuild-2026-09-29/1.2/logs/oracle-record-first.log
?? ops/rebuild-2026-09-29/1.2/logs/oracle-scratch-bytecode-clean.log
?? ops/rebuild-2026-09-29/1.2/logs/oracle-scratch-final-state.log
?? ops/rebuild-2026-09-29/1.2/logs/oracle-scratch-ignored-audit.log
?? ops/rebuild-2026-09-29/1.2/logs/oracle-sha256-final.log
?? ops/rebuild-2026-09-29/1.2/logs/oracle-tooling-final.log
?? ops/rebuild-2026-09-29/1.2/logs/oracle-validator-explicit-error-control.log
?? ops/rebuild-2026-09-29/1.2/logs/oracle-validator-explicit-error-restored.log
?? ops/rebuild-2026-09-29/1.2/logs/oracle-validator-green-first.log
?? ops/rebuild-2026-09-29/1.2/logs/oracle-validator-green.log
?? ops/rebuild-2026-09-29/1.2/logs/oracle-validator-hardening.log
?? ops/rebuild-2026-09-29/1.2/logs/oracle-validator-negative-control.log
?? ops/rebuild-2026-09-29/1.2/logs/oracle-validator-red.log
?? ops/rebuild-2026-09-29/1.2/logs/oracle-validator-restored-green.log
?? ops/rebuild-2026-09-29/1.2/logs/oracle-verify-final.log
?? ops/rebuild-2026-09-29/1.2/logs/prepare-final.log
?? ops/rebuild-2026-09-29/1.2/logs/py-prepare-final.log
?? ops/rebuild-2026-09-29/1.2/logs/register-final-kernel-hash.log
?? ops/rebuild-2026-09-29/1.2/logs/replay-walk-green-corrected.log
?? ops/rebuild-2026-09-29/1.2/logs/replay-walk-green.log
?? ops/rebuild-2026-09-29/1.2/logs/replay-walk-negative-corrected.log
?? ops/rebuild-2026-09-29/1.2/logs/replay-walk-negative.log
?? ops/rebuild-2026-09-29/1.2/logs/resumed-source-identity.log
?? ops/rebuild-2026-09-29/1.2/logs/root-serde-features.log
?? ops/rebuild-2026-09-29/1.2/logs/rs-prepare-common-format.log
?? ops/rebuild-2026-09-29/1.2/logs/rs-prepare-first.log
?? ops/rebuild-2026-09-29/1.2/logs/serde-promote-add.log
?? ops/rebuild-2026-09-29/1.2/logs/serde-promote-remove-dev.log
?? ops/rebuild-2026-09-29/1.2/logs/shared-format-engine-check.log
?? ops/rebuild-2026-09-29/1.2/logs/shared-format-root.log
?? ops/rebuild-2026-09-29/1.2/logs/transition-stub-hash.log
?? ops/rebuild-2026-09-29/1.2/logs/transitions-green.log
?? ops/rebuild-2026-09-29/1.2/logs/transitions-red.log
?? ops/rebuild-2026-09-29/1.2/logs/trim-after-prepare.log
?? ops/rebuild-2026-09-29/1.2/mutate_check.py
?? ops/rebuild-2026-09-29/1.2/oracle/README.md
?? ops/rebuild-2026-09-29/1.2/oracle/record_reference.py
?? ops/rebuild-2026-09-29/1.2/oracle/reference_harness.rs
?? ops/rebuild-2026-09-29/1.2/oracle/scratch/.gitignore
?? ops/rebuild-2026-09-29/1.2/oracle/scratch/actor_codec.py.original
?? ops/rebuild-2026-09-29/1.2/oracle/scratch/append.patch
?? ops/rebuild-2026-09-29/1.2/oracle/scratch/ffi.rs.before
?? ops/rebuild-2026-09-29/1.2/oracle/scratch/ffi.rs.original
?? ops/rebuild-2026-09-29/1.2/oracle/scratch/gpu_sampling_grammar.py.original
?? ops/rebuild-2026-09-29/1.2/oracle/scratch/myolie_sampler.rs.original
?? ops/rebuild-2026-09-29/1.2/results.md
?? tests/fixtures/kaggriculture/grammar-v4-reference.jsonl.gz
?? tests/fixtures/kaggriculture/grammar-v4-reference.manifest.json
?? tests/tools/test_record_grammar_reference.py

EXIT_CODE=0
