$ CARGO_BUILD_JOBS=2 CARGO_NET_OFFLINE=true UV_OFFLINE=true cargo test --manifest-path engine_rs/Cargo.toml --offline --locked --test grammar_kernel decoded_programs_feed_kernel -- --test-threads=1
   Compiling autocfg v1.5.1
   Compiling proc-macro2 v1.0.107
   Compiling num-traits v0.2.19
   Compiling serde_core v1.0.229
   Compiling unicode-ident v1.0.24
   Compiling quote v1.0.47
   Compiling zmij v1.0.23
   Compiling syn v3.0.3
   Compiling num-integer v0.1.47
   Compiling equivalent v1.0.2
   Compiling serde v1.0.229
   Compiling hashbrown v0.17.1
   Compiling serde_json v1.0.151
   Compiling indexmap v2.14.0
   Compiling num-bigint v0.4.8
   Compiling serde_derive v1.0.229
   Compiling itoa v1.0.18
   Compiling memchr v2.8.3
   Compiling num-rational v0.4.2
   Compiling kaggriculture-engine v0.1.0 (/Users/poonszesen/kg-v3-grammar/engine_rs)
    Finished `test` profile [unoptimized + debuginfo] target(s) in 7.81s
     Running tests/grammar_kernel.rs (engine_rs/target/debug/deps/grammar_kernel-88e2fbe693fab574)

running 1 test
test decoded_programs_feed_kernel ... ok

test result: ok. 1 passed; 0 failed; 0 ignored; 0 measured; 17 filtered out; finished in 0.00s


EXIT_CODE=0
