$ CARGO_BUILD_JOBS=2 CARGO_NET_OFFLINE=true UV_OFFLINE=true uvx --offline ruff check ops/rebuild-2026-09-29/1.2/oracle/record_reference.py tests/tools/test_record_grammar_reference.py
E501 Line too long (106 > 88)
  --> ops/rebuild-2026-09-29/1.2/oracle/record_reference.py:57:89
   |
55 | ]
56 | PINS = {
57 |     "engine_rs/src/myolie_sampler.rs": "563793903e43911b372a90b379d617ffdbab505d87af195694c380e75b57ac29",
   |                                                                                         ^^^^^^^^^^^^^^^^^^
58 |     "engine_rs/src/ffi.rs": "84c19507b1945106cbffbc878bb0324ed71f581065c1e1b90c4360fe47df4369",
59 |     "python/owl/kaggriculture/actor_codec.py": "88ed3d44a7a0dc1cbc386035d323c34b17a3d14a2d4a520ad30240345140e5d6",
   |

E501 Line too long (95 > 88)
  --> ops/rebuild-2026-09-29/1.2/oracle/record_reference.py:58:89
   |
56 | PINS = {
57 |     "engine_rs/src/myolie_sampler.rs": "563793903e43911b372a90b379d617ffdbab505d87af195694c380e75b57ac29",
58 |     "engine_rs/src/ffi.rs": "84c19507b1945106cbffbc878bb0324ed71f581065c1e1b90c4360fe47df4369",
   |                                                                                         ^^^^^^^
59 |     "python/owl/kaggriculture/actor_codec.py": "88ed3d44a7a0dc1cbc386035d323c34b17a3d14a2d4a520ad30240345140e5d6",
60 | }
   |

E501 Line too long (114 > 88)
  --> ops/rebuild-2026-09-29/1.2/oracle/record_reference.py:59:89
   |
57 |     "engine_rs/src/myolie_sampler.rs": "563793903e43911b372a90b379d617ffdbab505d87af195694c380e75b57ac29",
58 |     "engine_rs/src/ffi.rs": "84c19507b1945106cbffbc878bb0324ed71f581065c1e1b90c4360fe47df4369",
59 |     "python/owl/kaggriculture/actor_codec.py": "88ed3d44a7a0dc1cbc386035d323c34b17a3d14a2d4a520ad30240345140e5d6",
   |                                                                                         ^^^^^^^^^^^^^^^^^^^^^^^^^^
60 | }
61 | TABLE_SHAPES = {
   |

E731 Do not assign a `lambda` expression, use a `def`
   --> ops/rebuild-2026-09-29/1.2/oracle/record_reference.py:511:5
    |
509 | def extract_tables(plan):
510 |     options = plan.after
511 |     first = lambda mask: mask.index(True)
    |     ^^^^^^^^^^^^^^^^^^^^^^^^^^^^^^^^^^^^^
512 |     unit = options([0])
513 |     item = [options([0, 1, 0]) for _ in range(20)]
    |
help: Rewrite `first` as a `def`

E501 Line too long (118 > 88)
   --> ops/rebuild-2026-09-29/1.2/oracle/record_reference.py:631:89
    |
629 |     require(
630 |         result.returncode == 0,
631 |         f"native oracle exit {result.returncode}; inspect missing-crate/compile evidence, no network fetch permitted",
    |                                                                                         ^^^^^^^^^^^^^^^^^^^^^^^^^^^^^^
632 |     )
633 |     rows = [json.loads(line) for line in target.read_bytes().splitlines()]
    |

E501 Line too long (101 > 88)
   --> ops/rebuild-2026-09-29/1.2/oracle/record_reference.py:764:89
    |
762 | …                     row.update(
763 | …                         sampler=na(
764 | …                             "reference codec rejected raw action; no canonical token program"
    |                                                                                   ^^^^^^^^^^^^^
765 | …                         ),
766 | …                         training_decoder=na(
    |

E501 Line too long (101 > 88)
   --> ops/rebuild-2026-09-29/1.2/oracle/record_reference.py:767:89
    |
765 | …                     ),
766 | …                     training_decoder=na(
767 | …                         "reference codec rejected raw action; no canonical token program"
    |                                                                               ^^^^^^^^^^^^^
768 | …                     ),
769 | …                     python_codec=rejected(reason),
    |

RUF017 Avoid quadratic list summation
   --> ops/rebuild-2026-09-29/1.2/oracle/record_reference.py:847:13
    |
845 |     ]:
846 |         tokens = (
847 |             sum(([actor, 1] + [0] * 10 for actor in range(a)), [])
    |             ^^^^^^^^^^^^^^^^^^^^^^^^^^^^^^^^^^^^^^^^^^^^^^^^^^^^^^
848 |             + ([0] * 7 + [1] + [0] * 4) * hires
849 |             + [0] * 11
    |
help: Replace with `functools.reduce`

E501 Line too long (90 > 88)
   --> ops/rebuild-2026-09-29/1.2/oracle/record_reference.py:926:89
    |
924 |         ok = sampler["accepted"] and not padding_bad
925 |         reason = (
926 |             "padding must be zero (v4.1 question 2); reference verdict covers prefix only"
    |                                                                                         ^^
927 |             if padding_bad
928 |             else ("sampler canonical prefix" if ok else row["category"])
    |

PT018 Assertion should be broken down into multiple parts
  --> tests/tools/test_record_grammar_reference.py:14:1
   |
12 | PATH = ROOT / "ops/rebuild-2026-09-29/1.2/oracle/record_reference.py"
13 | SPEC = importlib.util.spec_from_file_location("grammar_reference", PATH)
14 | assert SPEC is not None and SPEC.loader is not None
   | ^^^^^^^^^^^^^^^^^^^^^^^^^^^^^^^^^^^^^^^^^^^^^^^^^^^
15 | recorder = importlib.util.module_from_spec(SPEC)
16 | SPEC.loader.exec_module(recorder)
   |
help: Break down assertion into multiple parts

RUF017 Avoid quadratic list summation
  --> tests/tools/test_record_grammar_reference.py:40:22
   |
38 |         for i in range(32):
39 |             actors, orders, hire = shape
40 |             tokens = sum(([a, 1] + [0] * 10 for a in range(actors)), [])
   |                      ^^^^^^^^^^^^^^^^^^^^^^^^^^^^^^^^^^^^^^^^^^^^^^^^^^^
41 |             count = orders if i % 2 else 0
42 |             tokens += ([0] * 7 + [7] + [0] * 4) * count + [0] * 11 + [1]
   |
help: Replace with `functools.reduce`

RUF005 Consider `[-1, *row["tokens"][1:]]` instead of concatenation
  --> tests/tools/test_record_grammar_reference.py:95:20
   |
93 |             source="mutation",
94 |             category="syntax",
95 |             tokens=[-1] + row["tokens"][1:],
   |                    ^^^^^^^^^^^^^^^^^^^^^^^^
96 |         )
97 |         result = {"accepted": False, "action": None, "error": "invalid token"}
   |
help: Replace with `[-1, *row["tokens"][1:]]`

PT011 `pytest.raises(ValueError)` is too broad, set the `match` parameter or use a more specific exception
   --> tests/tools/test_record_grammar_reference.py:157:24
    |
155 |         payload = recorder.jsonl(records)
156 |         manifest.update(recorder.output_metadata(payload))
157 |     with pytest.raises(ValueError):
    |                        ^^^^^^^^^^
158 |         recorder.validate_fixture(payload, manifest)
    |

PT011 `pytest.raises(ValueError)` is too broad, set the `match` parameter or use a more specific exception
   --> tests/tools/test_record_grammar_reference.py:178:24
    |
176 |     payload = recorder.jsonl(records)
177 |     manifest.update(recorder.output_metadata(payload))
178 |     with pytest.raises(ValueError):
    |                        ^^^^^^^^^^
179 |         recorder.validate_fixture(payload, manifest)
    |

Found 14 errors.
No fixes available (5 hidden fixes can be enabled with the `--unsafe-fixes` option).

EXIT_CODE=1
