$ CARGO_BUILD_JOBS=2 CARGO_NET_OFFLINE=true UV_OFFLINE=true uvx --offline --from rust-just just py-prepare
uvx ruff check python/ scripts/ tests/ --select I --fix
All checks passed!
uvx ruff format python/ scripts/ tests/
87 files left unchanged
uv run python scripts/check_python_311_syntax.py
uvx ruff check python/ scripts/ tests/
All checks passed!
uv run mypy python/ scripts/
Success: no issues found in 51 source files
uv run pytest tests/ -m "not slow"
============================= test session starts ==============================
platform darwin -- Python 3.12.13, pytest-9.0.3, pluggy-1.6.0
rootdir: /Users/poonszesen/kg-v3-grammar
configfile: pyproject.toml
plugins: anyio-4.13.0
collected 1048 items

tests/owl/agent/test_agent.py .......................................... [  4%]
...........                                                              [  5%]
tests/owl/agent/test_kaggle_engine_sanitization.py ....                  [  5%]
tests/owl/agent/test_kaggle_observation.py ...                           [  5%]
tests/owl/model/test_attn.py .....ss                                     [  6%]
tests/owl/model/test_model_config_files.py ............................. [  9%]
................                                                         [ 10%]
tests/owl/model/test_recurrent_transformer_v1.py ..............          [ 12%]
tests/owl/model/test_stateless_transformer_v1.py ....................... [ 14%]
........................................................................ [ 21%]
...............................                                          [ 24%]
tests/owl/model/test_teacher_targets.py ............................     [ 26%]
tests/owl/test_checkpoint_quantization.py .............................. [ 29%]
..............                                                           [ 30%]
tests/owl/test_config.py .........                                       [ 31%]
tests/owl/test_int8_emulation.py ...s                                    [ 32%]
tests/owl/test_replay.py ...                                             [ 32%]
tests/owl/test_rl.py ................................................... [ 37%]
...........................                                              [ 39%]
tests/owl/train/test_advantages.py ..............                        [ 41%]
tests/owl/train/test_config.py ......................................... [ 45%]
........................                                                 [ 47%]
tests/owl/train/test_distributed.py ...................                  [ 49%]
tests/owl/train/test_logging.py ..                                       [ 49%]
tests/owl/train/test_loss.py .............                               [ 50%]
tests/owl/train/test_metrics.py ..                                       [ 50%]
tests/owl/train/test_optimizer.py ...........                            [ 51%]
tests/owl/train/test_ppo.py ............................................ [ 56%]
..............................                                           [ 58%]
tests/owl/train/test_ppo_observation_mapping.py ........................ [ 61%]
........................................................................ [ 68%]
........................................................................ [ 75%]
...                                                                      [ 75%]
tests/scripts/test_benchmark_checkpoints.py ............................ [ 77%]
.........                                                                [ 78%]
tests/scripts/test_download_replays.py ....                              [ 79%]
tests/scripts/test_extract_model_weights.py .................            [ 80%]
tests/scripts/test_kaggriculture_select_replays.py .................     [ 82%]
tests/scripts/test_roundtrip_checkpoint_quantization.py ................ [ 83%]
..                                                                       [ 84%]
tests/scripts/test_run_ppo.py .......................................... [ 88%]
...................................                                      [ 91%]
tests/tools/test_check_engine_trim.py .................................. [ 94%]
............................                                             [ 97%]
tests/tools/test_record_grammar_reference.py .........................   [ 99%]
tests/tools/test_replay_viewer.py ..                                     [100%]

=========================== short test summary info ============================
SKIPPED [1] tests/owl/model/test_attn.py:60: flash-attn CUDA backend is not available
SKIPPED [1] tests/owl/model/test_attn.py:80: flash-attn CUDA backend is not available
SKIPPED [1] tests/owl/test_int8_emulation.py:15: x86 torch quantized backend is unavailable: qnnpack
======================= 1045 passed, 3 skipped in 19.24s =======================
uv run python scripts/check_doc_freshness.py
No doc updates required

EXIT_CODE=0
