$ CARGO_BUILD_JOBS=2 CARGO_NET_OFFLINE=true UV_OFFLINE=true python3 ops/rebuild-2026-09-29/1.2/mutate_check.py replay-render-corrected src/kaggriculture/grammar.rs 'let mut command = vec![Value::from(kind.as_str())];' 'let mut command = vec![Value::from(if kind == UnitKind::Plant { "PASS" } else { kind.as_str() })];' -- cargo test --locked --lib grammar_replays_reference_program -- --test-threads=1
before_sha256 3d3dc8396e6ee0777ad27ad0b80d8b242685af81094d32f9e0a2586bd0eaae47
mutated_sha256 43d824963df8886d60dc94d7b22f81c6749412263a9a794c2d08c57c90908fcd
   Compiling owl v0.1.0 (/Users/poonszesen/kg-v3-grammar)
    Finished `test` profile [unoptimized + debuginfo] target(s) in 1.64s
     Running unittests src/lib.rs (target/debug/deps/rs-70d11de31c3178d2)

running 1 test
test kaggriculture::grammar::tests::grammar_replays_reference_program ... FAILED

failures:

---- kaggriculture::grammar::tests::grammar_replays_reference_program stdout ----

thread 'kaggriculture::grammar::tests::grammar_replays_reference_program' (10053847) panicked at src/kaggriculture/grammar_tests.rs:864:5:
assertion `left == right` failed
  left: Object {"farmer": Array [String("PASS"), String("WHEAT")], "hands": Array [Array [String("PASS")]], "market": Array [Array [String("HIRE")], Array [String("BUY_SEED"), String("WHEAT"), Number(33)]]}
 right: Object {"farmer": Array [String("PLANT"), String("WHEAT")], "hands": Array [Array [String("PASS")]], "market": Array [Array [String("HIRE")], Array [String("BUY_SEED"), String("WHEAT"), Number(33)]]}
note: run with `RUST_BACKTRACE=1` environment variable to display a backtrace


failures:
    kaggriculture::grammar::tests::grammar_replays_reference_program

test result: FAILED. 0 passed; 1 failed; 0 ignored; 0 measured; 165 filtered out; finished in 0.00s

error: test failed, to rerun pass `--lib`
restored_sha256 3d3dc8396e6ee0777ad27ad0b80d8b242685af81094d32f9e0a2586bd0eaae47

EXIT_CODE=101
