$ CARGO_BUILD_JOBS=2 CARGO_NET_OFFLINE=true UV_OFFLINE=true uvx --offline --from rust-just just rs-prepare
uv run python scripts/check_engine_trim.py
   Building owl @ file:///Users/poonszesen/kg-v3-grammar
      Built owl @ file:///Users/poonszesen/kg-v3-grammar
Uninstalled 1 package in 1ms
Installed 1 package in 1ms
engine trim manifest: OK
cargo fmt
cargo fmt --manifest-path engine_rs/Cargo.toml --check
cargo clippy --all-targets -- -D warnings
    Checking libc v0.2.186
    Checking crossbeam-utils v0.8.21
    Checking num-traits v0.2.19
    Checking crossbeam-epoch v0.9.18
    Checking rand_core v0.10.1
    Checking cfg-if v1.0.4
    Checking rawpointer v0.2.1
    Checking matrixmultiply v0.3.10
    Checking num-integer v0.1.46
    Checking num-complex v0.4.6
    Checking crossbeam-deque v0.8.6
    Checking serde_core v1.0.228
    Checking pyo3-ffi v0.28.3
    Checking once_cell v1.21.4
    Checking pyo3 v0.28.3
    Checking ndarray v0.17.2
    Checking rayon-core v1.13.0
    Checking getrandom v0.4.2
    Checking zmij v1.0.21
    Checking chacha20 v0.10.0
   Compiling owl v0.1.0 (/Users/poonszesen/kg-v3-grammar)
    Checking rustc-hash v2.1.2
    Checking memchr v2.8.0
    Checking either v1.15.0
    Checking itoa v1.0.18
    Checking serde_json v1.0.149
    Checking numpy v0.28.0
    Checking rayon v1.12.0
    Checking rand v0.10.1
    Checking serde v1.0.228
    Finished `dev` profile [unoptimized + debuginfo] target(s) in 4.31s
# Six pinned upstream style findings; see ops/rebuild-2026-09-29/1.1/results.md.
cargo clippy --manifest-path engine_rs/Cargo.toml --all-targets --locked -- -D warnings -A clippy::too_many_arguments -A clippy::collapsible_if -A clippy::needless_range_loop
    Checking kaggriculture-engine v0.1.0 (/Users/poonszesen/kg-v3-grammar/engine_rs)
    Finished `dev` profile [unoptimized + debuginfo] target(s) in 0.25s
cargo test
   Compiling owl v0.1.0 (/Users/poonszesen/kg-v3-grammar)
    Finished `test` profile [unoptimized + debuginfo] target(s) in 1.08s
     Running unittests src/lib.rs (target/debug/deps/rs-70d11de31c3178d2)

running 166 tests
test rl::action_spec::tests::adversarial_selected_target_angle_search ... ignored, expensive adversarial selected-angle search; run with --ignored --nocapture
test kaggriculture::grammar::tests::grammar_constants ... ok
test rl::action_spec::tests::anything_goes_submits_sun_crossing_static_target ... ok
test rl::action_spec::tests::anything_goes_target_bins_submit_sun_crossing_static_target ... ok
test rl::action_spec::tests::audit_selected_target_angle_quality ... ignored, expensive selected-angle quality audit; run with --ignored --nocapture
test rl::action_spec::tests::cached_orbit_path_matches_step_zero_swept_phase ... ok
test rl::action_spec::tests::discrete_comet_target_arc_subtracts_dynamic_blocker ... ok
test rl::action_spec::tests::discrete_comet_target_arc_subtracts_static_blocker ... ok
test rl::action_spec::tests::discrete_comet_target_hits_in_simulator ... ok
test rl::action_spec::tests::discrete_comet_target_with_exhausted_path_is_no_op ... ok
test kaggriculture::grammar::tests::grammar_rejects_malformed_i64 ... ok
test rl::action_spec::tests::discrete_comet_target_without_intercept_is_no_op ... ok
test rl::action_spec::tests::discrete_orbiting_target_hits_in_simulator ... ok
test rl::action_spec::tests::discrete_static_target_arc_subtracts_dynamic_blocker ... ok
test rl::action_spec::tests::discrete_static_target_tangent_fallback_hits_in_simulator ... ok
test rl::action_spec::tests::discrete_target_bins_decode_target_and_fleet_bin ... ok
test rl::action_spec::tests::discrete_target_bins_mask_keeps_only_higher_duplicate_bins ... ok
test rl::action_spec::tests::discrete_target_bins_zero_bin_decodes_as_no_launch ... ok
test rl::action_spec::tests::discrete_targets_mask_rejects_sun_blocked_static_targets ... ok
test rl::action_spec::tests::discrete_targets_mask_uses_source_target_square ... ok
test rl::action_spec::tests::discrete_targets_rejects_invalid_targets ... ok
test rl::action_spec::tests::dynamic_target_launch_crossing_sun_is_counted_as_launch_failure ... ok
test rl::action_spec::tests::dynamic_target_launch_ending_out_of_bounds_is_counted_as_launch_failure ... ok
test rl::action_spec::tests::fallback_to_expiring_unintended_neutral_comet_is_no_op ... ok
test rl::action_spec::tests::fallback_to_profitable_unintended_neutral_comet_still_fires ... ok
test rl::action_spec::tests::fallback_to_unintended_neutral_comet_without_profit_is_no_op ... ok
test rl::action_spec::tests::fallback_to_unintended_neutral_planet_undershot_is_no_op ... ok
test rl::action_spec::tests::fleet_bin_mapping_uses_half_up_rounding ... ok
test rl::action_spec::tests::fleet_segment_hits_circle_counts_stationary_tangent ... ok
test rl::action_spec::tests::full_mask_falls_back_to_sun_safe_blocked_dynamic_target ... ok
test rl::action_spec::tests::full_mask_sun_blocked_static_target_decodes_as_no_op ... ok
test rl::action_spec::tests::intended_neutral_target_undershot_still_fires ... ok
test rl::action_spec::tests::loose_discrete_target_bin_modes_do_not_mask_statically_obstructed_targets ... ok
test rl::action_spec::tests::full_mask_target_bins_reject_masked_nonzero_target_bin ... ok
test rl::action_spec::tests::loose_discrete_target_modes_do_not_mask_statically_obstructed_targets ... ok
test rl::action_spec::tests::orbiting_target_candidate_falls_back_to_scan_when_target_is_faster ... ok
test rl::action_spec::tests::orbiting_target_candidate_solves_inflated_radius_intercept ... ok
test rl::action_spec::tests::orbiting_target_candidate_uses_observed_generated_reset_phase ... ok
test rl::action_spec::tests::parse_rejects_invalid_targeting_mode_for_discrete_action_specs ... ok
test rl::action_spec::tests::orbiting_target_candidate_matches_dense_solver_and_hits_in_simulator ... ok
test rl::action_spec::tests::parse_rejects_invalid_targeting_mode_for_pure_action_spec ... ok
test rl::action_spec::tests::piecewise_linear_comet_candidate_solves_segment_intercept ... ok
test rl::action_spec::tests::piecewise_linear_orbiting_candidates_hit_swept_segments ... ok
test rl::action_spec::tests::pure_comet_action_uses_reserved_comet_slots_after_planets ... ok
test rl::action_spec::tests::pure_launch_decodes_against_cached_slot_mapping ... ok
test rl::action_spec::tests::pure_launch_decodes_from_remapped_outer_player_slot ... ok
test rl::action_spec::tests::piecewise_linear_comet_candidates_hit_swept_segments ... ok
test rl::action_spec::tests::pure_launch_errors_when_angle_is_not_finite ... ok
test rl::action_spec::tests::pure_launch_emits_multiple_actions_until_first_false_slot ... ok
test rl::action_spec::tests::pure_launch_errors_when_cached_slot_planet_is_missing ... ok
test rl::action_spec::tests::pure_launch_errors_when_player_does_not_own_source ... ok
test rl::action_spec::tests::pure_launch_errors_when_ship_count_exceeds_i32 ... ok
test rl::action_spec::tests::pure_launch_errors_when_ship_count_is_below_min_fleet_size ... ok
test rl::action_spec::tests::pure_launch_errors_when_total_launches_exceed_source_ships ... ok
test rl::action_spec::tests::pure_launch_errors_when_ship_count_is_zero ... ok
test rl::action_spec::tests::replay_far_static_target_blocked_by_neutral_planet_is_no_op_for_slow_fleets ... ok
test rl::action_spec::tests::reset_precomputes_static_target_cache ... ok
test rl::action_spec::tests::static_source_static_target_cache_gates_full_mask_mask ... ok
test rl::action_spec::tests::stop_bad_launch_falls_back_to_sun_safe_blocked_static_target ... ok
test rl::action_spec::tests::stop_bad_launch_replaces_sun_crossing_static_target_with_no_op ... ok
test rl::action_spec::tests::stop_bad_launch_target_bins_replace_sun_crossing_static_target_with_no_op ... ok
test rl::obs_spec::tests::angular_velocity_normalization_maps_generated_range_to_zero_one ... ok
test rl::obs_spec::tests::cross_attention_fleet_features_bucket_late_eta_and_post_comet_flag ... ok
test rl::obs_spec::tests::cross_attention_fleets_route_to_target_and_write_eta_features ... ok
test rl::obs_spec::tests::cross_attention_incoming_summaries_include_truncated_routed_fleets ... ok
test rl::obs_spec::tests::encode_state_rejects_invalid_planet_production - should panic ... ok
test rl::obs_spec::tests::encode_state_respects_min_fleet_size_action_mask ... ok
test rl::obs_spec::tests::encode_state_writes_owners_and_action_masks_to_remapped_outer_slots ... ok
test rl::obs_spec::tests::fleet_motion_features_zero_heading_for_stationary_fleet ... ok
test rl::obs_spec::tests::fleet_motion_features_zero_radial_basis_at_sun_center ... ok
test rl::obs_spec::tests::fleet_ship_count_features_start_at_one_then_next_power_above_min_fleet_size ... ok
test rl::obs_spec::tests::integer_fields_reject_fractional_values ... ok
test rl::obs_spec::tests::integer_fields_round_values_within_tolerance ... ok
test rl::obs_spec::tests::planet_orbital_velocity_uses_normalized_tangent_direction_only_for_orbiting_planets ... ok
test rl::obs_spec::tests::planet_production_requires_documented_one_hot_range ... ok
test rl::obs_spec::tests::ship_count_features_two_hot_linear_and_log_space ... ok
test rl::obs_spec::tests::ship_count_features_use_zero_bucket_and_overflow_channels ... ok
test rl::obs_spec::tests::spatial_feature_count_matches_public_channel_widths ... ok
test rl::vec_env::tests::decoded_launch_buffers_represent_each_action_spec ... ok
test rl::vec_env::tests::dense_decoded_launches_match_direct_step_actions ... ok
test rl::vec_env::tests::eliminated_player_gets_one_loss_reward_then_sticky_done ... ok
test rl::vec_env::tests::episode_stats_reports_ships_per_launch_mean ... ok
test rl::vec_env::tests::nonterminal_horizon_step_does_not_reset_before_returning_done ... ok
test rl::vec_env::tests::player_reward_done_ship_ratio_zeros_losers_and_pays_winner ... ok
test rl::vec_env::tests::player_reward_done_win_only_zeros_losers_and_pays_winner ... ok
test rl::action_spec::tests::replay_static_target_to_57_ship_planet_arrives_for_slow_fleets ... ok
test rl::vec_env::tests::rewards_and_dones_use_remapped_outer_player_slots ... ok
test rl::vec_env::tests::ship_ratio_winner_reward_divides_max_by_total ... ok
test rl::vec_env::tests::split_won_reward_averages_one_win_with_tied_losses ... ok
test rl::vec_env::tests::ship_ratio_mode_pays_only_winners_at_terminal ... ok
test rl::vec_env::tests::still_playing_marks_only_current_unfinished_player_slots ... ok
test kaggriculture::grammar::tests::grammar_coupled_hire_exact_distribution ... ok
test rl::vec_env::tests::still_playing_uses_remapped_outer_player_slots ... ok
test rl::vec_env::tests::terminal_planet_occupancy_rate_counts_only_terminal_non_comet_planets ... ok
test rl::vec_env::tests::still_playing_describes_reset_observation_after_terminal_step ... ok
test rl::vec_env::tests::win_only_mode_pays_only_terminal_winner_probability ... ok
test rl::vec_env::tests::terminal_win_rates_use_remapped_outer_player_slots ... ok
test rl::vec_env::tests::win_only_winner_reward_splits_tied_probability_mass ... ok
test rules_engine::env::tests::combat_lists_reject_planet_ids_at_limit - should panic ... ok
test rules_engine::env::tests::attacker_tie_with_garrison_leaves_zero_ship_owner_unchanged ... ok
test rules_engine::env::tests::comet_moves_along_existing_path_and_expires ... ok
test rules_engine::env::tests::duplicate_planet_ids_are_rejected - should panic ... ok
test rules_engine::env::tests::equal_attackers_destroy_each_other_without_touching_planet ... ok
test rules_engine::env::tests::exact_boundary_planet_contact_collides ... ok
test rules_engine::env::tests::fleet_crossing_sun_without_planet_hit_is_removed ... ok
test rules_engine::env::tests::fleet_hits_planet_before_crossing_sun ... ok
test rules_engine::env::tests::fleet_hits_planet_before_leaving_board ... ok
test rules_engine::env::tests::fleet_hitting_comet_planet_counts_comet_capture ... ok
test rules_engine::env::tests::fleet_hitting_planet_queues_combat_and_can_capture ... ok
test rules_engine::env::tests::fleet_leaving_board_without_planet_hit_is_removed ... ok
test kaggriculture::grammar::tests::grammar_exact_commands ... ok
test rules_engine::env::tests::four_player_unique_top_beats_tied_second_place ... ok
test rules_engine::env::tests::four_player_top_attacker_tie_leaves_planet_unchanged ... ok
test rules_engine::env::tests::launch_rejects_non_positive_ship_count - should panic ... ok
test rules_engine::env::tests::launch_spends_ships_and_creates_fleet_before_production ... ok
test rl::vec_env::tests::tied_terminal_winners_get_split_reward ... ok
test rules_engine::env::tests::moving_planet_sweeps_fleet_into_combat ... ok
test rules_engine::env::tests::neutral_arrival_with_too_few_ships_counts_undershot ... ok
test rules_engine::env::tests::no_op_score_tie_marks_all_tied_players_as_winners ... ok
test rules_engine::env::tests::neutral_comet_arrival_with_too_few_ships_counts_comet_undershot ... ok
test rules_engine::env::tests::nonterminal_eliminated_player_is_lost ... ok
test rules_engine::env::tests::orbiting_planets_rotate_from_initial_position ... ok
test rules_engine::env::tests::player_alive_flags_rejects_neutral_fleet_owner - should panic ... ok
test rules_engine::env::tests::nonterminal_player_results_do_not_compute_scores ... ok
test rules_engine::env::tests::remove_comet_planets_handles_duplicate_expired_ids ... ok
test rules_engine::env::tests::queued_combat_for_removed_planet_still_removes_fleet ... ok
test rules_engine::env::tests::resolve_combats_rejects_neutral_fleet_owner - should panic ... ok
test rules_engine::env::tests::resolve_combats_rejects_out_of_bounds_fleet_owner - should panic ... ok
test rules_engine::env::tests::same_owner_arrival_reinforces_planet ... ok
test rules_engine::env::tests::step_limit_sets_player_results_for_actual_player_count ... ok
test rules_engine::env::tests::step_rejects_fleet_owner_outside_player_count - should panic ... ok
test rules_engine::env::tests::step_rejects_negative_non_neutral_planet_owner - should panic ... ok
test rules_engine::env::tests::step_rejects_planet_owner_outside_player_count - should panic ... ok
test rules_engine::env::tests::swept_aabb_keeps_endpoint_collision_candidates ... ok
test rules_engine::env::tests::swept_aabb_rejects_far_paths ... ok
test rules_engine::generation::tests::assign_home_planets_selects_four_player_home_from_any_symmetric_group ... ok
test rules_engine::generation::tests::assign_home_planets_sets_two_player_q1_and_q4 ... ok
test rules_engine::env::tests::step_spawns_comets_before_same_step_comet_movement ... ok
test rules_engine::env::tests::generated_reset_creates_first_playable_state_with_homes ... ok
test rules_engine::generation::tests::generate_comet_paths_returns_four_symmetric_paths_without_obstacles ... ok
test rules_engine::generation::tests::generate_planets_accepts_degenerate_uniform_endpoints ... ok
test rules_engine::generation::tests::generate_comet_paths_matches_python_reference_fixture ... ok
test rules_engine::generation::tests::generated_planets_have_reference_shape_invariants ... ok
test kaggriculture::grammar::tests::grammar_encode_rejects ... ok
test rules_engine::generation::tests::comet_ship_sampling_matches_python_reference_fixtures ... ok
test rules_engine::generation::tests::spawn_comet_group_adds_placeholder_planets_and_metadata ... ok
test rules_engine::generation::tests::symmetric_planets_preserves_generated_group_order ... ok
test rules_engine::replay_tests::python_validated_actions_does_not_truncate_planet_ids ... ok
test rules_engine::generation::tests::generate_planets_matches_python_reference_fixture ... ok
test rules_engine::replay_tests::replay_skip_spawn_injection_does_not_request_rng ... ok
test rules_engine::utils::tests::distance_matches_reference_formula ... ok
test rules_engine::utils::tests::fleet_speed_caps_above_max ... ok
test rules_engine::utils::tests::fleet_speed_matches_python_formula_examples ... ok
test rules_engine::utils::tests::point_to_segment_distance_clamps_to_endpoint ... ok
test rules_engine::utils::tests::point_to_segment_distance_handles_zero_length_segment ... ok
test rules_engine::utils::tests::point_to_segment_distance_projects_inside_segment ... ok
test rules_engine::utils::tests::swept_pair_hit_matches_reference_formula_examples ... ok
test rules_engine::generation::tests::comet_path_cases_match_python_reference_fixtures ... ok
test kaggriculture::grammar::tests::grammar_fixture_oracle ... ok
test rules_engine::generation::tests::no_op_terminal_tie_matches_python_reference_fixture ... ok
test rl::action_spec::tests::analytic_orbiting_candidates_are_compared_to_swept_segments ... ok
test rules_engine::generation::tests::reset_cases_match_python_reference_fixtures ... ok
test rules_engine::replay_tests::replay_fixtures_match_reference_transitions ... ok
test kaggriculture::grammar::tests::grammar_encode_round_trip ... ok
test kaggriculture::grammar::tests::grammar_replays_reference_program ... ok
test kaggriculture::grammar::tests::grammar_tables_match_reference_and_reachable_states ... ok

test result: ok. 164 passed; 0 failed; 2 ignored; 0 measured; 0 filtered out; finished in 0.96s

cargo test --manifest-path engine_rs/Cargo.toml --locked
   Compiling kaggriculture-engine v0.1.0 (/Users/poonszesen/kg-v3-grammar/engine_rs)
    Finished `test` profile [unoptimized + debuginfo] target(s) in 0.44s
     Running unittests src/lib.rs (engine_rs/target/debug/deps/kaggriculture_engine-defe974ba3c431db)

running 41 tests
test tests::boolean_weed_probability_is_not_a_schema_number ... ok
test tests::econ_v4_death_clipping_and_missed_growth ... ok
test tests::concurrent_sellers_receive_the_same_precommit_quote ... ok
test tests::econ_telemetry_counts_commands_pass_commits_and_sales ... ok
test tests::econ_v4_market_failures_and_reference_prices ... ok
test tests::econ_v4_terminal_provenance_and_flags ... ok
test tests::exact_linear_amplitude_does_not_eagerly_float_wide_horizon ... ok
test tests::attrib_ledger_exact_small_cases ... ok
test tests::integral_float_and_boolean_horizons_keep_their_python_numeric_kinds ... ok
test tests::failed_action_is_transactional ... ok
test tests::mixed_float_division_rejects_an_exact_square_beyond_f64 ... ok
test tests::float_seed_is_accepted_at_reset_but_fails_at_the_first_daily_mix ... ok
test tests::econ_v4_unit_losses ... ok
test tests::mixed_float_numerator_squares_integer_t_before_float_conversion ... ok
test tests::native_reset_rejects_non_two_player_cardinality ... ok
test tests::mixed_integer_float_market_comparison_is_exact_before_arithmetic ... ok
test tests::mixed_float_numerator_does_not_eagerly_convert_a_wide_hinge_t ... ok
test tests::normalized_integral_float_configuration_and_unknown_keys_are_retained ... ok
test tests::econ_v4_loss_counters ... ok
test tests::python_ties_to_even_price_boundary_is_preserved ... ok
test tests::schema_integer_configuration_does_not_apply_python_action_coercions ... ok
test tests::econ_v4_labor_and_malformed_commands ... ok
test tests::nested_market_horizon_does_not_coerce_strings ... ok
test tests::shed_overflow_keeps_inventory_in_insertion_order ... ok
test tests::seat_wealth_marks_liquid_holdings_to_market_and_productive_assets_at_book ... ok
test tests::python_action_integer_requires_valid_decimal_underscore_grammar ... ok
test tests::squared_integer_market_distance_is_shaped_before_float_conversion ... ok
test tests::step_zero_town_tick_and_terminal_lifecycle_match_python ... ok
test tests::upstream_deaths_are_exact_disjoint_removal_events ... ok
test tests::upstream_plant_overcommit_and_missing_hand_are_not_commits ... ok
test tests::upstream_schema_is_numeric_complete_and_accumulates_all_paths ... ok
test tests::upstream_harvest_counts_success_not_unripe_request ... ok
test tests::upstream_ready_stock_uses_harvest_age_post_close_and_includes_terminal ... ok
test tests::upstream_verbs_preserve_coarse_family_accounting ... ok
test tests::wide_integer_hinge_uses_exact_t_over_t_and_distance_ratio ... ok
test tests::zero_market_horizon_fails_when_python_first_prices_the_market ... ok
test tests::zero_count_pickup_is_a_pass ... ok
test tests::ineffective_commands_equal_the_per_verb_upstream_sums ... ok
test tests::market_escape_guard_matches_pythons_99_999_unit_limit ... ok
test tests::attrib_ledger_reconciles_with_econ_counters ... ok
test tests::econ_v4_counting_is_state_neutral ... ok

test result: ok. 41 passed; 0 failed; 0 ignored; 0 measured; 0 filtered out; finished in 0.09s

     Running tests/grammar_kernel.rs (engine_rs/target/debug/deps/grammar_kernel-88e2fbe693fab574)

running 18 tests
test grammar::tests::grammar_constants ... ok
test decoded_programs_feed_kernel ... ok
test grammar::tests::grammar_coupled_hire_exact_distribution ... ok
test grammar::tests::grammar_exact_commands ... ok
test grammar::tests::grammar_encode_rejects ... ok
test grammar::tests::grammar_rejects_malformed_i64 ... ok
test grammar::tests::grammar_fixture_oracle ... ok
test grammar::tests::grammar_encode_round_trip ... ok
test kernel_comparator_rejects_nested_order_change - should panic ... ok
test decoded_command_matrices_execute_both_seats ... ok
test decoded_hire_masks_ignore_cash ... ok
test decoded_dense_241_and_hire_capacity ... ok
test decoded_transfer_quantities_have_inventory_effects ... ok
test decoded_actor_ordinals_match_engine_units ... ok
test grammar::tests::grammar_replays_reference_program ... ok
test grammar::tests::grammar_tables_match_reference_and_reachable_states ... ok
test decoded_sampled_oracle_programs_execute ... ok
test decoded_replay_actions_preserve_selected_states ... ok

test result: ok. 18 passed; 0 failed; 0 ignored; 0 measured; 0 filtered out; finished in 6.32s

     Running tests/py_random.rs (engine_rs/target/debug/deps/py_random-4fe19bb9f2a1d8df)

running 9 tests
test python_domain_edges_are_explicit_and_zero_bit_draws_consume_nothing ... ok
test integer_seed_and_mt19937_state_match_cpython ... ok
test random_53_bit_fractions_match_cpython_bit_for_bit ... ok
test getrandbits_matches_cpython_across_word_boundaries ... ok
test primitive_and_word_seed_adapters_use_the_same_python_integer_path ... ok
test randrange_rejection_sampling_matches_cpython ... ok
test choice_and_two_successive_shuffles_match_cpython ... ok
test mt19937_twists_match_cpython_across_multiple_state_rollovers ... ok
test first_ten_thousand_tempered_words_match_cpython_stream_hashes ... ok

test result: ok. 9 passed; 0 failed; 0 ignored; 0 measured; 0 filtered out; finished in 0.01s

     Running tests/replay_parity.rs (engine_rs/target/debug/deps/replay_parity-c38030bb30dd03b7)

running 9 tests
test public_number_mismatch_is_rejected - should panic ... ok
test nested_private_order_mismatch_is_rejected - should panic ... ok
test private_order_mismatch_is_rejected - should panic ... ok
test public_order_mismatch_is_rejected - should panic ... ok
test kernel_public_api ... ok
test episode_95324500 ... ok
test episode_95990191 ... ok
test episode_95921764 ... ok
test episode_95901360 ... ok

test result: ok. 9 passed; 0 failed; 0 ignored; 0 measured; 0 filtered out; finished in 2.45s

   Doc-tests kaggriculture_engine

running 0 tests

test result: ok. 0 passed; 0 failed; 0 ignored; 0 measured; 0 filtered out; finished in 0.00s

uv run python scripts/check_doc_freshness.py
No doc updates required

EXIT_CODE=0
