{"unix": 1790673801.445, "event": "process", "case": "c1_default", "dryrun": false, "torch": "2.9.0+cu128", "torch_git": "0fabc3ba44823f257e70ce397d989c8de5e362c1", "cuda_runtime": "12.8", "kg_file": "/workspace/kg-v3-rebuild/python/owl/model/kaggriculture.py", "flash_attn_available": true, "max_autotune_gemm_backends": "ATEN,TRITON,CPP", "gemm_limit": 2147483648, "tf32_matmul": true, "tf32_cudnn": true, "git": {"head": "8fde43cd7408c9c4f9147eeb8f916bd08f8266ed", "tree": "70d50fa37e66aa322e8db00c9359d3f9e3031499", "porcelain": ""}, "flash_attn": "2.8.3", "triton": "3.5.0", "device_name": "NVIDIA RTX PRO 6000 Blackwell Server Edition", "cuda_visible_devices": "1"}
Autotune Choices Stats:
{"num_choices": 16, "num_triton_choices": 15, "best_kernel": "mm", "best_time": 0.011552000418305397, "best_triton_pos": 1, "best_triton_time": 0.012095999903976917, "best_triton_kernel": "triton_mm_68", "best_triton_kernel_desc": "ACC_TYPE='tl.float32', ALLOW_TF32=True, BLOCK_K=32, BLOCK_M=64, BLOCK_N=128, EVEN_K=True, GROUP_M=8, USE_FAST_ACCUM=False, num_stages=4, num_warps=8"}
AUTOTUNE mm(2424x256, 256x512)
strides: [256, 1], [1, 256]
dtypes: torch.bfloat16, torch.bfloat16
  mm 0.0116 ms 100.0% 
  triton_mm_68 0.0121 ms 95.5% ACC_TYPE='tl.float32', ALLOW_TF32=True, BLOCK_K=32, BLOCK_M=64, BLOCK_N=128, EVEN_K=True, GROUP_M=8, USE_FAST_ACCUM=False, num_stages=4, num_warps=8
  triton_mm_71 0.0121 ms 95.3% ACC_TYPE='tl.float32', ALLOW_TF32=True, BLOCK_K=32, BLOCK_M=128, BLOCK_N=64, EVEN_K=True, GROUP_M=8, USE_FAST_ACCUM=False, num_stages=4, num_warps=8
  triton_mm_66 0.0123 ms 94.3% ACC_TYPE='tl.float32', ALLOW_TF32=True, BLOCK_K=64, BLOCK_M=64, BLOCK_N=64, EVEN_K=True, GROUP_M=8, USE_FAST_ACCUM=False, num_stages=3, num_warps=8
  triton_mm_67 0.0123 ms 94.3% ACC_TYPE='tl.float32', ALLOW_TF32=True, BLOCK_K=32, BLOCK_M=64, BLOCK_N=128, EVEN_K=True, GROUP_M=8, USE_FAST_ACCUM=False, num_stages=3, num_warps=4
  triton_mm_69 0.0123 ms 94.3% ACC_TYPE='tl.float32', ALLOW_TF32=True, BLOCK_K=64, BLOCK_M=64, BLOCK_N=128, EVEN_K=True, GROUP_M=8, USE_FAST_ACCUM=False, num_stages=3, num_warps=4
  triton_mm_70 0.0123 ms 94.3% ACC_TYPE='tl.float32', ALLOW_TF32=True, BLOCK_K=32, BLOCK_M=128, BLOCK_N=64, EVEN_K=True, GROUP_M=8, USE_FAST_ACCUM=False, num_stages=3, num_warps=4
  triton_mm_61 0.0129 ms 89.4% ACC_TYPE='tl.float32', ALLOW_TF32=True, BLOCK_K=128, BLOCK_M=32, BLOCK_N=32, EVEN_K=True, GROUP_M=8, USE_FAST_ACCUM=False, num_stages=2, num_warps=4
  triton_mm_62 0.0135 ms 85.7% ACC_TYPE='tl.float32', ALLOW_TF32=True, BLOCK_K=32, BLOCK_M=32, BLOCK_N=64, EVEN_K=True, GROUP_M=8, USE_FAST_ACCUM=False, num_stages=5, num_warps=8
  triton_mm_74 0.0142 ms 81.5% ACC_TYPE='tl.float32', ALLOW_TF32=True, BLOCK_K=64, BLOCK_M=128, BLOCK_N=128, EVEN_K=True, GROUP_M=8, USE_FAST_ACCUM=False, num_stages=3, num_warps=4
SingleProcess AUTOTUNE benchmarking takes 0.4116 seconds and 0.0003 seconds precompiling for 16 choices
Autotune Choices Stats:
{"num_choices": 17, "num_triton_choices": 15, "best_kernel": "triton_mm_2", "best_kernel_desc": "ACC_TYPE='tl.float32', ALLOW_TF32=True, BLOCK_K=32, BLOCK_M=32, BLOCK_N=64, EVEN_K=True, GROUP_M=8, USE_FAST_ACCUM=False, num_stages=5, num_warps=8", "best_time": 0.009664000011980534, "best_triton_pos": 0}
AUTOTUNE addmm(2424x256, 2424x256, 256x256)
strides: [0, 1], [256, 1], [1, 256]
dtypes: torch.bfloat16, torch.bfloat16, torch.bfloat16
  triton_mm_2 0.0097 ms 100.0% ACC_TYPE='tl.float32', ALLOW_TF32=True, BLOCK_K=32, BLOCK_M=32, BLOCK_N=64, EVEN_K=True, GROUP_M=8, USE_FAST_ACCUM=False, num_stages=5, num_warps=8
  triton_mm_3 0.0101 ms 95.9% ACC_TYPE='tl.float32', ALLOW_TF32=True, BLOCK_K=32, BLOCK_M=64, BLOCK_N=32, EVEN_K=True, GROUP_M=8, USE_FAST_ACCUM=False, num_stages=5, num_warps=8
  triton_mm_6 0.0101 ms 95.6% ACC_TYPE='tl.float32', ALLOW_TF32=True, BLOCK_K=64, BLOCK_M=64, BLOCK_N=64, EVEN_K=True, GROUP_M=8, USE_FAST_ACCUM=False, num_stages=3, num_warps=8
  triton_mm_1 0.0101 ms 95.3% ACC_TYPE='tl.float32', ALLOW_TF32=True, BLOCK_K=128, BLOCK_M=32, BLOCK_N=32, EVEN_K=True, GROUP_M=8, USE_FAST_ACCUM=False, num_stages=2, num_warps=4
  triton_mm_9 0.0102 ms 94.7% ACC_TYPE='tl.float32', ALLOW_TF32=True, BLOCK_K=64, BLOCK_M=64, BLOCK_N=128, EVEN_K=True, GROUP_M=8, USE_FAST_ACCUM=False, num_stages=3, num_warps=4
  bias_addmm 0.0116 ms 83.0% 
  triton_mm_10 0.0117 ms 82.3% ACC_TYPE='tl.float32', ALLOW_TF32=True, BLOCK_K=32, BLOCK_M=128, BLOCK_N=64, EVEN_K=True, GROUP_M=8, USE_FAST_ACCUM=False, num_stages=3, num_warps=4
  triton_mm_11 0.0122 ms 79.5% ACC_TYPE='tl.float32', ALLOW_TF32=True, BLOCK_K=32, BLOCK_M=128, BLOCK_N=64, EVEN_K=True, GROUP_M=8, USE_FAST_ACCUM=False, num_stages=4, num_warps=8
  triton_mm_7 0.0123 ms 78.9% ACC_TYPE='tl.float32', ALLOW_TF32=True, BLOCK_K=32, BLOCK_M=64, BLOCK_N=128, EVEN_K=True, GROUP_M=8, USE_FAST_ACCUM=False, num_stages=3, num_warps=4
  triton_mm_8 0.0123 ms 78.9% ACC_TYPE='tl.float32', ALLOW_TF32=True, BLOCK_K=32, BLOCK_M=64, BLOCK_N=128, EVEN_K=True, GROUP_M=8, USE_FAST_ACCUM=False, num_stages=4, num_warps=8
SingleProcess AUTOTUNE benchmarking takes 0.3625 seconds and 0.0002 seconds precompiling for 17 choices
Autotune Choices Stats:
{"num_choices": 16, "num_triton_choices": 15, "best_kernel": "triton_mm_54", "best_kernel_desc": "ACC_TYPE='tl.float32', ALLOW_TF32=True, BLOCK_K=64, BLOCK_M=64, BLOCK_N=128, EVEN_K=True, GROUP_M=8, USE_FAST_ACCUM=False, num_stages=3, num_warps=4", "best_time": 0.009696000255644321, "best_triton_pos": 0}
AUTOTUNE mm(2424x256, 256x256)
strides: [256, 1], [1, 256]
dtypes: torch.bfloat16, torch.bfloat16
  triton_mm_54 0.0097 ms 100.0% ACC_TYPE='tl.float32', ALLOW_TF32=True, BLOCK_K=64, BLOCK_M=64, BLOCK_N=128, EVEN_K=True, GROUP_M=8, USE_FAST_ACCUM=False, num_stages=3, num_warps=4
  triton_mm_51 0.0100 ms 96.5% ACC_TYPE='tl.float32', ALLOW_TF32=True, BLOCK_K=64, BLOCK_M=64, BLOCK_N=64, EVEN_K=True, GROUP_M=8, USE_FAST_ACCUM=False, num_stages=3, num_warps=8
  triton_mm_47 0.0101 ms 95.6% ACC_TYPE='tl.float32', ALLOW_TF32=True, BLOCK_K=32, BLOCK_M=32, BLOCK_N=64, EVEN_K=True, GROUP_M=8, USE_FAST_ACCUM=False, num_stages=5, num_warps=8
  triton_mm_53 0.0101 ms 95.6% ACC_TYPE='tl.float32', ALLOW_TF32=True, BLOCK_K=32, BLOCK_M=64, BLOCK_N=128, EVEN_K=True, GROUP_M=8, USE_FAST_ACCUM=False, num_stages=4, num_warps=8
  triton_mm_48 0.0102 ms 95.0% ACC_TYPE='tl.float32', ALLOW_TF32=True, BLOCK_K=32, BLOCK_M=64, BLOCK_N=32, EVEN_K=True, GROUP_M=8, USE_FAST_ACCUM=False, num_stages=5, num_warps=8
  triton_mm_46 0.0102 ms 94.7% ACC_TYPE='tl.float32', ALLOW_TF32=True, BLOCK_K=128, BLOCK_M=32, BLOCK_N=32, EVEN_K=True, GROUP_M=8, USE_FAST_ACCUM=False, num_stages=2, num_warps=4
  triton_mm_56 0.0108 ms 89.9% ACC_TYPE='tl.float32', ALLOW_TF32=True, BLOCK_K=32, BLOCK_M=128, BLOCK_N=64, EVEN_K=True, GROUP_M=8, USE_FAST_ACCUM=False, num_stages=4, num_warps=8
  mm 0.0116 ms 83.2% 
  triton_mm_52 0.0117 ms 82.6% ACC_TYPE='tl.float32', ALLOW_TF32=True, BLOCK_K=32, BLOCK_M=64, BLOCK_N=128, EVEN_K=True, GROUP_M=8, USE_FAST_ACCUM=False, num_stages=3, num_warps=4
  triton_mm_59 0.0120 ms 80.6% ACC_TYPE='tl.float32', ALLOW_TF32=True, BLOCK_K=64, BLOCK_M=128, BLOCK_N=128, EVEN_K=True, GROUP_M=8, USE_FAST_ACCUM=False, num_stages=3, num_warps=4
SingleProcess AUTOTUNE benchmarking takes 0.3374 seconds and 0.0002 seconds precompiling for 16 choices
Autotune Choices Stats:
{"num_choices": 16, "num_triton_choices": 15, "best_kernel": "triton_mm_84", "best_kernel_desc": "ACC_TYPE='tl.float32', ALLOW_TF32=True, BLOCK_K=64, BLOCK_M=64, BLOCK_N=128, EVEN_K=True, GROUP_M=8, USE_FAST_ACCUM=False, num_stages=3, num_warps=4", "best_time": 0.014175999909639359, "best_triton_pos": 0}
AUTOTUNE mm(2424x512, 512x256)
strides: [512, 1], [1, 512]
dtypes: torch.bfloat16, torch.bfloat16
  triton_mm_84 0.0142 ms 100.0% ACC_TYPE='tl.float32', ALLOW_TF32=True, BLOCK_K=64, BLOCK_M=64, BLOCK_N=128, EVEN_K=True, GROUP_M=8, USE_FAST_ACCUM=False, num_stages=3, num_warps=4
  triton_mm_76 0.0142 ms 99.6% ACC_TYPE='tl.float32', ALLOW_TF32=True, BLOCK_K=128, BLOCK_M=32, BLOCK_N=32, EVEN_K=True, GROUP_M=8, USE_FAST_ACCUM=False, num_stages=2, num_warps=4
  triton_mm_78 0.0163 ms 87.2% ACC_TYPE='tl.float32', ALLOW_TF32=True, BLOCK_K=32, BLOCK_M=64, BLOCK_N=32, EVEN_K=True, GROUP_M=8, USE_FAST_ACCUM=False, num_stages=5, num_warps=8
  triton_mm_81 0.0164 ms 86.7% ACC_TYPE='tl.float32', ALLOW_TF32=True, BLOCK_K=64, BLOCK_M=64, BLOCK_N=64, EVEN_K=True, GROUP_M=8, USE_FAST_ACCUM=False, num_stages=3, num_warps=8
  triton_mm_89 0.0164 ms 86.5% ACC_TYPE='tl.float32', ALLOW_TF32=True, BLOCK_K=64, BLOCK_M=128, BLOCK_N=128, EVEN_K=True, GROUP_M=8, USE_FAST_ACCUM=False, num_stages=3, num_warps=4
  triton_mm_86 0.0169 ms 83.9% ACC_TYPE='tl.float32', ALLOW_TF32=True, BLOCK_K=32, BLOCK_M=128, BLOCK_N=64, EVEN_K=True, GROUP_M=8, USE_FAST_ACCUM=False, num_stages=4, num_warps=8
  mm 0.0179 ms 79.2% 
  triton_mm_83 0.0179 ms 79.1% ACC_TYPE='tl.float32', ALLOW_TF32=True, BLOCK_K=32, BLOCK_M=64, BLOCK_N=128, EVEN_K=True, GROUP_M=8, USE_FAST_ACCUM=False, num_stages=4, num_warps=8
  triton_mm_82 0.0181 ms 78.1% ACC_TYPE='tl.float32', ALLOW_TF32=True, BLOCK_K=32, BLOCK_M=64, BLOCK_N=128, EVEN_K=True, GROUP_M=8, USE_FAST_ACCUM=False, num_stages=3, num_warps=4
  triton_mm_77 0.0184 ms 77.0% ACC_TYPE='tl.float32', ALLOW_TF32=True, BLOCK_K=32, BLOCK_M=32, BLOCK_N=64, EVEN_K=True, GROUP_M=8, USE_FAST_ACCUM=False, num_stages=5, num_warps=8
SingleProcess AUTOTUNE benchmarking takes 0.3480 seconds and 0.0002 seconds precompiling for 16 choices
{"unix": 1790673823.779, "event": "result", "case": "c1_default", "density": "mid", "rows": 256, "padded_len": 709, "present_tokens": 77568, "row_tokens_min": 303, "row_tokens_max": 303, "ref_dtype": "torch.float32", "ref_tf32_during": [false, false], "ref_nonfinite": 0, "ref_eff_vs_ref_math": {"elements": 19857408, "nonfinite": 0, "max_abs": 3.7550926208496094e-06, "mean_abs": 5.468637027661316e-07, "rms": 6.874016094116087e-07, "outside_tol": 0, "outside_tol_frac": 0.0}, "compiled_pack_calls": [77568], "compiled_use_flash": [true], "compiled_repeat_max_abs": 0.0, "eager_pack_calls": [77568], "eager_use_flash": [true], "out_dtypes": {"compiled": "torch.float32", "eager": "torch.float32", "padded": "torch.float32"}, "vs_fp32": {"compiled": {"elements": 19857408, "nonfinite": 0, "max_abs": 0.0452420711517334, "mean_abs": 0.005324315279722214, "rms": 0.006653803866356611, "outside_tol": 910, "outside_tol_frac": 4.582672622731023e-05, "mean_err_in_bf16_ulp_of_ref": 17.282066345214844, "frac_err_gt_1_ulp": 0.5717577540835138, "frac_err_gt_4_ulp": 0.19244354550201115, "ref_abs_max": 4.098942756652832, "by_ref_abs": [{"ref_abs": [0.0, 0.25], "elements": 4137779, "outliers": 883, "mean_abs": 0.005123175214976072}, {"ref_abs": [0.25, 0.5], "elements": 3909206, "outliers": 25, "mean_abs": 0.005049108061939478}, {"ref_abs": [0.5, 1.0], "elements": 5718019, "outliers": 2, "mean_abs": 0.0052074529230594635}, {"ref_abs": [1.0, 2.0], "elements": 5055048, "outliers": 0, "mean_abs": 0.005511484108865261}, {"ref_abs": [2.0, 4.0], "elements": 1037348, "outliers": 0, "mean_abs": 0.00689575495198369}, {"ref_abs": [4.0, Infinity], "elements": 8, "outliers": 0, "mean_abs": 0.011152684688568115}], "by_token_group": [{"group": "own_actor", "elements": 2621440, "outliers": 103, "mean_abs": 0.005241330713033676}, {"group": "rival_actor", "elements": 2621440, "outliers": 97, "mean_abs": 0.005362235940992832}, {"group": "tile", "elements": 13107200, "outliers": 649, "mean_abs": 0.0053363125771
{"unix": 1790673827.269, "event": "result", "case": "c1_default", "density": "dense", "rows": 256, "padded_len": 709, "present_tokens": 181504, "row_tokens_min": 709, "row_tokens_max": 709, "ref_dtype": "torch.float32", "ref_tf32_during": [false, false], "ref_nonfinite": 0, "ref_eff_vs_ref_math": {"elements": 46465024, "nonfinite": 0, "max_abs": 4.5299530029296875e-06, "mean_abs": 5.718883926419949e-07, "rms": 7.188028234850208e-07, "outside_tol": 0, "outside_tol_frac": 0.0}, "compiled_pack_calls": [181504], "compiled_use_flash": [true], "compiled_repeat_max_abs": 0.0, "eager_pack_calls": [181504], "eager_use_flash": [true], "out_dtypes": {"compiled": "torch.float32", "eager": "torch.float32", "padded": "torch.float32"}, "vs_fp32": {"compiled": {"elements": 46465024, "nonfinite": 0, "max_abs": 0.04799628257751465, "mean_abs": 0.004953123163431883, "rms": 0.006210654973983765, "outside_tol": 597, "outside_tol_frac": 1.2848373865038787e-05, "mean_err_in_bf16_ulp_of_ref": 14.0528564453125, "frac_err_gt_1_ulp": 0.5476848564632184, "frac_err_gt_4_ulp": 0.17692766068516397, "ref_abs_max": 4.085882186889648, "by_ref_abs": [{"ref_abs": [0.0, 0.25], "elements": 9531542, "outliers": 564, "mean_abs": 0.004665319342166185}, {"ref_abs": [0.25, 0.5], "elements": 8672958, "outliers": 33, "mean_abs": 0.004812060389667749}, {"ref_abs": [0.5, 1.0], "elements": 14099619, "outliers": 0, "mean_abs": 0.00480605335906148}, {"ref_abs": [1.0, 2.0], "elements": 11986917, "outliers": 0, "mean_abs": 0.005140954162925482}, {"ref_abs": [2.0, 4.0], "elements": 2173985, "outliers": 0, "mean_abs": 0.006695894058793783}, {"ref_abs": [4.0, Infinity], "elements": 3, "outliers": 0, "mean_abs": 0.007595380302518606}], "by_token_group": [{"group": "own_actor", "elements": 15794176, "outliers": 205, "mean_abs": 0.00490322383120656}, {"group": "rival_actor", "elements": 15794176, "outliers": 214, "mean_abs": 0.004980672150850296}, {"group": "tile", "elements": 13107200, "outliers": 154, "mean_abs": 0.00497
{"unix": 1790673829.527, "event": "result", "case": "c1_default", "density": "mixed", "rows": 256, "padded_len": 709, "present_tokens": 118916, "row_tokens_min": 222, "row_tokens_max": 709, "ref_dtype": "torch.float32", "ref_tf32_during": [false, false], "ref_nonfinite": 0, "ref_eff_vs_ref_math": {"elements": 30442496, "nonfinite": 0, "max_abs": 3.993511199951172e-06, "mean_abs": 5.543063252844149e-07, "rms": 6.967758281462011e-07, "outside_tol": 0, "outside_tol_frac": 0.0}, "compiled_pack_calls": [118916], "compiled_use_flash": [true], "compiled_repeat_max_abs": 0.0, "eager_pack_calls": [118916], "eager_use_flash": [true], "out_dtypes": {"compiled": "torch.float32", "eager": "torch.float32", "padded": "torch.float32"}, "vs_fp32": {"compiled": {"elements": 30442496, "nonfinite": 0, "max_abs": 0.047402381896972656, "mean_abs": 0.005101938731968403, "rms": 0.00639168918132782, "outside_tol": 842, "outside_tol_frac": 2.7658704463655018e-05, "mean_err_in_bf16_ulp_of_ref": 12.74371337890625, "frac_err_gt_1_ulp": 0.5586526150812338, "frac_err_gt_4_ulp": 0.18173703627981097, "ref_abs_max": 4.151764392852783, "by_ref_abs": [{"ref_abs": [0.0, 0.25], "elements": 6267782, "outliers": 822, "mean_abs": 0.004817749839276075}, {"ref_abs": [0.25, 0.5], "elements": 5793013, "outliers": 20, "mean_abs": 0.0048966435715556145}, {"ref_abs": [0.5, 1.0], "elements": 9145480, "outliers": 0, "mean_abs": 0.0050118062645196915}, {"ref_abs": [1.0, 2.0], "elements": 7755714, "outliers": 0, "mean_abs": 0.005253593437373638}, {"ref_abs": [2.0, 4.0], "elements": 1480501, "outliers": 0, "mean_abs": 0.006870677694678307}, {"ref_abs": [4.0, Infinity], "elements": 6, "outliers": 0, "mean_abs": 0.006603717803955078}], "by_token_group": [{"group": "own_actor", "elements": 7897600, "outliers": 176, "mean_abs": 0.005007993429899216}, {"group": "rival_actor", "elements": 7897600, "outliers": 138, "mean_abs": 0.005102814175188541}, {"group": "tile", "elements": 13107200, "outliers": 473, "mean_abs": 0.00515
{"unix": 1790673829.547, "event": "done", "case": "c1_default", "outlier_file": "/workspace/kg-v3-rebuild/runs/gpu-checks-2026-09-29/c1_default.outliers.json"}
