{"unix": 1790673676.006, "event": "process", "case": "c2_aten_bwd", "dryrun": false, "torch": "2.9.0+cu128", "torch_git": "0fabc3ba44823f257e70ce397d989c8de5e362c1", "cuda_runtime": "12.8", "kg_file": "/workspace/kg-v3-rebuild/python/owl/model/kaggriculture.py", "flash_attn_available": true, "max_autotune_gemm_backends": "ATEN", "gemm_limit": 4611686018427387904, "tf32_matmul": true, "tf32_cudnn": true, "git": {"head": "8fde43cd7408c9c4f9147eeb8f916bd08f8266ed", "tree": "70d50fa37e66aa322e8db00c9359d3f9e3031499", "porcelain": ""}, "flash_attn": "2.8.3", "triton": "3.5.0", "device_name": "NVIDIA RTX PRO 6000 Blackwell Server Edition", "cuda_visible_devices": "1", "depth": 1, "bypass_guard": true}
{"unix": 1790673682.635, "event": "start", "case": "c2_aten_bwd", "label": "warm", "spec": "dense:8", "rows": 8, "packed_tokens": 5672}
Autotune Choices Stats:
{"num_choices": 2, "num_triton_choices": 0, "best_kernel": "bias_addmm", "best_time": 0.018400000408291817}
AUTOTUNE addmm(5672x512, 5672x256, 256x512)
strides: [0, 1], [256, 1], [1, 256]
dtypes: torch.bfloat16, torch.bfloat16, torch.bfloat16
  bias_addmm 0.0184 ms 100.0% 
  addmm 0.0348 ms 52.8% 
SingleProcess AUTOTUNE benchmarking takes 0.1215 seconds and 0.0001 seconds precompiling for 2 choices
Autotune Choices Stats:
{"num_choices": 2, "num_triton_choices": 0, "best_kernel": "bias_addmm", "best_time": 0.014336000196635723}
AUTOTUNE addmm(5672x256, 5672x256, 256x256)
strides: [0, 1], [256, 1], [1, 256]
dtypes: torch.bfloat16, torch.bfloat16, torch.bfloat16
  bias_addmm 0.0143 ms 100.0% 
  addmm 0.0219 ms 65.5% 
SingleProcess AUTOTUNE benchmarking takes 0.0397 seconds and 0.0001 seconds precompiling for 2 choices
/workspace/kg-v3-rebuild/runs/gpu-checks-2026-09-29/c2_trunk_bwd.py:185: UserWarning: Converting a tensor with requires_grad=True to a scalar may lead to unexpected behavior.
Consider using tensor.detach() first. (Triggered internally at /pytorch/torch/csrc/autograd/generated/python_variable_methods.cpp:836.)
  "loss": float(loss),
{"unix": 1790673704.981, "event": "result", "case": "c2_aten_bwd", "label": "warm", "spec": "dense:8", "rows": 8, "packed_tokens": 5672, "packed_tokens_x_width_over_2p31": 0.0013523101806640625, "compiled": {"status": "ok", "s": 22.239126558881253, "loss": -866.7906494140625, "trunk_call_M": [5672], "memory": {"max_allocated_gib": 0.21065425872802734, "max_reserved_gib": 0.3046875}, "param_grads": 18}, "eager": {"status": "ok", "s": 0.018994251266121864, "loss": -870.3660888671875, "trunk_call_M": [], "memory": {"max_allocated_gib": 0.1148524284362793, "max_reserved_gib": 0.306640625}}, "out_compiled_vs_eager": {"max_abs": 0.023157358169555664, "wrong_tokens": 0, "nonfinite": 0, "first_bad_row": null, "last_bad_row": null}, "dx_compiled_vs_eager": {"max_abs": 0.046875, "ref_max_abs": 5.875, "rel_max": 0.007978723404255319, "rel_fro": 0.004453535014835472, "token_rel_l2_max": 0.006027028430253267, "token_rel_l2_p50_p99_p999": [0.004417847376316786, 0.005406413227319717, 0.00572630763053894], "tokens_rel_gt_0.5": 0, "nonfinite": 0, "masked_nonzero": 0, "first_bad_row": null, "last_bad_row": null}, "params_compiled_vs_eager": {"blocks.0.norm1.weight": {"max_abs_diff": 0.598358154296875, "ref_max_abs": 112.67915344238281, "out_max_abs": 112.61561584472656, "rel_max": 0.005310282576829195, "rel_fro": 0.005500875413417816, "nonfinite": 0}, "blocks.0.norm1.bias": {"max_abs_diff": 0.9988441467285156, "ref_max_abs": 226.60693359375, "out_max_abs": 226.941162109375, "rel_max": 0.004407826811075211, "rel_fro": 0.004190053325146437, "nonfinite": 0}, "blocks.0.attn.q.weight": {"max_abs_diff": 0.5, "ref_max_abs": 72.5, "out_max_abs": 72.5, "rel_max": 0.006896551698446274, "rel_fro": 0.005573363974690437, "nonfinite": 0}, "blocks.0.attn.q.bias": {"max_abs_diff": 0.2982749938964844, "ref_max_abs": 46.75, "out_max_abs": 46.80551528930664, "rel_max": 0.006380213890224695, "rel_fro": 0.0059723882004618645, "nonfinite": 0}, "blocks.0.attn.k.weight": {"max_abs_diff": 0.5, "ref_max_abs":
{"unix": 1790673704.986, "event": "start", "case": "c2_aten_bwd", "label": "target", "spec": "packed:4194305", "rows": 5916, "packed_tokens": 4194305}
V0929 09:21:44.991000 159176 .venv/lib/python3.12/site-packages/torch/_dynamo/guards.py:4181] [0/1] [__recompiles] Recompiling function _forward_transformer_trunk in /workspace/kg-v3-rebuild/python/owl/model/kaggriculture.py:507
V0929 09:21:44.991000 159176 .venv/lib/python3.12/site-packages/torch/_dynamo/guards.py:4181] [0/1] [__recompiles]     triggered by the following guard failure(s):
V0929 09:21:44.991000 159176 .venv/lib/python3.12/site-packages/torch/_dynamo/guards.py:4181] [0/1] [__recompiles]     - 0/0: 512*x.size()[0] <= 2147483647  # (_inductor/codegen/simd.py:1440 in can_use_32bit_indexing)
Autotune Choices Stats:
{"num_choices": 2, "num_triton_choices": 0, "best_kernel": "bias_addmm", "best_time": 5.923840045928955}
AUTOTUNE addmm(4194305x512, 4194305x256, 256x512)
strides: [0, 1], [256, 1], [1, 256]
dtypes: torch.bfloat16, torch.bfloat16, torch.bfloat16
  bias_addmm 5.9238 ms 100.0% 
  addmm 11.4401 ms 51.8% 
SingleProcess AUTOTUNE benchmarking takes 0.1832 seconds and 0.0001 seconds precompiling for 2 choices
Autotune Choices Stats:
{"num_choices": 2, "num_triton_choices": 0, "best_kernel": "bias_addmm", "best_time": 3.1518399715423584}
AUTOTUNE addmm(4194305x256, 4194305x256, 256x256)
strides: [0, 1], [256, 1], [1, 256]
dtypes: torch.bfloat16, torch.bfloat16, torch.bfloat16
  bias_addmm 3.1518 ms 100.0% 
  addmm 6.0692 ms 51.9% 
SingleProcess AUTOTUNE benchmarking takes 0.1288 seconds and 0.0001 seconds precompiling for 2 choices
{"unix": 1790673726.588, "event": "result", "case": "c2_aten_bwd", "label": "target", "spec": "packed:4194305", "rows": 5916, "packed_tokens": 4194305, "packed_tokens_x_width_over_2p31": 1.000000238418579, "compiled": {"status": "ok", "s": 20.054873927030712, "loss": 57508.4296875, "trunk_call_M": [4194305], "memory": {"max_allocated_gib": 43.12483739852905, "max_reserved_gib": 51.166015625}, "param_grads": 18}, "eager": {"status": "ok", "s": 0.37049491982907057, "loss": 57586.734375, "trunk_call_M": [], "memory": {"max_allocated_gib": 58.29938220977783, "max_reserved_gib": 65.17578125}}, "out_compiled_vs_eager": {"max_abs": 0.03415870666503906, "wrong_tokens": 0, "nonfinite": 0, "first_bad_row": null, "last_bad_row": null}, "dx_compiled_vs_eager": {"max_abs": 0.0625, "ref_max_abs": 7.15625, "rel_max": 0.008733624454148471, "rel_fro": 0.004454478471020504, "token_rel_l2_max": 0.007439532782882452, "token_rel_l2_p50_p99_p999": [0.004417750984430313, 0.005426784511655569, 0.005839596036821604], "tokens_rel_gt_0.5": 0, "nonfinite": 0, "masked_nonzero": 0, "first_bad_row": null, "last_bad_row": null}, "params_compiled_vs_eager": {"blocks.0.norm1.weight": {"max_abs_diff": 17.5863037109375, "ref_max_abs": 3691.8427734375, "out_max_abs": 3696.53076171875, "rel_max": 0.004763557109981775, "rel_fro": 0.005034905392676592, "nonfinite": 0}, "blocks.0.norm1.bias": {"max_abs_diff": 24.8779296875, "ref_max_abs": 6856.865234375, "out_max_abs": 6853.4208984375, "rel_max": 0.0036281782668083906, "rel_fro": 0.004048967268317938, "nonfinite": 0}, "blocks.0.attn.q.weight": {"max_abs_diff": 12.0, "ref_max_abs": 2064.0, "out_max_abs": 2064.0, "rel_max": 0.0058139534667134285, "rel_fro": 0.005555320531129837, "nonfinite": 0}, "blocks.0.attn.q.bias": {"max_abs_diff": 8.329437255859375, "ref_max_abs": 1296.0, "out_max_abs": 1298.1834716796875, "rel_max": 0.0064270347356796265, "rel_fro": 0.0048089041374623775, "nonfinite": 0}, "blocks.0.attn.k.weight": {"max_abs_diff": 12.0, "ref_max_abs": 
{"unix": 1790673726.671, "event": "start", "case": "c2_aten_bwd", "label": "target", "spec": "packed:4198400", "rows": 5922, "packed_tokens": 4198400}
{"unix": 1790673728.435, "event": "result", "case": "c2_aten_bwd", "label": "target", "spec": "packed:4198400", "rows": 5922, "packed_tokens": 4198400, "packed_tokens_x_width_over_2p31": 1.0009765625, "compiled": {"status": "ok", "s": 0.25690618623048067, "loss": 27086.630859375, "trunk_call_M": [4198400], "memory": {"max_allocated_gib": 43.16675043106079, "max_reserved_gib": 51.0859375}, "param_grads": 18}, "eager": {"status": "ok", "s": 0.3461181647144258, "loss": 27015.69921875, "trunk_call_M": [], "memory": {"max_allocated_gib": 58.356783866882324, "max_reserved_gib": 69.109375}}, "out_compiled_vs_eager": {"max_abs": 0.03165602684020996, "wrong_tokens": 0, "nonfinite": 0, "first_bad_row": null, "last_bad_row": null}, "dx_compiled_vs_eager": {"max_abs": 0.0625, "ref_max_abs": 7.34375, "rel_max": 0.00851063829787234, "rel_fro": 0.004454910487016087, "token_rel_l2_max": 0.007625094614923, "token_rel_l2_p50_p99_p999": [0.004416787531226873, 0.005430595483630896, 0.0058583710342645645], "tokens_rel_gt_0.5": 0, "nonfinite": 0, "masked_nonzero": 0, "first_bad_row": null, "last_bad_row": null}, "params_compiled_vs_eager": {"blocks.0.norm1.weight": {"max_abs_diff": 16.8980712890625, "ref_max_abs": 3948.77294921875, "out_max_abs": 3951.3056640625, "rel_max": 0.004279321990907192, "rel_fro": 0.004719918128103018, "nonfinite": 0}, "blocks.0.norm1.bias": {"max_abs_diff": 31.4305419921875, "ref_max_abs": 8115.2890625, "out_max_abs": 8106.3310546875, "rel_max": 0.003873003413900733, "rel_fro": 0.004234327934682369, "nonfinite": 0}, "blocks.0.attn.q.weight": {"max_abs_diff": 12.0, "ref_max_abs": 1992.0, "out_max_abs": 1992.0, "rel_max": 0.0060240961611270905, "rel_fro": 0.005553404334932566, "nonfinite": 0}, "blocks.0.attn.q.bias": {"max_abs_diff": 6.5589599609375, "ref_max_abs": 1384.0, "out_max_abs": 1390.220703125, "rel_max": 0.004739132709801197, "rel_fro": 0.005523662082850933, "nonfinite": 0}, "blocks.0.attn.k.weight": {"max_abs_diff": 12.0, "ref_max_abs": 2256.0, "out_ma
{"unix": 1790673728.516, "event": "done", "case": "c2_aten_bwd"}
