ops/rebuild-2026-09-29/1.3/a1-before-dependencies.log:19: new blank line at EOF.
ops/rebuild-2026-09-29/1.3/a3-green.log:167: new blank line at EOF.
ops/rebuild-2026-09-29/1.3/b11-green-final.log:19: new blank line at EOF.
ops/rebuild-2026-09-29/1.3/b3-first-green-compile.log:18: new blank line at EOF.
ops/rebuild-2026-09-29/1.3/b6-green-boundaries.log:19: new blank line at EOF.
ops/rebuild-2026-09-29/1.3/c2-hire-green.log:12: new blank line at EOF.
ops/rebuild-2026-09-29/1.3/c3-config-green.log:16: new blank line at EOF.
ops/rebuild-2026-09-29/1.3/c8-bc-green.log:32: new blank line at EOF.
ops/rebuild-2026-09-29/1.3/d1-tile-red.log:6: trailing whitespace.
+test kaggriculture::tests::tile_all_vocabularies_and_empty_applicability ... 
ops/rebuild-2026-09-29/1.3/d1-tile-red.log:13: trailing whitespace.
+test kaggriculture::tests::tile_asymmetric_coordinates_and_every_channel ... 
ops/rebuild-2026-09-29/1.3/d1-tile-red.log:19: trailing whitespace.
+test kaggriculture::tests::tile_board_shape_rejection_preserves_all_output ... 
ops/rebuild-2026-09-29/1.3/d1-tile-red.log:23: trailing whitespace.
+test kaggriculture::tests::tile_exact_large_integers_and_signed_future_dates_are_not_clamped ... 
ops/rebuild-2026-09-29/1.3/d1-tile-red.log:29: trailing whitespace.
+test kaggriculture::tests::tile_integer_fields_reject_fractional_wrong_types_ranges_and_negative_counts ... 
ops/rebuild-2026-09-29/1.3/d1-tile-red.log:35: trailing whitespace.
+test kaggriculture::tests::tile_rejects_bad_representations_enums_and_nonboolean_flags ... 
ops/rebuild-2026-09-29/1.3/d1-tile-red.log:39: trailing whitespace.
+test kaggriculture::tests::tile_reusing_output_fully_clears_old_applicable_values ... 
ops/rebuild-2026-09-29/1.3/d1-tile-red.log:45: trailing whitespace.
+test kaggriculture::tests::tile_sentinels_and_fertilizer_flags_keep_applicability ... 
ops/rebuild-2026-09-29/1.3/d1-tile-red.log:51: trailing whitespace.
+test kaggriculture::tests::tile_strict_constructor_keys_reject_stale_null_missing_and_unknown_fields ... 
ops/rebuild-2026-09-29/1.3/d2-tile-green.log:19: new blank line at EOF.
ops/rebuild-2026-09-29/1.3/d5-restored-green.log:19: new blank line at EOF.
ops/rebuild-2026-09-29/1.3/e10-restored-module-green.log:54: new blank line at EOF.
ops/rebuild-2026-09-29/1.3/e4-actors-green.log:13: new blank line at EOF.
ops/rebuild-2026-09-29/1.3/e5-storage-green.log:13: new blank line at EOF.
ops/rebuild-2026-09-29/1.3/e6-privacy-green.log:9: new blank line at EOF.
ops/rebuild-2026-09-29/1.3/f2-context-green.log:13: new blank line at EOF.
ops/rebuild-2026-09-29/1.3/f4-complete-green.log:62: new blank line at EOF.
ops/rebuild-2026-09-29/1.3/f9-final-module-green.log:62: new blank line at EOF.
ops/rebuild-2026-09-29/1.3/final-02-engine-tests.log:104: new blank line at EOF.
ops/rebuild-2026-09-29/1.3/g12-recipe-export-red.log:126: trailing whitespace.
+tests/tools/test_observation_oracle_custody.py:384: 
ops/rebuild-2026-09-29/1.3/g12-recipe-export-red.log:127: trailing whitespace.
+_ _ _ _ _ _ _ _ _ _ _ _ _ _ _ _ _ _ _ _ _ _ _ _ _ _ _ _ _ _ _ _ _ _ _ _ _ _ _ _ 
ops/rebuild-2026-09-29/1.3/g12-recipe-export-red.log:130: trailing whitespace.
+_ _ _ _ _ _ _ _ _ _ _ _ _ _ _ _ _ _ _ _ _ _ _ _ _ _ _ _ _ _ _ _ _ _ _ _ _ _ _ _ 
ops/rebuild-2026-09-29/1.3/g12-recipe-export-red.log:172: trailing whitespace.
+tests/tools/test_observation_oracle_custody.py:382: 
ops/rebuild-2026-09-29/1.3/g12-recipe-export-red.log:173: trailing whitespace.
+_ _ _ _ _ _ _ _ _ _ _ _ _ _ _ _ _ _ _ _ _ _ _ _ _ _ _ _ _ _ _ _ _ _ _ _ _ _ _ _ 
ops/rebuild-2026-09-29/1.3/g12-recipe-export-red.log:176: trailing whitespace.
+_ _ _ _ _ _ _ _ _ _ _ _ _ _ _ _ _ _ _ _ _ _ _ _ _ _ _ _ _ _ _ _ _ _ _ _ _ _ _ _ 
ops/rebuild-2026-09-29/1.3/g24-producer-green.log:16: new blank line at EOF.
ops/rebuild-2026-09-29/1.3/g25-full-inputs-r1.log:5: trailing whitespace.
+test kaggriculture::oracle_corpus::generate_observation_oracle_inputs ... 
ops/rebuild-2026-09-29/1.3/g37-root-tests.log:230: new blank line at EOF.
ops/rebuild-2026-09-29/1.3/h1-semantic-red.log:7: trailing whitespace.
+test kaggriculture::oracle_corpus::reconstruction_hand_anchors_cover_every_range_and_boundary ... 
ops/rebuild-2026-09-29/1.3/h1-semantic-red.log:12: trailing whitespace.
+test kaggriculture::oracle_corpus::reconstruction_old_day_rule_sentinel_age_and_clamping_are_explicit ... 
ops/rebuild-2026-09-29/1.3/h10-added-facts-corrected.log:13: new blank line at EOF.
ops/rebuild-2026-09-29/1.3/h15-restored-reconstruction-green.log:8: trailing whitespace.
+test kaggriculture::oracle_corpus::reconstruction_coverage_rejects_duplicate_offset - should panic ... 
ops/rebuild-2026-09-29/1.3/h15-restored-reconstruction-green.log:13: trailing whitespace.
+test kaggriculture::oracle_corpus::reconstruction_coverage_rejects_unwritten_zero_hole - should panic ... 
ops/rebuild-2026-09-29/1.3/h15-restored-reconstruction-green.log:23: new blank line at EOF.
ops/rebuild-2026-09-29/1.3/h16-final-added-facts-green.log:12: new blank line at EOF.
ops/rebuild-2026-09-29/1.3/h4-reconstruction-green.log:11: new blank line at EOF.
ops/rebuild-2026-09-29/1.3/h5-stream-controls-red.log:6: trailing whitespace.
+test kaggriculture::oracle_corpus::reconstruction_byteplane_decode_preserves_bits_and_rejects_bad_lengths ... 
ops/rebuild-2026-09-29/1.3/h5-stream-controls-red.log:14: trailing whitespace.
+test kaggriculture::oracle_corpus::reconstruction_coverage_rejects_duplicate_offset - should panic ... 
ops/rebuild-2026-09-29/1.3/h5-stream-controls-red.log:18: trailing whitespace.
+test kaggriculture::oracle_corpus::reconstruction_coverage_rejects_unwritten_zero_hole - should panic ... 
ops/rebuild-2026-09-29/1.3/h5-stream-controls-red.log:24: trailing whitespace.
+test kaggriculture::oracle_corpus::reconstruction_recorded_constants_and_duplicates_are_checked_independently ... 
ops/rebuild-2026-09-29/1.3/h6-stream-controls-green.log:8: trailing whitespace.
+test kaggriculture::oracle_corpus::reconstruction_coverage_rejects_duplicate_offset - should panic ... 
ops/rebuild-2026-09-29/1.3/h6-stream-controls-green.log:13: trailing whitespace.
+test kaggriculture::oracle_corpus::reconstruction_coverage_rejects_unwritten_zero_hole - should panic ... 
ops/rebuild-2026-09-29/1.3/h6-stream-controls-green.log:22: new blank line at EOF.
ops/rebuild-2026-09-29/1.3/h7-reader-formats.log:9: new blank line at EOF.
ops/rebuild-2026-09-29/1.3/h9-added-facts-first-check.log:9: trailing whitespace.
+test kaggriculture::tests::added_facts_order_only_pair_keeps_counts_and_legacy_but_changes_exact_ranks ... 
ops/rebuild-2026-09-29/1.3/independent-7b5eacd/custody-runner.log:5: new blank line at EOF.
ops/rebuild-2026-09-29/1.3/independent-7b5eacd/engine-serial.log:118: new blank line at EOF.
ops/rebuild-2026-09-29/1.3/independent-7b5eacd/heads-000-runner.log:4: new blank line at EOF.
ops/rebuild-2026-09-29/1.3/independent-7b5eacd/heads-012-runner.log:4: new blank line at EOF.
ops/rebuild-2026-09-29/1.3/independent-7b5eacd/heads-024-runner.log:4: new blank line at EOF.
ops/rebuild-2026-09-29/1.3/independent-7b5eacd/heads-036-runner.log:4: new blank line at EOF.
ops/rebuild-2026-09-29/1.3/independent-7b5eacd/heads-048-runner.log:4: new blank line at EOF.
ops/rebuild-2026-09-29/1.3/independent-7b5eacd/heads-060-runner.log:4: new blank line at EOF.
ops/rebuild-2026-09-29/1.3/independent-7b5eacd/heads-collection-runner.log:65: new blank line at EOF.
ops/rebuild-2026-09-29/1.3/independent-7b5eacd/heads-compiled-runner.log:4: new blank line at EOF.
ops/rebuild-2026-09-29/1.3/independent-7b5eacd/observe-all-unpinned-runner.log:4: new blank line at EOF.
ops/rebuild-2026-09-29/1.3/independent-7b5eacd/observe-collection-runner.log:61: new blank line at EOF.
ops/rebuild-2026-09-29/1.3/independent-7b5eacd/observe-unpinned-runner.log:4: new blank line at EOF.
ops/rebuild-2026-09-29/1.3/independent-7b5eacd/pinned-repro-runner.log:9: new blank line at EOF.
ops/rebuild-2026-09-29/1.3/independent-7b5eacd/restored-root.log:257: new blank line at EOF.
ops/rebuild-2026-09-29/1.3/independent-7b5eacd/root.log:256: new blank line at EOF.
ops/rebuild-2026-09-29/1.3/independent-7b5eacd/tests-kaggriculture-test_base_generics_typing-runner.log:4: new blank line at EOF.
ops/rebuild-2026-09-29/1.3/independent-7b5eacd/tests-kaggriculture-test_gpu_grammar-runner.log:6: new blank line at EOF.
ops/rebuild-2026-09-29/1.3/independent-7b5eacd/tests-kaggriculture-test_model_encoder-runner.log:4: new blank line at EOF.
ops/rebuild-2026-09-29/1.3/independent-7b5eacd/tests-kaggriculture-test_observe-runner.log:38: new blank line at EOF.
ops/rebuild-2026-09-29/1.3/independent-7b5eacd/tests-kaggriculture-test_types-runner.log:5: new blank line at EOF.
ops/rebuild-2026-09-29/1.3/independent-7b5eacd/tests-owl-agent-test_agent-runner.log:4: new blank line at EOF.
ops/rebuild-2026-09-29/1.3/independent-7b5eacd/tests-owl-agent-test_kaggle_engine_sanitization-runner.log:4: new blank line at EOF.
ops/rebuild-2026-09-29/1.3/independent-7b5eacd/tests-owl-agent-test_kaggle_observation-runner.log:4: new blank line at EOF.
ops/rebuild-2026-09-29/1.3/independent-7b5eacd/tests-owl-model-test_attn-runner.log:7: new blank line at EOF.
ops/rebuild-2026-09-29/1.3/independent-7b5eacd/tests-owl-model-test_model_config_files-runner.log:4: new blank line at EOF.
ops/rebuild-2026-09-29/1.3/independent-7b5eacd/tests-owl-model-test_recurrent_transformer_v1-runner.log:4: new blank line at EOF.
ops/rebuild-2026-09-29/1.3/independent-7b5eacd/tests-owl-model-test_stateless_transformer_v1-runner.log:5: new blank line at EOF.
ops/rebuild-2026-09-29/1.3/independent-7b5eacd/tests-owl-model-test_teacher_targets-runner.log:4: new blank line at EOF.
ops/rebuild-2026-09-29/1.3/independent-7b5eacd/tests-owl-test_checkpoint_quantization-runner.log:4: new blank line at EOF.
ops/rebuild-2026-09-29/1.3/independent-7b5eacd/tests-owl-test_config-runner.log:4: new blank line at EOF.
ops/rebuild-2026-09-29/1.3/independent-7b5eacd/tests-owl-test_int8_emulation-runner.log:6: new blank line at EOF.
ops/rebuild-2026-09-29/1.3/independent-7b5eacd/tests-owl-test_replay-runner.log:4: new blank line at EOF.
ops/rebuild-2026-09-29/1.3/independent-7b5eacd/tests-owl-test_rl-runner.log:5: new blank line at EOF.
ops/rebuild-2026-09-29/1.3/independent-7b5eacd/tests-owl-train-test_advantages-runner.log:4: new blank line at EOF.
ops/rebuild-2026-09-29/1.3/independent-7b5eacd/tests-owl-train-test_config-runner.log:4: new blank line at EOF.
ops/rebuild-2026-09-29/1.3/independent-7b5eacd/tests-owl-train-test_distributed-runner.log:4: new blank line at EOF.
ops/rebuild-2026-09-29/1.3/independent-7b5eacd/tests-owl-train-test_logging-runner.log:4: new blank line at EOF.
ops/rebuild-2026-09-29/1.3/independent-7b5eacd/tests-owl-train-test_loss-runner.log:4: new blank line at EOF.
ops/rebuild-2026-09-29/1.3/independent-7b5eacd/tests-owl-train-test_metrics-runner.log:4: new blank line at EOF.
ops/rebuild-2026-09-29/1.3/independent-7b5eacd/tests-owl-train-test_optimizer-runner.log:4: new blank line at EOF.
ops/rebuild-2026-09-29/1.3/independent-7b5eacd/tests-owl-train-test_ppo-runner.log:5: new blank line at EOF.
ops/rebuild-2026-09-29/1.3/independent-7b5eacd/tests-owl-train-test_ppo_observation_mapping-runner.log:6: new blank line at EOF.
ops/rebuild-2026-09-29/1.3/independent-7b5eacd/tests-scripts-test_benchmark_checkpoints-runner.log:4: new blank line at EOF.
ops/rebuild-2026-09-29/1.3/independent-7b5eacd/tests-scripts-test_download_replays-runner.log:4: new blank line at EOF.
ops/rebuild-2026-09-29/1.3/independent-7b5eacd/tests-scripts-test_extract_model_weights-runner.log:4: new blank line at EOF.
ops/rebuild-2026-09-29/1.3/independent-7b5eacd/tests-scripts-test_kaggriculture_parity-runner.log:4: new blank line at EOF.
ops/rebuild-2026-09-29/1.3/independent-7b5eacd/tests-scripts-test_kaggriculture_select_replays-runner.log:4: new blank line at EOF.
ops/rebuild-2026-09-29/1.3/independent-7b5eacd/tests-scripts-test_roundtrip_checkpoint_quantization-runner.log:4: new blank line at EOF.
ops/rebuild-2026-09-29/1.3/independent-7b5eacd/tests-scripts-test_run_ppo-runner.log:5: new blank line at EOF.
ops/rebuild-2026-09-29/1.3/j2-single-snapshot-green.log:9: new blank line at EOF.
ops/rebuild-2026-09-29/1.3/r1-fixes/engine-test.log:94: new blank line at EOF.
ops/rebuild-2026-09-29/1.3/r1-fixes/root-test.log:267: new blank line at EOF.
