start 2026-09-30T23:50:57Z agent=/root/anchor-eval/pkgs/210M-ft-on-45efe071e0c9/agent out=210M-ft-on parallel=30
2026-09-30T23:53:23Z 210M-cha22-s93003-seat1 exit=0 wall=146s
2026-09-30T23:53:43Z 210M-cha22-s93006-seat1 exit=0 wall=166s
2026-09-30T23:53:51Z 210M-smaller_market_shock-s93002-seat1 exit=0 wall=174s
2026-09-30T23:54:09Z 210M-smaller_market_shock-s93008-seat1 exit=0 wall=192s
2026-09-30T23:54:09Z 210M-smaller_market_shock-s93008-seat0 exit=0 wall=192s
2026-09-30T23:54:09Z 210M-smaller_market_shock-s93005-seat0 exit=0 wall=192s
2026-09-30T23:54:10Z 210M-cha22-s93005-seat1 exit=0 wall=193s
2026-09-30T23:54:11Z 210M-smaller_market_shock-s93002-seat0 exit=0 wall=194s
2026-09-30T23:54:11Z 210M-smaller_market_shock-s93006-seat1 exit=0 wall=194s
2026-09-30T23:54:11Z 210M-cha22-s93003-seat0 exit=0 wall=194s
2026-09-30T23:54:12Z 210M-smaller_market_shock-s93006-seat0 exit=0 wall=195s
2026-09-30T23:54:12Z 210M-smaller_market_shock-s93003-seat0 exit=0 wall=195s
2026-09-30T23:54:13Z 210M-cha22-s93006-seat0 exit=0 wall=196s
2026-09-30T23:54:13Z 210M-smaller_market_shock-s93001-seat0 exit=0 wall=196s
2026-09-30T23:54:13Z 210M-cha22-s93004-seat1 exit=0 wall=196s
2026-09-30T23:54:14Z 210M-cha22-s93002-seat1 exit=0 wall=197s
2026-09-30T23:54:14Z 210M-cha22-s93004-seat0 exit=0 wall=197s
2026-09-30T23:54:15Z 210M-smaller_market_shock-s93007-seat1 exit=0 wall=198s
2026-09-30T23:54:15Z 210M-cha22-s93005-seat0 exit=0 wall=198s
2026-09-30T23:54:15Z 210M-smaller_market_shock-s93001-seat1 exit=0 wall=198s
2026-09-30T23:54:17Z 210M-cha22-s93001-seat0 exit=0 wall=200s
2026-09-30T23:54:17Z 210M-smaller_market_shock-s93004-seat1 exit=0 wall=200s
2026-09-30T23:54:18Z 210M-smaller_market_shock-s93003-seat1 exit=0 wall=201s
2026-09-30T23:54:20Z 210M-smaller_market_shock-s93007-seat0 exit=0 wall=203s
2026-09-30T23:54:22Z 210M-cha22-s93002-seat0 exit=0 wall=205s
2026-09-30T23:54:22Z 210M-cha22-s93001-seat1 exit=0 wall=205s
2026-09-30T23:54:23Z 210M-cha22-s93007-seat1 exit=0 wall=206s
2026-09-30T23:54:24Z 210M-smaller_market_shock-s93005-seat1 exit=0 wall=207s
2026-09-30T23:54:25Z 210M-cha22-s93007-seat0 exit=0 wall=208s
2026-09-30T23:54:25Z 210M-smaller_market_shock-s93004-seat0 exit=0 wall=208s
2026-09-30T23:55:58Z 210M-cha22-s93008-seat0 exit=0 wall=155s
2026-09-30T23:56:04Z 210M-cha22-s93008-seat1 exit=0 wall=141s
2026-09-30T23:56:20Z 210M-v56-s93003-seat1 exit=0 wall=129s
2026-09-30T23:56:24Z 210M-v56-s93008-seat1 exit=0 wall=129s
2026-09-30T23:56:25Z 210M-v56-s93007-seat1 exit=0 wall=131s
2026-09-30T23:56:25Z 210M-v56-s93005-seat1 exit=0 wall=133s
2026-09-30T23:56:36Z 210M-v56-s93006-seat1 exit=0 wall=143s
2026-09-30T23:56:46Z 210M-v56-s93005-seat0 exit=0 wall=154s
2026-09-30T23:56:51Z 210M-v56-s93002-seat0 exit=0 wall=162s
2026-09-30T23:56:52Z 210M-v56-s93008-seat0 exit=0 wall=158s
2026-09-30T23:56:53Z 210M-v56-s93006-seat0 exit=0 wall=160s
2026-09-30T23:56:55Z 210M-v56-s93001-seat1 exit=0 wall=166s
2026-09-30T23:56:57Z 210M-v56-s93003-seat0 exit=0 wall=167s
2026-09-30T23:57:03Z 210M-v56-s93001-seat0 exit=0 wall=192s
2026-09-30T23:57:04Z 210M-v56-s93004-seat1 exit=0 wall=173s
2026-09-30T23:57:16Z 210M-v56-s93004-seat0 exit=0 wall=185s
2026-09-30T23:57:21Z 210M-v56-s93002-seat1 exit=0 wall=192s
2026-09-30T23:57:23Z 210M-v56-s93007-seat0 exit=0 wall=190s
end 2026-09-30T23:57:23Z wall_s=386
{"receipts": 48, "qualified": 48, "engine_sha256": ["f73d27ce04a6fd5ddcdd59c618e1da8c9b6fb2f27f5cf9cdc27efad942345004"], "manifest_sha256": ["c1530dd19df8ebc94d51fee0988c468ad61930b76f345bf8ea028c466c7b039e"]}
