Tue Sep 29 06:22:39 UTC 2026
📦 Including license file `LICENSE`
🍹 Building a mixed python/rust project
🔗 Found pyo3 bindings with abi3 support
🐍 Found CPython 3.12 at /workspace/kg-v3-rebuild/.venv/bin/python
📡 Using build options features from pyproject.toml
Audited 9 packages in 9ms
Resolved 44 packages in 435ms
Audited 44 packages in 0.59ms
   Compiling target-lexicon v0.13.5
   Compiling autocfg v1.5.0
   Compiling proc-macro2 v1.0.106
   Compiling unicode-ident v1.0.24
   Compiling libc v0.2.186
   Compiling quote v1.0.45
   Compiling crossbeam-utils v0.8.21
   Compiling heck v0.5.0
   Compiling rawpointer v0.2.1
   Compiling rand_core v0.10.1
   Compiling rayon-core v1.13.0
   Compiling cfg-if v1.0.4
   Compiling getrandom v0.4.2
   Compiling once_cell v1.21.4
   Compiling cpufeatures v0.3.0
   Compiling either v1.15.0
   Compiling rustc-hash v2.1.2
   Compiling chacha20 v0.10.0
   Compiling num-traits v0.2.19
   Compiling matrixmultiply v0.3.10
   Compiling crossbeam-epoch v0.9.18
   Compiling pyo3-build-config v0.28.3
   Compiling crossbeam-deque v0.8.6
   Compiling syn v2.0.117
   Compiling num-complex v0.4.6
   Compiling num-integer v0.1.46
   Compiling rand v0.10.1
   Compiling rayon v1.12.0
   Compiling ndarray v0.17.2
   Compiling pyo3-ffi v0.28.3
   Compiling pyo3-macros-backend v0.28.3
   Compiling pyo3 v0.28.3
   Compiling numpy v0.28.0
   Compiling owl v0.1.0 (/workspace/kg-v3-rebuild)
   Compiling pyo3-macros v0.28.3
    Finished `dev` profile [unoptimized + debuginfo] target(s) in 7.37s
📦 Built wheel for abi3 Python ≥ 3.11 to /tmp/.tmp35rP3s/owl-0.1.0-cp311-abi3-linux_x86_64.whl
✏️ Setting installed package as editable
🛠 Installed owl-0.1.0

real	0m8.118s
user	0m16.762s
sys	0m3.182s
exit=0
