buffer-length 101 True
buffer-zero-env 101 True
buffer-product 101 True
buffer-publication 101 True
buffer-clear 101 True
config-envelope 101 True
config-day-bound 101 True
finite-f32 101 True
hire-own-rival 101 True
tile-coordinate 101 True
actor-coordinate 101 True
seat-privacy 101 True
inventory-rank 101 True
storage-rank 101 True
row-diagnostic 101 True
one-snapshot 101 True
relocated-root-grammar 101 True
reconstruction-scalar 101 True
bitwise-signed-zero 101 True
reconstruction-duplicate 101 True
reconstruction-zero-hole 101 True
byteplane-order 101 True
record-strict-header 101 True
legacy-domain 101 True
full-corpus-market 101 True
l4-feature-unification 101 True
all tracked hashes identical 1633
