{"unix": 1790679151.419, "event": "process", "case": "kgA_bf16_comp_aten", "dryrun": false, "torch": "2.9.0+cu128", "torch_git": "0fabc3ba44823f257e70ce397d989c8de5e362c1", "cuda_runtime": "12.8", "model_file": "/workspace/kg-v3-rebuild/python/owl/model/stateless_transformer_v1.py", "flash_attn_available": true, "max_autotune_gemm_backends": "ATEN", "tf32_matmul": true, "tf32_cudnn": true, "actor_head_init_gain_src": 0.01, "critic_head_init_gain_src": 1.0, "git": {"head": "8fde43cd7408c9c4f9147eeb8f916bd08f8266ed", "tree": "70d50fa37e66aa322e8db00c9359d3f9e3031499", "porcelain": ""}, "flash_attn": "2.8.3", "triton": "3.5.0", "device_name": "NVIDIA RTX PRO 6000 Blackwell Server Edition", "cuda_visible_devices": "0"}
Autotune Choices Stats:
{"num_choices": 2, "num_triton_choices": 0, "best_kernel": "bias_addmm", "best_time": 0.12268800288438797}
AUTOTUNE addmm(77568x256, 77568x256, 256x256)
strides: [0, 1], [256, 1], [1, 256]
dtypes: torch.bfloat16, torch.bfloat16, torch.bfloat16
  bias_addmm 0.1227 ms 100.0% 
  addmm 0.1422 ms 86.3% 
SingleProcess AUTOTUNE benchmarking takes 0.0636 seconds and 0.0001 seconds precompiling for 2 choices
V0929 10:52:51.789000 192413 .venv/lib/python3.12/site-packages/torch/_dynamo/guards.py:4181] [0/1] [__recompiles] Recompiling function _forward_transformer_trunk in /workspace/kg-v3-rebuild/python/owl/model/kaggriculture.py:507
V0929 10:52:51.789000 192413 .venv/lib/python3.12/site-packages/torch/_dynamo/guards.py:4181] [0/1] [__recompiles]     triggered by the following guard failure(s):
V0929 10:52:51.789000 192413 .venv/lib/python3.12/site-packages/torch/_dynamo/guards.py:4181] [0/1] [__recompiles]     - 0/0: GLOBAL_STATE changed: grad_mode 
Autotune Choices Stats:
{"num_choices": 2, "num_triton_choices": 0, "best_kernel": "bias_addmm", "best_time": 0.2205439954996109}
AUTOTUNE addmm(77568x512, 77568x256, 256x512)
strides: [0, 1], [256, 1], [1, 256]
dtypes: torch.bfloat16, torch.bfloat16, torch.bfloat16
  bias_addmm 0.2205 ms 100.0% 
  addmm 0.2703 ms 81.6% 
SingleProcess AUTOTUNE benchmarking takes 0.0844 seconds and 0.0002 seconds precompiling for 2 choices
{"unix": 1790679195.192, "event": "result", "case": "kgA_bf16_comp_aten", "output_layer_spectral_norms": {"critic": [1.0], "actor": [0.01, 0.01, 0.01, 0.01, 0.01, 0.01, 0.01, 0.01, 0.01]}, "precision": "bf16", "trunk": "compiled", "rows": [256, 1024], "force_flash_attn": true, "tf32_matmul": true, "inductor_coalesce_tiling_analysis": true, "steps": {"pair_256": "ok", "hidden_256": "ok", "pair_1024": "ok", "hidden_1024": "ok", "gain1_pair_256": "ok", "gain1_pair_1024": "ok"}, "default_gain_256": {"pair": {"values": {"n": 256, "max_abs": 0.019528746604919434, "mean_abs": 0.004206656478345394, "rms": 0.005399604793637991, "p99_abs": 0.011717438697814941, "exact_equal_frac": 0.25390625, "ref_max_abs": 0.20599418878555298, "ref_mean_abs": 0.05560867860913277, "rel_mean": 0.07564748078584671, "rel_max": 0.09480241686105728, "nonfinite": 0}, "critic_logit_diff": {"n": 256, "max_abs": 0.0390625, "mean_abs": 0.00845338124781847, "rms": 0.010847102850675583, "p99_abs": 0.023437585681676865, "exact_equal_frac": 0.10546875, "ref_max_abs": 0.41796863079071045, "ref_mean_abs": 0.1115722581744194, "rel_mean": 0.07576597481966019, "rel_max": 0.09345796704292297, "nonfinite": 0}, "logp_event": {"n": 774144, "max_abs": 0.0003693103790283203, "mean_abs": 1.2482680631364929e-06, "rms": 1.1096470188931562e-05, "p99_abs": 5.1975250244140625e-05, "exact_equal_frac": 0.9796368479728699, "ref_max_abs": 3.500237226486206, "ref_mean_abs": 0.05444471165537834, "rel_mean": 2.2927260943106376e-05, "rel_ma
{"unix": 1790679195.193, "event": "done", "case": "kgA_bf16_comp_aten"}
