wandb: Tracking run with wandb version 0.26.1
wandb: W&B syncing is set to `offline` in this directory. Run `wandb online` or set WANDB_MODE=online to enable cloud syncing.
wandb: Run data is saved locally in ops/rebuild-2026-09-29/3.5/runs/20260930-014242/wandb/offline-run-20260930_014243-a7ohw4cb
0env steps [00:00, ?env steps/s]32env steps [00:00, 108.21env steps/s]64env steps [00:00, 116.81env steps/s]64env steps [00:00, 115.33env steps/s]
wandb: 
wandb: Run history:
wandb:                loss/entropy_loss ▁█
wandb:                 loss/policy_loss ▁█
wandb:             loss/teacher_kl_loss ▁▁
wandb:          loss/teacher_value_loss ▁▁
wandb:                  loss/total_loss █▁
wandb:                  loss/value_loss █▁
wandb:              optimizer/grad_norm ▁█
wandb:          optimizer/learning_rate ▁█
wandb: optimizer/minibatches_per_update ▁▁
wandb:                  optimizer/steps ▁█
wandb:                              +48 ...
wandb: 
wandb: Run summary:
wandb:                loss/entropy_loss -4e-05
wandb:                 loss/policy_loss 0.0
wandb:             loss/teacher_kl_loss 0
wandb:          loss/teacher_value_loss 0
wandb:                  loss/total_loss 0.00133
wandb:                  loss/value_loss 0.00069
wandb:              optimizer/grad_norm 2.98284
wandb:          optimizer/learning_rate 1e-05
wandb: optimizer/minibatches_per_update 2
wandb:                  optimizer/steps 4
wandb:                              +49 ...
wandb: 
wandb: You can sync this run to the cloud by running:
wandb: wandb sync ops/rebuild-2026-09-29/3.5/runs/20260930-014242/wandb/offline-run-20260930_014243-a7ohw4cb
wandb: Find logs at: ops/rebuild-2026-09-29/3.5/runs/20260930-014242/wandb/offline-run-20260930_014243-a7ohw4cb/logs
        2.95 real         1.98 user         0.72 sys
           502300672  maximum resident set size
                   0  average shared memory size
                   0  average unshared data size
                   0  average unshared stack size
               77126  page reclaims
                7904  page faults
                   0  swaps
                   0  block input operations
                   0  block output operations
                 120  messages sent
                  90  messages received
                  16  signals received
                5147  voluntary context switches
               19902  involuntary context switches
           378347476  instructions retired
           142819275  cycles elapsed
            19251608  peak memory footprint
