uvx ruff check python/ scripts/ tests/ --select I --fix
All checks passed!
uvx ruff format python/ scripts/ tests/
137 files left unchanged
uv run python scripts/check_python_311_syntax.py
uvx ruff check python/ scripts/ tests/
All checks passed!
uv run mypy python/ scripts/
Success: no issues found in 70 source files
uv run pytest tests/ -m "not slow"
============================= test session starts ==============================
platform darwin -- Python 3.12.13, pytest-9.0.3, pluggy-1.6.0
rootdir: /Users/poonszesen/kg-v3-t31
configfile: pyproject.toml
plugins: anyio-4.14.2
collected 2397 items

tests/kaggriculture/test_base_generics_typing.py .                       [  0%]
tests/kaggriculture/test_codec.py .............................          [  1%]
tests/kaggriculture/test_compile_gemm_backends.py ...................... [  2%]
.................................                                        [  3%]
tests/kaggriculture/test_configs.py .................................... [  5%]
.............                                                            [  5%]
tests/kaggriculture/test_env.py ........................................ [  7%]
..............                                                           [  7%]
tests/kaggriculture/test_env_cuda_fence.py s                             [  7%]
tests/kaggriculture/test_env_reference.py .                              [  7%]
tests/kaggriculture/test_evaluation.py .............                     [  8%]
tests/kaggriculture/test_game.py ...........................             [  9%]
tests/kaggriculture/test_gpu_grammar.py ........................         [ 10%]
tests/kaggriculture/test_model_compile.py ...........                    [ 11%]
tests/kaggriculture/test_model_encoder.py .............................. [ 12%]
.............                                                            [ 12%]
tests/kaggriculture/test_model_heads.py ................................ [ 14%]
.................................                                        [ 15%]
tests/kaggriculture/test_model_registration.py .......                   [ 15%]
tests/kaggriculture/test_native_env.py ................................. [ 17%]
........................................................................ [ 20%]
........................................................................ [ 23%]
........................................................................ [ 26%]
........................................................................ [ 29%]
........................                                                 [ 30%]
tests/kaggriculture/test_native_grammar_bindings.py .................... [ 31%]
.......................                                                  [ 32%]
tests/kaggriculture/test_native_tables.py ......................         [ 32%]
tests/kaggriculture/test_observe.py ..ss................................ [ 34%]
.....................                                                    [ 35%]
tests/kaggriculture/test_rewards.py .................................... [ 36%]
......                                                                   [ 37%]
tests/kaggriculture/test_teacher.py .................................... [ 38%]
................                                                         [ 39%]
tests/kaggriculture/test_training_semantics.py ......................... [ 40%]
..                                                                       [ 40%]
tests/kaggriculture/test_training_smoke.py ...                           [ 40%]
tests/kaggriculture/test_types.py ...................................... [ 42%]
........................................................................ [ 45%]
................                                                         [ 45%]
tests/owl/agent/test_agent.py .......................................... [ 47%]
...........                                                              [ 47%]
tests/owl/agent/test_kaggle_engine_sanitization.py ....                  [ 48%]
tests/owl/agent/test_kaggle_observation.py ...                           [ 48%]
tests/owl/model/test_attn.py .....ss                                     [ 48%]
tests/owl/model/test_model_config_files.py ............................. [ 49%]
..................                                                       [ 50%]
tests/owl/model/test_recurrent_transformer_v1.py ..............          [ 51%]
tests/owl/model/test_stateless_transformer_v1.py ....................... [ 52%]
........................................................................ [ 55%]
...............................                                          [ 56%]
tests/owl/model/test_teacher_targets.py ............................     [ 57%]
tests/owl/test_checkpoint_quantization.py .............................. [ 58%]
..............                                                           [ 59%]
tests/owl/test_config.py .........                                       [ 59%]
tests/owl/test_int8_emulation.py ...s                                    [ 59%]
tests/owl/test_replay.py ...                                             [ 60%]
tests/owl/test_rl.py ................................................... [ 62%]
...........................                                              [ 63%]
tests/owl/train/test_advantages.py ..............                        [ 63%]
tests/owl/train/test_config.py ......................................... [ 65%]
............................                                             [ 66%]
tests/owl/train/test_distributed.py ...................                  [ 67%]
tests/owl/train/test_logging.py ..........                               [ 67%]
tests/owl/train/test_loss.py .............                               [ 68%]
tests/owl/train/test_metrics.py ..                                       [ 68%]
tests/owl/train/test_optimizer.py ...........                            [ 69%]
tests/owl/train/test_ppo.py ............................................ [ 70%]
...............................                                          [ 72%]
tests/owl/train/test_ppo_observation_mapping.py ........................ [ 73%]
........................................................................ [ 76%]
........................................................................ [ 79%]
.............................                                            [ 80%]
tests/scripts/test_benchmark_checkpoints.py ............................ [ 81%]
...........                                                              [ 82%]
tests/scripts/test_download_replays.py ....                              [ 82%]
tests/scripts/test_extract_model_weights.py .................            [ 82%]
tests/scripts/test_kaggriculture_parity.py ..................            [ 83%]
tests/scripts/test_kaggriculture_select_replays.py .................     [ 84%]
tests/scripts/test_roundtrip_checkpoint_quantization.py ................ [ 85%]
..                                                                       [ 85%]
tests/scripts/test_run_ppo.py .......................................... [ 86%]
........................................................................ [ 89%]
........................                                                 [ 90%]
tests/tools/test_check_engine_trim.py .................................. [ 92%]
.............................................                            [ 94%]
tests/tools/test_observation_oracle_custody.py ......................... [ 95%]
............................                                             [ 96%]
tests/tools/test_record_grammar_reference.py .........................   [ 97%]
tests/tools/test_record_kaggriculture_env_reference.py ................. [ 98%]
...........................................                              [ 99%]
tests/tools/test_replay_viewer.py ..                                     [100%]

=========================== short test summary info ============================
SKIPPED [1] tests/kaggriculture/test_env_cuda_fence.py:11: CUDA is unavailable
SKIPPED [2] tests/kaggriculture/test_observe.py:288: pinned host memory requires CUDA
SKIPPED [1] tests/owl/model/test_attn.py:60: flash-attn CUDA backend is not available
SKIPPED [1] tests/owl/model/test_attn.py:80: flash-attn CUDA backend is not available
SKIPPED [1] tests/owl/test_int8_emulation.py:15: x86 torch quantized backend is unavailable: qnnpack
======================= 2391 passed, 6 skipped in 48.47s =======================
uv run python scripts/check_doc_freshness.py
No doc updates required
       55.75 real        47.48 user         8.51 sys
          2096578560  maximum resident set size
                   0  average shared memory size
                   0  average unshared data size
                   0  average unshared stack size
             1848274  page reclaims
               10356  page faults
                   0  swaps
                   0  block input operations
                   0  block output operations
                  10  messages sent
                  10  messages received
                  11  signals received
               21726  voluntary context switches
              223754  involuntary context switches
           424540024  instructions retired
           106135671  cycles elapsed
            15483288  peak memory footprint
