    Checking num-traits v0.2.19
    Checking serde_core v1.0.228
    Checking num-integer v0.1.46
    Checking libc v0.2.186
    Checking crossbeam-utils v0.8.21
    Checking equivalent v1.0.2
    Checking hashbrown v0.17.0
    Checking crossbeam-epoch v0.9.18
    Checking zmij v1.0.21
    Checking num-bigint v0.4.8
    Checking indexmap v2.14.0
    Checking memchr v2.8.0
    Checking rand_core v0.10.1
    Checking cfg-if v1.0.4
    Checking itoa v1.0.18
    Checking rawpointer v0.2.1
    Checking matrixmultiply v0.3.10
    Checking serde_json v1.0.151
    Checking num-rational v0.4.2
    Checking serde v1.0.228
    Checking crossbeam-deque v0.8.6
    Checking pyo3-ffi v0.28.3
    Checking num-complex v0.4.6
    Checking once_cell v1.21.4
    Checking pyo3 v0.28.3
    Checking ndarray v0.17.2
    Checking kaggriculture-engine v0.1.0 (/Users/poonszesen/kg-v3-sps-py/engine_rs)
    Checking rayon-core v1.13.0
    Checking getrandom v0.4.2
    Checking chacha20 v0.10.0
   Compiling owl v0.1.0 (/Users/poonszesen/kg-v3-sps-py)
    Checking rustc-hash v2.1.2
    Checking either v1.15.0
    Checking rayon v1.12.0
    Checking numpy v0.28.0
    Checking rand v0.10.1
    Checking kaggriculture-opponents v0.1.0 (/Users/poonszesen/kg-v3-sps-py/opponents_rs)
    Finished `dev` profile [unoptimized + debuginfo] target(s) in 8.73s
