📦 Including license file `LICENSE`
🍹 Building a mixed python/rust project
🔗 Found pyo3 bindings with abi3 support
🐍 Found CPython 3.12 at /Users/poonszesen/kg-v3-sps-py/.venv/bin/python
📡 Using build options features from pyproject.toml
💻 Using `MACOSX_DEPLOYMENT_TARGET=11.0` for aarch64-apple-darwin by default
   Compiling target-lexicon v0.13.5
   Compiling autocfg v1.5.0
   Compiling proc-macro2 v1.0.106
   Compiling pyo3-build-config v0.28.3
   Compiling quote v1.0.45
   Compiling unicode-ident v1.0.24
   Compiling num-traits v0.2.19
   Compiling syn v2.0.117
   Compiling serde_core v1.0.228
   Compiling libc v0.2.186
   Compiling num-integer v0.1.46
   Compiling crossbeam-utils v0.8.21
   Compiling pyo3-ffi v0.28.3
   Compiling pyo3-macros-backend v0.28.3
   Compiling zmij v1.0.21
   Compiling matrixmultiply v0.3.10
   Compiling serde_json v1.0.151
   Compiling hashbrown v0.17.0
   Compiling serde v1.0.228
   Compiling heck v0.5.0
   Compiling equivalent v1.0.2
   Compiling indexmap v2.14.0
   Compiling crossbeam-epoch v0.9.18
   Compiling num-bigint v0.4.8
   Compiling serde_derive v1.0.228
   Compiling pyo3 v0.28.3
   Compiling rand_core v0.10.1
   Compiling rayon-core v1.13.0
   Compiling rawpointer v0.2.1
   Compiling getrandom v0.4.2
   Compiling memchr v2.8.0
   Compiling cfg-if v1.0.4
   Compiling itoa v1.0.18
   Compiling num-rational v0.4.2
   Compiling crossbeam-deque v0.8.6
   Compiling pyo3-macros v0.28.3
   Compiling num-complex v0.4.6
   Compiling numpy v0.28.0
   Compiling once_cell v1.21.4
   Compiling kaggriculture-engine v0.1.0 (/Users/poonszesen/kg-v3-sps-py/engine_rs)
   Compiling ndarray v0.17.2
   Compiling chacha20 v0.10.0
   Compiling owl v0.1.0 (/Users/poonszesen/kg-v3-sps-py)
   Compiling rustc-hash v2.1.2
   Compiling either v1.15.0
   Compiling rayon v1.12.0
   Compiling rand v0.10.1
   Compiling kaggriculture-opponents v0.1.0 (/Users/poonszesen/kg-v3-sps-py/opponents_rs)
    Finished `dev` profile [unoptimized + debuginfo] target(s) in 41.40s
📦 Built wheel for abi3 Python ≥ 3.11 to /tmp/kg-sps-wheels/owl-0.1.0-cp311-abi3-macosx_11_0_arm64.whl
