SPS runtime verified: interpreter=/Users/poonszesen/kg-v3-sps/.venv/bin/python; prefix=/Users/poonszesen/kg-v3-sps/.venv; extension=/Users/poonszesen/kg-v3-sps/python/owl/rs.abi3.so
============================= test session starts ==============================
platform darwin -- Python 3.12.13, pytest-9.0.3, pluggy-1.6.0
rootdir: /Users/poonszesen/kg-v3-sps
configfile: pyproject.toml
plugins: anyio-4.14.2
collected 3024 items

tests/kaggriculture/test_base_generics_typing.py .                       [  0%]
tests/kaggriculture/test_bc.py ......................................... [  1%]
....s..................                                                  [  2%]
tests/kaggriculture/test_codec.py .............................          [  3%]
tests/kaggriculture/test_compile_gemm_backends.py ...................... [  3%]
....................................                                     [  5%]
tests/kaggriculture/test_configs.py .................................... [  6%]
........................................................................ [  8%]
...................................                                      [  9%]
tests/kaggriculture/test_critic_offset.py .....................          [ 10%]
tests/kaggriculture/test_env.py ........................................ [ 11%]
................                                                         [ 12%]
tests/kaggriculture/test_env_cuda_fence.py s                             [ 12%]
tests/kaggriculture/test_env_reference.py .                              [ 12%]
tests/kaggriculture/test_evaluation.py .............                     [ 12%]
tests/kaggriculture/test_game.py ...........................             [ 13%]
tests/kaggriculture/test_gpu_grammar.py ........................         [ 14%]
tests/kaggriculture/test_initial_stagger.py ..................           [ 15%]
tests/kaggriculture/test_model_compile.py ...........                    [ 15%]
tests/kaggriculture/test_model_encoder.py .............................. [ 16%]
.............                                                            [ 16%]
tests/kaggriculture/test_model_heads.py ................................ [ 17%]
.................................                                        [ 19%]
tests/kaggriculture/test_model_registration.py .......                   [ 19%]
tests/kaggriculture/test_native_env.py ................................. [ 20%]
........................................................................ [ 22%]
........................................................................ [ 25%]
........................................................................ [ 27%]
........................................................................ [ 29%]
................................                                         [ 30%]
tests/kaggriculture/test_native_grammar_bindings.py .................... [ 31%]
.......................                                                  [ 32%]
tests/kaggriculture/test_native_step_parity.py .......                   [ 32%]
tests/kaggriculture/test_native_tables.py ......................         [ 33%]
tests/kaggriculture/test_observe.py ..ss................................ [ 34%]
.....................                                                    [ 35%]
tests/kaggriculture/test_opponent_mix.py .......................         [ 35%]
tests/kaggriculture/test_rewards.py .................................... [ 37%]
................................................                         [ 38%]
tests/kaggriculture/test_teacher.py .................................... [ 39%]
................                                                         [ 40%]
tests/kaggriculture/test_telemetry.py ..........                         [ 40%]
tests/kaggriculture/test_training_semantics.py ......................... [ 41%]
......................................................                   [ 43%]
tests/kaggriculture/test_training_smoke.py .....                         [ 43%]
tests/kaggriculture/test_types.py ...................................... [ 44%]
........................................................................ [ 47%]
................                                                         [ 47%]
tests/owl/agent/test_agent.py .......................................... [ 49%]
...........                                                              [ 49%]
tests/owl/agent/test_kaggle_engine_sanitization.py ....                  [ 49%]
tests/owl/agent/test_kaggle_observation.py ...                           [ 49%]
tests/owl/kaggriculture/test_opponents.py ............                   [ 50%]
tests/owl/model/test_attn.py .....ss                                     [ 50%]
tests/owl/model/test_model_config_files.py ............................. [ 51%]
...................                                                      [ 51%]
tests/owl/model/test_recurrent_transformer_v1.py ..............          [ 52%]
tests/owl/model/test_stateless_transformer_v1.py ....................... [ 53%]
........................................................................ [ 55%]
...............................                                          [ 56%]
tests/owl/model/test_teacher_targets.py ............................     [ 57%]
tests/owl/test_checkpoint_quantization.py .............................. [ 58%]
..............                                                           [ 58%]
tests/owl/test_config.py .........                                       [ 59%]
tests/owl/test_int8_emulation.py ...s                                    [ 59%]
tests/owl/test_replay.py ...                                             [ 59%]
tests/owl/test_rl.py ................................................... [ 61%]
...........................                                              [ 62%]
tests/owl/train/test_advantages.py ..............                        [ 62%]
tests/owl/train/test_config.py ......................................... [ 63%]
.........................................                                [ 65%]
tests/owl/train/test_distributed.py ...................                  [ 65%]
tests/owl/train/test_logging.py ........................................ [ 67%]
..................................................                       [ 68%]
tests/owl/train/test_loss.py .............                               [ 69%]
tests/owl/train/test_metrics.py ..                                       [ 69%]
tests/owl/train/test_optimizer.py ...........                            [ 69%]
tests/owl/train/test_ppo.py ............................................ [ 71%]
.................................                                        [ 72%]
tests/owl/train/test_ppo_observation_mapping.py ........................ [ 73%]
........................................................................ [ 75%]
........................................................................ [ 77%]
.............................                                            [ 78%]
tests/scripts/test_benchmark_checkpoints.py ............................ [ 79%]
...........                                                              [ 80%]
tests/scripts/test_download_replays.py ....                              [ 80%]
tests/scripts/test_export_wandb_netrc_entry.py ...                       [ 80%]
tests/scripts/test_extract_model_weights.py .................            [ 80%]
tests/scripts/test_kaggriculture_parity.py .................s........... [ 81%]
..........                                                               [ 82%]
tests/scripts/test_kaggriculture_prepare_bc.py ......................... [ 82%]
.                                                                        [ 82%]
tests/scripts/test_kaggriculture_select_replays.py .................     [ 83%]
tests/scripts/test_roundtrip_checkpoint_quantization.py ................ [ 84%]
..                                                                       [ 84%]
tests/scripts/test_run_ppo.py .......................................... [ 85%]
........................................................................ [ 87%]
............................................................             [ 89%]
tests/tools/test_check_engine_trim.py .................................. [ 91%]
...................................................                      [ 92%]
tests/tools/test_check_opponent_import.py .............................. [ 93%]
.................................s.................                      [ 95%]
tests/tools/test_observation_oracle_custody.py .......................FF [ 96%]
FF..........................                                             [ 97%]
tests/tools/test_record_grammar_reference.py .........................   [ 97%]
tests/tools/test_record_kaggriculture_env_reference.py ................. [ 98%]
...........................................                              [ 99%]
tests/tools/test_replay_viewer.py ..                                     [100%]

=================================== FAILURES ===================================
____________ test_bounded_command_reports_process_group_memory_stop ____________

monkeypatch = <_pytest.monkeypatch.MonkeyPatch object at 0x14651b9b0>

    def test_bounded_command_reports_process_group_memory_stop(
        monkeypatch: pytest.MonkeyPatch,
    ) -> None:
        monkeypatch.setattr(oracle, "group_rss", lambda _group: 1_000_000_000)
        with pytest.raises(RuntimeError, match="reason=aggregate RSS"):
>           oracle.run([sys.executable, "-c", "import time; time.sleep(30)"])

tests/tools/test_observation_oracle_custody.py:314: 
_ _ _ _ _ _ _ _ _ _ _ _ _ _ _ _ _ _ _ _ _ _ _ _ _ _ _ _ _ _ _ _ _ _ _ _ _ _ _ _ 

argv = ['/Users/poonszesen/kg-v3-sps/.venv/bin/python', '-c', 'import time; time.sleep(30)']

    def run(
        argv: list[str], *, cwd: Path = ROOT, env: dict[str, str] | None = None
    ) -> bytes:
        """Hard wall/process-group cleanup; sampled aggregate RSS stays below 1 GB.
    
        The budget charges the child group plus caller-group growth after launch.
        Memory the caller already held (for example pytest with torch loaded under
        `just prepare`) is the caller's, not this command's.
        """
        if time.monotonic() >= RUN_DEADLINE:
>           raise RuntimeError("shared oracle execution deadline expired before launch")
E           RuntimeError: shared oracle execution deadline expired before launch

scripts/kaggriculture_observation_oracle/regenerate.py:827: RuntimeError

During handling of the above exception, another exception occurred:

monkeypatch = <_pytest.monkeypatch.MonkeyPatch object at 0x14651b9b0>

    def test_bounded_command_reports_process_group_memory_stop(
        monkeypatch: pytest.MonkeyPatch,
    ) -> None:
        monkeypatch.setattr(oracle, "group_rss", lambda _group: 1_000_000_000)
>       with pytest.raises(RuntimeError, match="reason=aggregate RSS"):
             ^^^^^^^^^^^^^^^^^^^^^^^^^^^^^^^^^^^^^^^^^^^^^^^^^^^^^^^^^
E       AssertionError: Regex pattern did not match.
E         Expected regex: 'reason=aggregate RSS'
E         Actual message: 'shared oracle execution deadline expired before launch'

tests/tools/test_observation_oracle_custody.py:313: AssertionError
__________________ test_bounded_command_returns_exact_stdout ___________________

    def test_bounded_command_returns_exact_stdout() -> None:
        assert (
>           oracle.run(
                [sys.executable, "-c", "import sys; sys.stdout.buffer.write(b'\\x00\\x80')"]
            )
            == b"\x00\x80"
        )

tests/tools/test_observation_oracle_custody.py:319: 
_ _ _ _ _ _ _ _ _ _ _ _ _ _ _ _ _ _ _ _ _ _ _ _ _ _ _ _ _ _ _ _ _ _ _ _ _ _ _ _ 

argv = ['/Users/poonszesen/kg-v3-sps/.venv/bin/python', '-c', "import sys; sys.stdout.buffer.write(b'\\x00\\x80')"]

    def run(
        argv: list[str], *, cwd: Path = ROOT, env: dict[str, str] | None = None
    ) -> bytes:
        """Hard wall/process-group cleanup; sampled aggregate RSS stays below 1 GB.
    
        The budget charges the child group plus caller-group growth after launch.
        Memory the caller already held (for example pytest with torch loaded under
        `just prepare`) is the caller's, not this command's.
        """
        if time.monotonic() >= RUN_DEADLINE:
>           raise RuntimeError("shared oracle execution deadline expired before launch")
E           RuntimeError: shared oracle execution deadline expired before launch

scripts/kaggriculture_observation_oracle/regenerate.py:827: RuntimeError
__________ test_preexisting_caller_memory_is_not_charged_to_the_child __________

monkeypatch = <_pytest.monkeypatch.MonkeyPatch object at 0x14026ce90>

    def test_preexisting_caller_memory_is_not_charged_to_the_child(
        monkeypatch: pytest.MonkeyPatch,
    ) -> None:
        # A large caller (pytest with torch under `just prepare`) already holds more
        # than the budget before launch; only growth after launch counts.
        real = oracle.group_rss
        caller = os.getpgrp()
        monkeypatch.setattr(
            oracle,
            "group_rss",
            lambda group: 1_500_000_000 if group == caller else real(group),
        )
>       assert oracle.run([sys.executable, "-c", "print('ok')"]) == b"ok\n"
               ^^^^^^^^^^^^^^^^^^^^^^^^^^^^^^^^^^^^^^^^^^^^^^^^^

tests/tools/test_observation_oracle_custody.py:338: 
_ _ _ _ _ _ _ _ _ _ _ _ _ _ _ _ _ _ _ _ _ _ _ _ _ _ _ _ _ _ _ _ _ _ _ _ _ _ _ _ 

argv = ['/Users/poonszesen/kg-v3-sps/.venv/bin/python', '-c', "print('ok')"]

    def run(
        argv: list[str], *, cwd: Path = ROOT, env: dict[str, str] | None = None
    ) -> bytes:
        """Hard wall/process-group cleanup; sampled aggregate RSS stays below 1 GB.
    
        The budget charges the child group plus caller-group growth after launch.
        Memory the caller already held (for example pytest with torch loaded under
        `just prepare`) is the caller's, not this command's.
        """
        if time.monotonic() >= RUN_DEADLINE:
>           raise RuntimeError("shared oracle execution deadline expired before launch")
E           RuntimeError: shared oracle execution deadline expired before launch

scripts/kaggriculture_observation_oracle/regenerate.py:827: RuntimeError
_________________ test_caller_growth_after_launch_still_counts _________________

monkeypatch = <_pytest.monkeypatch.MonkeyPatch object at 0x140a36a20>

    def test_caller_growth_after_launch_still_counts(
        monkeypatch: pytest.MonkeyPatch,
    ) -> None:
        caller = os.getpgrp()
        samples = iter([0])
        monkeypatch.setattr(
            oracle,
            "group_rss",
            lambda group: next(samples, 1_000_000_000) if group == caller else 0,
        )
        with pytest.raises(RuntimeError, match="reason=aggregate RSS"):
>           oracle.run([sys.executable, "-c", "import time; time.sleep(30)"])

tests/tools/test_observation_oracle_custody.py:352: 
_ _ _ _ _ _ _ _ _ _ _ _ _ _ _ _ _ _ _ _ _ _ _ _ _ _ _ _ _ _ _ _ _ _ _ _ _ _ _ _ 

argv = ['/Users/poonszesen/kg-v3-sps/.venv/bin/python', '-c', 'import time; time.sleep(30)']

    def run(
        argv: list[str], *, cwd: Path = ROOT, env: dict[str, str] | None = None
    ) -> bytes:
        """Hard wall/process-group cleanup; sampled aggregate RSS stays below 1 GB.
    
        The budget charges the child group plus caller-group growth after launch.
        Memory the caller already held (for example pytest with torch loaded under
        `just prepare`) is the caller's, not this command's.
        """
        if time.monotonic() >= RUN_DEADLINE:
>           raise RuntimeError("shared oracle execution deadline expired before launch")
E           RuntimeError: shared oracle execution deadline expired before launch

scripts/kaggriculture_observation_oracle/regenerate.py:827: RuntimeError

During handling of the above exception, another exception occurred:

monkeypatch = <_pytest.monkeypatch.MonkeyPatch object at 0x140a36a20>

    def test_caller_growth_after_launch_still_counts(
        monkeypatch: pytest.MonkeyPatch,
    ) -> None:
        caller = os.getpgrp()
        samples = iter([0])
        monkeypatch.setattr(
            oracle,
            "group_rss",
            lambda group: next(samples, 1_000_000_000) if group == caller else 0,
        )
>       with pytest.raises(RuntimeError, match="reason=aggregate RSS"):
             ^^^^^^^^^^^^^^^^^^^^^^^^^^^^^^^^^^^^^^^^^^^^^^^^^^^^^^^^^
E       AssertionError: Regex pattern did not match.
E         Expected regex: 'reason=aggregate RSS'
E         Actual message: 'shared oracle execution deadline expired before launch'

tests/tools/test_observation_oracle_custody.py:351: AssertionError
=========================== short test summary info ============================
SKIPPED [1] tests/kaggriculture/test_bc.py:1325: set KG_V3_BC_BEST and KG_V3_BC_SHARDS to check the real BC best
SKIPPED [1] tests/kaggriculture/test_env_cuda_fence.py:11: CUDA is unavailable
SKIPPED [2] tests/kaggriculture/test_observe.py:288: pinned host memory requires CUDA
SKIPPED [1] tests/owl/model/test_attn.py:60: flash-attn CUDA backend is not available
SKIPPED [1] tests/owl/model/test_attn.py:80: flash-attn CUDA backend is not available
SKIPPED [1] tests/owl/test_int8_emulation.py:15: x86 torch quantized backend is unavailable: qnnpack
SKIPPED [1] tests/scripts/test_kaggriculture_parity.py:371: Mac bound: committed regeneration exceeds two live games; run on pod
SKIPPED [1] tests/tools/test_check_opponent_import.py:412: original sources live in the sibling repo
FAILED tests/tools/test_observation_oracle_custody.py::test_bounded_command_reports_process_group_memory_stop
FAILED tests/tools/test_observation_oracle_custody.py::test_bounded_command_returns_exact_stdout
FAILED tests/tools/test_observation_oracle_custody.py::test_preexisting_caller_memory_is_not_charged_to_the_child
FAILED tests/tools/test_observation_oracle_custody.py::test_caller_growth_after_launch_still_counts
============ 4 failed, 3011 passed, 9 skipped in 219.40s (0:03:39) =============
