    Finished `test` profile [unoptimized + debuginfo] target(s) in 0.02s
     Running tests/oracle_parity.rs (target/debug/deps/oracle_parity-8030d8af9305f351)
running 2 tests
replay mutation: oracle-00-starter-vs-r04.jsonl.gz@37 resume step 37 seat 0 starter action.farmer[0]: native="PASS" python="TASK_7_1_MUTATION"
replay mutation: oracle-00-starter-vs-r04.jsonl.gz@37 resume step 37 seat 1 r04 action.farmer[0]: native="COLLECT_FERTILIZER" python="TASK_7_1_MUTATION"
replay mutation: oracle-00-starter-vs-r04.jsonl.gz@37 resume step 60 seat 1 r04 action.farmer[0]: native="SOUTH" python="TASK_7_1_MUTATION"
replay mutation: oracle-01-r04-vs-ecobot.jsonl.gz@37 resume step 37 seat 0 r04 action.farmer[0]: native="COLLECT_FERTILIZER" python="TASK_7_1_MUTATION"
replay mutation: oracle-01-r04-vs-ecobot.jsonl.gz@37 resume step 37 seat 1 ecobot action.farmer[0]: native="SOUTH" python="TASK_7_1_MUTATION"
replay mutation: oracle-02-ecobot-vs-e776.jsonl.gz@37 resume step 37 seat 0 ecobot action.farmer[0]: native="SOUTH" python="TASK_7_1_MUTATION"
replay mutation: oracle-02-ecobot-vs-e776.jsonl.gz@37 resume step 37 seat 1 e776 action.farmer[0]: native="EAST" python="TASK_7_1_MUTATION"
replay mutation: oracle-03-e776-vs-starter.jsonl.gz@37 resume step 37 seat 0 e776 action.farmer[0]: native="EAST" python="TASK_7_1_MUTATION"
replay mutation: oracle-03-e776-vs-starter.jsonl.gz@37 resume step 37 seat 1 starter action.farmer[0]: native="PASS" python="TASK_7_1_MUTATION"
replay mutation: oracle-04-starter-vs-r04.jsonl.gz@37 resume step 37 seat 0 starter action.farmer[0]: native="PASS" python="TASK_7_1_MUTATION"
replay mutation: oracle-04-starter-vs-r04.jsonl.gz@37 resume step 37 seat 1 r04 action.farmer[0]: native="COLLECT_FERTILIZER" python="TASK_7_1_MUTATION"
replay mutation: oracle-05-r04-vs-ecobot.jsonl.gz@37 resume step 37 seat 0 r04 action.farmer[0]: native="COLLECT_FERTILIZER" python="TASK_7_1_MUTATION"
replay mutation: oracle-05-r04-vs-ecobot.jsonl.gz@37 resume step 37 seat 1 ecobot action.farmer[0]: native="SOUTH" python="TASK_7_1_MUTATION"
replay mutation: oracle-06-ecobot-vs-e776.jsonl.gz@37 resume step 37 seat 0 ecobot action.farmer[0]: native="SOUTH" python="TASK_7_1_MUTATION"
replay mutation: oracle-06-ecobot-vs-e776.jsonl.gz@37 resume step 37 seat 1 e776 action.farmer[0]: native="EAST" python="TASK_7_1_MUTATION"
replay mutation: oracle-07-e776-vs-starter.jsonl.gz@37 resume step 37 seat 0 e776 action.farmer[0]: native="EAST" python="TASK_7_1_MUTATION"
replay mutation: oracle-07-e776-vs-starter.jsonl.gz@37 resume step 37 seat 1 starter action.farmer[0]: native="PASS" python="TASK_7_1_MUTATION"
test replay_comparison_rejects_tampered_resumed_actions_and_final_state ... ok
replay cases 24 compared resumed actions [576, 576]
test original_python_mid_episode_replays_match_native_resumed_actions ... ok
test result: ok. 2 passed; 0 failed; 0 ignored; 0 measured; 3 filtered out; finished in 19.14s
