/workspace/kg-v3/.venv/lib/python3.12/site-packages/torch/backends/__init__.py:46: UserWarning: Please use the new API settings to control TF32 behavior, such as torch.backends.cudnn.conv.fp32_precision = 'tf32' or torch.backends.cuda.matmul.fp32_precision = 'ieee'. Old settings, e.g, torch.backends.cuda.matmul.allow_tf32 = True, torch.backends.cudnn.allow_tf32 = True, allowTF32CuDNN() and allowTF32CuBLAS() will be deprecated after Pytorch 2.9. Please see https://pytorch.org/docs/main/notes/cuda.html#tensorfloat-32-tf32-on-ampere-and-later-devices (Triggered internally at /pytorch/aten/src/ATen/Context.cpp:80.)
  self.setter(val)
Autotune Choices Stats:
{"num_choices": 17, "num_triton_choices": 15, "best_kernel": "triton_mm_9", "best_kernel_desc": "ACC_TYPE='tl.float32', ALLOW_TF32=True, BLOCK_K=64, BLOCK_M=64, BLOCK_N=128, EVEN_K=True, GROUP_M=8, USE_FAST_ACCUM=False, num_stages=3, num_warps=4", "best_time": 0.016383999958634377, "best_triton_pos": 0}
AUTOTUNE addmm(4096x256, 4096x512, 512x256)
strides: [0, 1], [512, 1], [1, 512]
dtypes: torch.bfloat16, torch.bfloat16, torch.bfloat16
  triton_mm_9 0.0164 ms 100.0% ACC_TYPE='tl.float32', ALLOW_TF32=True, BLOCK_K=64, BLOCK_M=64, BLOCK_N=128, EVEN_K=True, GROUP_M=8, USE_FAST_ACCUM=False, num_stages=3, num_warps=4
  triton_mm_14 0.0184 ms 88.9% ACC_TYPE='tl.float32', ALLOW_TF32=True, BLOCK_K=64, BLOCK_M=128, BLOCK_N=128, EVEN_K=True, GROUP_M=8, USE_FAST_ACCUM=False, num_stages=3, num_warps=4
  triton_mm_6 0.0204 ms 80.5% ACC_TYPE='tl.float32', ALLOW_TF32=True, BLOCK_K=64, BLOCK_M=64, BLOCK_N=64, EVEN_K=True, GROUP_M=8, USE_FAST_ACCUM=False, num_stages=3, num_warps=8
  triton_mm_11 0.0204 ms 80.5% ACC_TYPE='tl.float32', ALLOW_TF32=True, BLOCK_K=32, BLOCK_M=128, BLOCK_N=64, EVEN_K=True, GROUP_M=8, USE_FAST_ACCUM=False, num_stages=4, num_warps=8
  bias_addmm 0.0215 ms 76.2% 
  triton_mm_3 0.0219 ms 75.0% ACC_TYPE='tl.float32', ALLOW_TF32=True, BLOCK_K=32, BLOCK_M=64, BLOCK_N=32, EVEN_K=True, GROUP_M=8, USE_FAST_ACCUM=False, num_stages=5, num_warps=8
  triton_mm_2 0.0219 ms 74.9% ACC_TYPE='tl.float32', ALLOW_TF32=True, BLOCK_K=32, BLOCK_M=32, BLOCK_N=64, EVEN_K=True, GROUP_M=8, USE_FAST_ACCUM=False, num_stages=5, num_warps=8
  triton_mm_1 0.0220 ms 74.5% ACC_TYPE='tl.float32', ALLOW_TF32=True, BLOCK_K=128, BLOCK_M=32, BLOCK_N=32, EVEN_K=True, GROUP_M=8, USE_FAST_ACCUM=False, num_stages=2, num_warps=4
  triton_mm_7 0.0224 ms 73.2% ACC_TYPE='tl.float32', ALLOW_TF32=True, BLOCK_K=32, BLOCK_M=64, BLOCK_N=128, EVEN_K=True, GROUP_M=8, USE_FAST_ACCUM=False, num_stages=3, num_warps=4
  triton_mm_8 0.0224 ms 73.2% ACC_TYPE='tl.float32', ALLOW_TF32=True, BLOCK_K=32, BLOCK_M=64, BLOCK_N=128, EVEN_K=True, GROUP_M=8, USE_FAST_ACCUM=False, num_stages=4, num_warps=8
SingleProcess AUTOTUNE benchmarking takes 0.3542 seconds and 0.7538 seconds precompiling for 17 choices
V0929 05:24:46.457000 106462 torch/_dynamo/guards.py:2666] [0/0] [__guards] C++ shape guard function: 
V0929 05:24:46.457000 106462 torch/_dynamo/guards.py:2666] [0/0] [__guards] #include <algorithm>
V0929 05:24:46.457000 106462 torch/_dynamo/guards.py:2666] [0/0] [__guards] #include <cstdint>
V0929 05:24:46.457000 106462 torch/_dynamo/guards.py:2666] [0/0] [__guards] #include <cmath>
V0929 05:24:46.457000 106462 torch/_dynamo/guards.py:2666] [0/0] [__guards] #include <c10/util/generic_math.h>
V0929 05:24:46.457000 106462 torch/_dynamo/guards.py:2666] [0/0] [__guards] 
V0929 05:24:46.457000 106462 torch/_dynamo/guards.py:2666] [0/0] [__guards] #if defined(_MSC_VER)
V0929 05:24:46.457000 106462 torch/_dynamo/guards.py:2666] [0/0] [__guards] #  define EXTERN_DLL_EXPORT extern "C" __declspec(dllexport)
V0929 05:24:46.457000 106462 torch/_dynamo/guards.py:2666] [0/0] [__guards] #else
V0929 05:24:46.457000 106462 torch/_dynamo/guards.py:2666] [0/0] [__guards] #  define EXTERN_DLL_EXPORT extern "C"
V0929 05:24:46.457000 106462 torch/_dynamo/guards.py:2666] [0/0] [__guards] #endif
V0929 05:24:46.457000 106462 torch/_dynamo/guards.py:2666] [0/0] [__guards] 
V0929 05:24:46.457000 106462 torch/_dynamo/guards.py:2666] [0/0] [__guards] EXTERN_DLL_EXPORT int8_t guard(int64_t *int_values, double *float_values) {
V0929 05:24:46.457000 106462 torch/_dynamo/guards.py:2666] [0/0] [__guards]   int64_t L_args_0_size_0_ = int_values[0];
V0929 05:24:46.457000 106462 torch/_dynamo/guards.py:2666] [0/0] [__guards] 
V0929 05:24:46.457000 106462 torch/_dynamo/guards.py:2666] [0/0] [__guards]   return (256L*L_args_0_size_0_ <= 2147483647L) && (512L*L_args_0_size_0_ <= 2147483647L) && (2L <= L_args_0_size_0_);
V0929 05:24:46.457000 106462 torch/_dynamo/guards.py:2666] [0/0] [__guards] }
V0929 05:24:46.457000 106462 torch/_dynamo/guards.py:2666] [0/0] [__guards]  ["256*L['args'][0].size()[0] <= 2147483647  # (_inductor/codegen/simd.py:1440 in can_use_32bit_indexing)", "512*L['args'][0].size()[0] <= 2147483647  # (_inductor/codegen/simd.py:1442 in can_use_32bit_indexing)", "2 <= L['args'][0].size()[0]  # return F.linear(input, self.weight, self.bias)  # nn/modules/linear.py:134 in forward (user code shown is first use of this value--the guard itself is not due user code but due to 0/1 specialization in the framework; to avoid specialization try torch._dynamo.mark_unbacked(tensor, dim))"]
V0929 05:24:51.822000 106462 torch/_dynamo/guards.py:3687] [0/0] [__guards] GUARDS:
V0929 05:24:51.823000 106462 torch/_dynamo/guards.py:3404] [0/0] [__guards] 
V0929 05:24:51.823000 106462 torch/_dynamo/guards.py:3404] [0/0] [__guards] TREE_GUARD_MANAGER:
V0929 05:24:51.823000 106462 torch/_dynamo/guards.py:3404] [0/0] [__guards] +- RootGuardManager
V0929 05:24:51.823000 106462 torch/_dynamo/guards.py:3404] [0/0] [__guards] | +- LAMBDA_GUARD: torch._functorch.aot_autograd.utils.top_saved_tensors_hooks ids == None  # _dynamo/output_graph.py:688 in init_ambient_guards
V0929 05:24:51.823000 106462 torch/_dynamo/guards.py:3404] [0/0] [__guards] | +- DEFAULT_DEVICE: utils_device.CURRENT_DEVICE == None                           # _dynamo/output_graph.py:676 in init_ambient_guards
V0929 05:24:51.823000 106462 torch/_dynamo/guards.py:3404] [0/0] [__guards] | +- GLOBAL_STATE: ___check_global_state()
V0929 05:24:51.823000 106462 torch/_dynamo/guards.py:3404] [0/0] [__guards] | +- TORCH_FUNCTION_MODE_STACK: ___check_torch_function_mode_stack()
V0929 05:24:51.823000 106462 torch/_dynamo/guards.py:3404] [0/0] [__guards] | +- GuardManager: source=L['args'], accessed_by=FrameLocalsGuardAccessor(key='args', framelocals_idx=0), type=<class 'tuple'>, tag_safe=(True, False)
V0929 05:24:51.823000 106462 torch/_dynamo/guards.py:3404] [0/0] [__guards] | | +- TYPE_MATCH: ___check_type_id(L['args'], 10759232)                       
V0929 05:24:51.823000 106462 torch/_dynamo/guards.py:3404] [0/0] [__guards] | | +- LENGTH_CHECK: len(L['args']) == 1                                         
V0929 05:24:51.823000 106462 torch/_dynamo/guards.py:3404] [0/0] [__guards] | | +- GuardManager: source=L['args'][0], accessed_by=TupleGetItemGuardAccessor(0), type=<class 'torch.Tensor'>, tag_safe=(False, False)
V0929 05:24:51.823000 106462 torch/_dynamo/guards.py:3404] [0/0] [__guards] | | | +- TENSOR_MATCH: check_tensor(L['args'][0], Tensor, DispatchKeySet(CUDA, BackendSelect, ADInplaceOrView, AutogradCUDA, AutocastCUDA), torch.float32, device=0, requires_grad=False, size=[None, 512], stride=[512, 1])  # return F.linear(input, self.weight, self.bias)  # nn/modules/linear.py:134 in forward
V0929 05:24:51.823000 106462 torch/_dynamo/guards.py:3404] [0/0] [__guards] | | | +- NO_HASATTR: hasattr(L['args'][0], '_dynamo_dynamic_indices') == False     # return F.linear(input, self.weight, self.bias)  # nn/modules/linear.py:134 in forward
V0929 05:24:51.823000 106462 torch/_dynamo/guards.py:3404] [0/0] [__guards] | | | +- GuardManager: source=L['args'][0].size()[0], accessed_by=TensorPropertyGuardAccessor<TensorProperty::SIZE>(0), type=<class 'int'>, tag_safe=(True, False)
V0929 05:24:51.823000 106462 torch/_dynamo/guards.py:3404] [0/0] [__guards] | | | | +- GuardManager: source=(0, L['args'][0].size()[0]), accessed_by=IndexedGuardAccesor(0), type=<class 'tuple'>, tag_safe=(True, False)
V0929 05:24:51.823000 106462 torch/_dynamo/guards.py:3404] [0/0] [__guards] | | | | | +- SYMBOLIC_SHAPE_GUARD: 256*L['args'][0].size()[0] <= 2147483647  # (_inductor/codegen/simd.py:1440 in can_use_32bit_indexing)
V0929 05:24:51.823000 106462 torch/_dynamo/guards.py:3404] [0/0] [__guards] | | | | | +- SYMBOLIC_SHAPE_GUARD: 512*L['args'][0].size()[0] <= 2147483647  # (_inductor/codegen/simd.py:1442 in can_use_32bit_indexing)
V0929 05:24:51.823000 106462 torch/_dynamo/guards.py:3404] [0/0] [__guards] | | | | | +- SYMBOLIC_SHAPE_GUARD: 2 <= L['args'][0].size()[0]  # return F.linear(input, self.weight, self.bias)  # nn/modules/linear.py:134 in forward (user code shown is first use of this value--the guard itself is not due user code but due to 0/1 specialization in the framework; to avoid specialization try torch._dynamo.mark_unbacked(tensor, dim))
V0929 05:24:51.823000 106462 torch/_dynamo/guards.py:3404] [0/0] [__guards] | +- GuardManager: source=L['kwargs'], accessed_by=FrameLocalsGuardAccessor(key='kwargs', framelocals_idx=1), type=<class 'dict'>, tag_safe=(True, False)
V0929 05:24:51.823000 106462 torch/_dynamo/guards.py:3404] [0/0] [__guards] | | +- TYPE_MATCH: ___check_type_id(L['kwargs'], 10737728)                     
V0929 05:24:51.823000 106462 torch/_dynamo/guards.py:3404] [0/0] [__guards] | | +- DICT_LENGTH: not L['kwargs']                                             
V0929 05:24:51.823000 106462 torch/_dynamo/guards.py:3404] [0/0] [__guards] | +- GuardManager: source=G, accessed_by=GlobalsGuardAccessor, type=<class 'dict'>, tag_safe=(False, False)
V0929 05:24:51.823000 106462 torch/_dynamo/guards.py:3404] [0/0] [__guards] | | +- GuardManager: source=G['__import_torch_dot_nn_dot_modules_dot_linear'], accessed_by=DictGetItemGuardAccessor('__import_torch_dot_nn_dot_modules_dot_linear'), type=<class 'module'>, tag_safe=(False, False)
V0929 05:24:51.823000 106462 torch/_dynamo/guards.py:3404] [0/0] [__guards] | | | +- ID_MATCH: ___check_obj_id(G['__import_torch_dot_nn_dot_modules_dot_linear'], 132536821101840)  # return F.linear(input, self.weight, self.bias)  # nn/modules/linear.py:134 in forward
V0929 05:24:51.823000 106462 torch/_dynamo/guards.py:3404] [0/0] [__guards] | | | +- GuardManager: source=G['__import_torch_dot_nn_dot_modules_dot_linear'].F, accessed_by=GetAttrGuardAccessor(F), type=<class 'module'>, tag_safe=(False, False)
V0929 05:24:51.823000 106462 torch/_dynamo/guards.py:3404] [0/0] [__guards] | | | | +- ID_MATCH: ___check_obj_id(G['__import_torch_dot_nn_dot_modules_dot_linear'].F, 132536821101760)  # return F.linear(input, self.weight, self.bias)  # nn/modules/linear.py:134 in forward
V0929 05:24:51.823000 106462 torch/_dynamo/guards.py:3404] [0/0] [__guards] | | | | +- GuardManager: source=G['__import_torch_dot_nn_dot_modules_dot_linear'].F.linear, accessed_by=GetAttrGuardAccessor(linear), type=<class 'builtin_function_or_method'>, tag_safe=(True, False)
V0929 05:24:51.823000 106462 torch/_dynamo/guards.py:3404] [0/0] [__guards] | | | | | +- ID_MATCH: ___check_obj_id(G['__import_torch_dot_nn_dot_modules_dot_linear'].F.linear, 132540635362176)  # return F.linear(input, self.weight, self.bias)  # nn/modules/linear.py:134 in forward
V0929 05:24:51.823000 106462 torch/_dynamo/guards.py:3404] [0/0] [__guards] | | +- GuardManager: source=G['__import_torch_dot_nn_dot_modules_dot_module'], accessed_by=DictGetItemGuardAccessor('__import_torch_dot_nn_dot_modules_dot_module'), type=<class 'module'>, tag_safe=(False, False)
V0929 05:24:51.823000 106462 torch/_dynamo/guards.py:3404] [0/0] [__guards] | | | +- ID_MATCH: ___check_obj_id(G['__import_torch_dot_nn_dot_modules_dot_module'], 132536823919808)
V0929 05:24:51.823000 106462 torch/_dynamo/guards.py:3404] [0/0] [__guards] | | | +- GuardManager: source=G['__import_torch_dot_nn_dot_modules_dot_module']._global_forward_hooks, accessed_by=GetAttrGuardAccessor(_global_forward_hooks), type=<class 'collections.OrderedDict'>, tag_safe=(True, False)
V0929 05:24:51.823000 106462 torch/_dynamo/guards.py:3404] [0/0] [__guards] | | | | +- TYPE_MATCH: ___check_type_id(G['__import_torch_dot_nn_dot_modules_dot_module']._global_forward_hooks, 10741888)
V0929 05:24:51.823000 106462 torch/_dynamo/guards.py:3404] [0/0] [__guards] | | | +- GuardManager: source=G['__import_torch_dot_nn_dot_modules_dot_module']._global_backward_hooks, accessed_by=GetAttrGuardAccessor(_global_backward_hooks), type=<class 'collections.OrderedDict'>, tag_safe=(True, False)
V0929 05:24:51.823000 106462 torch/_dynamo/guards.py:3404] [0/0] [__guards] | | | | +- TYPE_MATCH: ___check_type_id(G['__import_torch_dot_nn_dot_modules_dot_module']._global_backward_hooks, 10741888)
V0929 05:24:51.823000 106462 torch/_dynamo/guards.py:3404] [0/0] [__guards] | | | +- GuardManager: source=G['__import_torch_dot_nn_dot_modules_dot_module']._global_forward_pre_hooks, accessed_by=GetAttrGuardAccessor(_global_forward_pre_hooks), type=<class 'collections.OrderedDict'>, tag_safe=(True, False)
V0929 05:24:51.823000 106462 torch/_dynamo/guards.py:3404] [0/0] [__guards] | | | | +- TYPE_MATCH: ___check_type_id(G['__import_torch_dot_nn_dot_modules_dot_module']._global_forward_pre_hooks, 10741888)
V0929 05:24:51.823000 106462 torch/_dynamo/guards.py:3404] [0/0] [__guards] | | | +- GuardManager: source=G['__import_torch_dot_nn_dot_modules_dot_module']._global_backward_pre_hooks, accessed_by=GetAttrGuardAccessor(_global_backward_pre_hooks), type=<class 'collections.OrderedDict'>, tag_safe=(True, False)
V0929 05:24:51.823000 106462 torch/_dynamo/guards.py:3404] [0/0] [__guards] | | | | +- TYPE_MATCH: ___check_type_id(G['__import_torch_dot_nn_dot_modules_dot_module']._global_backward_pre_hooks, 10741888)
V0929 05:24:51.823000 106462 torch/_dynamo/guards.py:3404] [0/0] [__guards] | +- GuardManager: source=L['fn'], accessed_by=FrameLocalsGuardAccessor(key='fn', framelocals_idx=2), type=<class 'torch.nn.modules.linear.Linear'>, tag_safe=(True, True)
V0929 05:24:51.823000 106462 torch/_dynamo/guards.py:3404] [0/0] [__guards] | | +- TYPE_MATCH: ___check_type_id(L['fn'], 934170640)                        
V0929 05:24:51.823000 106462 torch/_dynamo/guards.py:3404] [0/0] [__guards] | | +- GuardManager: source=L['fn'].__dict__, accessed_by=GetGenericDictGuardAccessor, type=<class 'dict'>, tag_safe=(True, False)
V0929 05:24:51.823000 106462 torch/_dynamo/guards.py:3404] [0/0] [__guards] | | | +- DICT_CONTAINS: not ___dict_contains('forward', L['fn'].__dict__)           
V0929 05:24:51.823000 106462 torch/_dynamo/guards.py:3404] [0/0] [__guards] | | | +- GuardManager: source=L['fn']._parameters, accessed_by=DictGetItemGuardAccessor('_parameters'), type=<class 'dict'>, tag_safe=(True, False)
V0929 05:24:51.823000 106462 torch/_dynamo/guards.py:3404] [0/0] [__guards] | | | | +- TYPE_MATCH: ___check_type_id(L['fn']._parameters, 10737728)               # return F.linear(input, self.weight, self.bias)  # nn/modules/linear.py:134 in forward
V0929 05:24:51.823000 106462 torch/_dynamo/guards.py:3404] [0/0] [__guards] | | | | +- GuardManager: source=L['fn']._parameters['bias'], accessed_by=DictGetItemGuardAccessor('bias'), type=<class 'torch.nn.parameter.Parameter'>, tag_safe=(True, False)
V0929 05:24:51.823000 106462 torch/_dynamo/guards.py:3404] [0/0] [__guards] | | | | | +- TENSOR_MATCH: check_tensor(L['fn']._parameters['bias'], Parameter, DispatchKeySet(CUDA, BackendSelect, ADInplaceOrView, AutogradCUDA, AutocastCUDA), torch.float32, device=0, requires_grad=True, size=[256], stride=[1])  # return F.linear(input, self.weight, self.bias)  # nn/modules/linear.py:134 in forward
V0929 05:24:51.823000 106462 torch/_dynamo/guards.py:3404] [0/0] [__guards] | | | | +- GuardManager: source=L['fn']._parameters['weight'], accessed_by=DictGetItemGuardAccessor('weight'), type=<class 'torch.nn.parameter.Parameter'>, tag_safe=(True, False)
V0929 05:24:51.823000 106462 torch/_dynamo/guards.py:3404] [0/0] [__guards] | | | | | +- TENSOR_MATCH: check_tensor(L['fn']._parameters['weight'], Parameter, DispatchKeySet(CUDA, BackendSelect, ADInplaceOrView, AutogradCUDA, AutocastCUDA), torch.float32, device=0, requires_grad=True, size=[256, 512], stride=[512, 1])  # return F.linear(input, self.weight, self.bias)  # nn/modules/linear.py:134 in forward
V0929 05:24:51.823000 106462 torch/_dynamo/guards.py:3404] [0/0] [__guards] 
V0929 05:24:51.833000 106462 torch/_dynamo/guards.py:3436] [0/0] [__guards] Guard eval latency = 41.07 us
V0929 05:24:52.771000 106462 torch/_dynamo/guards.py:4181] [0/1] [__recompiles] Recompiling function inner in /workspace/kg-v3/.venv/lib/python3.12/site-packages/torch/_dynamo/external_utils.py:66
V0929 05:24:52.771000 106462 torch/_dynamo/guards.py:4181] [0/1] [__recompiles]     triggered by the following guard failure(s):
V0929 05:24:52.771000 106462 torch/_dynamo/guards.py:4181] [0/1] [__recompiles]     - 0/0: 512*args[0].size()[0] <= 2147483647  # (_inductor/codegen/simd.py:1442 in can_use_32bit_indexing)
Autotune Choices Stats:
{"num_choices": 17, "num_triton_choices": 15, "best_kernel": "bias_addmm", "best_time": 4.343808174133301, "best_triton_pos": 1, "best_triton_time": 4.362239837646484, "best_triton_kernel": "triton_mm_24", "best_triton_kernel_desc": "ACC_TYPE='tl.float32', ALLOW_TF32=True, BLOCK_K=64, BLOCK_M=64, BLOCK_N=128, EVEN_K=True, GROUP_M=8, USE_FAST_ACCUM=False, num_stages=3, num_warps=4"}
AUTOTUNE addmm(4194304x256, 4194304x512, 512x256)
strides: [0, 1], [512, 1], [1, 512]
dtypes: torch.bfloat16, torch.bfloat16, torch.bfloat16
  bias_addmm 4.3438 ms 100.0% 
  triton_mm_24 4.3622 ms 99.6% ACC_TYPE='tl.float32', ALLOW_TF32=True, BLOCK_K=64, BLOCK_M=64, BLOCK_N=128, EVEN_K=True, GROUP_M=8, USE_FAST_ACCUM=False, num_stages=3, num_warps=4
  triton_mm_29 4.3643 ms 99.5% ACC_TYPE='tl.float32', ALLOW_TF32=True, BLOCK_K=64, BLOCK_M=128, BLOCK_N=128, EVEN_K=True, GROUP_M=8, USE_FAST_ACCUM=False, num_stages=3, num_warps=4
  triton_mm_22 4.4400 ms 97.8% ACC_TYPE='tl.float32', ALLOW_TF32=True, BLOCK_K=32, BLOCK_M=64, BLOCK_N=128, EVEN_K=True, GROUP_M=8, USE_FAST_ACCUM=False, num_stages=3, num_warps=4
  triton_mm_23 4.4544 ms 97.5% ACC_TYPE='tl.float32', ALLOW_TF32=True, BLOCK_K=32, BLOCK_M=64, BLOCK_N=128, EVEN_K=True, GROUP_M=8, USE_FAST_ACCUM=False, num_stages=4, num_warps=8
  triton_mm_28 4.6141 ms 94.1% ACC_TYPE='tl.float32', ALLOW_TF32=True, BLOCK_K=32, BLOCK_M=128, BLOCK_N=128, EVEN_K=True, GROUP_M=8, USE_FAST_ACCUM=False, num_stages=3, num_warps=4
  triton_mm_21 4.6848 ms 92.7% ACC_TYPE='tl.float32', ALLOW_TF32=True, BLOCK_K=64, BLOCK_M=64, BLOCK_N=64, EVEN_K=True, GROUP_M=8, USE_FAST_ACCUM=False, num_stages=3, num_warps=8
  triton_mm_25 4.6920 ms 92.6% ACC_TYPE='tl.float32', ALLOW_TF32=True, BLOCK_K=32, BLOCK_M=128, BLOCK_N=64, EVEN_K=True, GROUP_M=8, USE_FAST_ACCUM=False, num_stages=3, num_warps=4
  triton_mm_26 4.7790 ms 90.9% ACC_TYPE='tl.float32', ALLOW_TF32=True, BLOCK_K=32, BLOCK_M=128, BLOCK_N=64, EVEN_K=True, GROUP_M=8, USE_FAST_ACCUM=False, num_stages=4, num_warps=8
  triton_mm_20 5.2920 ms 82.1% ACC_TYPE='tl.float32', ALLOW_TF32=True, BLOCK_K=32, BLOCK_M=64, BLOCK_N=64, EVEN_K=True, GROUP_M=8, USE_FAST_ACCUM=False, num_stages=2, num_warps=4
SingleProcess AUTOTUNE benchmarking takes 1.2030 seconds and 0.1450 seconds precompiling for 17 choices
V0929 05:24:54.342000 106462 torch/_dynamo/guards.py:2666] [0/1] [__guards] C++ shape guard function: 
V0929 05:24:54.342000 106462 torch/_dynamo/guards.py:2666] [0/1] [__guards] #include <algorithm>
V0929 05:24:54.342000 106462 torch/_dynamo/guards.py:2666] [0/1] [__guards] #include <cstdint>
V0929 05:24:54.342000 106462 torch/_dynamo/guards.py:2666] [0/1] [__guards] #include <cmath>
V0929 05:24:54.342000 106462 torch/_dynamo/guards.py:2666] [0/1] [__guards] #include <c10/util/generic_math.h>
V0929 05:24:54.342000 106462 torch/_dynamo/guards.py:2666] [0/1] [__guards] 
V0929 05:24:54.342000 106462 torch/_dynamo/guards.py:2666] [0/1] [__guards] #if defined(_MSC_VER)
V0929 05:24:54.342000 106462 torch/_dynamo/guards.py:2666] [0/1] [__guards] #  define EXTERN_DLL_EXPORT extern "C" __declspec(dllexport)
V0929 05:24:54.342000 106462 torch/_dynamo/guards.py:2666] [0/1] [__guards] #else
V0929 05:24:54.342000 106462 torch/_dynamo/guards.py:2666] [0/1] [__guards] #  define EXTERN_DLL_EXPORT extern "C"
V0929 05:24:54.342000 106462 torch/_dynamo/guards.py:2666] [0/1] [__guards] #endif
V0929 05:24:54.342000 106462 torch/_dynamo/guards.py:2666] [0/1] [__guards] 
V0929 05:24:54.342000 106462 torch/_dynamo/guards.py:2666] [0/1] [__guards] EXTERN_DLL_EXPORT int8_t guard(int64_t *int_values, double *float_values) {
V0929 05:24:54.342000 106462 torch/_dynamo/guards.py:2666] [0/1] [__guards]   int64_t L_args_0_size_0_ = int_values[0];
V0929 05:24:54.342000 106462 torch/_dynamo/guards.py:2666] [0/1] [__guards] 
V0929 05:24:54.342000 106462 torch/_dynamo/guards.py:2666] [0/1] [__guards]   return (256L*L_args_0_size_0_ <= 2147483647L) && (2L <= L_args_0_size_0_);
V0929 05:24:54.342000 106462 torch/_dynamo/guards.py:2666] [0/1] [__guards] }
V0929 05:24:54.342000 106462 torch/_dynamo/guards.py:2666] [0/1] [__guards]  ["256*L['args'][0].size()[0] <= 2147483647  # (_inductor/codegen/simd.py:1440 in can_use_32bit_indexing)", "2 <= L['args'][0].size()[0]  # return F.linear(input, self.weight, self.bias)  # nn/modules/linear.py:134 in forward (user code shown is first use of this value--the guard itself is not due user code but due to 0/1 specialization in the framework; to avoid specialization try torch._dynamo.mark_unbacked(tensor, dim))"]
V0929 05:24:54.809000 106462 torch/_dynamo/guards.py:3687] [0/1] [__guards] GUARDS:
V0929 05:24:54.810000 106462 torch/_dynamo/guards.py:3404] [0/1] [__guards] 
V0929 05:24:54.810000 106462 torch/_dynamo/guards.py:3404] [0/1] [__guards] TREE_GUARD_MANAGER:
V0929 05:24:54.810000 106462 torch/_dynamo/guards.py:3404] [0/1] [__guards] +- RootGuardManager
V0929 05:24:54.810000 106462 torch/_dynamo/guards.py:3404] [0/1] [__guards] | +- LAMBDA_GUARD: torch._functorch.aot_autograd.utils.top_saved_tensors_hooks ids == None  # _dynamo/output_graph.py:688 in init_ambient_guards
V0929 05:24:54.810000 106462 torch/_dynamo/guards.py:3404] [0/1] [__guards] | +- DEFAULT_DEVICE: utils_device.CURRENT_DEVICE == None                           # _dynamo/output_graph.py:676 in init_ambient_guards
V0929 05:24:54.810000 106462 torch/_dynamo/guards.py:3404] [0/1] [__guards] | +- GLOBAL_STATE: ___check_global_state()
V0929 05:24:54.810000 106462 torch/_dynamo/guards.py:3404] [0/1] [__guards] | +- TORCH_FUNCTION_MODE_STACK: ___check_torch_function_mode_stack()
V0929 05:24:54.810000 106462 torch/_dynamo/guards.py:3404] [0/1] [__guards] | +- GuardManager: source=L['args'], accessed_by=FrameLocalsGuardAccessor(key='args', framelocals_idx=0), type=<class 'tuple'>, tag_safe=(True, False)
V0929 05:24:54.810000 106462 torch/_dynamo/guards.py:3404] [0/1] [__guards] | | +- TYPE_MATCH: ___check_type_id(L['args'], 10759232)                       
V0929 05:24:54.810000 106462 torch/_dynamo/guards.py:3404] [0/1] [__guards] | | +- LENGTH_CHECK: len(L['args']) == 1                                         
V0929 05:24:54.810000 106462 torch/_dynamo/guards.py:3404] [0/1] [__guards] | | +- GuardManager: source=L['args'][0], accessed_by=TupleGetItemGuardAccessor(0), type=<class 'torch.Tensor'>, tag_safe=(False, False)
V0929 05:24:54.810000 106462 torch/_dynamo/guards.py:3404] [0/1] [__guards] | | | +- TENSOR_MATCH: check_tensor(L['args'][0], Tensor, DispatchKeySet(CUDA, BackendSelect, ADInplaceOrView, AutogradCUDA, AutocastCUDA), torch.float32, device=0, requires_grad=False, size=[None, 512], stride=[512, 1])  # return F.linear(input, self.weight, self.bias)  # nn/modules/linear.py:134 in forward
V0929 05:24:54.810000 106462 torch/_dynamo/guards.py:3404] [0/1] [__guards] | | | +- NO_HASATTR: hasattr(L['args'][0], '_dynamo_dynamic_indices') == False     # return F.linear(input, self.weight, self.bias)  # nn/modules/linear.py:134 in forward
V0929 05:24:54.810000 106462 torch/_dynamo/guards.py:3404] [0/1] [__guards] | | | +- GuardManager: source=L['args'][0].size()[0], accessed_by=TensorPropertyGuardAccessor<TensorProperty::SIZE>(0), type=<class 'int'>, tag_safe=(True, False)
V0929 05:24:54.810000 106462 torch/_dynamo/guards.py:3404] [0/1] [__guards] | | | | +- GuardManager: source=(0, L['args'][0].size()[0]), accessed_by=IndexedGuardAccesor(0), type=<class 'tuple'>, tag_safe=(True, False)
V0929 05:24:54.810000 106462 torch/_dynamo/guards.py:3404] [0/1] [__guards] | | | | | +- SYMBOLIC_SHAPE_GUARD: 256*L['args'][0].size()[0] <= 2147483647  # (_inductor/codegen/simd.py:1440 in can_use_32bit_indexing)
V0929 05:24:54.810000 106462 torch/_dynamo/guards.py:3404] [0/1] [__guards] | | | | | +- SYMBOLIC_SHAPE_GUARD: 2 <= L['args'][0].size()[0]  # return F.linear(input, self.weight, self.bias)  # nn/modules/linear.py:134 in forward (user code shown is first use of this value--the guard itself is not due user code but due to 0/1 specialization in the framework; to avoid specialization try torch._dynamo.mark_unbacked(tensor, dim))
V0929 05:24:54.810000 106462 torch/_dynamo/guards.py:3404] [0/1] [__guards] | +- GuardManager: source=L['kwargs'], accessed_by=FrameLocalsGuardAccessor(key='kwargs', framelocals_idx=1), type=<class 'dict'>, tag_safe=(True, False)
V0929 05:24:54.810000 106462 torch/_dynamo/guards.py:3404] [0/1] [__guards] | | +- TYPE_MATCH: ___check_type_id(L['kwargs'], 10737728)                     
V0929 05:24:54.810000 106462 torch/_dynamo/guards.py:3404] [0/1] [__guards] | | +- DICT_LENGTH: not L['kwargs']                                             
V0929 05:24:54.810000 106462 torch/_dynamo/guards.py:3404] [0/1] [__guards] | +- GuardManager: source=G, accessed_by=GlobalsGuardAccessor, type=<class 'dict'>, tag_safe=(False, False)
V0929 05:24:54.810000 106462 torch/_dynamo/guards.py:3404] [0/1] [__guards] | | +- GuardManager: source=G['__import_torch_dot_nn_dot_modules_dot_linear'], accessed_by=DictGetItemGuardAccessor('__import_torch_dot_nn_dot_modules_dot_linear'), type=<class 'module'>, tag_safe=(False, False)
V0929 05:24:54.810000 106462 torch/_dynamo/guards.py:3404] [0/1] [__guards] | | | +- ID_MATCH: ___check_obj_id(G['__import_torch_dot_nn_dot_modules_dot_linear'], 132536821101840)  # return F.linear(input, self.weight, self.bias)  # nn/modules/linear.py:134 in forward
V0929 05:24:54.810000 106462 torch/_dynamo/guards.py:3404] [0/1] [__guards] | | | +- GuardManager: source=G['__import_torch_dot_nn_dot_modules_dot_linear'].F, accessed_by=GetAttrGuardAccessor(F), type=<class 'module'>, tag_safe=(False, False)
V0929 05:24:54.810000 106462 torch/_dynamo/guards.py:3404] [0/1] [__guards] | | | | +- ID_MATCH: ___check_obj_id(G['__import_torch_dot_nn_dot_modules_dot_linear'].F, 132536821101760)  # return F.linear(input, self.weight, self.bias)  # nn/modules/linear.py:134 in forward
V0929 05:24:54.810000 106462 torch/_dynamo/guards.py:3404] [0/1] [__guards] | | | | +- GuardManager: source=G['__import_torch_dot_nn_dot_modules_dot_linear'].F.linear, accessed_by=GetAttrGuardAccessor(linear), type=<class 'builtin_function_or_method'>, tag_safe=(True, False)
V0929 05:24:54.810000 106462 torch/_dynamo/guards.py:3404] [0/1] [__guards] | | | | | +- ID_MATCH: ___check_obj_id(G['__import_torch_dot_nn_dot_modules_dot_linear'].F.linear, 132540635362176)  # return F.linear(input, self.weight, self.bias)  # nn/modules/linear.py:134 in forward
V0929 05:24:54.810000 106462 torch/_dynamo/guards.py:3404] [0/1] [__guards] | | +- GuardManager: source=G['__import_torch_dot_nn_dot_modules_dot_module'], accessed_by=DictGetItemGuardAccessor('__import_torch_dot_nn_dot_modules_dot_module'), type=<class 'module'>, tag_safe=(False, False)
V0929 05:24:54.810000 106462 torch/_dynamo/guards.py:3404] [0/1] [__guards] | | | +- ID_MATCH: ___check_obj_id(G['__import_torch_dot_nn_dot_modules_dot_module'], 132536823919808)
V0929 05:24:54.810000 106462 torch/_dynamo/guards.py:3404] [0/1] [__guards] | | | +- GuardManager: source=G['__import_torch_dot_nn_dot_modules_dot_module']._global_forward_hooks, accessed_by=GetAttrGuardAccessor(_global_forward_hooks), type=<class 'collections.OrderedDict'>, tag_safe=(True, False)
V0929 05:24:54.810000 106462 torch/_dynamo/guards.py:3404] [0/1] [__guards] | | | | +- TYPE_MATCH: ___check_type_id(G['__import_torch_dot_nn_dot_modules_dot_module']._global_forward_hooks, 10741888)
V0929 05:24:54.810000 106462 torch/_dynamo/guards.py:3404] [0/1] [__guards] | | | +- GuardManager: source=G['__import_torch_dot_nn_dot_modules_dot_module']._global_backward_hooks, accessed_by=GetAttrGuardAccessor(_global_backward_hooks), type=<class 'collections.OrderedDict'>, tag_safe=(True, False)
V0929 05:24:54.810000 106462 torch/_dynamo/guards.py:3404] [0/1] [__guards] | | | | +- TYPE_MATCH: ___check_type_id(G['__import_torch_dot_nn_dot_modules_dot_module']._global_backward_hooks, 10741888)
V0929 05:24:54.810000 106462 torch/_dynamo/guards.py:3404] [0/1] [__guards] | | | +- GuardManager: source=G['__import_torch_dot_nn_dot_modules_dot_module']._global_forward_pre_hooks, accessed_by=GetAttrGuardAccessor(_global_forward_pre_hooks), type=<class 'collections.OrderedDict'>, tag_safe=(True, False)
V0929 05:24:54.810000 106462 torch/_dynamo/guards.py:3404] [0/1] [__guards] | | | | +- TYPE_MATCH: ___check_type_id(G['__import_torch_dot_nn_dot_modules_dot_module']._global_forward_pre_hooks, 10741888)
V0929 05:24:54.810000 106462 torch/_dynamo/guards.py:3404] [0/1] [__guards] | | | +- GuardManager: source=G['__import_torch_dot_nn_dot_modules_dot_module']._global_backward_pre_hooks, accessed_by=GetAttrGuardAccessor(_global_backward_pre_hooks), type=<class 'collections.OrderedDict'>, tag_safe=(True, False)
V0929 05:24:54.810000 106462 torch/_dynamo/guards.py:3404] [0/1] [__guards] | | | | +- TYPE_MATCH: ___check_type_id(G['__import_torch_dot_nn_dot_modules_dot_module']._global_backward_pre_hooks, 10741888)
V0929 05:24:54.810000 106462 torch/_dynamo/guards.py:3404] [0/1] [__guards] | +- GuardManager: source=L['fn'], accessed_by=FrameLocalsGuardAccessor(key='fn', framelocals_idx=2), type=<class 'torch.nn.modules.linear.Linear'>, tag_safe=(True, True)
V0929 05:24:54.810000 106462 torch/_dynamo/guards.py:3404] [0/1] [__guards] | | +- TYPE_MATCH: ___check_type_id(L['fn'], 934170640)                        
V0929 05:24:54.810000 106462 torch/_dynamo/guards.py:3404] [0/1] [__guards] | | +- GuardManager: source=L['fn'].__dict__, accessed_by=GetGenericDictGuardAccessor, type=<class 'dict'>, tag_safe=(True, False)
V0929 05:24:54.810000 106462 torch/_dynamo/guards.py:3404] [0/1] [__guards] | | | +- DICT_CONTAINS: not ___dict_contains('forward', L['fn'].__dict__)           
V0929 05:24:54.810000 106462 torch/_dynamo/guards.py:3404] [0/1] [__guards] | | | +- GuardManager: source=L['fn']._parameters, accessed_by=DictGetItemGuardAccessor('_parameters'), type=<class 'dict'>, tag_safe=(True, False)
V0929 05:24:54.810000 106462 torch/_dynamo/guards.py:3404] [0/1] [__guards] | | | | +- TYPE_MATCH: ___check_type_id(L['fn']._parameters, 10737728)               # return F.linear(input, self.weight, self.bias)  # nn/modules/linear.py:134 in forward
V0929 05:24:54.810000 106462 torch/_dynamo/guards.py:3404] [0/1] [__guards] | | | | +- GuardManager: source=L['fn']._parameters['bias'], accessed_by=DictGetItemGuardAccessor('bias'), type=<class 'torch.nn.parameter.Parameter'>, tag_safe=(True, False)
V0929 05:24:54.810000 106462 torch/_dynamo/guards.py:3404] [0/1] [__guards] | | | | | +- TENSOR_MATCH: check_tensor(L['fn']._parameters['bias'], Parameter, DispatchKeySet(CUDA, BackendSelect, ADInplaceOrView, AutogradCUDA, AutocastCUDA), torch.float32, device=0, requires_grad=True, size=[256], stride=[1])  # return F.linear(input, self.weight, self.bias)  # nn/modules/linear.py:134 in forward
V0929 05:24:54.810000 106462 torch/_dynamo/guards.py:3404] [0/1] [__guards] | | | | +- GuardManager: source=L['fn']._parameters['weight'], accessed_by=DictGetItemGuardAccessor('weight'), type=<class 'torch.nn.parameter.Parameter'>, tag_safe=(True, False)
V0929 05:24:54.810000 106462 torch/_dynamo/guards.py:3404] [0/1] [__guards] | | | | | +- TENSOR_MATCH: check_tensor(L['fn']._parameters['weight'], Parameter, DispatchKeySet(CUDA, BackendSelect, ADInplaceOrView, AutogradCUDA, AutocastCUDA), torch.float32, device=0, requires_grad=True, size=[256, 512], stride=[512, 1])  # return F.linear(input, self.weight, self.bias)  # nn/modules/linear.py:134 in forward
V0929 05:24:54.810000 106462 torch/_dynamo/guards.py:3404] [0/1] [__guards] 
V0929 05:24:54.821000 106462 torch/_dynamo/guards.py:3436] [0/1] [__guards] Guard eval latency = 40.61 us
V0929 05:24:56.426000 106462 torch/_dynamo/guards.py:4181] [0/2] [__recompiles] Recompiling function inner in /workspace/kg-v3/.venv/lib/python3.12/site-packages/torch/_dynamo/external_utils.py:66
V0929 05:24:56.426000 106462 torch/_dynamo/guards.py:4181] [0/2] [__recompiles]     triggered by the following guard failure(s):
V0929 05:24:56.426000 106462 torch/_dynamo/guards.py:4181] [0/2] [__recompiles]     - 0/1: 256*args[0].size()[0] <= 2147483647  # (_inductor/codegen/simd.py:1440 in can_use_32bit_indexing)
V0929 05:24:56.426000 106462 torch/_dynamo/guards.py:4181] [0/2] [__recompiles]     - 0/0: 256*args[0].size()[0] <= 2147483647  # (_inductor/codegen/simd.py:1440 in can_use_32bit_indexing)
E0929 05:24:57.212000 106462 torch/_inductor/select_algorithm.py:2967] [0/2] Runtime error during autotuning: 
E0929 05:24:57.212000 106462 torch/_inductor/select_algorithm.py:2967] [0/2] CUDA error: an illegal memory access was encountered
E0929 05:24:57.212000 106462 torch/_inductor/select_algorithm.py:2967] [0/2] Search for `cudaErrorIllegalAddress' in https://docs.nvidia.com/cuda/cuda-runtime-api/group__CUDART__TYPES.html for more information.
E0929 05:24:57.212000 106462 torch/_inductor/select_algorithm.py:2967] [0/2] CUDA kernel errors might be asynchronously reported at some other API call, so the stacktrace below might be incorrect.
E0929 05:24:57.212000 106462 torch/_inductor/select_algorithm.py:2967] [0/2] For debugging consider passing CUDA_LAUNCH_BLOCKING=1
E0929 05:24:57.212000 106462 torch/_inductor/select_algorithm.py:2967] [0/2] Compile with `TORCH_USE_CUDA_DSA` to enable device-side assertions.
E0929 05:24:57.212000 106462 torch/_inductor/select_algorithm.py:2967] [0/2] 
E0929 05:24:57.212000 106462 torch/_inductor/select_algorithm.py:2967] [0/2] 
E0929 05:24:57.212000 106462 torch/_inductor/select_algorithm.py:2967] [0/2] Either error in template or triton bug.
E0929 05:24:57.212000 106462 torch/_inductor/select_algorithm.py:2967] [0/2] . 
E0929 05:24:57.212000 106462 torch/_inductor/select_algorithm.py:2967] [0/2] Ignoring this choice.
E0929 05:24:57.213000 106462 torch/_inductor/select_algorithm.py:2967] [0/2] Runtime error during autotuning: 
E0929 05:24:57.213000 106462 torch/_inductor/select_algorithm.py:2967] [0/2] CUDA error: an illegal memory access was encountered
E0929 05:24:57.213000 106462 torch/_inductor/select_algorithm.py:2967] [0/2] Search for `cudaErrorIllegalAddress' in https://docs.nvidia.com/cuda/cuda-runtime-api/group__CUDART__TYPES.html for more information.
E0929 05:24:57.213000 106462 torch/_inductor/select_algorithm.py:2967] [0/2] CUDA kernel errors might be asynchronously reported at some other API call, so the stacktrace below might be incorrect.
E0929 05:24:57.213000 106462 torch/_inductor/select_algorithm.py:2967] [0/2] For debugging consider passing CUDA_LAUNCH_BLOCKING=1
E0929 05:24:57.213000 106462 torch/_inductor/select_algorithm.py:2967] [0/2] Compile with `TORCH_USE_CUDA_DSA` to enable device-side assertions.
E0929 05:24:57.213000 106462 torch/_inductor/select_algorithm.py:2967] [0/2] 
E0929 05:24:57.213000 106462 torch/_inductor/select_algorithm.py:2967] [0/2] 
E0929 05:24:57.213000 106462 torch/_inductor/select_algorithm.py:2967] [0/2] Either error in template or triton bug.
E0929 05:24:57.213000 106462 torch/_inductor/select_algorithm.py:2967] [0/2] . 
E0929 05:24:57.213000 106462 torch/_inductor/select_algorithm.py:2967] [0/2] Ignoring this choice.
E0929 05:24:57.213000 106462 torch/_inductor/select_algorithm.py:2967] [0/2] Runtime error during autotuning: 
E0929 05:24:57.213000 106462 torch/_inductor/select_algorithm.py:2967] [0/2] CUDA error: an illegal memory access was encountered
E0929 05:24:57.213000 106462 torch/_inductor/select_algorithm.py:2967] [0/2] Search for `cudaErrorIllegalAddress' in https://docs.nvidia.com/cuda/cuda-runtime-api/group__CUDART__TYPES.html for more information.
E0929 05:24:57.213000 106462 torch/_inductor/select_algorithm.py:2967] [0/2] CUDA kernel errors might be asynchronously reported at some other API call, so the stacktrace below might be incorrect.
E0929 05:24:57.213000 106462 torch/_inductor/select_algorithm.py:2967] [0/2] For debugging consider passing CUDA_LAUNCH_BLOCKING=1
E0929 05:24:57.213000 106462 torch/_inductor/select_algorithm.py:2967] [0/2] Compile with `TORCH_USE_CUDA_DSA` to enable device-side assertions.
E0929 05:24:57.213000 106462 torch/_inductor/select_algorithm.py:2967] [0/2] 
E0929 05:24:57.213000 106462 torch/_inductor/select_algorithm.py:2967] [0/2] 
E0929 05:24:57.213000 106462 torch/_inductor/select_algorithm.py:2967] [0/2] Either error in template or triton bug.
E0929 05:24:57.213000 106462 torch/_inductor/select_algorithm.py:2967] [0/2] . 
E0929 05:24:57.213000 106462 torch/_inductor/select_algorithm.py:2967] [0/2] Ignoring this choice.
E0929 05:24:57.214000 106462 torch/_inductor/select_algorithm.py:2967] [0/2] Runtime error during autotuning: 
E0929 05:24:57.214000 106462 torch/_inductor/select_algorithm.py:2967] [0/2] CUDA error: an illegal memory access was encountered
E0929 05:24:57.214000 106462 torch/_inductor/select_algorithm.py:2967] [0/2] Search for `cudaErrorIllegalAddress' in https://docs.nvidia.com/cuda/cuda-runtime-api/group__CUDART__TYPES.html for more information.
E0929 05:24:57.214000 106462 torch/_inductor/select_algorithm.py:2967] [0/2] CUDA kernel errors might be asynchronously reported at some other API call, so the stacktrace below might be incorrect.
E0929 05:24:57.214000 106462 torch/_inductor/select_algorithm.py:2967] [0/2] For debugging consider passing CUDA_LAUNCH_BLOCKING=1
E0929 05:24:57.214000 106462 torch/_inductor/select_algorithm.py:2967] [0/2] Compile with `TORCH_USE_CUDA_DSA` to enable device-side assertions.
E0929 05:24:57.214000 106462 torch/_inductor/select_algorithm.py:2967] [0/2] 
E0929 05:24:57.214000 106462 torch/_inductor/select_algorithm.py:2967] [0/2] 
E0929 05:24:57.214000 106462 torch/_inductor/select_algorithm.py:2967] [0/2] Either error in template or triton bug.
E0929 05:24:57.214000 106462 torch/_inductor/select_algorithm.py:2967] [0/2] . 
E0929 05:24:57.214000 106462 torch/_inductor/select_algorithm.py:2967] [0/2] Ignoring this choice.
E0929 05:24:57.214000 106462 torch/_inductor/select_algorithm.py:2967] [0/2] Runtime error during autotuning: 
E0929 05:24:57.214000 106462 torch/_inductor/select_algorithm.py:2967] [0/2] CUDA error: an illegal memory access was encountered
E0929 05:24:57.214000 106462 torch/_inductor/select_algorithm.py:2967] [0/2] Search for `cudaErrorIllegalAddress' in https://docs.nvidia.com/cuda/cuda-runtime-api/group__CUDART__TYPES.html for more information.
E0929 05:24:57.214000 106462 torch/_inductor/select_algorithm.py:2967] [0/2] CUDA kernel errors might be asynchronously reported at some other API call, so the stacktrace below might be incorrect.
E0929 05:24:57.214000 106462 torch/_inductor/select_algorithm.py:2967] [0/2] For debugging consider passing CUDA_LAUNCH_BLOCKING=1
E0929 05:24:57.214000 106462 torch/_inductor/select_algorithm.py:2967] [0/2] Compile with `TORCH_USE_CUDA_DSA` to enable device-side assertions.
E0929 05:24:57.214000 106462 torch/_inductor/select_algorithm.py:2967] [0/2] 
E0929 05:24:57.214000 106462 torch/_inductor/select_algorithm.py:2967] [0/2] 
E0929 05:24:57.214000 106462 torch/_inductor/select_algorithm.py:2967] [0/2] Either error in template or triton bug.
E0929 05:24:57.214000 106462 torch/_inductor/select_algorithm.py:2967] [0/2] . 
E0929 05:24:57.214000 106462 torch/_inductor/select_algorithm.py:2967] [0/2] Ignoring this choice.
E0929 05:24:57.214000 106462 torch/_inductor/select_algorithm.py:2967] [0/2] Runtime error during autotuning: 
E0929 05:24:57.214000 106462 torch/_inductor/select_algorithm.py:2967] [0/2] CUDA error: an illegal memory access was encountered
E0929 05:24:57.214000 106462 torch/_inductor/select_algorithm.py:2967] [0/2] Search for `cudaErrorIllegalAddress' in https://docs.nvidia.com/cuda/cuda-runtime-api/group__CUDART__TYPES.html for more information.
E0929 05:24:57.214000 106462 torch/_inductor/select_algorithm.py:2967] [0/2] CUDA kernel errors might be asynchronously reported at some other API call, so the stacktrace below might be incorrect.
E0929 05:24:57.214000 106462 torch/_inductor/select_algorithm.py:2967] [0/2] For debugging consider passing CUDA_LAUNCH_BLOCKING=1
E0929 05:24:57.214000 106462 torch/_inductor/select_algorithm.py:2967] [0/2] Compile with `TORCH_USE_CUDA_DSA` to enable device-side assertions.
E0929 05:24:57.214000 106462 torch/_inductor/select_algorithm.py:2967] [0/2] 
E0929 05:24:57.214000 106462 torch/_inductor/select_algorithm.py:2967] [0/2] 
E0929 05:24:57.214000 106462 torch/_inductor/select_algorithm.py:2967] [0/2] Either error in template or triton bug.
E0929 05:24:57.214000 106462 torch/_inductor/select_algorithm.py:2967] [0/2] . 
E0929 05:24:57.214000 106462 torch/_inductor/select_algorithm.py:2967] [0/2] Ignoring this choice.
E0929 05:24:57.215000 106462 torch/_inductor/select_algorithm.py:2967] [0/2] Runtime error during autotuning: 
E0929 05:24:57.215000 106462 torch/_inductor/select_algorithm.py:2967] [0/2] CUDA error: an illegal memory access was encountered
E0929 05:24:57.215000 106462 torch/_inductor/select_algorithm.py:2967] [0/2] Search for `cudaErrorIllegalAddress' in https://docs.nvidia.com/cuda/cuda-runtime-api/group__CUDART__TYPES.html for more information.
E0929 05:24:57.215000 106462 torch/_inductor/select_algorithm.py:2967] [0/2] CUDA kernel errors might be asynchronously reported at some other API call, so the stacktrace below might be incorrect.
E0929 05:24:57.215000 106462 torch/_inductor/select_algorithm.py:2967] [0/2] For debugging consider passing CUDA_LAUNCH_BLOCKING=1
E0929 05:24:57.215000 106462 torch/_inductor/select_algorithm.py:2967] [0/2] Compile with `TORCH_USE_CUDA_DSA` to enable device-side assertions.
E0929 05:24:57.215000 106462 torch/_inductor/select_algorithm.py:2967] [0/2] 
E0929 05:24:57.215000 106462 torch/_inductor/select_algorithm.py:2967] [0/2] 
E0929 05:24:57.215000 106462 torch/_inductor/select_algorithm.py:2967] [0/2] Either error in template or triton bug.
E0929 05:24:57.215000 106462 torch/_inductor/select_algorithm.py:2967] [0/2] . 
E0929 05:24:57.215000 106462 torch/_inductor/select_algorithm.py:2967] [0/2] Ignoring this choice.
E0929 05:24:57.215000 106462 torch/_inductor/select_algorithm.py:2967] [0/2] Runtime error during autotuning: 
E0929 05:24:57.215000 106462 torch/_inductor/select_algorithm.py:2967] [0/2] CUDA error: an illegal memory access was encountered
E0929 05:24:57.215000 106462 torch/_inductor/select_algorithm.py:2967] [0/2] Search for `cudaErrorIllegalAddress' in https://docs.nvidia.com/cuda/cuda-runtime-api/group__CUDART__TYPES.html for more information.
E0929 05:24:57.215000 106462 torch/_inductor/select_algorithm.py:2967] [0/2] CUDA kernel errors might be asynchronously reported at some other API call, so the stacktrace below might be incorrect.
E0929 05:24:57.215000 106462 torch/_inductor/select_algorithm.py:2967] [0/2] For debugging consider passing CUDA_LAUNCH_BLOCKING=1
E0929 05:24:57.215000 106462 torch/_inductor/select_algorithm.py:2967] [0/2] Compile with `TORCH_USE_CUDA_DSA` to enable device-side assertions.
E0929 05:24:57.215000 106462 torch/_inductor/select_algorithm.py:2967] [0/2] 
E0929 05:24:57.215000 106462 torch/_inductor/select_algorithm.py:2967] [0/2] 
E0929 05:24:57.215000 106462 torch/_inductor/select_algorithm.py:2967] [0/2] Either error in template or triton bug.
E0929 05:24:57.215000 106462 torch/_inductor/select_algorithm.py:2967] [0/2] . 
E0929 05:24:57.215000 106462 torch/_inductor/select_algorithm.py:2967] [0/2] Ignoring this choice.
E0929 05:24:57.215000 106462 torch/_inductor/select_algorithm.py:2967] [0/2] Runtime error during autotuning: 
E0929 05:24:57.215000 106462 torch/_inductor/select_algorithm.py:2967] [0/2] CUDA error: an illegal memory access was encountered
E0929 05:24:57.215000 106462 torch/_inductor/select_algorithm.py:2967] [0/2] Search for `cudaErrorIllegalAddress' in https://docs.nvidia.com/cuda/cuda-runtime-api/group__CUDART__TYPES.html for more information.
E0929 05:24:57.215000 106462 torch/_inductor/select_algorithm.py:2967] [0/2] CUDA kernel errors might be asynchronously reported at some other API call, so the stacktrace below might be incorrect.
E0929 05:24:57.215000 106462 torch/_inductor/select_algorithm.py:2967] [0/2] For debugging consider passing CUDA_LAUNCH_BLOCKING=1
E0929 05:24:57.215000 106462 torch/_inductor/select_algorithm.py:2967] [0/2] Compile with `TORCH_USE_CUDA_DSA` to enable device-side assertions.
E0929 05:24:57.215000 106462 torch/_inductor/select_algorithm.py:2967] [0/2] 
E0929 05:24:57.215000 106462 torch/_inductor/select_algorithm.py:2967] [0/2] 
E0929 05:24:57.215000 106462 torch/_inductor/select_algorithm.py:2967] [0/2] Either error in template or triton bug.
E0929 05:24:57.215000 106462 torch/_inductor/select_algorithm.py:2967] [0/2] . 
E0929 05:24:57.215000 106462 torch/_inductor/select_algorithm.py:2967] [0/2] Ignoring this choice.
E0929 05:24:57.215000 106462 torch/_inductor/select_algorithm.py:2967] [0/2] Runtime error during autotuning: 
E0929 05:24:57.215000 106462 torch/_inductor/select_algorithm.py:2967] [0/2] CUDA error: an illegal memory access was encountered
E0929 05:24:57.215000 106462 torch/_inductor/select_algorithm.py:2967] [0/2] Search for `cudaErrorIllegalAddress' in https://docs.nvidia.com/cuda/cuda-runtime-api/group__CUDART__TYPES.html for more information.
E0929 05:24:57.215000 106462 torch/_inductor/select_algorithm.py:2967] [0/2] CUDA kernel errors might be asynchronously reported at some other API call, so the stacktrace below might be incorrect.
E0929 05:24:57.215000 106462 torch/_inductor/select_algorithm.py:2967] [0/2] For debugging consider passing CUDA_LAUNCH_BLOCKING=1
E0929 05:24:57.215000 106462 torch/_inductor/select_algorithm.py:2967] [0/2] Compile with `TORCH_USE_CUDA_DSA` to enable device-side assertions.
E0929 05:24:57.215000 106462 torch/_inductor/select_algorithm.py:2967] [0/2] 
E0929 05:24:57.215000 106462 torch/_inductor/select_algorithm.py:2967] [0/2] 
E0929 05:24:57.215000 106462 torch/_inductor/select_algorithm.py:2967] [0/2] Either error in template or triton bug.
E0929 05:24:57.215000 106462 torch/_inductor/select_algorithm.py:2967] [0/2] . 
E0929 05:24:57.215000 106462 torch/_inductor/select_algorithm.py:2967] [0/2] Ignoring this choice.
E0929 05:24:57.216000 106462 torch/_inductor/select_algorithm.py:2967] [0/2] Runtime error during autotuning: 
E0929 05:24:57.216000 106462 torch/_inductor/select_algorithm.py:2967] [0/2] CUDA error: an illegal memory access was encountered
E0929 05:24:57.216000 106462 torch/_inductor/select_algorithm.py:2967] [0/2] Search for `cudaErrorIllegalAddress' in https://docs.nvidia.com/cuda/cuda-runtime-api/group__CUDART__TYPES.html for more information.
E0929 05:24:57.216000 106462 torch/_inductor/select_algorithm.py:2967] [0/2] CUDA kernel errors might be asynchronously reported at some other API call, so the stacktrace below might be incorrect.
E0929 05:24:57.216000 106462 torch/_inductor/select_algorithm.py:2967] [0/2] For debugging consider passing CUDA_LAUNCH_BLOCKING=1
E0929 05:24:57.216000 106462 torch/_inductor/select_algorithm.py:2967] [0/2] Compile with `TORCH_USE_CUDA_DSA` to enable device-side assertions.
E0929 05:24:57.216000 106462 torch/_inductor/select_algorithm.py:2967] [0/2] 
E0929 05:24:57.216000 106462 torch/_inductor/select_algorithm.py:2967] [0/2] 
E0929 05:24:57.216000 106462 torch/_inductor/select_algorithm.py:2967] [0/2] Either error in template or triton bug.
E0929 05:24:57.216000 106462 torch/_inductor/select_algorithm.py:2967] [0/2] . 
E0929 05:24:57.216000 106462 torch/_inductor/select_algorithm.py:2967] [0/2] Ignoring this choice.
E0929 05:24:57.216000 106462 torch/_inductor/select_algorithm.py:2967] [0/2] Runtime error during autotuning: 
E0929 05:24:57.216000 106462 torch/_inductor/select_algorithm.py:2967] [0/2] CUDA error: an illegal memory access was encountered
E0929 05:24:57.216000 106462 torch/_inductor/select_algorithm.py:2967] [0/2] Search for `cudaErrorIllegalAddress' in https://docs.nvidia.com/cuda/cuda-runtime-api/group__CUDART__TYPES.html for more information.
E0929 05:24:57.216000 106462 torch/_inductor/select_algorithm.py:2967] [0/2] CUDA kernel errors might be asynchronously reported at some other API call, so the stacktrace below might be incorrect.
E0929 05:24:57.216000 106462 torch/_inductor/select_algorithm.py:2967] [0/2] For debugging consider passing CUDA_LAUNCH_BLOCKING=1
E0929 05:24:57.216000 106462 torch/_inductor/select_algorithm.py:2967] [0/2] Compile with `TORCH_USE_CUDA_DSA` to enable device-side assertions.
E0929 05:24:57.216000 106462 torch/_inductor/select_algorithm.py:2967] [0/2] 
E0929 05:24:57.216000 106462 torch/_inductor/select_algorithm.py:2967] [0/2] 
E0929 05:24:57.216000 106462 torch/_inductor/select_algorithm.py:2967] [0/2] Either error in template or triton bug.
E0929 05:24:57.216000 106462 torch/_inductor/select_algorithm.py:2967] [0/2] . 
E0929 05:24:57.216000 106462 torch/_inductor/select_algorithm.py:2967] [0/2] Ignoring this choice.
E0929 05:24:57.216000 106462 torch/_inductor/select_algorithm.py:2967] [0/2] Runtime error during autotuning: 
E0929 05:24:57.216000 106462 torch/_inductor/select_algorithm.py:2967] [0/2] CUDA error: an illegal memory access was encountered
E0929 05:24:57.216000 106462 torch/_inductor/select_algorithm.py:2967] [0/2] Search for `cudaErrorIllegalAddress' in https://docs.nvidia.com/cuda/cuda-runtime-api/group__CUDART__TYPES.html for more information.
E0929 05:24:57.216000 106462 torch/_inductor/select_algorithm.py:2967] [0/2] CUDA kernel errors might be asynchronously reported at some other API call, so the stacktrace below might be incorrect.
E0929 05:24:57.216000 106462 torch/_inductor/select_algorithm.py:2967] [0/2] For debugging consider passing CUDA_LAUNCH_BLOCKING=1
E0929 05:24:57.216000 106462 torch/_inductor/select_algorithm.py:2967] [0/2] Compile with `TORCH_USE_CUDA_DSA` to enable device-side assertions.
E0929 05:24:57.216000 106462 torch/_inductor/select_algorithm.py:2967] [0/2] 
E0929 05:24:57.216000 106462 torch/_inductor/select_algorithm.py:2967] [0/2] 
E0929 05:24:57.216000 106462 torch/_inductor/select_algorithm.py:2967] [0/2] Either error in template or triton bug.
E0929 05:24:57.216000 106462 torch/_inductor/select_algorithm.py:2967] [0/2] . 
E0929 05:24:57.216000 106462 torch/_inductor/select_algorithm.py:2967] [0/2] Ignoring this choice.
E0929 05:24:57.216000 106462 torch/_inductor/select_algorithm.py:2967] [0/2] Runtime error during autotuning: 
E0929 05:24:57.216000 106462 torch/_inductor/select_algorithm.py:2967] [0/2] CUDA error: an illegal memory access was encountered
E0929 05:24:57.216000 106462 torch/_inductor/select_algorithm.py:2967] [0/2] Search for `cudaErrorIllegalAddress' in https://docs.nvidia.com/cuda/cuda-runtime-api/group__CUDART__TYPES.html for more information.
E0929 05:24:57.216000 106462 torch/_inductor/select_algorithm.py:2967] [0/2] CUDA kernel errors might be asynchronously reported at some other API call, so the stacktrace below might be incorrect.
E0929 05:24:57.216000 106462 torch/_inductor/select_algorithm.py:2967] [0/2] For debugging consider passing CUDA_LAUNCH_BLOCKING=1
E0929 05:24:57.216000 106462 torch/_inductor/select_algorithm.py:2967] [0/2] Compile with `TORCH_USE_CUDA_DSA` to enable device-side assertions.
E0929 05:24:57.216000 106462 torch/_inductor/select_algorithm.py:2967] [0/2] 
E0929 05:24:57.216000 106462 torch/_inductor/select_algorithm.py:2967] [0/2] 
E0929 05:24:57.216000 106462 torch/_inductor/select_algorithm.py:2967] [0/2] Either error in template or triton bug.
E0929 05:24:57.216000 106462 torch/_inductor/select_algorithm.py:2967] [0/2] . 
E0929 05:24:57.216000 106462 torch/_inductor/select_algorithm.py:2967] [0/2] Ignoring this choice.
Autotune Choices Stats:
{"num_choices": 17, "num_triton_choices": 15, "best_kernel": "bias_addmm", "best_time": 8.658944129943848, "best_triton_pos": 2, "best_triton_time": 32.52937698364258, "best_triton_kernel": "triton_mm_30", "best_triton_kernel_desc": "ACC_TYPE='tl.float32', ALLOW_TF32=True, BLOCK_K=16, BLOCK_M=32, BLOCK_N=32, EVEN_K=True, GROUP_M=8, USE_FAST_ACCUM=False, num_stages=1, num_warps=2"}
AUTOTUNE addmm(8388608x256, 8388608x512, 512x256)
strides: [0, 1], [512, 1], [1, 512]
dtypes: torch.bfloat16, torch.bfloat16, torch.bfloat16
  bias_addmm 8.6589 ms 100.0% 
  addmm 14.3759 ms 60.2% 
  triton_mm_30 32.5294 ms 26.6% ACC_TYPE='tl.float32', ALLOW_TF32=True, BLOCK_K=16, BLOCK_M=32, BLOCK_N=32, EVEN_K=True, GROUP_M=8, USE_FAST_ACCUM=False, num_stages=1, num_warps=2
  triton_mm_31 inf ms 0.0% ACC_TYPE='tl.float32', ALLOW_TF32=True, BLOCK_K=128, BLOCK_M=32, BLOCK_N=32, EVEN_K=True, GROUP_M=8, USE_FAST_ACCUM=False, num_stages=2, num_warps=4
  triton_mm_32 inf ms 0.0% ACC_TYPE='tl.float32', ALLOW_TF32=True, BLOCK_K=32, BLOCK_M=32, BLOCK_N=64, EVEN_K=True, GROUP_M=8, USE_FAST_ACCUM=False, num_stages=5, num_warps=8
  triton_mm_33 inf ms 0.0% ACC_TYPE='tl.float32', ALLOW_TF32=True, BLOCK_K=32, BLOCK_M=64, BLOCK_N=32, EVEN_K=True, GROUP_M=8, USE_FAST_ACCUM=False, num_stages=5, num_warps=8
  triton_mm_34 inf ms 0.0% ACC_TYPE='tl.float32', ALLOW_TF32=True, BLOCK_K=16, BLOCK_M=64, BLOCK_N=64, EVEN_K=True, GROUP_M=8, USE_FAST_ACCUM=False, num_stages=2, num_warps=4
  triton_mm_35 inf ms 0.0% ACC_TYPE='tl.float32', ALLOW_TF32=True, BLOCK_K=32, BLOCK_M=64, BLOCK_N=64, EVEN_K=True, GROUP_M=8, USE_FAST_ACCUM=False, num_stages=2, num_warps=4
  triton_mm_36 inf ms 0.0% ACC_TYPE='tl.float32', ALLOW_TF32=True, BLOCK_K=64, BLOCK_M=64, BLOCK_N=64, EVEN_K=True, GROUP_M=8, USE_FAST_ACCUM=False, num_stages=3, num_warps=8
  triton_mm_37 inf ms 0.0% ACC_TYPE='tl.float32', ALLOW_TF32=True, BLOCK_K=32, BLOCK_M=64, BLOCK_N=128, EVEN_K=True, GROUP_M=8, USE_FAST_ACCUM=False, num_stages=3, num_warps=4
SingleProcess AUTOTUNE benchmarking takes 0.5315 seconds and 0.1577 seconds precompiling for 17 choices
Traceback (most recent call last):
  File "/workspace/kg-v3/runs/gemm-limits-2026-09-29/probe_linear.py", line 172, in <module>
    main()
  File "/workspace/kg-v3/runs/gemm-limits-2026-09-29/probe_linear.py", line 165, in main
    rec = run_point(model, fn, m, k, backward, args.seed)
          ^^^^^^^^^^^^^^^^^^^^^^^^^^^^^^^^^^^^^^^^^^^^^^^
  File "/workspace/kg-v3/runs/gemm-limits-2026-09-29/probe_linear.py", line 97, in run_point
    out = fn(x)
          ^^^^^
  File "/workspace/kg-v3/.venv/lib/python3.12/site-packages/torch/_dynamo/eval_frame.py", line 414, in __call__
    return super().__call__(*args, **kwargs)
           ^^^^^^^^^^^^^^^^^^^^^^^^^^^^^^^^^
  File "/workspace/kg-v3/.venv/lib/python3.12/site-packages/torch/nn/modules/module.py", line 1775, in _wrapped_call_impl
    return self._call_impl(*args, **kwargs)
           ^^^^^^^^^^^^^^^^^^^^^^^^^^^^^^^^
  File "/workspace/kg-v3/.venv/lib/python3.12/site-packages/torch/nn/modules/module.py", line 1786, in _call_impl
    return forward_call(*args, **kwargs)
           ^^^^^^^^^^^^^^^^^^^^^^^^^^^^^
  File "/workspace/kg-v3/.venv/lib/python3.12/site-packages/torch/_dynamo/eval_frame.py", line 832, in compile_wrapper
    return fn(*args, **kwargs)
           ^^^^^^^^^^^^^^^^^^^
  File "/workspace/kg-v3/.venv/lib/python3.12/site-packages/torch/_dynamo/convert_frame.py", line 1874, in __call__
    result = self._torchdynamo_orig_backend(
             ^^^^^^^^^^^^^^^^^^^^^^^^^^^^^^^
  File "/workspace/kg-v3/.venv/lib/python3.12/site-packages/torch/_dynamo/convert_frame.py", line 1624, in __call__
    result = self._inner_convert(
             ^^^^^^^^^^^^^^^^^^^^
  File "/workspace/kg-v3/.venv/lib/python3.12/site-packages/torch/_dynamo/convert_frame.py", line 688, in __call__
    result = _compile(
             ^^^^^^^^^
  File "/workspace/kg-v3/.venv/lib/python3.12/site-packages/torch/_dynamo/convert_frame.py", line 1494, in _compile
    raise InternalTorchDynamoError(
  File "/workspace/kg-v3/.venv/lib/python3.12/site-packages/torch/_dynamo/convert_frame.py", line 1433, in _compile
    guarded_code, tracer_output = compile_inner(code, one_graph, hooks)
                                  ^^^^^^^^^^^^^^^^^^^^^^^^^^^^^^^^^^^^^
  File "/workspace/kg-v3/.venv/lib/python3.12/site-packages/torch/_utils_internal.py", line 92, in wrapper_function
    return function(*args, **kwargs)
           ^^^^^^^^^^^^^^^^^^^^^^^^^
  File "/workspace/kg-v3/.venv/lib/python3.12/site-packages/torch/_dynamo/convert_frame.py", line 1117, in compile_inner
    return _compile_inner(code, one_graph, hooks)
           ^^^^^^^^^^^^^^^^^^^^^^^^^^^^^^^^^^^^^^
  File "/workspace/kg-v3/.venv/lib/python3.12/site-packages/torch/_dynamo/convert_frame.py", line 1151, in _compile_inner
    dynamo_output = compile_frame(
                    ^^^^^^^^^^^^^^
  File "/workspace/kg-v3/.venv/lib/python3.12/site-packages/torch/_dynamo/convert_frame.py", line 1032, in compile_frame
    bytecode, tracer_output = transform_code_object(code, transform)
                              ^^^^^^^^^^^^^^^^^^^^^^^^^^^^^^^^^^^^^^
  File "/workspace/kg-v3/.venv/lib/python3.12/site-packages/torch/_dynamo/bytecode_transformation.py", line 1592, in transform_code_object
    tracer_output = transformations(instructions, code_options)
                    ^^^^^^^^^^^^^^^^^^^^^^^^^^^^^^^^^^^^^^^^^^^
  File "/workspace/kg-v3/.venv/lib/python3.12/site-packages/torch/_dynamo/convert_frame.py", line 1004, in transform
    tracer_output = trace_frame(
                    ^^^^^^^^^^^^
  File "/workspace/kg-v3/.venv/lib/python3.12/site-packages/torch/_dynamo/convert_frame.py", line 333, in _fn
    torch.cuda.set_rng_state(cuda_rng_state)
  File "/workspace/kg-v3/.venv/lib/python3.12/site-packages/torch/cuda/random.py", line 79, in set_rng_state
    _lazy_call(cb)
  File "/workspace/kg-v3/.venv/lib/python3.12/site-packages/torch/cuda/__init__.py", line 341, in _lazy_call
    callable()
  File "/workspace/kg-v3/.venv/lib/python3.12/site-packages/torch/cuda/random.py", line 77, in cb
    default_generator.set_state(new_state)
torch._dynamo.exc.InternalTorchDynamoError: AcceleratorError: CUDA error: an illegal memory access was encountered
Search for `cudaErrorIllegalAddress' in https://docs.nvidia.com/cuda/cuda-runtime-api/group__CUDART__TYPES.html for more information.
CUDA kernel errors might be asynchronously reported at some other API call, so the stacktrace below might be incorrect.
For debugging consider passing CUDA_LAUNCH_BLOCKING=1
Compile with `TORCH_USE_CUDA_DSA` to enable device-side assertions.


