/workspace/kg-v3/.venv/lib/python3.12/site-packages/torch/backends/__init__.py:46: UserWarning: Please use the new API settings to control TF32 behavior, such as torch.backends.cudnn.conv.fp32_precision = 'tf32' or torch.backends.cuda.matmul.fp32_precision = 'ieee'. Old settings, e.g, torch.backends.cuda.matmul.allow_tf32 = True, torch.backends.cudnn.allow_tf32 = True, allowTF32CuDNN() and allowTF32CuBLAS() will be deprecated after Pytorch 2.9. Please see https://pytorch.org/docs/main/notes/cuda.html#tensorfloat-32-tf32-on-ampere-and-later-devices (Triggered internally at /pytorch/aten/src/ATen/Context.cpp:80.)
  self.setter(val)
V0929 05:30:25.587000 120182 torch/_dynamo/guards.py:2666] [0/0] [__guards] C++ shape guard function: 
V0929 05:30:25.587000 120182 torch/_dynamo/guards.py:2666] [0/0] [__guards] #include <algorithm>
V0929 05:30:25.587000 120182 torch/_dynamo/guards.py:2666] [0/0] [__guards] #include <cstdint>
V0929 05:30:25.587000 120182 torch/_dynamo/guards.py:2666] [0/0] [__guards] #include <cmath>
V0929 05:30:25.587000 120182 torch/_dynamo/guards.py:2666] [0/0] [__guards] #include <c10/util/generic_math.h>
V0929 05:30:25.587000 120182 torch/_dynamo/guards.py:2666] [0/0] [__guards] 
V0929 05:30:25.587000 120182 torch/_dynamo/guards.py:2666] [0/0] [__guards] #if defined(_MSC_VER)
V0929 05:30:25.587000 120182 torch/_dynamo/guards.py:2666] [0/0] [__guards] #  define EXTERN_DLL_EXPORT extern "C" __declspec(dllexport)
V0929 05:30:25.587000 120182 torch/_dynamo/guards.py:2666] [0/0] [__guards] #else
V0929 05:30:25.587000 120182 torch/_dynamo/guards.py:2666] [0/0] [__guards] #  define EXTERN_DLL_EXPORT extern "C"
V0929 05:30:25.587000 120182 torch/_dynamo/guards.py:2666] [0/0] [__guards] #endif
V0929 05:30:25.587000 120182 torch/_dynamo/guards.py:2666] [0/0] [__guards] 
V0929 05:30:25.587000 120182 torch/_dynamo/guards.py:2666] [0/0] [__guards] EXTERN_DLL_EXPORT int8_t guard(int64_t *int_values, double *float_values) {
V0929 05:30:25.587000 120182 torch/_dynamo/guards.py:2666] [0/0] [__guards]   int64_t L_args_0_size_0_ = int_values[0];
V0929 05:30:25.587000 120182 torch/_dynamo/guards.py:2666] [0/0] [__guards] 
V0929 05:30:25.587000 120182 torch/_dynamo/guards.py:2666] [0/0] [__guards]   return (256L*L_args_0_size_0_ <= 2147483647L) && (768L*L_args_0_size_0_ <= 2147483647L) && (2L <= L_args_0_size_0_);
V0929 05:30:25.587000 120182 torch/_dynamo/guards.py:2666] [0/0] [__guards] }
V0929 05:30:25.587000 120182 torch/_dynamo/guards.py:2666] [0/0] [__guards]  ["256*L['args'][0].size()[0] <= 2147483647  # (_functorch/_aot_autograd/autograd_cache.py:1295 in evaluate_guards)", "768*L['args'][0].size()[0] <= 2147483647  # (_functorch/_aot_autograd/autograd_cache.py:1295 in evaluate_guards)", "2 <= L['args'][0].size()[0]  # return F.linear(input, self.weight, self.bias)  # nn/modules/linear.py:134 in forward (user code shown is first use of this value--the guard itself is not due user code but due to 0/1 specialization in the framework; to avoid specialization try torch._dynamo.mark_unbacked(tensor, dim))"]
V0929 05:30:28.874000 120182 torch/_dynamo/guards.py:3687] [0/0] [__guards] GUARDS:
V0929 05:30:28.876000 120182 torch/_dynamo/guards.py:3404] [0/0] [__guards] 
V0929 05:30:28.876000 120182 torch/_dynamo/guards.py:3404] [0/0] [__guards] TREE_GUARD_MANAGER:
V0929 05:30:28.876000 120182 torch/_dynamo/guards.py:3404] [0/0] [__guards] +- RootGuardManager
V0929 05:30:28.876000 120182 torch/_dynamo/guards.py:3404] [0/0] [__guards] | +- LAMBDA_GUARD: torch._functorch.aot_autograd.utils.top_saved_tensors_hooks ids == None  # _dynamo/output_graph.py:688 in init_ambient_guards
V0929 05:30:28.876000 120182 torch/_dynamo/guards.py:3404] [0/0] [__guards] | +- DEFAULT_DEVICE: utils_device.CURRENT_DEVICE == None                           # _dynamo/output_graph.py:676 in init_ambient_guards
V0929 05:30:28.876000 120182 torch/_dynamo/guards.py:3404] [0/0] [__guards] | +- GLOBAL_STATE: ___check_global_state()
V0929 05:30:28.876000 120182 torch/_dynamo/guards.py:3404] [0/0] [__guards] | +- TORCH_FUNCTION_MODE_STACK: ___check_torch_function_mode_stack()
V0929 05:30:28.876000 120182 torch/_dynamo/guards.py:3404] [0/0] [__guards] | +- GuardManager: source=L['args'], accessed_by=FrameLocalsGuardAccessor(key='args', framelocals_idx=0), type=<class 'tuple'>, tag_safe=(True, False)
V0929 05:30:28.876000 120182 torch/_dynamo/guards.py:3404] [0/0] [__guards] | | +- TYPE_MATCH: ___check_type_id(L['args'], 10759232)                       
V0929 05:30:28.876000 120182 torch/_dynamo/guards.py:3404] [0/0] [__guards] | | +- LENGTH_CHECK: len(L['args']) == 1                                         
V0929 05:30:28.876000 120182 torch/_dynamo/guards.py:3404] [0/0] [__guards] | | +- GuardManager: source=L['args'][0], accessed_by=TupleGetItemGuardAccessor(0), type=<class 'torch.Tensor'>, tag_safe=(False, False)
V0929 05:30:28.876000 120182 torch/_dynamo/guards.py:3404] [0/0] [__guards] | | | +- TENSOR_MATCH: check_tensor(L['args'][0], Tensor, DispatchKeySet(CUDA, BackendSelect, ADInplaceOrView, AutogradCUDA, AutocastCUDA), torch.float32, device=0, requires_grad=False, size=[None, 768], stride=[768, 1])  # return F.linear(input, self.weight, self.bias)  # nn/modules/linear.py:134 in forward
V0929 05:30:28.876000 120182 torch/_dynamo/guards.py:3404] [0/0] [__guards] | | | +- NO_HASATTR: hasattr(L['args'][0], '_dynamo_dynamic_indices') == False     # return F.linear(input, self.weight, self.bias)  # nn/modules/linear.py:134 in forward
V0929 05:30:28.876000 120182 torch/_dynamo/guards.py:3404] [0/0] [__guards] | | | +- GuardManager: source=L['args'][0].size()[0], accessed_by=TensorPropertyGuardAccessor<TensorProperty::SIZE>(0), type=<class 'int'>, tag_safe=(True, False)
V0929 05:30:28.876000 120182 torch/_dynamo/guards.py:3404] [0/0] [__guards] | | | | +- GuardManager: source=(0, L['args'][0].size()[0]), accessed_by=IndexedGuardAccesor(0), type=<class 'tuple'>, tag_safe=(True, False)
V0929 05:30:28.876000 120182 torch/_dynamo/guards.py:3404] [0/0] [__guards] | | | | | +- SYMBOLIC_SHAPE_GUARD: 256*L['args'][0].size()[0] <= 2147483647  # (_functorch/_aot_autograd/autograd_cache.py:1295 in evaluate_guards)
V0929 05:30:28.876000 120182 torch/_dynamo/guards.py:3404] [0/0] [__guards] | | | | | +- SYMBOLIC_SHAPE_GUARD: 768*L['args'][0].size()[0] <= 2147483647  # (_functorch/_aot_autograd/autograd_cache.py:1295 in evaluate_guards)
V0929 05:30:28.876000 120182 torch/_dynamo/guards.py:3404] [0/0] [__guards] | | | | | +- SYMBOLIC_SHAPE_GUARD: 2 <= L['args'][0].size()[0]  # return F.linear(input, self.weight, self.bias)  # nn/modules/linear.py:134 in forward (user code shown is first use of this value--the guard itself is not due user code but due to 0/1 specialization in the framework; to avoid specialization try torch._dynamo.mark_unbacked(tensor, dim))
V0929 05:30:28.876000 120182 torch/_dynamo/guards.py:3404] [0/0] [__guards] | +- GuardManager: source=L['kwargs'], accessed_by=FrameLocalsGuardAccessor(key='kwargs', framelocals_idx=1), type=<class 'dict'>, tag_safe=(True, False)
V0929 05:30:28.876000 120182 torch/_dynamo/guards.py:3404] [0/0] [__guards] | | +- TYPE_MATCH: ___check_type_id(L['kwargs'], 10737728)                     
V0929 05:30:28.876000 120182 torch/_dynamo/guards.py:3404] [0/0] [__guards] | | +- DICT_LENGTH: not L['kwargs']                                             
V0929 05:30:28.876000 120182 torch/_dynamo/guards.py:3404] [0/0] [__guards] | +- GuardManager: source=G, accessed_by=GlobalsGuardAccessor, type=<class 'dict'>, tag_safe=(False, False)
V0929 05:30:28.876000 120182 torch/_dynamo/guards.py:3404] [0/0] [__guards] | | +- GuardManager: source=G['__import_torch_dot_nn_dot_modules_dot_linear'], accessed_by=DictGetItemGuardAccessor('__import_torch_dot_nn_dot_modules_dot_linear'), type=<class 'module'>, tag_safe=(False, False)
V0929 05:30:28.876000 120182 torch/_dynamo/guards.py:3404] [0/0] [__guards] | | | +- ID_MATCH: ___check_obj_id(G['__import_torch_dot_nn_dot_modules_dot_linear'], 132905998563456)  # return F.linear(input, self.weight, self.bias)  # nn/modules/linear.py:134 in forward
V0929 05:30:28.876000 120182 torch/_dynamo/guards.py:3404] [0/0] [__guards] | | | +- GuardManager: source=G['__import_torch_dot_nn_dot_modules_dot_linear'].F, accessed_by=GetAttrGuardAccessor(F), type=<class 'module'>, tag_safe=(False, False)
V0929 05:30:28.876000 120182 torch/_dynamo/guards.py:3404] [0/0] [__guards] | | | | +- ID_MATCH: ___check_obj_id(G['__import_torch_dot_nn_dot_modules_dot_linear'].F, 132905998563376)  # return F.linear(input, self.weight, self.bias)  # nn/modules/linear.py:134 in forward
V0929 05:30:28.876000 120182 torch/_dynamo/guards.py:3404] [0/0] [__guards] | | | | +- GuardManager: source=G['__import_torch_dot_nn_dot_modules_dot_linear'].F.linear, accessed_by=GetAttrGuardAccessor(linear), type=<class 'builtin_function_or_method'>, tag_safe=(True, False)
V0929 05:30:28.876000 120182 torch/_dynamo/guards.py:3404] [0/0] [__guards] | | | | | +- ID_MATCH: ___check_obj_id(G['__import_torch_dot_nn_dot_modules_dot_linear'].F.linear, 132909813806992)  # return F.linear(input, self.weight, self.bias)  # nn/modules/linear.py:134 in forward
V0929 05:30:28.876000 120182 torch/_dynamo/guards.py:3404] [0/0] [__guards] | | +- GuardManager: source=G['__import_torch_dot_nn_dot_modules_dot_module'], accessed_by=DictGetItemGuardAccessor('__import_torch_dot_nn_dot_modules_dot_module'), type=<class 'module'>, tag_safe=(False, False)
V0929 05:30:28.876000 120182 torch/_dynamo/guards.py:3404] [0/0] [__guards] | | | +- ID_MATCH: ___check_obj_id(G['__import_torch_dot_nn_dot_modules_dot_module'], 132906002364064)
V0929 05:30:28.876000 120182 torch/_dynamo/guards.py:3404] [0/0] [__guards] | | | +- GuardManager: source=G['__import_torch_dot_nn_dot_modules_dot_module']._global_forward_hooks, accessed_by=GetAttrGuardAccessor(_global_forward_hooks), type=<class 'collections.OrderedDict'>, tag_safe=(True, False)
V0929 05:30:28.876000 120182 torch/_dynamo/guards.py:3404] [0/0] [__guards] | | | | +- TYPE_MATCH: ___check_type_id(G['__import_torch_dot_nn_dot_modules_dot_module']._global_forward_hooks, 10741888)
V0929 05:30:28.876000 120182 torch/_dynamo/guards.py:3404] [0/0] [__guards] | | | +- GuardManager: source=G['__import_torch_dot_nn_dot_modules_dot_module']._global_backward_hooks, accessed_by=GetAttrGuardAccessor(_global_backward_hooks), type=<class 'collections.OrderedDict'>, tag_safe=(True, False)
V0929 05:30:28.876000 120182 torch/_dynamo/guards.py:3404] [0/0] [__guards] | | | | +- TYPE_MATCH: ___check_type_id(G['__import_torch_dot_nn_dot_modules_dot_module']._global_backward_hooks, 10741888)
V0929 05:30:28.876000 120182 torch/_dynamo/guards.py:3404] [0/0] [__guards] | | | +- GuardManager: source=G['__import_torch_dot_nn_dot_modules_dot_module']._global_forward_pre_hooks, accessed_by=GetAttrGuardAccessor(_global_forward_pre_hooks), type=<class 'collections.OrderedDict'>, tag_safe=(True, False)
V0929 05:30:28.876000 120182 torch/_dynamo/guards.py:3404] [0/0] [__guards] | | | | +- TYPE_MATCH: ___check_type_id(G['__import_torch_dot_nn_dot_modules_dot_module']._global_forward_pre_hooks, 10741888)
V0929 05:30:28.876000 120182 torch/_dynamo/guards.py:3404] [0/0] [__guards] | | | +- GuardManager: source=G['__import_torch_dot_nn_dot_modules_dot_module']._global_backward_pre_hooks, accessed_by=GetAttrGuardAccessor(_global_backward_pre_hooks), type=<class 'collections.OrderedDict'>, tag_safe=(True, False)
V0929 05:30:28.876000 120182 torch/_dynamo/guards.py:3404] [0/0] [__guards] | | | | +- TYPE_MATCH: ___check_type_id(G['__import_torch_dot_nn_dot_modules_dot_module']._global_backward_pre_hooks, 10741888)
V0929 05:30:28.876000 120182 torch/_dynamo/guards.py:3404] [0/0] [__guards] | +- GuardManager: source=L['fn'], accessed_by=FrameLocalsGuardAccessor(key='fn', framelocals_idx=2), type=<class 'torch.nn.modules.linear.Linear'>, tag_safe=(True, True)
V0929 05:30:28.876000 120182 torch/_dynamo/guards.py:3404] [0/0] [__guards] | | +- TYPE_MATCH: ___check_type_id(L['fn'], 782001344)                        
V0929 05:30:28.876000 120182 torch/_dynamo/guards.py:3404] [0/0] [__guards] | | +- GuardManager: source=L['fn'].__dict__, accessed_by=GetGenericDictGuardAccessor, type=<class 'dict'>, tag_safe=(True, False)
V0929 05:30:28.876000 120182 torch/_dynamo/guards.py:3404] [0/0] [__guards] | | | +- DICT_CONTAINS: not ___dict_contains('forward', L['fn'].__dict__)           
V0929 05:30:28.876000 120182 torch/_dynamo/guards.py:3404] [0/0] [__guards] | | | +- GuardManager: source=L['fn']._parameters, accessed_by=DictGetItemGuardAccessor('_parameters'), type=<class 'dict'>, tag_safe=(True, False)
V0929 05:30:28.876000 120182 torch/_dynamo/guards.py:3404] [0/0] [__guards] | | | | +- TYPE_MATCH: ___check_type_id(L['fn']._parameters, 10737728)               # return F.linear(input, self.weight, self.bias)  # nn/modules/linear.py:134 in forward
V0929 05:30:28.876000 120182 torch/_dynamo/guards.py:3404] [0/0] [__guards] | | | | +- GuardManager: source=L['fn']._parameters['bias'], accessed_by=DictGetItemGuardAccessor('bias'), type=<class 'torch.nn.parameter.Parameter'>, tag_safe=(True, False)
V0929 05:30:28.876000 120182 torch/_dynamo/guards.py:3404] [0/0] [__guards] | | | | | +- TENSOR_MATCH: check_tensor(L['fn']._parameters['bias'], Parameter, DispatchKeySet(CUDA, BackendSelect, ADInplaceOrView, AutogradCUDA, AutocastCUDA), torch.float32, device=0, requires_grad=True, size=[256], stride=[1])  # return F.linear(input, self.weight, self.bias)  # nn/modules/linear.py:134 in forward
V0929 05:30:28.876000 120182 torch/_dynamo/guards.py:3404] [0/0] [__guards] | | | | +- GuardManager: source=L['fn']._parameters['weight'], accessed_by=DictGetItemGuardAccessor('weight'), type=<class 'torch.nn.parameter.Parameter'>, tag_safe=(True, False)
V0929 05:30:28.876000 120182 torch/_dynamo/guards.py:3404] [0/0] [__guards] | | | | | +- TENSOR_MATCH: check_tensor(L['fn']._parameters['weight'], Parameter, DispatchKeySet(CUDA, BackendSelect, ADInplaceOrView, AutogradCUDA, AutocastCUDA), torch.float32, device=0, requires_grad=True, size=[256, 768], stride=[768, 1])  # return F.linear(input, self.weight, self.bias)  # nn/modules/linear.py:134 in forward
V0929 05:30:28.876000 120182 torch/_dynamo/guards.py:3404] [0/0] [__guards] 
V0929 05:30:28.888000 120182 torch/_dynamo/guards.py:3436] [0/0] [__guards] Guard eval latency = 48.57 us
V0929 05:30:29.223000 120182 torch/_dynamo/guards.py:4181] [0/1] [__recompiles] Recompiling function inner in /workspace/kg-v3/.venv/lib/python3.12/site-packages/torch/_dynamo/external_utils.py:66
V0929 05:30:29.223000 120182 torch/_dynamo/guards.py:4181] [0/1] [__recompiles]     triggered by the following guard failure(s):
V0929 05:30:29.223000 120182 torch/_dynamo/guards.py:4181] [0/1] [__recompiles]     - 0/0: 768*args[0].size()[0] <= 2147483647  # (_functorch/_aot_autograd/autograd_cache.py:1295 in evaluate_guards)
E0929 05:30:30.049000 120182 torch/_inductor/select_algorithm.py:2967] [0/1] Runtime error during autotuning: 
E0929 05:30:30.049000 120182 torch/_inductor/select_algorithm.py:2967] [0/1] CUDA error: an illegal memory access was encountered
E0929 05:30:30.049000 120182 torch/_inductor/select_algorithm.py:2967] [0/1] Search for `cudaErrorIllegalAddress' in https://docs.nvidia.com/cuda/cuda-runtime-api/group__CUDART__TYPES.html for more information.
E0929 05:30:30.049000 120182 torch/_inductor/select_algorithm.py:2967] [0/1] CUDA kernel errors might be asynchronously reported at some other API call, so the stacktrace below might be incorrect.
E0929 05:30:30.049000 120182 torch/_inductor/select_algorithm.py:2967] [0/1] For debugging consider passing CUDA_LAUNCH_BLOCKING=1
E0929 05:30:30.049000 120182 torch/_inductor/select_algorithm.py:2967] [0/1] Compile with `TORCH_USE_CUDA_DSA` to enable device-side assertions.
E0929 05:30:30.049000 120182 torch/_inductor/select_algorithm.py:2967] [0/1] 
E0929 05:30:30.049000 120182 torch/_inductor/select_algorithm.py:2967] [0/1] 
E0929 05:30:30.049000 120182 torch/_inductor/select_algorithm.py:2967] [0/1] Either error in template or triton bug.
E0929 05:30:30.049000 120182 torch/_inductor/select_algorithm.py:2967] [0/1] . 
E0929 05:30:30.049000 120182 torch/_inductor/select_algorithm.py:2967] [0/1] Ignoring this choice.
E0929 05:30:30.050000 120182 torch/_inductor/select_algorithm.py:2967] [0/1] Runtime error during autotuning: 
E0929 05:30:30.050000 120182 torch/_inductor/select_algorithm.py:2967] [0/1] CUDA error: an illegal memory access was encountered
E0929 05:30:30.050000 120182 torch/_inductor/select_algorithm.py:2967] [0/1] Search for `cudaErrorIllegalAddress' in https://docs.nvidia.com/cuda/cuda-runtime-api/group__CUDART__TYPES.html for more information.
E0929 05:30:30.050000 120182 torch/_inductor/select_algorithm.py:2967] [0/1] CUDA kernel errors might be asynchronously reported at some other API call, so the stacktrace below might be incorrect.
E0929 05:30:30.050000 120182 torch/_inductor/select_algorithm.py:2967] [0/1] For debugging consider passing CUDA_LAUNCH_BLOCKING=1
E0929 05:30:30.050000 120182 torch/_inductor/select_algorithm.py:2967] [0/1] Compile with `TORCH_USE_CUDA_DSA` to enable device-side assertions.
E0929 05:30:30.050000 120182 torch/_inductor/select_algorithm.py:2967] [0/1] 
E0929 05:30:30.050000 120182 torch/_inductor/select_algorithm.py:2967] [0/1] 
E0929 05:30:30.050000 120182 torch/_inductor/select_algorithm.py:2967] [0/1] Either error in template or triton bug.
E0929 05:30:30.050000 120182 torch/_inductor/select_algorithm.py:2967] [0/1] . 
E0929 05:30:30.050000 120182 torch/_inductor/select_algorithm.py:2967] [0/1] Ignoring this choice.
E0929 05:30:30.050000 120182 torch/_inductor/select_algorithm.py:2967] [0/1] Runtime error during autotuning: 
E0929 05:30:30.050000 120182 torch/_inductor/select_algorithm.py:2967] [0/1] CUDA error: an illegal memory access was encountered
E0929 05:30:30.050000 120182 torch/_inductor/select_algorithm.py:2967] [0/1] Search for `cudaErrorIllegalAddress' in https://docs.nvidia.com/cuda/cuda-runtime-api/group__CUDART__TYPES.html for more information.
E0929 05:30:30.050000 120182 torch/_inductor/select_algorithm.py:2967] [0/1] CUDA kernel errors might be asynchronously reported at some other API call, so the stacktrace below might be incorrect.
E0929 05:30:30.050000 120182 torch/_inductor/select_algorithm.py:2967] [0/1] For debugging consider passing CUDA_LAUNCH_BLOCKING=1
E0929 05:30:30.050000 120182 torch/_inductor/select_algorithm.py:2967] [0/1] Compile with `TORCH_USE_CUDA_DSA` to enable device-side assertions.
E0929 05:30:30.050000 120182 torch/_inductor/select_algorithm.py:2967] [0/1] 
E0929 05:30:30.050000 120182 torch/_inductor/select_algorithm.py:2967] [0/1] 
E0929 05:30:30.050000 120182 torch/_inductor/select_algorithm.py:2967] [0/1] Either error in template or triton bug.
E0929 05:30:30.050000 120182 torch/_inductor/select_algorithm.py:2967] [0/1] . 
E0929 05:30:30.050000 120182 torch/_inductor/select_algorithm.py:2967] [0/1] Ignoring this choice.
E0929 05:30:30.050000 120182 torch/_inductor/select_algorithm.py:2967] [0/1] Runtime error during autotuning: 
E0929 05:30:30.050000 120182 torch/_inductor/select_algorithm.py:2967] [0/1] CUDA error: an illegal memory access was encountered
E0929 05:30:30.050000 120182 torch/_inductor/select_algorithm.py:2967] [0/1] Search for `cudaErrorIllegalAddress' in https://docs.nvidia.com/cuda/cuda-runtime-api/group__CUDART__TYPES.html for more information.
E0929 05:30:30.050000 120182 torch/_inductor/select_algorithm.py:2967] [0/1] CUDA kernel errors might be asynchronously reported at some other API call, so the stacktrace below might be incorrect.
E0929 05:30:30.050000 120182 torch/_inductor/select_algorithm.py:2967] [0/1] For debugging consider passing CUDA_LAUNCH_BLOCKING=1
E0929 05:30:30.050000 120182 torch/_inductor/select_algorithm.py:2967] [0/1] Compile with `TORCH_USE_CUDA_DSA` to enable device-side assertions.
E0929 05:30:30.050000 120182 torch/_inductor/select_algorithm.py:2967] [0/1] 
E0929 05:30:30.050000 120182 torch/_inductor/select_algorithm.py:2967] [0/1] 
E0929 05:30:30.050000 120182 torch/_inductor/select_algorithm.py:2967] [0/1] Either error in template or triton bug.
E0929 05:30:30.050000 120182 torch/_inductor/select_algorithm.py:2967] [0/1] . 
E0929 05:30:30.050000 120182 torch/_inductor/select_algorithm.py:2967] [0/1] Ignoring this choice.
E0929 05:30:30.051000 120182 torch/_inductor/select_algorithm.py:2967] [0/1] Runtime error during autotuning: 
E0929 05:30:30.051000 120182 torch/_inductor/select_algorithm.py:2967] [0/1] CUDA error: an illegal memory access was encountered
E0929 05:30:30.051000 120182 torch/_inductor/select_algorithm.py:2967] [0/1] Search for `cudaErrorIllegalAddress' in https://docs.nvidia.com/cuda/cuda-runtime-api/group__CUDART__TYPES.html for more information.
E0929 05:30:30.051000 120182 torch/_inductor/select_algorithm.py:2967] [0/1] CUDA kernel errors might be asynchronously reported at some other API call, so the stacktrace below might be incorrect.
E0929 05:30:30.051000 120182 torch/_inductor/select_algorithm.py:2967] [0/1] For debugging consider passing CUDA_LAUNCH_BLOCKING=1
E0929 05:30:30.051000 120182 torch/_inductor/select_algorithm.py:2967] [0/1] Compile with `TORCH_USE_CUDA_DSA` to enable device-side assertions.
E0929 05:30:30.051000 120182 torch/_inductor/select_algorithm.py:2967] [0/1] 
E0929 05:30:30.051000 120182 torch/_inductor/select_algorithm.py:2967] [0/1] 
E0929 05:30:30.051000 120182 torch/_inductor/select_algorithm.py:2967] [0/1] Either error in template or triton bug.
E0929 05:30:30.051000 120182 torch/_inductor/select_algorithm.py:2967] [0/1] . 
E0929 05:30:30.051000 120182 torch/_inductor/select_algorithm.py:2967] [0/1] Ignoring this choice.
E0929 05:30:30.051000 120182 torch/_inductor/select_algorithm.py:2967] [0/1] Runtime error during autotuning: 
E0929 05:30:30.051000 120182 torch/_inductor/select_algorithm.py:2967] [0/1] CUDA error: an illegal memory access was encountered
E0929 05:30:30.051000 120182 torch/_inductor/select_algorithm.py:2967] [0/1] Search for `cudaErrorIllegalAddress' in https://docs.nvidia.com/cuda/cuda-runtime-api/group__CUDART__TYPES.html for more information.
E0929 05:30:30.051000 120182 torch/_inductor/select_algorithm.py:2967] [0/1] CUDA kernel errors might be asynchronously reported at some other API call, so the stacktrace below might be incorrect.
E0929 05:30:30.051000 120182 torch/_inductor/select_algorithm.py:2967] [0/1] For debugging consider passing CUDA_LAUNCH_BLOCKING=1
E0929 05:30:30.051000 120182 torch/_inductor/select_algorithm.py:2967] [0/1] Compile with `TORCH_USE_CUDA_DSA` to enable device-side assertions.
E0929 05:30:30.051000 120182 torch/_inductor/select_algorithm.py:2967] [0/1] 
E0929 05:30:30.051000 120182 torch/_inductor/select_algorithm.py:2967] [0/1] 
E0929 05:30:30.051000 120182 torch/_inductor/select_algorithm.py:2967] [0/1] Either error in template or triton bug.
E0929 05:30:30.051000 120182 torch/_inductor/select_algorithm.py:2967] [0/1] . 
E0929 05:30:30.051000 120182 torch/_inductor/select_algorithm.py:2967] [0/1] Ignoring this choice.
E0929 05:30:30.051000 120182 torch/_inductor/select_algorithm.py:2967] [0/1] Runtime error during autotuning: 
E0929 05:30:30.051000 120182 torch/_inductor/select_algorithm.py:2967] [0/1] CUDA error: an illegal memory access was encountered
E0929 05:30:30.051000 120182 torch/_inductor/select_algorithm.py:2967] [0/1] Search for `cudaErrorIllegalAddress' in https://docs.nvidia.com/cuda/cuda-runtime-api/group__CUDART__TYPES.html for more information.
E0929 05:30:30.051000 120182 torch/_inductor/select_algorithm.py:2967] [0/1] CUDA kernel errors might be asynchronously reported at some other API call, so the stacktrace below might be incorrect.
E0929 05:30:30.051000 120182 torch/_inductor/select_algorithm.py:2967] [0/1] For debugging consider passing CUDA_LAUNCH_BLOCKING=1
E0929 05:30:30.051000 120182 torch/_inductor/select_algorithm.py:2967] [0/1] Compile with `TORCH_USE_CUDA_DSA` to enable device-side assertions.
E0929 05:30:30.051000 120182 torch/_inductor/select_algorithm.py:2967] [0/1] 
E0929 05:30:30.051000 120182 torch/_inductor/select_algorithm.py:2967] [0/1] 
E0929 05:30:30.051000 120182 torch/_inductor/select_algorithm.py:2967] [0/1] Either error in template or triton bug.
E0929 05:30:30.051000 120182 torch/_inductor/select_algorithm.py:2967] [0/1] . 
E0929 05:30:30.051000 120182 torch/_inductor/select_algorithm.py:2967] [0/1] Ignoring this choice.
E0929 05:30:30.052000 120182 torch/_inductor/select_algorithm.py:2967] [0/1] Runtime error during autotuning: 
E0929 05:30:30.052000 120182 torch/_inductor/select_algorithm.py:2967] [0/1] CUDA error: an illegal memory access was encountered
E0929 05:30:30.052000 120182 torch/_inductor/select_algorithm.py:2967] [0/1] Search for `cudaErrorIllegalAddress' in https://docs.nvidia.com/cuda/cuda-runtime-api/group__CUDART__TYPES.html for more information.
E0929 05:30:30.052000 120182 torch/_inductor/select_algorithm.py:2967] [0/1] CUDA kernel errors might be asynchronously reported at some other API call, so the stacktrace below might be incorrect.
E0929 05:30:30.052000 120182 torch/_inductor/select_algorithm.py:2967] [0/1] For debugging consider passing CUDA_LAUNCH_BLOCKING=1
E0929 05:30:30.052000 120182 torch/_inductor/select_algorithm.py:2967] [0/1] Compile with `TORCH_USE_CUDA_DSA` to enable device-side assertions.
E0929 05:30:30.052000 120182 torch/_inductor/select_algorithm.py:2967] [0/1] 
E0929 05:30:30.052000 120182 torch/_inductor/select_algorithm.py:2967] [0/1] 
E0929 05:30:30.052000 120182 torch/_inductor/select_algorithm.py:2967] [0/1] Either error in template or triton bug.
E0929 05:30:30.052000 120182 torch/_inductor/select_algorithm.py:2967] [0/1] . 
E0929 05:30:30.052000 120182 torch/_inductor/select_algorithm.py:2967] [0/1] Ignoring this choice.
E0929 05:30:30.052000 120182 torch/_inductor/select_algorithm.py:2967] [0/1] Runtime error during autotuning: 
E0929 05:30:30.052000 120182 torch/_inductor/select_algorithm.py:2967] [0/1] CUDA error: an illegal memory access was encountered
E0929 05:30:30.052000 120182 torch/_inductor/select_algorithm.py:2967] [0/1] Search for `cudaErrorIllegalAddress' in https://docs.nvidia.com/cuda/cuda-runtime-api/group__CUDART__TYPES.html for more information.
E0929 05:30:30.052000 120182 torch/_inductor/select_algorithm.py:2967] [0/1] CUDA kernel errors might be asynchronously reported at some other API call, so the stacktrace below might be incorrect.
E0929 05:30:30.052000 120182 torch/_inductor/select_algorithm.py:2967] [0/1] For debugging consider passing CUDA_LAUNCH_BLOCKING=1
E0929 05:30:30.052000 120182 torch/_inductor/select_algorithm.py:2967] [0/1] Compile with `TORCH_USE_CUDA_DSA` to enable device-side assertions.
E0929 05:30:30.052000 120182 torch/_inductor/select_algorithm.py:2967] [0/1] 
E0929 05:30:30.052000 120182 torch/_inductor/select_algorithm.py:2967] [0/1] 
E0929 05:30:30.052000 120182 torch/_inductor/select_algorithm.py:2967] [0/1] Either error in template or triton bug.
E0929 05:30:30.052000 120182 torch/_inductor/select_algorithm.py:2967] [0/1] . 
E0929 05:30:30.052000 120182 torch/_inductor/select_algorithm.py:2967] [0/1] Ignoring this choice.
E0929 05:30:30.052000 120182 torch/_inductor/select_algorithm.py:2967] [0/1] Runtime error during autotuning: 
E0929 05:30:30.052000 120182 torch/_inductor/select_algorithm.py:2967] [0/1] CUDA error: an illegal memory access was encountered
E0929 05:30:30.052000 120182 torch/_inductor/select_algorithm.py:2967] [0/1] Search for `cudaErrorIllegalAddress' in https://docs.nvidia.com/cuda/cuda-runtime-api/group__CUDART__TYPES.html for more information.
E0929 05:30:30.052000 120182 torch/_inductor/select_algorithm.py:2967] [0/1] CUDA kernel errors might be asynchronously reported at some other API call, so the stacktrace below might be incorrect.
E0929 05:30:30.052000 120182 torch/_inductor/select_algorithm.py:2967] [0/1] For debugging consider passing CUDA_LAUNCH_BLOCKING=1
E0929 05:30:30.052000 120182 torch/_inductor/select_algorithm.py:2967] [0/1] Compile with `TORCH_USE_CUDA_DSA` to enable device-side assertions.
E0929 05:30:30.052000 120182 torch/_inductor/select_algorithm.py:2967] [0/1] 
E0929 05:30:30.052000 120182 torch/_inductor/select_algorithm.py:2967] [0/1] 
E0929 05:30:30.052000 120182 torch/_inductor/select_algorithm.py:2967] [0/1] Either error in template or triton bug.
E0929 05:30:30.052000 120182 torch/_inductor/select_algorithm.py:2967] [0/1] . 
E0929 05:30:30.052000 120182 torch/_inductor/select_algorithm.py:2967] [0/1] Ignoring this choice.
E0929 05:30:30.054000 120182 torch/_inductor/select_algorithm.py:2967] [0/1] Runtime error during autotuning: 
E0929 05:30:30.054000 120182 torch/_inductor/select_algorithm.py:2967] [0/1] CUDA error: an illegal memory access was encountered
E0929 05:30:30.054000 120182 torch/_inductor/select_algorithm.py:2967] [0/1] Search for `cudaErrorIllegalAddress' in https://docs.nvidia.com/cuda/cuda-runtime-api/group__CUDART__TYPES.html for more information.
E0929 05:30:30.054000 120182 torch/_inductor/select_algorithm.py:2967] [0/1] CUDA kernel errors might be asynchronously reported at some other API call, so the stacktrace below might be incorrect.
E0929 05:30:30.054000 120182 torch/_inductor/select_algorithm.py:2967] [0/1] For debugging consider passing CUDA_LAUNCH_BLOCKING=1
E0929 05:30:30.054000 120182 torch/_inductor/select_algorithm.py:2967] [0/1] Compile with `TORCH_USE_CUDA_DSA` to enable device-side assertions.
E0929 05:30:30.054000 120182 torch/_inductor/select_algorithm.py:2967] [0/1] 
E0929 05:30:30.054000 120182 torch/_inductor/select_algorithm.py:2967] [0/1] 
E0929 05:30:30.054000 120182 torch/_inductor/select_algorithm.py:2967] [0/1] Either error in template or triton bug.
E0929 05:30:30.054000 120182 torch/_inductor/select_algorithm.py:2967] [0/1] . 
E0929 05:30:30.054000 120182 torch/_inductor/select_algorithm.py:2967] [0/1] Ignoring this choice.
E0929 05:30:30.055000 120182 torch/_inductor/select_algorithm.py:2967] [0/1] Runtime error during autotuning: 
E0929 05:30:30.055000 120182 torch/_inductor/select_algorithm.py:2967] [0/1] CUDA error: an illegal memory access was encountered
E0929 05:30:30.055000 120182 torch/_inductor/select_algorithm.py:2967] [0/1] Search for `cudaErrorIllegalAddress' in https://docs.nvidia.com/cuda/cuda-runtime-api/group__CUDART__TYPES.html for more information.
E0929 05:30:30.055000 120182 torch/_inductor/select_algorithm.py:2967] [0/1] CUDA kernel errors might be asynchronously reported at some other API call, so the stacktrace below might be incorrect.
E0929 05:30:30.055000 120182 torch/_inductor/select_algorithm.py:2967] [0/1] For debugging consider passing CUDA_LAUNCH_BLOCKING=1
E0929 05:30:30.055000 120182 torch/_inductor/select_algorithm.py:2967] [0/1] Compile with `TORCH_USE_CUDA_DSA` to enable device-side assertions.
E0929 05:30:30.055000 120182 torch/_inductor/select_algorithm.py:2967] [0/1] 
E0929 05:30:30.055000 120182 torch/_inductor/select_algorithm.py:2967] [0/1] 
E0929 05:30:30.055000 120182 torch/_inductor/select_algorithm.py:2967] [0/1] Either error in template or triton bug.
E0929 05:30:30.055000 120182 torch/_inductor/select_algorithm.py:2967] [0/1] . 
E0929 05:30:30.055000 120182 torch/_inductor/select_algorithm.py:2967] [0/1] Ignoring this choice.
E0929 05:30:30.055000 120182 torch/_inductor/select_algorithm.py:2967] [0/1] Runtime error during autotuning: 
E0929 05:30:30.055000 120182 torch/_inductor/select_algorithm.py:2967] [0/1] CUDA error: an illegal memory access was encountered
E0929 05:30:30.055000 120182 torch/_inductor/select_algorithm.py:2967] [0/1] Search for `cudaErrorIllegalAddress' in https://docs.nvidia.com/cuda/cuda-runtime-api/group__CUDART__TYPES.html for more information.
E0929 05:30:30.055000 120182 torch/_inductor/select_algorithm.py:2967] [0/1] CUDA kernel errors might be asynchronously reported at some other API call, so the stacktrace below might be incorrect.
E0929 05:30:30.055000 120182 torch/_inductor/select_algorithm.py:2967] [0/1] For debugging consider passing CUDA_LAUNCH_BLOCKING=1
E0929 05:30:30.055000 120182 torch/_inductor/select_algorithm.py:2967] [0/1] Compile with `TORCH_USE_CUDA_DSA` to enable device-side assertions.
E0929 05:30:30.055000 120182 torch/_inductor/select_algorithm.py:2967] [0/1] 
E0929 05:30:30.055000 120182 torch/_inductor/select_algorithm.py:2967] [0/1] 
E0929 05:30:30.055000 120182 torch/_inductor/select_algorithm.py:2967] [0/1] Either error in template or triton bug.
E0929 05:30:30.055000 120182 torch/_inductor/select_algorithm.py:2967] [0/1] . 
E0929 05:30:30.055000 120182 torch/_inductor/select_algorithm.py:2967] [0/1] Ignoring this choice.
E0929 05:30:30.055000 120182 torch/_inductor/select_algorithm.py:2967] [0/1] Runtime error during autotuning: 
E0929 05:30:30.055000 120182 torch/_inductor/select_algorithm.py:2967] [0/1] CUDA error: an illegal memory access was encountered
E0929 05:30:30.055000 120182 torch/_inductor/select_algorithm.py:2967] [0/1] Search for `cudaErrorIllegalAddress' in https://docs.nvidia.com/cuda/cuda-runtime-api/group__CUDART__TYPES.html for more information.
E0929 05:30:30.055000 120182 torch/_inductor/select_algorithm.py:2967] [0/1] CUDA kernel errors might be asynchronously reported at some other API call, so the stacktrace below might be incorrect.
E0929 05:30:30.055000 120182 torch/_inductor/select_algorithm.py:2967] [0/1] For debugging consider passing CUDA_LAUNCH_BLOCKING=1
E0929 05:30:30.055000 120182 torch/_inductor/select_algorithm.py:2967] [0/1] Compile with `TORCH_USE_CUDA_DSA` to enable device-side assertions.
E0929 05:30:30.055000 120182 torch/_inductor/select_algorithm.py:2967] [0/1] 
E0929 05:30:30.055000 120182 torch/_inductor/select_algorithm.py:2967] [0/1] 
E0929 05:30:30.055000 120182 torch/_inductor/select_algorithm.py:2967] [0/1] Either error in template or triton bug.
E0929 05:30:30.055000 120182 torch/_inductor/select_algorithm.py:2967] [0/1] . 
E0929 05:30:30.055000 120182 torch/_inductor/select_algorithm.py:2967] [0/1] Ignoring this choice.
E0929 05:30:30.055000 120182 torch/_inductor/select_algorithm.py:2967] [0/1] Runtime error during autotuning: 
E0929 05:30:30.055000 120182 torch/_inductor/select_algorithm.py:2967] [0/1] CUDA error: an illegal memory access was encountered
E0929 05:30:30.055000 120182 torch/_inductor/select_algorithm.py:2967] [0/1] Search for `cudaErrorIllegalAddress' in https://docs.nvidia.com/cuda/cuda-runtime-api/group__CUDART__TYPES.html for more information.
E0929 05:30:30.055000 120182 torch/_inductor/select_algorithm.py:2967] [0/1] CUDA kernel errors might be asynchronously reported at some other API call, so the stacktrace below might be incorrect.
E0929 05:30:30.055000 120182 torch/_inductor/select_algorithm.py:2967] [0/1] For debugging consider passing CUDA_LAUNCH_BLOCKING=1
E0929 05:30:30.055000 120182 torch/_inductor/select_algorithm.py:2967] [0/1] Compile with `TORCH_USE_CUDA_DSA` to enable device-side assertions.
E0929 05:30:30.055000 120182 torch/_inductor/select_algorithm.py:2967] [0/1] 
E0929 05:30:30.055000 120182 torch/_inductor/select_algorithm.py:2967] [0/1] 
E0929 05:30:30.055000 120182 torch/_inductor/select_algorithm.py:2967] [0/1] Either error in template or triton bug.
E0929 05:30:30.055000 120182 torch/_inductor/select_algorithm.py:2967] [0/1] . 
E0929 05:30:30.055000 120182 torch/_inductor/select_algorithm.py:2967] [0/1] Ignoring this choice.
Autotune Choices Stats:
{"num_choices": 17, "num_triton_choices": 15, "best_kernel": "bias_addmm", "best_time": 3.905535936355591, "best_triton_pos": 2, "best_triton_time": Infinity, "best_triton_kernel": "triton_mm_0", "best_triton_kernel_desc": "ACC_TYPE='tl.float32', ALLOW_TF32=True, BLOCK_K=16, BLOCK_M=32, BLOCK_N=32, EVEN_K=True, GROUP_M=8, USE_FAST_ACCUM=False, num_stages=1, num_warps=2"}
AUTOTUNE addmm(2800298x256, 2800298x768, 768x256)
strides: [0, 1], [768, 1], [1, 768]
dtypes: torch.bfloat16, torch.bfloat16, torch.bfloat16
  bias_addmm 3.9055 ms 100.0% 
  addmm 5.8255 ms 67.0% 
  triton_mm_0 inf ms 0.0% ACC_TYPE='tl.float32', ALLOW_TF32=True, BLOCK_K=16, BLOCK_M=32, BLOCK_N=32, EVEN_K=True, GROUP_M=8, USE_FAST_ACCUM=False, num_stages=1, num_warps=2
  triton_mm_1 inf ms 0.0% ACC_TYPE='tl.float32', ALLOW_TF32=True, BLOCK_K=128, BLOCK_M=32, BLOCK_N=32, EVEN_K=True, GROUP_M=8, USE_FAST_ACCUM=False, num_stages=2, num_warps=4
  triton_mm_2 inf ms 0.0% ACC_TYPE='tl.float32', ALLOW_TF32=True, BLOCK_K=32, BLOCK_M=32, BLOCK_N=64, EVEN_K=True, GROUP_M=8, USE_FAST_ACCUM=False, num_stages=5, num_warps=8
  triton_mm_3 inf ms 0.0% ACC_TYPE='tl.float32', ALLOW_TF32=True, BLOCK_K=32, BLOCK_M=64, BLOCK_N=32, EVEN_K=True, GROUP_M=8, USE_FAST_ACCUM=False, num_stages=5, num_warps=8
  triton_mm_4 inf ms 0.0% ACC_TYPE='tl.float32', ALLOW_TF32=True, BLOCK_K=16, BLOCK_M=64, BLOCK_N=64, EVEN_K=True, GROUP_M=8, USE_FAST_ACCUM=False, num_stages=2, num_warps=4
  triton_mm_5 inf ms 0.0% ACC_TYPE='tl.float32', ALLOW_TF32=True, BLOCK_K=32, BLOCK_M=64, BLOCK_N=64, EVEN_K=True, GROUP_M=8, USE_FAST_ACCUM=False, num_stages=2, num_warps=4
  triton_mm_6 inf ms 0.0% ACC_TYPE='tl.float32', ALLOW_TF32=True, BLOCK_K=64, BLOCK_M=64, BLOCK_N=64, EVEN_K=True, GROUP_M=8, USE_FAST_ACCUM=False, num_stages=3, num_warps=8
  triton_mm_7 inf ms 0.0% ACC_TYPE='tl.float32', ALLOW_TF32=True, BLOCK_K=32, BLOCK_M=64, BLOCK_N=128, EVEN_K=True, GROUP_M=8, USE_FAST_ACCUM=False, num_stages=3, num_warps=4
SingleProcess AUTOTUNE benchmarking takes 0.2638 seconds and 0.3098 seconds precompiling for 17 choices
Traceback (most recent call last):
  File "/workspace/kg-v3/runs/gemm-limits-2026-09-29/probe_linear.py", line 172, in <module>
    main()
  File "/workspace/kg-v3/runs/gemm-limits-2026-09-29/probe_linear.py", line 165, in main
    rec = run_point(model, fn, m, k, backward, args.seed)
          ^^^^^^^^^^^^^^^^^^^^^^^^^^^^^^^^^^^^^^^^^^^^^^^
  File "/workspace/kg-v3/runs/gemm-limits-2026-09-29/probe_linear.py", line 97, in run_point
    out = fn(x)
          ^^^^^
  File "/workspace/kg-v3/.venv/lib/python3.12/site-packages/torch/_dynamo/eval_frame.py", line 414, in __call__
    return super().__call__(*args, **kwargs)
           ^^^^^^^^^^^^^^^^^^^^^^^^^^^^^^^^^
  File "/workspace/kg-v3/.venv/lib/python3.12/site-packages/torch/nn/modules/module.py", line 1775, in _wrapped_call_impl
    return self._call_impl(*args, **kwargs)
           ^^^^^^^^^^^^^^^^^^^^^^^^^^^^^^^^
  File "/workspace/kg-v3/.venv/lib/python3.12/site-packages/torch/nn/modules/module.py", line 1786, in _call_impl
    return forward_call(*args, **kwargs)
           ^^^^^^^^^^^^^^^^^^^^^^^^^^^^^
  File "/workspace/kg-v3/.venv/lib/python3.12/site-packages/torch/_dynamo/eval_frame.py", line 832, in compile_wrapper
    return fn(*args, **kwargs)
           ^^^^^^^^^^^^^^^^^^^
  File "/workspace/kg-v3/.venv/lib/python3.12/site-packages/torch/_dynamo/convert_frame.py", line 1874, in __call__
    result = self._torchdynamo_orig_backend(
             ^^^^^^^^^^^^^^^^^^^^^^^^^^^^^^^
  File "/workspace/kg-v3/.venv/lib/python3.12/site-packages/torch/_dynamo/convert_frame.py", line 1624, in __call__
    result = self._inner_convert(
             ^^^^^^^^^^^^^^^^^^^^
  File "/workspace/kg-v3/.venv/lib/python3.12/site-packages/torch/_dynamo/convert_frame.py", line 688, in __call__
    result = _compile(
             ^^^^^^^^^
  File "/workspace/kg-v3/.venv/lib/python3.12/site-packages/torch/_dynamo/convert_frame.py", line 1494, in _compile
    raise InternalTorchDynamoError(
  File "/workspace/kg-v3/.venv/lib/python3.12/site-packages/torch/_dynamo/convert_frame.py", line 1433, in _compile
    guarded_code, tracer_output = compile_inner(code, one_graph, hooks)
                                  ^^^^^^^^^^^^^^^^^^^^^^^^^^^^^^^^^^^^^
  File "/workspace/kg-v3/.venv/lib/python3.12/site-packages/torch/_utils_internal.py", line 92, in wrapper_function
    return function(*args, **kwargs)
           ^^^^^^^^^^^^^^^^^^^^^^^^^
  File "/workspace/kg-v3/.venv/lib/python3.12/site-packages/torch/_dynamo/convert_frame.py", line 1117, in compile_inner
    return _compile_inner(code, one_graph, hooks)
           ^^^^^^^^^^^^^^^^^^^^^^^^^^^^^^^^^^^^^^
  File "/workspace/kg-v3/.venv/lib/python3.12/site-packages/torch/_dynamo/convert_frame.py", line 1151, in _compile_inner
    dynamo_output = compile_frame(
                    ^^^^^^^^^^^^^^
  File "/workspace/kg-v3/.venv/lib/python3.12/site-packages/torch/_dynamo/convert_frame.py", line 1032, in compile_frame
    bytecode, tracer_output = transform_code_object(code, transform)
                              ^^^^^^^^^^^^^^^^^^^^^^^^^^^^^^^^^^^^^^
  File "/workspace/kg-v3/.venv/lib/python3.12/site-packages/torch/_dynamo/bytecode_transformation.py", line 1592, in transform_code_object
    tracer_output = transformations(instructions, code_options)
                    ^^^^^^^^^^^^^^^^^^^^^^^^^^^^^^^^^^^^^^^^^^^
  File "/workspace/kg-v3/.venv/lib/python3.12/site-packages/torch/_dynamo/convert_frame.py", line 1004, in transform
    tracer_output = trace_frame(
                    ^^^^^^^^^^^^
  File "/workspace/kg-v3/.venv/lib/python3.12/site-packages/torch/_dynamo/convert_frame.py", line 333, in _fn
    torch.cuda.set_rng_state(cuda_rng_state)
  File "/workspace/kg-v3/.venv/lib/python3.12/site-packages/torch/cuda/random.py", line 79, in set_rng_state
    _lazy_call(cb)
  File "/workspace/kg-v3/.venv/lib/python3.12/site-packages/torch/cuda/__init__.py", line 341, in _lazy_call
    callable()
  File "/workspace/kg-v3/.venv/lib/python3.12/site-packages/torch/cuda/random.py", line 77, in cb
    default_generator.set_state(new_state)
torch._dynamo.exc.InternalTorchDynamoError: AcceleratorError: CUDA error: an illegal memory access was encountered
Search for `cudaErrorIllegalAddress' in https://docs.nvidia.com/cuda/cuda-runtime-api/group__CUDART__TYPES.html for more information.
CUDA kernel errors might be asynchronously reported at some other API call, so the stacktrace below might be incorrect.
For debugging consider passing CUDA_LAUNCH_BLOCKING=1
Compile with `TORCH_USE_CUDA_DSA` to enable device-side assertions.


