/workspace/kg-v3/.venv/lib/python3.12/site-packages/torch/backends/__init__.py:46: UserWarning: Please use the new API settings to control TF32 behavior, such as torch.backends.cudnn.conv.fp32_precision = 'tf32' or torch.backends.cuda.matmul.fp32_precision = 'ieee'. Old settings, e.g, torch.backends.cuda.matmul.allow_tf32 = True, torch.backends.cudnn.allow_tf32 = True, allowTF32CuDNN() and allowTF32CuBLAS() will be deprecated after Pytorch 2.9. Please see https://pytorch.org/docs/main/notes/cuda.html#tensorfloat-32-tf32-on-ampere-and-later-devices (Triggered internally at /pytorch/aten/src/ATen/Context.cpp:80.)
  self.setter(val)
Autotune Choices Stats:
{"num_choices": 18, "num_triton_choices": 16, "best_kernel": "triton_mm_2", "best_kernel_desc": "ACC_TYPE='tl.float32', ALLOW_TF32=True, BLOCK_K=16, BLOCK_M=32, BLOCK_N=64, EVEN_K=True, GROUP_M=8, USE_FAST_ACCUM=False, num_stages=5, num_warps=8", "best_time": 0.01990400068461895, "best_triton_pos": 0}
AUTOTUNE addmm(4096x4096, 4096x16, 16x4096)
strides: [0, 1], [16, 1], [1, 16]
dtypes: torch.bfloat16, torch.bfloat16, torch.bfloat16
  triton_mm_2 0.0199 ms 100.0% ACC_TYPE='tl.float32', ALLOW_TF32=True, BLOCK_K=16, BLOCK_M=32, BLOCK_N=64, EVEN_K=True, GROUP_M=8, USE_FAST_ACCUM=False, num_stages=5, num_warps=8
  triton_mm_6 0.0205 ms 96.9% ACC_TYPE='tl.float32', ALLOW_TF32=True, BLOCK_K=16, BLOCK_M=64, BLOCK_N=64, EVEN_K=True, GROUP_M=8, USE_FAST_ACCUM=False, num_stages=3, num_warps=8
  triton_mm_0 0.0214 ms 93.0% ACC_TYPE='tl.float32', ALLOW_TF32=True, BLOCK_K=16, BLOCK_M=32, BLOCK_N=32, EVEN_K=True, GROUP_M=8, USE_FAST_ACCUM=False, num_stages=1, num_warps=2
  triton_mm_9 0.0215 ms 92.6% ACC_TYPE='tl.float32', ALLOW_TF32=True, BLOCK_K=16, BLOCK_M=64, BLOCK_N=128, EVEN_K=True, GROUP_M=8, USE_FAST_ACCUM=False, num_stages=4, num_warps=8
  triton_mm_7 0.0216 ms 92.3% ACC_TYPE='tl.float32', ALLOW_TF32=True, BLOCK_K=16, BLOCK_M=64, BLOCK_N=64, EVEN_K=True, GROUP_M=8, USE_FAST_ACCUM=False, num_stages=5, num_warps=4
  triton_mm_4 0.0218 ms 91.2% ACC_TYPE='tl.float32', ALLOW_TF32=True, BLOCK_K=16, BLOCK_M=64, BLOCK_N=32, EVEN_K=True, GROUP_M=8, USE_FAST_ACCUM=False, num_stages=5, num_warps=4
  triton_mm_1 0.0225 ms 88.5% ACC_TYPE='tl.float32', ALLOW_TF32=True, BLOCK_K=16, BLOCK_M=32, BLOCK_N=32, EVEN_K=True, GROUP_M=8, USE_FAST_ACCUM=False, num_stages=2, num_warps=4
  triton_mm_3 0.0225 ms 88.5% ACC_TYPE='tl.float32', ALLOW_TF32=True, BLOCK_K=16, BLOCK_M=64, BLOCK_N=32, EVEN_K=True, GROUP_M=8, USE_FAST_ACCUM=False, num_stages=5, num_warps=8
  triton_mm_5 0.0225 ms 88.5% ACC_TYPE='tl.float32', ALLOW_TF32=True, BLOCK_K=16, BLOCK_M=64, BLOCK_N=64, EVEN_K=True, GROUP_M=8, USE_FAST_ACCUM=False, num_stages=2, num_warps=4
  triton_mm_8 0.0225 ms 88.5% ACC_TYPE='tl.float32', ALLOW_TF32=True, BLOCK_K=16, BLOCK_M=64, BLOCK_N=128, EVEN_K=True, GROUP_M=8, USE_FAST_ACCUM=False, num_stages=3, num_warps=4
SingleProcess AUTOTUNE benchmarking takes 0.3821 seconds and 0.3737 seconds precompiling for 18 choices
V0929 05:29:02.714000 115650 torch/_dynamo/guards.py:2666] [0/0] [__guards] C++ shape guard function: 
V0929 05:29:02.714000 115650 torch/_dynamo/guards.py:2666] [0/0] [__guards] #include <algorithm>
V0929 05:29:02.714000 115650 torch/_dynamo/guards.py:2666] [0/0] [__guards] #include <cstdint>
V0929 05:29:02.714000 115650 torch/_dynamo/guards.py:2666] [0/0] [__guards] #include <cmath>
V0929 05:29:02.714000 115650 torch/_dynamo/guards.py:2666] [0/0] [__guards] #include <c10/util/generic_math.h>
V0929 05:29:02.714000 115650 torch/_dynamo/guards.py:2666] [0/0] [__guards] 
V0929 05:29:02.714000 115650 torch/_dynamo/guards.py:2666] [0/0] [__guards] #if defined(_MSC_VER)
V0929 05:29:02.714000 115650 torch/_dynamo/guards.py:2666] [0/0] [__guards] #  define EXTERN_DLL_EXPORT extern "C" __declspec(dllexport)
V0929 05:29:02.714000 115650 torch/_dynamo/guards.py:2666] [0/0] [__guards] #else
V0929 05:29:02.714000 115650 torch/_dynamo/guards.py:2666] [0/0] [__guards] #  define EXTERN_DLL_EXPORT extern "C"
V0929 05:29:02.714000 115650 torch/_dynamo/guards.py:2666] [0/0] [__guards] #endif
V0929 05:29:02.714000 115650 torch/_dynamo/guards.py:2666] [0/0] [__guards] 
V0929 05:29:02.714000 115650 torch/_dynamo/guards.py:2666] [0/0] [__guards] EXTERN_DLL_EXPORT int8_t guard(int64_t *int_values, double *float_values) {
V0929 05:29:02.714000 115650 torch/_dynamo/guards.py:2666] [0/0] [__guards]   int64_t L_args_0_size_0_ = int_values[0];
V0929 05:29:02.714000 115650 torch/_dynamo/guards.py:2666] [0/0] [__guards] 
V0929 05:29:02.714000 115650 torch/_dynamo/guards.py:2666] [0/0] [__guards]   return (4096L*L_args_0_size_0_ <= 2147483647L) && (16L*L_args_0_size_0_ <= 2147483647L) && (2L <= L_args_0_size_0_);
V0929 05:29:02.714000 115650 torch/_dynamo/guards.py:2666] [0/0] [__guards] }
V0929 05:29:02.714000 115650 torch/_dynamo/guards.py:2666] [0/0] [__guards]  ["4096*L['args'][0].size()[0] <= 2147483647  # (_inductor/codegen/simd.py:1440 in can_use_32bit_indexing)", "16*L['args'][0].size()[0] <= 2147483647  # (_inductor/codegen/simd.py:1442 in can_use_32bit_indexing)", "2 <= L['args'][0].size()[0]  # return F.linear(input, self.weight, self.bias)  # nn/modules/linear.py:134 in forward (user code shown is first use of this value--the guard itself is not due user code but due to 0/1 specialization in the framework; to avoid specialization try torch._dynamo.mark_unbacked(tensor, dim))"]
V0929 05:29:08.134000 115650 torch/_dynamo/guards.py:3687] [0/0] [__guards] GUARDS:
V0929 05:29:08.135000 115650 torch/_dynamo/guards.py:3404] [0/0] [__guards] 
V0929 05:29:08.135000 115650 torch/_dynamo/guards.py:3404] [0/0] [__guards] TREE_GUARD_MANAGER:
V0929 05:29:08.135000 115650 torch/_dynamo/guards.py:3404] [0/0] [__guards] +- RootGuardManager
V0929 05:29:08.135000 115650 torch/_dynamo/guards.py:3404] [0/0] [__guards] | +- LAMBDA_GUARD: torch._functorch.aot_autograd.utils.top_saved_tensors_hooks ids == None  # _dynamo/output_graph.py:688 in init_ambient_guards
V0929 05:29:08.135000 115650 torch/_dynamo/guards.py:3404] [0/0] [__guards] | +- DEFAULT_DEVICE: utils_device.CURRENT_DEVICE == None                           # _dynamo/output_graph.py:676 in init_ambient_guards
V0929 05:29:08.135000 115650 torch/_dynamo/guards.py:3404] [0/0] [__guards] | +- GLOBAL_STATE: ___check_global_state()
V0929 05:29:08.135000 115650 torch/_dynamo/guards.py:3404] [0/0] [__guards] | +- TORCH_FUNCTION_MODE_STACK: ___check_torch_function_mode_stack()
V0929 05:29:08.135000 115650 torch/_dynamo/guards.py:3404] [0/0] [__guards] | +- GuardManager: source=L['args'], accessed_by=FrameLocalsGuardAccessor(key='args', framelocals_idx=0), type=<class 'tuple'>, tag_safe=(True, False)
V0929 05:29:08.135000 115650 torch/_dynamo/guards.py:3404] [0/0] [__guards] | | +- TYPE_MATCH: ___check_type_id(L['args'], 10759232)                       
V0929 05:29:08.135000 115650 torch/_dynamo/guards.py:3404] [0/0] [__guards] | | +- LENGTH_CHECK: len(L['args']) == 1                                         
V0929 05:29:08.135000 115650 torch/_dynamo/guards.py:3404] [0/0] [__guards] | | +- GuardManager: source=L['args'][0], accessed_by=TupleGetItemGuardAccessor(0), type=<class 'torch.Tensor'>, tag_safe=(False, False)
V0929 05:29:08.135000 115650 torch/_dynamo/guards.py:3404] [0/0] [__guards] | | | +- TENSOR_MATCH: check_tensor(L['args'][0], Tensor, DispatchKeySet(CUDA, BackendSelect, ADInplaceOrView, AutogradCUDA, AutocastCUDA), torch.float32, device=0, requires_grad=False, size=[None, 16], stride=[16, 1])  # return F.linear(input, self.weight, self.bias)  # nn/modules/linear.py:134 in forward
V0929 05:29:08.135000 115650 torch/_dynamo/guards.py:3404] [0/0] [__guards] | | | +- NO_HASATTR: hasattr(L['args'][0], '_dynamo_dynamic_indices') == False     # return F.linear(input, self.weight, self.bias)  # nn/modules/linear.py:134 in forward
V0929 05:29:08.135000 115650 torch/_dynamo/guards.py:3404] [0/0] [__guards] | | | +- GuardManager: source=L['args'][0].size()[0], accessed_by=TensorPropertyGuardAccessor<TensorProperty::SIZE>(0), type=<class 'int'>, tag_safe=(True, False)
V0929 05:29:08.135000 115650 torch/_dynamo/guards.py:3404] [0/0] [__guards] | | | | +- GuardManager: source=(0, L['args'][0].size()[0]), accessed_by=IndexedGuardAccesor(0), type=<class 'tuple'>, tag_safe=(True, False)
V0929 05:29:08.135000 115650 torch/_dynamo/guards.py:3404] [0/0] [__guards] | | | | | +- SYMBOLIC_SHAPE_GUARD: 4096*L['args'][0].size()[0] <= 2147483647  # (_inductor/codegen/simd.py:1440 in can_use_32bit_indexing)
V0929 05:29:08.135000 115650 torch/_dynamo/guards.py:3404] [0/0] [__guards] | | | | | +- SYMBOLIC_SHAPE_GUARD: 16*L['args'][0].size()[0] <= 2147483647  # (_inductor/codegen/simd.py:1442 in can_use_32bit_indexing)
V0929 05:29:08.135000 115650 torch/_dynamo/guards.py:3404] [0/0] [__guards] | | | | | +- SYMBOLIC_SHAPE_GUARD: 2 <= L['args'][0].size()[0]  # return F.linear(input, self.weight, self.bias)  # nn/modules/linear.py:134 in forward (user code shown is first use of this value--the guard itself is not due user code but due to 0/1 specialization in the framework; to avoid specialization try torch._dynamo.mark_unbacked(tensor, dim))
V0929 05:29:08.135000 115650 torch/_dynamo/guards.py:3404] [0/0] [__guards] | +- GuardManager: source=L['kwargs'], accessed_by=FrameLocalsGuardAccessor(key='kwargs', framelocals_idx=1), type=<class 'dict'>, tag_safe=(True, False)
V0929 05:29:08.135000 115650 torch/_dynamo/guards.py:3404] [0/0] [__guards] | | +- TYPE_MATCH: ___check_type_id(L['kwargs'], 10737728)                     
V0929 05:29:08.135000 115650 torch/_dynamo/guards.py:3404] [0/0] [__guards] | | +- DICT_LENGTH: not L['kwargs']                                             
V0929 05:29:08.135000 115650 torch/_dynamo/guards.py:3404] [0/0] [__guards] | +- GuardManager: source=G, accessed_by=GlobalsGuardAccessor, type=<class 'dict'>, tag_safe=(False, False)
V0929 05:29:08.135000 115650 torch/_dynamo/guards.py:3404] [0/0] [__guards] | | +- GuardManager: source=G['__import_torch_dot_nn_dot_modules_dot_linear'], accessed_by=DictGetItemGuardAccessor('__import_torch_dot_nn_dot_modules_dot_linear'), type=<class 'module'>, tag_safe=(False, False)
V0929 05:29:08.135000 115650 torch/_dynamo/guards.py:3404] [0/0] [__guards] | | | +- ID_MATCH: ___check_obj_id(G['__import_torch_dot_nn_dot_modules_dot_linear'], 126675697628672)  # return F.linear(input, self.weight, self.bias)  # nn/modules/linear.py:134 in forward
V0929 05:29:08.135000 115650 torch/_dynamo/guards.py:3404] [0/0] [__guards] | | | +- GuardManager: source=G['__import_torch_dot_nn_dot_modules_dot_linear'].F, accessed_by=GetAttrGuardAccessor(F), type=<class 'module'>, tag_safe=(False, False)
V0929 05:29:08.135000 115650 torch/_dynamo/guards.py:3404] [0/0] [__guards] | | | | +- ID_MATCH: ___check_obj_id(G['__import_torch_dot_nn_dot_modules_dot_linear'].F, 126675697628592)  # return F.linear(input, self.weight, self.bias)  # nn/modules/linear.py:134 in forward
V0929 05:29:08.135000 115650 torch/_dynamo/guards.py:3404] [0/0] [__guards] | | | | +- GuardManager: source=G['__import_torch_dot_nn_dot_modules_dot_linear'].F.linear, accessed_by=GetAttrGuardAccessor(linear), type=<class 'builtin_function_or_method'>, tag_safe=(True, False)
V0929 05:29:08.135000 115650 torch/_dynamo/guards.py:3404] [0/0] [__guards] | | | | | +- ID_MATCH: ___check_obj_id(G['__import_torch_dot_nn_dot_modules_dot_linear'].F.linear, 126679512872288)  # return F.linear(input, self.weight, self.bias)  # nn/modules/linear.py:134 in forward
V0929 05:29:08.135000 115650 torch/_dynamo/guards.py:3404] [0/0] [__guards] | | +- GuardManager: source=G['__import_torch_dot_nn_dot_modules_dot_module'], accessed_by=DictGetItemGuardAccessor('__import_torch_dot_nn_dot_modules_dot_module'), type=<class 'module'>, tag_safe=(False, False)
V0929 05:29:08.135000 115650 torch/_dynamo/guards.py:3404] [0/0] [__guards] | | | +- ID_MATCH: ___check_obj_id(G['__import_torch_dot_nn_dot_modules_dot_module'], 126675701430080)
V0929 05:29:08.135000 115650 torch/_dynamo/guards.py:3404] [0/0] [__guards] | | | +- GuardManager: source=G['__import_torch_dot_nn_dot_modules_dot_module']._global_forward_hooks, accessed_by=GetAttrGuardAccessor(_global_forward_hooks), type=<class 'collections.OrderedDict'>, tag_safe=(True, False)
V0929 05:29:08.135000 115650 torch/_dynamo/guards.py:3404] [0/0] [__guards] | | | | +- TYPE_MATCH: ___check_type_id(G['__import_torch_dot_nn_dot_modules_dot_module']._global_forward_hooks, 10741888)
V0929 05:29:08.135000 115650 torch/_dynamo/guards.py:3404] [0/0] [__guards] | | | +- GuardManager: source=G['__import_torch_dot_nn_dot_modules_dot_module']._global_backward_hooks, accessed_by=GetAttrGuardAccessor(_global_backward_hooks), type=<class 'collections.OrderedDict'>, tag_safe=(True, False)
V0929 05:29:08.135000 115650 torch/_dynamo/guards.py:3404] [0/0] [__guards] | | | | +- TYPE_MATCH: ___check_type_id(G['__import_torch_dot_nn_dot_modules_dot_module']._global_backward_hooks, 10741888)
V0929 05:29:08.135000 115650 torch/_dynamo/guards.py:3404] [0/0] [__guards] | | | +- GuardManager: source=G['__import_torch_dot_nn_dot_modules_dot_module']._global_forward_pre_hooks, accessed_by=GetAttrGuardAccessor(_global_forward_pre_hooks), type=<class 'collections.OrderedDict'>, tag_safe=(True, False)
V0929 05:29:08.135000 115650 torch/_dynamo/guards.py:3404] [0/0] [__guards] | | | | +- TYPE_MATCH: ___check_type_id(G['__import_torch_dot_nn_dot_modules_dot_module']._global_forward_pre_hooks, 10741888)
V0929 05:29:08.135000 115650 torch/_dynamo/guards.py:3404] [0/0] [__guards] | | | +- GuardManager: source=G['__import_torch_dot_nn_dot_modules_dot_module']._global_backward_pre_hooks, accessed_by=GetAttrGuardAccessor(_global_backward_pre_hooks), type=<class 'collections.OrderedDict'>, tag_safe=(True, False)
V0929 05:29:08.135000 115650 torch/_dynamo/guards.py:3404] [0/0] [__guards] | | | | +- TYPE_MATCH: ___check_type_id(G['__import_torch_dot_nn_dot_modules_dot_module']._global_backward_pre_hooks, 10741888)
V0929 05:29:08.135000 115650 torch/_dynamo/guards.py:3404] [0/0] [__guards] | +- GuardManager: source=L['fn'], accessed_by=FrameLocalsGuardAccessor(key='fn', framelocals_idx=2), type=<class 'torch.nn.modules.linear.Linear'>, tag_safe=(True, True)
V0929 05:29:08.135000 115650 torch/_dynamo/guards.py:3404] [0/0] [__guards] | | +- TYPE_MATCH: ___check_type_id(L['fn'], 727685680)                        
V0929 05:29:08.135000 115650 torch/_dynamo/guards.py:3404] [0/0] [__guards] | | +- GuardManager: source=L['fn'].__dict__, accessed_by=GetGenericDictGuardAccessor, type=<class 'dict'>, tag_safe=(True, False)
V0929 05:29:08.135000 115650 torch/_dynamo/guards.py:3404] [0/0] [__guards] | | | +- DICT_CONTAINS: not ___dict_contains('forward', L['fn'].__dict__)           
V0929 05:29:08.135000 115650 torch/_dynamo/guards.py:3404] [0/0] [__guards] | | | +- GuardManager: source=L['fn']._parameters, accessed_by=DictGetItemGuardAccessor('_parameters'), type=<class 'dict'>, tag_safe=(True, False)
V0929 05:29:08.135000 115650 torch/_dynamo/guards.py:3404] [0/0] [__guards] | | | | +- TYPE_MATCH: ___check_type_id(L['fn']._parameters, 10737728)               # return F.linear(input, self.weight, self.bias)  # nn/modules/linear.py:134 in forward
V0929 05:29:08.135000 115650 torch/_dynamo/guards.py:3404] [0/0] [__guards] | | | | +- GuardManager: source=L['fn']._parameters['bias'], accessed_by=DictGetItemGuardAccessor('bias'), type=<class 'torch.nn.parameter.Parameter'>, tag_safe=(True, False)
V0929 05:29:08.135000 115650 torch/_dynamo/guards.py:3404] [0/0] [__guards] | | | | | +- TENSOR_MATCH: check_tensor(L['fn']._parameters['bias'], Parameter, DispatchKeySet(CUDA, BackendSelect, ADInplaceOrView, AutogradCUDA, AutocastCUDA), torch.float32, device=0, requires_grad=True, size=[4096], stride=[1])  # return F.linear(input, self.weight, self.bias)  # nn/modules/linear.py:134 in forward
V0929 05:29:08.135000 115650 torch/_dynamo/guards.py:3404] [0/0] [__guards] | | | | +- GuardManager: source=L['fn']._parameters['weight'], accessed_by=DictGetItemGuardAccessor('weight'), type=<class 'torch.nn.parameter.Parameter'>, tag_safe=(True, False)
V0929 05:29:08.135000 115650 torch/_dynamo/guards.py:3404] [0/0] [__guards] | | | | | +- TENSOR_MATCH: check_tensor(L['fn']._parameters['weight'], Parameter, DispatchKeySet(CUDA, BackendSelect, ADInplaceOrView, AutogradCUDA, AutocastCUDA), torch.float32, device=0, requires_grad=True, size=[4096, 16], stride=[16, 1])  # return F.linear(input, self.weight, self.bias)  # nn/modules/linear.py:134 in forward
V0929 05:29:08.135000 115650 torch/_dynamo/guards.py:3404] [0/0] [__guards] 
V0929 05:29:08.144000 115650 torch/_dynamo/guards.py:3436] [0/0] [__guards] Guard eval latency = 55.60 us
V0929 05:29:09.404000 115650 torch/_dynamo/guards.py:4181] [0/1] [__recompiles] Recompiling function inner in /workspace/kg-v3/.venv/lib/python3.12/site-packages/torch/_dynamo/external_utils.py:66
V0929 05:29:09.404000 115650 torch/_dynamo/guards.py:4181] [0/1] [__recompiles]     triggered by the following guard failure(s):
V0929 05:29:09.404000 115650 torch/_dynamo/guards.py:4181] [0/1] [__recompiles]     - 0/0: 4096*args[0].size()[0] <= 2147483647  # (_inductor/codegen/simd.py:1440 in can_use_32bit_indexing)
Autotune Choices Stats:
{"num_choices": 18, "num_triton_choices": 16, "best_kernel": "triton_mm_22", "best_kernel_desc": "ACC_TYPE='tl.float32', ALLOW_TF32=True, BLOCK_K=16, BLOCK_M=64, BLOCK_N=64, EVEN_K=True, GROUP_M=8, USE_FAST_ACCUM=False, num_stages=3, num_warps=8", "best_time": 2.853856086730957, "best_triton_pos": 0}
AUTOTUNE addmm(524288x4096, 524288x16, 16x4096)
strides: [0, 1], [16, 1], [1, 16]
dtypes: torch.bfloat16, torch.bfloat16, torch.bfloat16
  triton_mm_22 2.8539 ms 100.0% ACC_TYPE='tl.float32', ALLOW_TF32=True, BLOCK_K=16, BLOCK_M=64, BLOCK_N=64, EVEN_K=True, GROUP_M=8, USE_FAST_ACCUM=False, num_stages=3, num_warps=8
  triton_mm_23 2.8539 ms 100.0% ACC_TYPE='tl.float32', ALLOW_TF32=True, BLOCK_K=16, BLOCK_M=64, BLOCK_N=64, EVEN_K=True, GROUP_M=8, USE_FAST_ACCUM=False, num_stages=5, num_warps=4
  triton_mm_28 2.8549 ms 100.0% ACC_TYPE='tl.float32', ALLOW_TF32=True, BLOCK_K=16, BLOCK_M=128, BLOCK_N=64, EVEN_K=True, GROUP_M=8, USE_FAST_ACCUM=False, num_stages=4, num_warps=8
  triton_mm_21 2.8559 ms 99.9% ACC_TYPE='tl.float32', ALLOW_TF32=True, BLOCK_K=16, BLOCK_M=64, BLOCK_N=64, EVEN_K=True, GROUP_M=8, USE_FAST_ACCUM=False, num_stages=2, num_warps=4
  triton_mm_29 2.8559 ms 99.9% ACC_TYPE='tl.float32', ALLOW_TF32=True, BLOCK_K=16, BLOCK_M=128, BLOCK_N=128, EVEN_K=True, GROUP_M=8, USE_FAST_ACCUM=False, num_stages=2, num_warps=8
  triton_mm_30 2.8559 ms 99.9% ACC_TYPE='tl.float32', ALLOW_TF32=True, BLOCK_K=16, BLOCK_M=128, BLOCK_N=128, EVEN_K=True, GROUP_M=8, USE_FAST_ACCUM=False, num_stages=3, num_warps=4
  triton_mm_24 2.8559 ms 99.9% ACC_TYPE='tl.float32', ALLOW_TF32=True, BLOCK_K=16, BLOCK_M=64, BLOCK_N=128, EVEN_K=True, GROUP_M=8, USE_FAST_ACCUM=False, num_stages=3, num_warps=4
  triton_mm_27 2.8559 ms 99.9% ACC_TYPE='tl.float32', ALLOW_TF32=True, BLOCK_K=16, BLOCK_M=128, BLOCK_N=64, EVEN_K=True, GROUP_M=8, USE_FAST_ACCUM=False, num_stages=3, num_warps=4
  triton_mm_31 2.8559 ms 99.9% ACC_TYPE='tl.float32', ALLOW_TF32=True, BLOCK_K=16, BLOCK_M=128, BLOCK_N=128, EVEN_K=True, GROUP_M=8, USE_FAST_ACCUM=False, num_stages=5, num_warps=8
  triton_mm_26 2.8569 ms 99.9% ACC_TYPE='tl.float32', ALLOW_TF32=True, BLOCK_K=16, BLOCK_M=64, BLOCK_N=128, EVEN_K=True, GROUP_M=8, USE_FAST_ACCUM=False, num_stages=4, num_warps=4
SingleProcess AUTOTUNE benchmarking takes 0.9948 seconds and 0.1335 seconds precompiling for 18 choices
V0929 05:29:10.821000 115650 torch/_dynamo/guards.py:2666] [0/1] [__guards] C++ shape guard function: 
V0929 05:29:10.821000 115650 torch/_dynamo/guards.py:2666] [0/1] [__guards] #include <algorithm>
V0929 05:29:10.821000 115650 torch/_dynamo/guards.py:2666] [0/1] [__guards] #include <cstdint>
V0929 05:29:10.821000 115650 torch/_dynamo/guards.py:2666] [0/1] [__guards] #include <cmath>
V0929 05:29:10.821000 115650 torch/_dynamo/guards.py:2666] [0/1] [__guards] #include <c10/util/generic_math.h>
V0929 05:29:10.821000 115650 torch/_dynamo/guards.py:2666] [0/1] [__guards] 
V0929 05:29:10.821000 115650 torch/_dynamo/guards.py:2666] [0/1] [__guards] #if defined(_MSC_VER)
V0929 05:29:10.821000 115650 torch/_dynamo/guards.py:2666] [0/1] [__guards] #  define EXTERN_DLL_EXPORT extern "C" __declspec(dllexport)
V0929 05:29:10.821000 115650 torch/_dynamo/guards.py:2666] [0/1] [__guards] #else
V0929 05:29:10.821000 115650 torch/_dynamo/guards.py:2666] [0/1] [__guards] #  define EXTERN_DLL_EXPORT extern "C"
V0929 05:29:10.821000 115650 torch/_dynamo/guards.py:2666] [0/1] [__guards] #endif
V0929 05:29:10.821000 115650 torch/_dynamo/guards.py:2666] [0/1] [__guards] 
V0929 05:29:10.821000 115650 torch/_dynamo/guards.py:2666] [0/1] [__guards] EXTERN_DLL_EXPORT int8_t guard(int64_t *int_values, double *float_values) {
V0929 05:29:10.821000 115650 torch/_dynamo/guards.py:2666] [0/1] [__guards]   int64_t L_args_0_size_0_ = int_values[0];
V0929 05:29:10.821000 115650 torch/_dynamo/guards.py:2666] [0/1] [__guards] 
V0929 05:29:10.821000 115650 torch/_dynamo/guards.py:2666] [0/1] [__guards]   return (16L*L_args_0_size_0_ <= 2147483647L) && (2L <= L_args_0_size_0_);
V0929 05:29:10.821000 115650 torch/_dynamo/guards.py:2666] [0/1] [__guards] }
V0929 05:29:10.821000 115650 torch/_dynamo/guards.py:2666] [0/1] [__guards]  ["16*L['args'][0].size()[0] <= 2147483647  # (_inductor/codegen/simd.py:1440 in can_use_32bit_indexing)", "2 <= L['args'][0].size()[0]  # return F.linear(input, self.weight, self.bias)  # nn/modules/linear.py:134 in forward (user code shown is first use of this value--the guard itself is not due user code but due to 0/1 specialization in the framework; to avoid specialization try torch._dynamo.mark_unbacked(tensor, dim))"]
V0929 05:29:11.288000 115650 torch/_dynamo/guards.py:3687] [0/1] [__guards] GUARDS:
V0929 05:29:11.289000 115650 torch/_dynamo/guards.py:3404] [0/1] [__guards] 
V0929 05:29:11.289000 115650 torch/_dynamo/guards.py:3404] [0/1] [__guards] TREE_GUARD_MANAGER:
V0929 05:29:11.289000 115650 torch/_dynamo/guards.py:3404] [0/1] [__guards] +- RootGuardManager
V0929 05:29:11.289000 115650 torch/_dynamo/guards.py:3404] [0/1] [__guards] | +- LAMBDA_GUARD: torch._functorch.aot_autograd.utils.top_saved_tensors_hooks ids == None  # _dynamo/output_graph.py:688 in init_ambient_guards
V0929 05:29:11.289000 115650 torch/_dynamo/guards.py:3404] [0/1] [__guards] | +- DEFAULT_DEVICE: utils_device.CURRENT_DEVICE == None                           # _dynamo/output_graph.py:676 in init_ambient_guards
V0929 05:29:11.289000 115650 torch/_dynamo/guards.py:3404] [0/1] [__guards] | +- GLOBAL_STATE: ___check_global_state()
V0929 05:29:11.289000 115650 torch/_dynamo/guards.py:3404] [0/1] [__guards] | +- TORCH_FUNCTION_MODE_STACK: ___check_torch_function_mode_stack()
V0929 05:29:11.289000 115650 torch/_dynamo/guards.py:3404] [0/1] [__guards] | +- GuardManager: source=L['args'], accessed_by=FrameLocalsGuardAccessor(key='args', framelocals_idx=0), type=<class 'tuple'>, tag_safe=(True, False)
V0929 05:29:11.289000 115650 torch/_dynamo/guards.py:3404] [0/1] [__guards] | | +- TYPE_MATCH: ___check_type_id(L['args'], 10759232)                       
V0929 05:29:11.289000 115650 torch/_dynamo/guards.py:3404] [0/1] [__guards] | | +- LENGTH_CHECK: len(L['args']) == 1                                         
V0929 05:29:11.289000 115650 torch/_dynamo/guards.py:3404] [0/1] [__guards] | | +- GuardManager: source=L['args'][0], accessed_by=TupleGetItemGuardAccessor(0), type=<class 'torch.Tensor'>, tag_safe=(False, False)
V0929 05:29:11.289000 115650 torch/_dynamo/guards.py:3404] [0/1] [__guards] | | | +- TENSOR_MATCH: check_tensor(L['args'][0], Tensor, DispatchKeySet(CUDA, BackendSelect, ADInplaceOrView, AutogradCUDA, AutocastCUDA), torch.float32, device=0, requires_grad=False, size=[None, 16], stride=[16, 1])  # return F.linear(input, self.weight, self.bias)  # nn/modules/linear.py:134 in forward
V0929 05:29:11.289000 115650 torch/_dynamo/guards.py:3404] [0/1] [__guards] | | | +- NO_HASATTR: hasattr(L['args'][0], '_dynamo_dynamic_indices') == False     # return F.linear(input, self.weight, self.bias)  # nn/modules/linear.py:134 in forward
V0929 05:29:11.289000 115650 torch/_dynamo/guards.py:3404] [0/1] [__guards] | | | +- GuardManager: source=L['args'][0].size()[0], accessed_by=TensorPropertyGuardAccessor<TensorProperty::SIZE>(0), type=<class 'int'>, tag_safe=(True, False)
V0929 05:29:11.289000 115650 torch/_dynamo/guards.py:3404] [0/1] [__guards] | | | | +- GuardManager: source=(0, L['args'][0].size()[0]), accessed_by=IndexedGuardAccesor(0), type=<class 'tuple'>, tag_safe=(True, False)
V0929 05:29:11.289000 115650 torch/_dynamo/guards.py:3404] [0/1] [__guards] | | | | | +- SYMBOLIC_SHAPE_GUARD: 16*L['args'][0].size()[0] <= 2147483647  # (_inductor/codegen/simd.py:1440 in can_use_32bit_indexing)
V0929 05:29:11.289000 115650 torch/_dynamo/guards.py:3404] [0/1] [__guards] | | | | | +- SYMBOLIC_SHAPE_GUARD: 2 <= L['args'][0].size()[0]  # return F.linear(input, self.weight, self.bias)  # nn/modules/linear.py:134 in forward (user code shown is first use of this value--the guard itself is not due user code but due to 0/1 specialization in the framework; to avoid specialization try torch._dynamo.mark_unbacked(tensor, dim))
V0929 05:29:11.289000 115650 torch/_dynamo/guards.py:3404] [0/1] [__guards] | +- GuardManager: source=L['kwargs'], accessed_by=FrameLocalsGuardAccessor(key='kwargs', framelocals_idx=1), type=<class 'dict'>, tag_safe=(True, False)
V0929 05:29:11.289000 115650 torch/_dynamo/guards.py:3404] [0/1] [__guards] | | +- TYPE_MATCH: ___check_type_id(L['kwargs'], 10737728)                     
V0929 05:29:11.289000 115650 torch/_dynamo/guards.py:3404] [0/1] [__guards] | | +- DICT_LENGTH: not L['kwargs']                                             
V0929 05:29:11.289000 115650 torch/_dynamo/guards.py:3404] [0/1] [__guards] | +- GuardManager: source=G, accessed_by=GlobalsGuardAccessor, type=<class 'dict'>, tag_safe=(False, False)
V0929 05:29:11.289000 115650 torch/_dynamo/guards.py:3404] [0/1] [__guards] | | +- GuardManager: source=G['__import_torch_dot_nn_dot_modules_dot_linear'], accessed_by=DictGetItemGuardAccessor('__import_torch_dot_nn_dot_modules_dot_linear'), type=<class 'module'>, tag_safe=(False, False)
V0929 05:29:11.289000 115650 torch/_dynamo/guards.py:3404] [0/1] [__guards] | | | +- ID_MATCH: ___check_obj_id(G['__import_torch_dot_nn_dot_modules_dot_linear'], 126675697628672)  # return F.linear(input, self.weight, self.bias)  # nn/modules/linear.py:134 in forward
V0929 05:29:11.289000 115650 torch/_dynamo/guards.py:3404] [0/1] [__guards] | | | +- GuardManager: source=G['__import_torch_dot_nn_dot_modules_dot_linear'].F, accessed_by=GetAttrGuardAccessor(F), type=<class 'module'>, tag_safe=(False, False)
V0929 05:29:11.289000 115650 torch/_dynamo/guards.py:3404] [0/1] [__guards] | | | | +- ID_MATCH: ___check_obj_id(G['__import_torch_dot_nn_dot_modules_dot_linear'].F, 126675697628592)  # return F.linear(input, self.weight, self.bias)  # nn/modules/linear.py:134 in forward
V0929 05:29:11.289000 115650 torch/_dynamo/guards.py:3404] [0/1] [__guards] | | | | +- GuardManager: source=G['__import_torch_dot_nn_dot_modules_dot_linear'].F.linear, accessed_by=GetAttrGuardAccessor(linear), type=<class 'builtin_function_or_method'>, tag_safe=(True, False)
V0929 05:29:11.289000 115650 torch/_dynamo/guards.py:3404] [0/1] [__guards] | | | | | +- ID_MATCH: ___check_obj_id(G['__import_torch_dot_nn_dot_modules_dot_linear'].F.linear, 126679512872288)  # return F.linear(input, self.weight, self.bias)  # nn/modules/linear.py:134 in forward
V0929 05:29:11.289000 115650 torch/_dynamo/guards.py:3404] [0/1] [__guards] | | +- GuardManager: source=G['__import_torch_dot_nn_dot_modules_dot_module'], accessed_by=DictGetItemGuardAccessor('__import_torch_dot_nn_dot_modules_dot_module'), type=<class 'module'>, tag_safe=(False, False)
V0929 05:29:11.289000 115650 torch/_dynamo/guards.py:3404] [0/1] [__guards] | | | +- ID_MATCH: ___check_obj_id(G['__import_torch_dot_nn_dot_modules_dot_module'], 126675701430080)
V0929 05:29:11.289000 115650 torch/_dynamo/guards.py:3404] [0/1] [__guards] | | | +- GuardManager: source=G['__import_torch_dot_nn_dot_modules_dot_module']._global_forward_hooks, accessed_by=GetAttrGuardAccessor(_global_forward_hooks), type=<class 'collections.OrderedDict'>, tag_safe=(True, False)
V0929 05:29:11.289000 115650 torch/_dynamo/guards.py:3404] [0/1] [__guards] | | | | +- TYPE_MATCH: ___check_type_id(G['__import_torch_dot_nn_dot_modules_dot_module']._global_forward_hooks, 10741888)
V0929 05:29:11.289000 115650 torch/_dynamo/guards.py:3404] [0/1] [__guards] | | | +- GuardManager: source=G['__import_torch_dot_nn_dot_modules_dot_module']._global_backward_hooks, accessed_by=GetAttrGuardAccessor(_global_backward_hooks), type=<class 'collections.OrderedDict'>, tag_safe=(True, False)
V0929 05:29:11.289000 115650 torch/_dynamo/guards.py:3404] [0/1] [__guards] | | | | +- TYPE_MATCH: ___check_type_id(G['__import_torch_dot_nn_dot_modules_dot_module']._global_backward_hooks, 10741888)
V0929 05:29:11.289000 115650 torch/_dynamo/guards.py:3404] [0/1] [__guards] | | | +- GuardManager: source=G['__import_torch_dot_nn_dot_modules_dot_module']._global_forward_pre_hooks, accessed_by=GetAttrGuardAccessor(_global_forward_pre_hooks), type=<class 'collections.OrderedDict'>, tag_safe=(True, False)
V0929 05:29:11.289000 115650 torch/_dynamo/guards.py:3404] [0/1] [__guards] | | | | +- TYPE_MATCH: ___check_type_id(G['__import_torch_dot_nn_dot_modules_dot_module']._global_forward_pre_hooks, 10741888)
V0929 05:29:11.289000 115650 torch/_dynamo/guards.py:3404] [0/1] [__guards] | | | +- GuardManager: source=G['__import_torch_dot_nn_dot_modules_dot_module']._global_backward_pre_hooks, accessed_by=GetAttrGuardAccessor(_global_backward_pre_hooks), type=<class 'collections.OrderedDict'>, tag_safe=(True, False)
V0929 05:29:11.289000 115650 torch/_dynamo/guards.py:3404] [0/1] [__guards] | | | | +- TYPE_MATCH: ___check_type_id(G['__import_torch_dot_nn_dot_modules_dot_module']._global_backward_pre_hooks, 10741888)
V0929 05:29:11.289000 115650 torch/_dynamo/guards.py:3404] [0/1] [__guards] | +- GuardManager: source=L['fn'], accessed_by=FrameLocalsGuardAccessor(key='fn', framelocals_idx=2), type=<class 'torch.nn.modules.linear.Linear'>, tag_safe=(True, True)
V0929 05:29:11.289000 115650 torch/_dynamo/guards.py:3404] [0/1] [__guards] | | +- TYPE_MATCH: ___check_type_id(L['fn'], 727685680)                        
V0929 05:29:11.289000 115650 torch/_dynamo/guards.py:3404] [0/1] [__guards] | | +- GuardManager: source=L['fn'].__dict__, accessed_by=GetGenericDictGuardAccessor, type=<class 'dict'>, tag_safe=(True, False)
V0929 05:29:11.289000 115650 torch/_dynamo/guards.py:3404] [0/1] [__guards] | | | +- DICT_CONTAINS: not ___dict_contains('forward', L['fn'].__dict__)           
V0929 05:29:11.289000 115650 torch/_dynamo/guards.py:3404] [0/1] [__guards] | | | +- GuardManager: source=L['fn']._parameters, accessed_by=DictGetItemGuardAccessor('_parameters'), type=<class 'dict'>, tag_safe=(True, False)
V0929 05:29:11.289000 115650 torch/_dynamo/guards.py:3404] [0/1] [__guards] | | | | +- TYPE_MATCH: ___check_type_id(L['fn']._parameters, 10737728)               # return F.linear(input, self.weight, self.bias)  # nn/modules/linear.py:134 in forward
V0929 05:29:11.289000 115650 torch/_dynamo/guards.py:3404] [0/1] [__guards] | | | | +- GuardManager: source=L['fn']._parameters['bias'], accessed_by=DictGetItemGuardAccessor('bias'), type=<class 'torch.nn.parameter.Parameter'>, tag_safe=(True, False)
V0929 05:29:11.289000 115650 torch/_dynamo/guards.py:3404] [0/1] [__guards] | | | | | +- TENSOR_MATCH: check_tensor(L['fn']._parameters['bias'], Parameter, DispatchKeySet(CUDA, BackendSelect, ADInplaceOrView, AutogradCUDA, AutocastCUDA), torch.float32, device=0, requires_grad=True, size=[4096], stride=[1])  # return F.linear(input, self.weight, self.bias)  # nn/modules/linear.py:134 in forward
V0929 05:29:11.289000 115650 torch/_dynamo/guards.py:3404] [0/1] [__guards] | | | | +- GuardManager: source=L['fn']._parameters['weight'], accessed_by=DictGetItemGuardAccessor('weight'), type=<class 'torch.nn.parameter.Parameter'>, tag_safe=(True, False)
V0929 05:29:11.289000 115650 torch/_dynamo/guards.py:3404] [0/1] [__guards] | | | | | +- TENSOR_MATCH: check_tensor(L['fn']._parameters['weight'], Parameter, DispatchKeySet(CUDA, BackendSelect, ADInplaceOrView, AutogradCUDA, AutocastCUDA), torch.float32, device=0, requires_grad=True, size=[4096, 16], stride=[16, 1])  # return F.linear(input, self.weight, self.bias)  # nn/modules/linear.py:134 in forward
V0929 05:29:11.289000 115650 torch/_dynamo/guards.py:3404] [0/1] [__guards] 
V0929 05:29:11.298000 115650 torch/_dynamo/guards.py:3436] [0/1] [__guards] Guard eval latency = 43.22 us
