/workspace/kg-v3/.venv/lib/python3.12/site-packages/torch/backends/__init__.py:46: UserWarning: Please use the new API settings to control TF32 behavior, such as torch.backends.cudnn.conv.fp32_precision = 'tf32' or torch.backends.cuda.matmul.fp32_precision = 'ieee'. Old settings, e.g, torch.backends.cuda.matmul.allow_tf32 = True, torch.backends.cudnn.allow_tf32 = True, allowTF32CuDNN() and allowTF32CuBLAS() will be deprecated after Pytorch 2.9. Please see https://pytorch.org/docs/main/notes/cuda.html#tensorfloat-32-tf32-on-ampere-and-later-devices (Triggered internally at /pytorch/aten/src/ATen/Context.cpp:80.)
  self.setter(val)
Autotune Choices Stats:
{"num_choices": 16, "num_triton_choices": 15, "best_kernel": "triton_mm_8", "best_kernel_desc": "ACC_TYPE='tl.float32', ALLOW_TF32=True, BLOCK_K=32, BLOCK_M=64, BLOCK_N=128, EVEN_K=True, GROUP_M=8, USE_FAST_ACCUM=False, num_stages=4, num_warps=8", "best_time": 0.014112000353634357, "best_triton_pos": 0}
AUTOTUNE mm(4096x256, 256x512)
strides: [256, 1], [1, 256]
dtypes: torch.bfloat16, torch.bfloat16
  triton_mm_8 0.0141 ms 100.0% ACC_TYPE='tl.float32', ALLOW_TF32=True, BLOCK_K=32, BLOCK_M=64, BLOCK_N=128, EVEN_K=True, GROUP_M=8, USE_FAST_ACCUM=False, num_stages=4, num_warps=8
  triton_mm_11 0.0142 ms 99.3% ACC_TYPE='tl.float32', ALLOW_TF32=True, BLOCK_K=32, BLOCK_M=128, BLOCK_N=64, EVEN_K=True, GROUP_M=8, USE_FAST_ACCUM=False, num_stages=4, num_warps=8
  triton_mm_14 0.0142 ms 99.3% ACC_TYPE='tl.float32', ALLOW_TF32=True, BLOCK_K=64, BLOCK_M=128, BLOCK_N=128, EVEN_K=True, GROUP_M=8, USE_FAST_ACCUM=False, num_stages=3, num_warps=4
  triton_mm_7 0.0142 ms 99.1% ACC_TYPE='tl.float32', ALLOW_TF32=True, BLOCK_K=32, BLOCK_M=64, BLOCK_N=128, EVEN_K=True, GROUP_M=8, USE_FAST_ACCUM=False, num_stages=3, num_warps=4
  triton_mm_6 0.0143 ms 98.7% ACC_TYPE='tl.float32', ALLOW_TF32=True, BLOCK_K=64, BLOCK_M=64, BLOCK_N=64, EVEN_K=True, GROUP_M=8, USE_FAST_ACCUM=False, num_stages=3, num_warps=8
  triton_mm_10 0.0152 ms 92.6% ACC_TYPE='tl.float32', ALLOW_TF32=True, BLOCK_K=32, BLOCK_M=128, BLOCK_N=64, EVEN_K=True, GROUP_M=8, USE_FAST_ACCUM=False, num_stages=3, num_warps=4
  triton_mm_13 0.0159 ms 88.7% ACC_TYPE='tl.float32', ALLOW_TF32=True, BLOCK_K=32, BLOCK_M=128, BLOCK_N=128, EVEN_K=True, GROUP_M=8, USE_FAST_ACCUM=False, num_stages=3, num_warps=4
  triton_mm_9 0.0161 ms 87.8% ACC_TYPE='tl.float32', ALLOW_TF32=True, BLOCK_K=64, BLOCK_M=64, BLOCK_N=128, EVEN_K=True, GROUP_M=8, USE_FAST_ACCUM=False, num_stages=3, num_warps=4
  triton_mm_2 0.0163 ms 86.8% ACC_TYPE='tl.float32', ALLOW_TF32=True, BLOCK_K=32, BLOCK_M=32, BLOCK_N=64, EVEN_K=True, GROUP_M=8, USE_FAST_ACCUM=False, num_stages=5, num_warps=8
  triton_mm_5 0.0164 ms 86.3% ACC_TYPE='tl.float32', ALLOW_TF32=True, BLOCK_K=32, BLOCK_M=64, BLOCK_N=64, EVEN_K=True, GROUP_M=8, USE_FAST_ACCUM=False, num_stages=2, num_warps=4
SingleProcess AUTOTUNE benchmarking takes 0.3485 seconds and 0.0808 seconds precompiling for 16 choices
Autotune Choices Stats:
{"num_choices": 17, "num_triton_choices": 15, "best_kernel": "triton_mm_24", "best_kernel_desc": "ACC_TYPE='tl.float32', ALLOW_TF32=True, BLOCK_K=64, BLOCK_M=64, BLOCK_N=128, EVEN_K=True, GROUP_M=8, USE_FAST_ACCUM=False, num_stages=3, num_warps=4", "best_time": 0.01635199971497059, "best_triton_pos": 0}
AUTOTUNE addmm(4096x256, 4096x512, 512x256)
strides: [0, 1], [512, 1], [1, 512]
dtypes: torch.bfloat16, torch.bfloat16, torch.bfloat16
  triton_mm_24 0.0164 ms 100.0% ACC_TYPE='tl.float32', ALLOW_TF32=True, BLOCK_K=64, BLOCK_M=64, BLOCK_N=128, EVEN_K=True, GROUP_M=8, USE_FAST_ACCUM=False, num_stages=3, num_warps=4
  triton_mm_29 0.0184 ms 88.9% ACC_TYPE='tl.float32', ALLOW_TF32=True, BLOCK_K=64, BLOCK_M=128, BLOCK_N=128, EVEN_K=True, GROUP_M=8, USE_FAST_ACCUM=False, num_stages=3, num_warps=4
  triton_mm_21 0.0204 ms 80.0% ACC_TYPE='tl.float32', ALLOW_TF32=True, BLOCK_K=64, BLOCK_M=64, BLOCK_N=64, EVEN_K=True, GROUP_M=8, USE_FAST_ACCUM=False, num_stages=3, num_warps=8
  triton_mm_26 0.0206 ms 79.5% ACC_TYPE='tl.float32', ALLOW_TF32=True, BLOCK_K=32, BLOCK_M=128, BLOCK_N=64, EVEN_K=True, GROUP_M=8, USE_FAST_ACCUM=False, num_stages=4, num_warps=8
  bias_addmm 0.0220 ms 74.4% 
  triton_mm_16 0.0225 ms 72.7% ACC_TYPE='tl.float32', ALLOW_TF32=True, BLOCK_K=128, BLOCK_M=32, BLOCK_N=32, EVEN_K=True, GROUP_M=8, USE_FAST_ACCUM=False, num_stages=2, num_warps=4
  triton_mm_17 0.0225 ms 72.7% ACC_TYPE='tl.float32', ALLOW_TF32=True, BLOCK_K=32, BLOCK_M=32, BLOCK_N=64, EVEN_K=True, GROUP_M=8, USE_FAST_ACCUM=False, num_stages=5, num_warps=8
  triton_mm_18 0.0225 ms 72.7% ACC_TYPE='tl.float32', ALLOW_TF32=True, BLOCK_K=32, BLOCK_M=64, BLOCK_N=32, EVEN_K=True, GROUP_M=8, USE_FAST_ACCUM=False, num_stages=5, num_warps=8
  triton_mm_23 0.0225 ms 72.7% ACC_TYPE='tl.float32', ALLOW_TF32=True, BLOCK_K=32, BLOCK_M=64, BLOCK_N=128, EVEN_K=True, GROUP_M=8, USE_FAST_ACCUM=False, num_stages=4, num_warps=8
  triton_mm_25 0.0226 ms 72.3% ACC_TYPE='tl.float32', ALLOW_TF32=True, BLOCK_K=32, BLOCK_M=128, BLOCK_N=64, EVEN_K=True, GROUP_M=8, USE_FAST_ACCUM=False, num_stages=3, num_warps=4
SingleProcess AUTOTUNE benchmarking takes 0.3413 seconds and 0.0017 seconds precompiling for 17 choices
V0929 05:23:48.113000 104287 torch/_dynamo/guards.py:2666] [0/0] [__guards] C++ shape guard function: 
V0929 05:23:48.113000 104287 torch/_dynamo/guards.py:2666] [0/0] [__guards] #include <algorithm>
V0929 05:23:48.113000 104287 torch/_dynamo/guards.py:2666] [0/0] [__guards] #include <cstdint>
V0929 05:23:48.113000 104287 torch/_dynamo/guards.py:2666] [0/0] [__guards] #include <cmath>
V0929 05:23:48.113000 104287 torch/_dynamo/guards.py:2666] [0/0] [__guards] #include <c10/util/generic_math.h>
V0929 05:23:48.113000 104287 torch/_dynamo/guards.py:2666] [0/0] [__guards] 
V0929 05:23:48.113000 104287 torch/_dynamo/guards.py:2666] [0/0] [__guards] #if defined(_MSC_VER)
V0929 05:23:48.113000 104287 torch/_dynamo/guards.py:2666] [0/0] [__guards] #  define EXTERN_DLL_EXPORT extern "C" __declspec(dllexport)
V0929 05:23:48.113000 104287 torch/_dynamo/guards.py:2666] [0/0] [__guards] #else
V0929 05:23:48.113000 104287 torch/_dynamo/guards.py:2666] [0/0] [__guards] #  define EXTERN_DLL_EXPORT extern "C"
V0929 05:23:48.113000 104287 torch/_dynamo/guards.py:2666] [0/0] [__guards] #endif
V0929 05:23:48.113000 104287 torch/_dynamo/guards.py:2666] [0/0] [__guards] 
V0929 05:23:48.113000 104287 torch/_dynamo/guards.py:2666] [0/0] [__guards] EXTERN_DLL_EXPORT int8_t guard(int64_t *int_values, double *float_values) {
V0929 05:23:48.113000 104287 torch/_dynamo/guards.py:2666] [0/0] [__guards]   int64_t L_x_size_0_ = int_values[0];
V0929 05:23:48.113000 104287 torch/_dynamo/guards.py:2666] [0/0] [__guards] 
V0929 05:23:48.113000 104287 torch/_dynamo/guards.py:2666] [0/0] [__guards]   return (512L*L_x_size_0_ <= 2147483647L) && (256L*L_x_size_0_ <= 2147483647L) && (2L <= L_x_size_0_);
V0929 05:23:48.113000 104287 torch/_dynamo/guards.py:2666] [0/0] [__guards] }
V0929 05:23:48.113000 104287 torch/_dynamo/guards.py:2666] [0/0] [__guards]  ["512*L['x'].size()[0] <= 2147483647  # (_inductor/codegen/simd.py:1440 in can_use_32bit_indexing)", "256*L['x'].size()[0] <= 2147483647  # (_inductor/codegen/simd.py:1442 in can_use_32bit_indexing)", "2 <= L['x'].size()[0]  # return F.linear(input, self.weight, self.bias)  # nn/modules/linear.py:134 in forward (user code shown is first use of this value--the guard itself is not due user code but due to 0/1 specialization in the framework; to avoid specialization try torch._dynamo.mark_unbacked(tensor, dim))"]
V0929 05:23:53.461000 104287 torch/_dynamo/guards.py:3687] [0/0] [__guards] GUARDS:
V0929 05:23:53.462000 104287 torch/_dynamo/guards.py:1743] [0/0] [__guards] Python shape guard function:
V0929 05:23:53.462000 104287 torch/_dynamo/guards.py:1743] [0/0] [__guards] def ___make_guard_fn(___check_type_id, ___check_obj_id, ___odict_getitem, ___key_to_id, ___dict_version, ___dict_contains, ___tuple_iterator_len, ___normalize_range_iter, ___tuple_iterator_getitem, ___dataclass_fields, ___namedtuple_fields, ___get_torch_function_mode_stack_at, __math_isnan, __numpy_isnan, inf, __load_module, utils_device, device, ___from_numpy, ___as_tensor, torch, inspect):
V0929 05:23:53.462000 104287 torch/_dynamo/guards.py:1743] [0/0] [__guards]     def guard(L):
V0929 05:23:53.462000 104287 torch/_dynamo/guards.py:1743] [0/0] [__guards]         if not (G['F'] is G['__import_torch_dot_nn_dot_modules_dot_linear'].F):
V0929 05:23:53.462000 104287 torch/_dynamo/guards.py:1743] [0/0] [__guards]             return False
V0929 05:23:53.462000 104287 torch/_dynamo/guards.py:1743] [0/0] [__guards]         return True
V0929 05:23:53.462000 104287 torch/_dynamo/guards.py:1743] [0/0] [__guards]     return guard
V0929 05:23:53.462000 104287 torch/_dynamo/guards.py:1743] [0/0] [__guards] 
V0929 05:23:53.463000 104287 torch/_dynamo/guards.py:3404] [0/0] [__guards] 
V0929 05:23:53.463000 104287 torch/_dynamo/guards.py:3404] [0/0] [__guards] TREE_GUARD_MANAGER:
V0929 05:23:53.463000 104287 torch/_dynamo/guards.py:3404] [0/0] [__guards] +- RootGuardManager
V0929 05:23:53.463000 104287 torch/_dynamo/guards.py:3404] [0/0] [__guards] | +- LAMBDA_GUARD: torch._functorch.aot_autograd.utils.top_saved_tensors_hooks ids == None  # _dynamo/output_graph.py:688 in init_ambient_guards
V0929 05:23:53.463000 104287 torch/_dynamo/guards.py:3404] [0/0] [__guards] | +- DEFAULT_DEVICE: utils_device.CURRENT_DEVICE == None                           # _dynamo/output_graph.py:676 in init_ambient_guards
V0929 05:23:53.463000 104287 torch/_dynamo/guards.py:3404] [0/0] [__guards] | +- GLOBAL_STATE: ___check_global_state()
V0929 05:23:53.463000 104287 torch/_dynamo/guards.py:3404] [0/0] [__guards] | +- TORCH_FUNCTION_MODE_STACK: ___check_torch_function_mode_stack()
V0929 05:23:53.463000 104287 torch/_dynamo/guards.py:3404] [0/0] [__guards] | +- GuardManager: source=L['x'], accessed_by=FrameLocalsGuardAccessor(key='x', framelocals_idx=1), type=<class 'torch.Tensor'>, tag_safe=(False, False)
V0929 05:23:53.463000 104287 torch/_dynamo/guards.py:3404] [0/0] [__guards] | | +- TENSOR_MATCH: check_tensor(L['x'], Tensor, DispatchKeySet(CUDA, BackendSelect, ADInplaceOrView, AutogradCUDA, AutocastCUDA), torch.float32, device=0, requires_grad=False, size=[None, 256], stride=[256, 1])  # return F.linear(input, self.weight, self.bias)  # nn/modules/linear.py:134 in forward
V0929 05:23:53.463000 104287 torch/_dynamo/guards.py:3404] [0/0] [__guards] | | +- NO_HASATTR: hasattr(L['x'], '_dynamo_dynamic_indices') == False           # return F.linear(input, self.weight, self.bias)  # nn/modules/linear.py:134 in forward
V0929 05:23:53.463000 104287 torch/_dynamo/guards.py:3404] [0/0] [__guards] | | +- GuardManager: source=L['x'].size()[0], accessed_by=TensorPropertyGuardAccessor<TensorProperty::SIZE>(0), type=<class 'int'>, tag_safe=(True, False)
V0929 05:23:53.463000 104287 torch/_dynamo/guards.py:3404] [0/0] [__guards] | | | +- GuardManager: source=(0, L['x'].size()[0]), accessed_by=IndexedGuardAccesor(0), type=<class 'tuple'>, tag_safe=(True, False)
V0929 05:23:53.463000 104287 torch/_dynamo/guards.py:3404] [0/0] [__guards] | | | | +- SYMBOLIC_SHAPE_GUARD: 512*L['x'].size()[0] <= 2147483647  # (_inductor/codegen/simd.py:1440 in can_use_32bit_indexing)
V0929 05:23:53.463000 104287 torch/_dynamo/guards.py:3404] [0/0] [__guards] | | | | +- SYMBOLIC_SHAPE_GUARD: 256*L['x'].size()[0] <= 2147483647  # (_inductor/codegen/simd.py:1442 in can_use_32bit_indexing)
V0929 05:23:53.463000 104287 torch/_dynamo/guards.py:3404] [0/0] [__guards] | | | | +- SYMBOLIC_SHAPE_GUARD: 2 <= L['x'].size()[0]  # return F.linear(input, self.weight, self.bias)  # nn/modules/linear.py:134 in forward (user code shown is first use of this value--the guard itself is not due user code but due to 0/1 specialization in the framework; to avoid specialization try torch._dynamo.mark_unbacked(tensor, dim))
V0929 05:23:53.463000 104287 torch/_dynamo/guards.py:3404] [0/0] [__guards] | +- GuardManager: source=G, accessed_by=GlobalsGuardAccessor, type=<class 'dict'>, tag_safe=(False, False)
V0929 05:23:53.463000 104287 torch/_dynamo/guards.py:3404] [0/0] [__guards] | | +- GuardManager: source=G['F'], accessed_by=DictGetItemGuardAccessor('F'), type=<class 'module'>, tag_safe=(False, False)
V0929 05:23:53.463000 104287 torch/_dynamo/guards.py:3404] [0/0] [__guards] | | | +- ID_MATCH: ___check_obj_id(G['F'], 128832489485424)                      # return self.down(F.gelu(self.up(x)))  # runs/gemm-limits-2026-09-29/probe_linear.py:33 in forward
V0929 05:23:53.463000 104287 torch/_dynamo/guards.py:3404] [0/0] [__guards] | | | +- GuardManager: source=G['F'].gelu, accessed_by=GetAttrGuardAccessor(gelu), type=<class 'builtin_function_or_method'>, tag_safe=(True, False)
V0929 05:23:53.463000 104287 torch/_dynamo/guards.py:3404] [0/0] [__guards] | | | | +- ID_MATCH: ___check_obj_id(G['F'].gelu, 128835462687984)                 # return self.down(F.gelu(self.up(x)))  # runs/gemm-limits-2026-09-29/probe_linear.py:33 in forward
V0929 05:23:53.463000 104287 torch/_dynamo/guards.py:3404] [0/0] [__guards] | | | +- GuardManager: source=G['F'].linear, accessed_by=GetAttrGuardAccessor(linear), type=<class 'builtin_function_or_method'>, tag_safe=(True, False)
V0929 05:23:53.463000 104287 torch/_dynamo/guards.py:3404] [0/0] [__guards] | | | | +- ID_MATCH: ___check_obj_id(G['F'].linear, 128835462689104)               # return F.linear(input, self.weight, self.bias)  # nn/modules/linear.py:134 in forward
V0929 05:23:53.463000 104287 torch/_dynamo/guards.py:3404] [0/0] [__guards] | | +- GuardManager: source=G['__import_torch_dot_nn_dot_modules_dot_linear'], accessed_by=DictGetItemGuardAccessor('__import_torch_dot_nn_dot_modules_dot_linear'), type=<class 'module'>, tag_safe=(False, False)
V0929 05:23:53.463000 104287 torch/_dynamo/guards.py:3404] [0/0] [__guards] | | | +- ID_MATCH: ___check_obj_id(G['__import_torch_dot_nn_dot_modules_dot_linear'], 128832489485504)  # return F.linear(input, self.weight, self.bias)  # nn/modules/linear.py:134 in forward
V0929 05:23:53.463000 104287 torch/_dynamo/guards.py:3404] [0/0] [__guards] | | +- GuardManager: source=G['__import_torch_dot_nn_dot_modules_dot_module'], accessed_by=DictGetItemGuardAccessor('__import_torch_dot_nn_dot_modules_dot_module'), type=<class 'module'>, tag_safe=(False, False)
V0929 05:23:53.463000 104287 torch/_dynamo/guards.py:3404] [0/0] [__guards] | | | +- ID_MATCH: ___check_obj_id(G['__import_torch_dot_nn_dot_modules_dot_module'], 128832493269888)  # return self.down(F.gelu(self.up(x)))  # runs/gemm-limits-2026-09-29/probe_linear.py:33 in forward
V0929 05:23:53.463000 104287 torch/_dynamo/guards.py:3404] [0/0] [__guards] | | | +- GuardManager: source=G['__import_torch_dot_nn_dot_modules_dot_module']._global_forward_hooks, accessed_by=GetAttrGuardAccessor(_global_forward_hooks), type=<class 'collections.OrderedDict'>, tag_safe=(True, False)
V0929 05:23:53.463000 104287 torch/_dynamo/guards.py:3404] [0/0] [__guards] | | | | +- TYPE_MATCH: ___check_type_id(G['__import_torch_dot_nn_dot_modules_dot_module']._global_forward_hooks, 10741888)  # return self.down(F.gelu(self.up(x)))  # runs/gemm-limits-2026-09-29/probe_linear.py:33 in forward
V0929 05:23:53.463000 104287 torch/_dynamo/guards.py:3404] [0/0] [__guards] | | | +- GuardManager: source=G['__import_torch_dot_nn_dot_modules_dot_module']._global_backward_hooks, accessed_by=GetAttrGuardAccessor(_global_backward_hooks), type=<class 'collections.OrderedDict'>, tag_safe=(True, False)
V0929 05:23:53.463000 104287 torch/_dynamo/guards.py:3404] [0/0] [__guards] | | | | +- TYPE_MATCH: ___check_type_id(G['__import_torch_dot_nn_dot_modules_dot_module']._global_backward_hooks, 10741888)  # return self.down(F.gelu(self.up(x)))  # runs/gemm-limits-2026-09-29/probe_linear.py:33 in forward
V0929 05:23:53.463000 104287 torch/_dynamo/guards.py:3404] [0/0] [__guards] | | | +- GuardManager: source=G['__import_torch_dot_nn_dot_modules_dot_module']._global_forward_pre_hooks, accessed_by=GetAttrGuardAccessor(_global_forward_pre_hooks), type=<class 'collections.OrderedDict'>, tag_safe=(True, False)
V0929 05:23:53.463000 104287 torch/_dynamo/guards.py:3404] [0/0] [__guards] | | | | +- TYPE_MATCH: ___check_type_id(G['__import_torch_dot_nn_dot_modules_dot_module']._global_forward_pre_hooks, 10741888)  # return self.down(F.gelu(self.up(x)))  # runs/gemm-limits-2026-09-29/probe_linear.py:33 in forward
V0929 05:23:53.463000 104287 torch/_dynamo/guards.py:3404] [0/0] [__guards] | | | +- GuardManager: source=G['__import_torch_dot_nn_dot_modules_dot_module']._global_backward_pre_hooks, accessed_by=GetAttrGuardAccessor(_global_backward_pre_hooks), type=<class 'collections.OrderedDict'>, tag_safe=(True, False)
V0929 05:23:53.463000 104287 torch/_dynamo/guards.py:3404] [0/0] [__guards] | | | | +- TYPE_MATCH: ___check_type_id(G['__import_torch_dot_nn_dot_modules_dot_module']._global_backward_pre_hooks, 10741888)  # return self.down(F.gelu(self.up(x)))  # runs/gemm-limits-2026-09-29/probe_linear.py:33 in forward
V0929 05:23:53.463000 104287 torch/_dynamo/guards.py:3404] [0/0] [__guards] | +- GuardManager: source=L['self'], accessed_by=FrameLocalsGuardAccessor(key='self', framelocals_idx=0), type=<class '__main__.Mlp'>, tag_safe=(True, True)
V0929 05:23:53.463000 104287 torch/_dynamo/guards.py:3404] [0/0] [__guards] | | +- TYPE_MATCH: ___check_type_id(L['self'], 876677488)                        # return self.down(F.gelu(self.up(x)))  # runs/gemm-limits-2026-09-29/probe_linear.py:33 in forward
V0929 05:23:53.463000 104287 torch/_dynamo/guards.py:3404] [0/0] [__guards] | | +- GuardManager: source=L['self'].__dict__, accessed_by=GetGenericDictGuardAccessor, type=<class 'dict'>, tag_safe=(True, False)
V0929 05:23:53.463000 104287 torch/_dynamo/guards.py:3404] [0/0] [__guards] | | | +- GuardManager: source=L['self']._modules, accessed_by=DictGetItemGuardAccessor('_modules'), type=<class 'dict'>, tag_safe=(True, False)
V0929 05:23:53.463000 104287 torch/_dynamo/guards.py:3404] [0/0] [__guards] | | | | +- TYPE_MATCH: ___check_type_id(L['self']._modules, 10737728)                # return self.down(F.gelu(self.up(x)))  # runs/gemm-limits-2026-09-29/probe_linear.py:33 in forward
V0929 05:23:53.463000 104287 torch/_dynamo/guards.py:3404] [0/0] [__guards] | | | | +- GuardManager: source=L['self']._modules['up'], accessed_by=DictGetItemGuardAccessor('up'), type=<class 'torch.nn.modules.linear.Linear'>, tag_safe=(True, False)
V0929 05:23:53.463000 104287 torch/_dynamo/guards.py:3404] [0/0] [__guards] | | | | | +- TYPE_MATCH: ___check_type_id(L['self']._modules['up'], 965880448)         # return self.down(F.gelu(self.up(x)))  # runs/gemm-limits-2026-09-29/probe_linear.py:33 in forward
V0929 05:23:53.463000 104287 torch/_dynamo/guards.py:3404] [0/0] [__guards] | | | | | +- GuardManager: source=L['self']._modules['up'].__dict__, accessed_by=GetGenericDictGuardAccessor, type=<class 'dict'>, tag_safe=(True, False)
V0929 05:23:53.463000 104287 torch/_dynamo/guards.py:3404] [0/0] [__guards] | | | | | | +- DICT_CONTAINS: not ___dict_contains('forward', L['self']._modules['up'].__dict__)  # return self.down(F.gelu(self.up(x)))  # runs/gemm-limits-2026-09-29/probe_linear.py:33 in forward
V0929 05:23:53.463000 104287 torch/_dynamo/guards.py:3404] [0/0] [__guards] | | | | | | +- GuardManager: source=L['self']._modules['up']._parameters, accessed_by=DictGetItemGuardAccessor('_parameters'), type=<class 'dict'>, tag_safe=(True, False)
V0929 05:23:53.463000 104287 torch/_dynamo/guards.py:3404] [0/0] [__guards] | | | | | | | +- TYPE_MATCH: ___check_type_id(L['self']._modules['up']._parameters, 10737728)  # return F.linear(input, self.weight, self.bias)  # nn/modules/linear.py:134 in forward
V0929 05:23:53.463000 104287 torch/_dynamo/guards.py:3404] [0/0] [__guards] | | | | | | | +- GuardManager: source=L['self']._modules['up']._parameters['bias'], accessed_by=DictGetItemGuardAccessor('bias'), type=<class 'torch.nn.parameter.Parameter'>, tag_safe=(True, False)
V0929 05:23:53.463000 104287 torch/_dynamo/guards.py:3404] [0/0] [__guards] | | | | | | | | +- TENSOR_MATCH: check_tensor(L['self']._modules['up']._parameters['bias'], Parameter, DispatchKeySet(CUDA, BackendSelect, ADInplaceOrView, AutogradCUDA, AutocastCUDA), torch.float32, device=0, requires_grad=True, size=[512], stride=[1])  # return F.linear(input, self.weight, self.bias)  # nn/modules/linear.py:134 in forward
V0929 05:23:53.463000 104287 torch/_dynamo/guards.py:3404] [0/0] [__guards] | | | | | | | +- GuardManager: source=L['self']._modules['up']._parameters['weight'], accessed_by=DictGetItemGuardAccessor('weight'), type=<class 'torch.nn.parameter.Parameter'>, tag_safe=(True, False)
V0929 05:23:53.463000 104287 torch/_dynamo/guards.py:3404] [0/0] [__guards] | | | | | | | | +- TENSOR_MATCH: check_tensor(L['self']._modules['up']._parameters['weight'], Parameter, DispatchKeySet(CUDA, BackendSelect, ADInplaceOrView, AutogradCUDA, AutocastCUDA), torch.float32, device=0, requires_grad=True, size=[512, 256], stride=[256, 1])  # return F.linear(input, self.weight, self.bias)  # nn/modules/linear.py:134 in forward
V0929 05:23:53.463000 104287 torch/_dynamo/guards.py:3404] [0/0] [__guards] | | | | +- GuardManager: source=L['self']._modules['down'], accessed_by=DictGetItemGuardAccessor('down'), type=<class 'torch.nn.modules.linear.Linear'>, tag_safe=(True, False)
V0929 05:23:53.463000 104287 torch/_dynamo/guards.py:3404] [0/0] [__guards] | | | | | +- TYPE_MATCH: ___check_type_id(L['self']._modules['down'], 965880448)       # return self.down(F.gelu(self.up(x)))  # runs/gemm-limits-2026-09-29/probe_linear.py:33 in forward
V0929 05:23:53.463000 104287 torch/_dynamo/guards.py:3404] [0/0] [__guards] | | | | | +- GuardManager: source=L['self']._modules['down'].__dict__, accessed_by=GetGenericDictGuardAccessor, type=<class 'dict'>, tag_safe=(True, False)
V0929 05:23:53.463000 104287 torch/_dynamo/guards.py:3404] [0/0] [__guards] | | | | | | +- DICT_CONTAINS: not ___dict_contains('forward', L['self']._modules['down'].__dict__)  # return self.down(F.gelu(self.up(x)))  # runs/gemm-limits-2026-09-29/probe_linear.py:33 in forward
V0929 05:23:53.463000 104287 torch/_dynamo/guards.py:3404] [0/0] [__guards] | | | | | | +- GuardManager: source=L['self']._modules['down']._parameters, accessed_by=DictGetItemGuardAccessor('_parameters'), type=<class 'dict'>, tag_safe=(True, False)
V0929 05:23:53.463000 104287 torch/_dynamo/guards.py:3404] [0/0] [__guards] | | | | | | | +- TYPE_MATCH: ___check_type_id(L['self']._modules['down']._parameters, 10737728)  # return F.linear(input, self.weight, self.bias)  # nn/modules/linear.py:134 in forward
V0929 05:23:53.463000 104287 torch/_dynamo/guards.py:3404] [0/0] [__guards] | | | | | | | +- GuardManager: source=L['self']._modules['down']._parameters['bias'], accessed_by=DictGetItemGuardAccessor('bias'), type=<class 'torch.nn.parameter.Parameter'>, tag_safe=(True, False)
V0929 05:23:53.463000 104287 torch/_dynamo/guards.py:3404] [0/0] [__guards] | | | | | | | | +- TENSOR_MATCH: check_tensor(L['self']._modules['down']._parameters['bias'], Parameter, DispatchKeySet(CUDA, BackendSelect, ADInplaceOrView, AutogradCUDA, AutocastCUDA), torch.float32, device=0, requires_grad=True, size=[256], stride=[1])  # return F.linear(input, self.weight, self.bias)  # nn/modules/linear.py:134 in forward
V0929 05:23:53.463000 104287 torch/_dynamo/guards.py:3404] [0/0] [__guards] | | | | | | | +- GuardManager: source=L['self']._modules['down']._parameters['weight'], accessed_by=DictGetItemGuardAccessor('weight'), type=<class 'torch.nn.parameter.Parameter'>, tag_safe=(True, False)
V0929 05:23:53.463000 104287 torch/_dynamo/guards.py:3404] [0/0] [__guards] | | | | | | | | +- TENSOR_MATCH: check_tensor(L['self']._modules['down']._parameters['weight'], Parameter, DispatchKeySet(CUDA, BackendSelect, ADInplaceOrView, AutogradCUDA, AutocastCUDA), torch.float32, device=0, requires_grad=True, size=[256, 512], stride=[512, 1])  # return F.linear(input, self.weight, self.bias)  # nn/modules/linear.py:134 in forward
V0929 05:23:53.463000 104287 torch/_dynamo/guards.py:3404] [0/0] [__guards] | | | +- GuardManager: source=L['self']._parameters, accessed_by=DictGetItemGuardAccessor('_parameters'), type=<class 'dict'>, tag_safe=(True, False)
V0929 05:23:53.463000 104287 torch/_dynamo/guards.py:3404] [0/0] [__guards] | | | | +- TYPE_MATCH: ___check_type_id(L['self']._parameters, 10737728)             # return self.down(F.gelu(self.up(x)))  # runs/gemm-limits-2026-09-29/probe_linear.py:33 in forward
V0929 05:23:53.463000 104287 torch/_dynamo/guards.py:3404] [0/0] [__guards] +- LAMBDA_GUARD: G['F'] is G['__import_torch_dot_nn_dot_modules_dot_linear'].F  # return F.linear(input, self.weight, self.bias)  # nn/modules/linear.py:134 in forward
V0929 05:23:53.463000 104287 torch/_dynamo/guards.py:3404] [0/0] [__guards] 
V0929 05:23:53.473000 104287 torch/_dynamo/guards.py:3436] [0/0] [__guards] Guard eval latency = 44.78 us
V0929 05:23:54.583000 104287 torch/_dynamo/guards.py:4181] [0/1] [__recompiles] Recompiling function forward in /workspace/kg-v3/runs/gemm-limits-2026-09-29/probe_linear.py:32
V0929 05:23:54.583000 104287 torch/_dynamo/guards.py:4181] [0/1] [__recompiles]     triggered by the following guard failure(s):
V0929 05:23:54.583000 104287 torch/_dynamo/guards.py:4181] [0/1] [__recompiles]     - 0/0: 512*x.size()[0] <= 2147483647  # (_inductor/codegen/simd.py:1440 in can_use_32bit_indexing)
Autotune Choices Stats:
{"num_choices": 16, "num_triton_choices": 15, "best_kernel": "triton_mm_43", "best_kernel_desc": "ACC_TYPE='tl.float32', ALLOW_TF32=True, BLOCK_K=32, BLOCK_M=128, BLOCK_N=128, EVEN_K=True, GROUP_M=8, USE_FAST_ACCUM=False, num_stages=3, num_warps=4", "best_time": 4.499423980712891, "best_triton_pos": 0}
AUTOTUNE mm(4194304x256, 256x512)
strides: [256, 1], [1, 256]
dtypes: torch.bfloat16, torch.bfloat16
  triton_mm_43 4.4994 ms 100.0% ACC_TYPE='tl.float32', ALLOW_TF32=True, BLOCK_K=32, BLOCK_M=128, BLOCK_N=128, EVEN_K=True, GROUP_M=8, USE_FAST_ACCUM=False, num_stages=3, num_warps=4
  triton_mm_37 4.5301 ms 99.3% ACC_TYPE='tl.float32', ALLOW_TF32=True, BLOCK_K=32, BLOCK_M=64, BLOCK_N=128, EVEN_K=True, GROUP_M=8, USE_FAST_ACCUM=False, num_stages=3, num_warps=4
  triton_mm_40 4.6182 ms 97.4% ACC_TYPE='tl.float32', ALLOW_TF32=True, BLOCK_K=32, BLOCK_M=128, BLOCK_N=64, EVEN_K=True, GROUP_M=8, USE_FAST_ACCUM=False, num_stages=3, num_warps=4
  triton_mm_39 4.7616 ms 94.5% ACC_TYPE='tl.float32', ALLOW_TF32=True, BLOCK_K=64, BLOCK_M=64, BLOCK_N=128, EVEN_K=True, GROUP_M=8, USE_FAST_ACCUM=False, num_stages=3, num_warps=4
  triton_mm_38 4.7974 ms 93.8% ACC_TYPE='tl.float32', ALLOW_TF32=True, BLOCK_K=32, BLOCK_M=64, BLOCK_N=128, EVEN_K=True, GROUP_M=8, USE_FAST_ACCUM=False, num_stages=4, num_warps=8
  triton_mm_44 4.8497 ms 92.8% ACC_TYPE='tl.float32', ALLOW_TF32=True, BLOCK_K=64, BLOCK_M=128, BLOCK_N=128, EVEN_K=True, GROUP_M=8, USE_FAST_ACCUM=False, num_stages=3, num_warps=4
  triton_mm_41 4.8880 ms 92.1% ACC_TYPE='tl.float32', ALLOW_TF32=True, BLOCK_K=32, BLOCK_M=128, BLOCK_N=64, EVEN_K=True, GROUP_M=8, USE_FAST_ACCUM=False, num_stages=4, num_warps=8
  triton_mm_36 5.0514 ms 89.1% ACC_TYPE='tl.float32', ALLOW_TF32=True, BLOCK_K=64, BLOCK_M=64, BLOCK_N=64, EVEN_K=True, GROUP_M=8, USE_FAST_ACCUM=False, num_stages=3, num_warps=8
  triton_mm_42 5.0647 ms 88.8% ACC_TYPE='tl.float32', ALLOW_TF32=True, BLOCK_K=32, BLOCK_M=128, BLOCK_N=128, EVEN_K=True, GROUP_M=8, USE_FAST_ACCUM=False, num_stages=2, num_warps=8
  triton_mm_35 5.0985 ms 88.3% ACC_TYPE='tl.float32', ALLOW_TF32=True, BLOCK_K=32, BLOCK_M=64, BLOCK_N=64, EVEN_K=True, GROUP_M=8, USE_FAST_ACCUM=False, num_stages=2, num_warps=4
SingleProcess AUTOTUNE benchmarking takes 1.1800 seconds and 0.0880 seconds precompiling for 16 choices
Autotune Choices Stats:
{"num_choices": 17, "num_triton_choices": 15, "best_kernel": "bias_addmm", "best_time": 4.3376641273498535, "best_triton_pos": 1, "best_triton_time": 4.36191987991333, "best_triton_kernel": "triton_mm_54", "best_triton_kernel_desc": "ACC_TYPE='tl.float32', ALLOW_TF32=True, BLOCK_K=64, BLOCK_M=64, BLOCK_N=128, EVEN_K=True, GROUP_M=8, USE_FAST_ACCUM=False, num_stages=3, num_warps=4"}
AUTOTUNE addmm(4194304x256, 4194304x512, 512x256)
strides: [0, 1], [512, 1], [1, 512]
dtypes: torch.bfloat16, torch.bfloat16, torch.bfloat16
  bias_addmm 4.3377 ms 100.0% 
  triton_mm_54 4.3619 ms 99.4% ACC_TYPE='tl.float32', ALLOW_TF32=True, BLOCK_K=64, BLOCK_M=64, BLOCK_N=128, EVEN_K=True, GROUP_M=8, USE_FAST_ACCUM=False, num_stages=3, num_warps=4
  triton_mm_59 4.3622 ms 99.4% ACC_TYPE='tl.float32', ALLOW_TF32=True, BLOCK_K=64, BLOCK_M=128, BLOCK_N=128, EVEN_K=True, GROUP_M=8, USE_FAST_ACCUM=False, num_stages=3, num_warps=4
  triton_mm_53 4.4442 ms 97.6% ACC_TYPE='tl.float32', ALLOW_TF32=True, BLOCK_K=32, BLOCK_M=64, BLOCK_N=128, EVEN_K=True, GROUP_M=8, USE_FAST_ACCUM=False, num_stages=4, num_warps=8
  triton_mm_52 4.4503 ms 97.5% ACC_TYPE='tl.float32', ALLOW_TF32=True, BLOCK_K=32, BLOCK_M=64, BLOCK_N=128, EVEN_K=True, GROUP_M=8, USE_FAST_ACCUM=False, num_stages=3, num_warps=4
  triton_mm_58 4.6100 ms 94.1% ACC_TYPE='tl.float32', ALLOW_TF32=True, BLOCK_K=32, BLOCK_M=128, BLOCK_N=128, EVEN_K=True, GROUP_M=8, USE_FAST_ACCUM=False, num_stages=3, num_warps=4
  triton_mm_55 4.6837 ms 92.6% ACC_TYPE='tl.float32', ALLOW_TF32=True, BLOCK_K=32, BLOCK_M=128, BLOCK_N=64, EVEN_K=True, GROUP_M=8, USE_FAST_ACCUM=False, num_stages=3, num_warps=4
  triton_mm_56 4.7657 ms 91.0% ACC_TYPE='tl.float32', ALLOW_TF32=True, BLOCK_K=32, BLOCK_M=128, BLOCK_N=64, EVEN_K=True, GROUP_M=8, USE_FAST_ACCUM=False, num_stages=4, num_warps=8
  triton_mm_51 5.0288 ms 86.3% ACC_TYPE='tl.float32', ALLOW_TF32=True, BLOCK_K=64, BLOCK_M=64, BLOCK_N=64, EVEN_K=True, GROUP_M=8, USE_FAST_ACCUM=False, num_stages=3, num_warps=8
  triton_mm_50 5.2930 ms 82.0% ACC_TYPE='tl.float32', ALLOW_TF32=True, BLOCK_K=32, BLOCK_M=64, BLOCK_N=64, EVEN_K=True, GROUP_M=8, USE_FAST_ACCUM=False, num_stages=2, num_warps=4
SingleProcess AUTOTUNE benchmarking takes 1.2128 seconds and 0.0002 seconds precompiling for 17 choices
V0929 05:24:03.917000 104287 torch/_dynamo/guards.py:2666] [0/1] [__guards] C++ shape guard function: 
V0929 05:24:03.917000 104287 torch/_dynamo/guards.py:2666] [0/1] [__guards] #include <algorithm>
V0929 05:24:03.917000 104287 torch/_dynamo/guards.py:2666] [0/1] [__guards] #include <cstdint>
V0929 05:24:03.917000 104287 torch/_dynamo/guards.py:2666] [0/1] [__guards] #include <cmath>
V0929 05:24:03.917000 104287 torch/_dynamo/guards.py:2666] [0/1] [__guards] #include <c10/util/generic_math.h>
V0929 05:24:03.917000 104287 torch/_dynamo/guards.py:2666] [0/1] [__guards] 
V0929 05:24:03.917000 104287 torch/_dynamo/guards.py:2666] [0/1] [__guards] #if defined(_MSC_VER)
V0929 05:24:03.917000 104287 torch/_dynamo/guards.py:2666] [0/1] [__guards] #  define EXTERN_DLL_EXPORT extern "C" __declspec(dllexport)
V0929 05:24:03.917000 104287 torch/_dynamo/guards.py:2666] [0/1] [__guards] #else
V0929 05:24:03.917000 104287 torch/_dynamo/guards.py:2666] [0/1] [__guards] #  define EXTERN_DLL_EXPORT extern "C"
V0929 05:24:03.917000 104287 torch/_dynamo/guards.py:2666] [0/1] [__guards] #endif
V0929 05:24:03.917000 104287 torch/_dynamo/guards.py:2666] [0/1] [__guards] 
V0929 05:24:03.917000 104287 torch/_dynamo/guards.py:2666] [0/1] [__guards] EXTERN_DLL_EXPORT int8_t guard(int64_t *int_values, double *float_values) {
V0929 05:24:03.917000 104287 torch/_dynamo/guards.py:2666] [0/1] [__guards]   int64_t L_x_size_0_ = int_values[0];
V0929 05:24:03.917000 104287 torch/_dynamo/guards.py:2666] [0/1] [__guards] 
V0929 05:24:03.917000 104287 torch/_dynamo/guards.py:2666] [0/1] [__guards]   return (256L*L_x_size_0_ <= 2147483647L) && (2L <= L_x_size_0_);
V0929 05:24:03.917000 104287 torch/_dynamo/guards.py:2666] [0/1] [__guards] }
V0929 05:24:03.917000 104287 torch/_dynamo/guards.py:2666] [0/1] [__guards]  ["256*L['x'].size()[0] <= 2147483647  # (_inductor/codegen/simd.py:1440 in can_use_32bit_indexing)", "2 <= L['x'].size()[0]  # return F.linear(input, self.weight, self.bias)  # nn/modules/linear.py:134 in forward (user code shown is first use of this value--the guard itself is not due user code but due to 0/1 specialization in the framework; to avoid specialization try torch._dynamo.mark_unbacked(tensor, dim))"]
V0929 05:24:04.382000 104287 torch/_dynamo/guards.py:3687] [0/1] [__guards] GUARDS:
V0929 05:24:04.383000 104287 torch/_dynamo/guards.py:1743] [0/1] [__guards] Python shape guard function:
V0929 05:24:04.383000 104287 torch/_dynamo/guards.py:1743] [0/1] [__guards] def ___make_guard_fn(___check_type_id, ___check_obj_id, ___odict_getitem, ___key_to_id, ___dict_version, ___dict_contains, ___tuple_iterator_len, ___normalize_range_iter, ___tuple_iterator_getitem, ___dataclass_fields, ___namedtuple_fields, ___get_torch_function_mode_stack_at, __math_isnan, __numpy_isnan, inf, __load_module, utils_device, device, ___from_numpy, ___as_tensor, torch, inspect):
V0929 05:24:04.383000 104287 torch/_dynamo/guards.py:1743] [0/1] [__guards]     def guard(L):
V0929 05:24:04.383000 104287 torch/_dynamo/guards.py:1743] [0/1] [__guards]         if not (G['F'] is G['__import_torch_dot_nn_dot_modules_dot_linear'].F):
V0929 05:24:04.383000 104287 torch/_dynamo/guards.py:1743] [0/1] [__guards]             return False
V0929 05:24:04.383000 104287 torch/_dynamo/guards.py:1743] [0/1] [__guards]         return True
V0929 05:24:04.383000 104287 torch/_dynamo/guards.py:1743] [0/1] [__guards]     return guard
V0929 05:24:04.383000 104287 torch/_dynamo/guards.py:1743] [0/1] [__guards] 
V0929 05:24:04.384000 104287 torch/_dynamo/guards.py:3404] [0/1] [__guards] 
V0929 05:24:04.384000 104287 torch/_dynamo/guards.py:3404] [0/1] [__guards] TREE_GUARD_MANAGER:
V0929 05:24:04.384000 104287 torch/_dynamo/guards.py:3404] [0/1] [__guards] +- RootGuardManager
V0929 05:24:04.384000 104287 torch/_dynamo/guards.py:3404] [0/1] [__guards] | +- LAMBDA_GUARD: torch._functorch.aot_autograd.utils.top_saved_tensors_hooks ids == None  # _dynamo/output_graph.py:688 in init_ambient_guards
V0929 05:24:04.384000 104287 torch/_dynamo/guards.py:3404] [0/1] [__guards] | +- DEFAULT_DEVICE: utils_device.CURRENT_DEVICE == None                           # _dynamo/output_graph.py:676 in init_ambient_guards
V0929 05:24:04.384000 104287 torch/_dynamo/guards.py:3404] [0/1] [__guards] | +- GLOBAL_STATE: ___check_global_state()
V0929 05:24:04.384000 104287 torch/_dynamo/guards.py:3404] [0/1] [__guards] | +- TORCH_FUNCTION_MODE_STACK: ___check_torch_function_mode_stack()
V0929 05:24:04.384000 104287 torch/_dynamo/guards.py:3404] [0/1] [__guards] | +- GuardManager: source=L['x'], accessed_by=FrameLocalsGuardAccessor(key='x', framelocals_idx=1), type=<class 'torch.Tensor'>, tag_safe=(False, False)
V0929 05:24:04.384000 104287 torch/_dynamo/guards.py:3404] [0/1] [__guards] | | +- TENSOR_MATCH: check_tensor(L['x'], Tensor, DispatchKeySet(CUDA, BackendSelect, ADInplaceOrView, AutogradCUDA, AutocastCUDA), torch.float32, device=0, requires_grad=False, size=[None, 256], stride=[256, 1])  # return F.linear(input, self.weight, self.bias)  # nn/modules/linear.py:134 in forward
V0929 05:24:04.384000 104287 torch/_dynamo/guards.py:3404] [0/1] [__guards] | | +- NO_HASATTR: hasattr(L['x'], '_dynamo_dynamic_indices') == False           # return F.linear(input, self.weight, self.bias)  # nn/modules/linear.py:134 in forward
V0929 05:24:04.384000 104287 torch/_dynamo/guards.py:3404] [0/1] [__guards] | | +- GuardManager: source=L['x'].size()[0], accessed_by=TensorPropertyGuardAccessor<TensorProperty::SIZE>(0), type=<class 'int'>, tag_safe=(True, False)
V0929 05:24:04.384000 104287 torch/_dynamo/guards.py:3404] [0/1] [__guards] | | | +- GuardManager: source=(0, L['x'].size()[0]), accessed_by=IndexedGuardAccesor(0), type=<class 'tuple'>, tag_safe=(True, False)
V0929 05:24:04.384000 104287 torch/_dynamo/guards.py:3404] [0/1] [__guards] | | | | +- SYMBOLIC_SHAPE_GUARD: 256*L['x'].size()[0] <= 2147483647  # (_inductor/codegen/simd.py:1440 in can_use_32bit_indexing)
V0929 05:24:04.384000 104287 torch/_dynamo/guards.py:3404] [0/1] [__guards] | | | | +- SYMBOLIC_SHAPE_GUARD: 2 <= L['x'].size()[0]  # return F.linear(input, self.weight, self.bias)  # nn/modules/linear.py:134 in forward (user code shown is first use of this value--the guard itself is not due user code but due to 0/1 specialization in the framework; to avoid specialization try torch._dynamo.mark_unbacked(tensor, dim))
V0929 05:24:04.384000 104287 torch/_dynamo/guards.py:3404] [0/1] [__guards] | +- GuardManager: source=G, accessed_by=GlobalsGuardAccessor, type=<class 'dict'>, tag_safe=(False, False)
V0929 05:24:04.384000 104287 torch/_dynamo/guards.py:3404] [0/1] [__guards] | | +- GuardManager: source=G['F'], accessed_by=DictGetItemGuardAccessor('F'), type=<class 'module'>, tag_safe=(False, False)
V0929 05:24:04.384000 104287 torch/_dynamo/guards.py:3404] [0/1] [__guards] | | | +- ID_MATCH: ___check_obj_id(G['F'], 128832489485424)                      # return self.down(F.gelu(self.up(x)))  # runs/gemm-limits-2026-09-29/probe_linear.py:33 in forward
V0929 05:24:04.384000 104287 torch/_dynamo/guards.py:3404] [0/1] [__guards] | | | +- GuardManager: source=G['F'].gelu, accessed_by=GetAttrGuardAccessor(gelu), type=<class 'builtin_function_or_method'>, tag_safe=(True, False)
V0929 05:24:04.384000 104287 torch/_dynamo/guards.py:3404] [0/1] [__guards] | | | | +- ID_MATCH: ___check_obj_id(G['F'].gelu, 128835462687984)                 # return self.down(F.gelu(self.up(x)))  # runs/gemm-limits-2026-09-29/probe_linear.py:33 in forward
V0929 05:24:04.384000 104287 torch/_dynamo/guards.py:3404] [0/1] [__guards] | | | +- GuardManager: source=G['F'].linear, accessed_by=GetAttrGuardAccessor(linear), type=<class 'builtin_function_or_method'>, tag_safe=(True, False)
V0929 05:24:04.384000 104287 torch/_dynamo/guards.py:3404] [0/1] [__guards] | | | | +- ID_MATCH: ___check_obj_id(G['F'].linear, 128835462689104)               # return F.linear(input, self.weight, self.bias)  # nn/modules/linear.py:134 in forward
V0929 05:24:04.384000 104287 torch/_dynamo/guards.py:3404] [0/1] [__guards] | | +- GuardManager: source=G['__import_torch_dot_nn_dot_modules_dot_linear'], accessed_by=DictGetItemGuardAccessor('__import_torch_dot_nn_dot_modules_dot_linear'), type=<class 'module'>, tag_safe=(False, False)
V0929 05:24:04.384000 104287 torch/_dynamo/guards.py:3404] [0/1] [__guards] | | | +- ID_MATCH: ___check_obj_id(G['__import_torch_dot_nn_dot_modules_dot_linear'], 128832489485504)  # return F.linear(input, self.weight, self.bias)  # nn/modules/linear.py:134 in forward
V0929 05:24:04.384000 104287 torch/_dynamo/guards.py:3404] [0/1] [__guards] | | +- GuardManager: source=G['__import_torch_dot_nn_dot_modules_dot_module'], accessed_by=DictGetItemGuardAccessor('__import_torch_dot_nn_dot_modules_dot_module'), type=<class 'module'>, tag_safe=(False, False)
V0929 05:24:04.384000 104287 torch/_dynamo/guards.py:3404] [0/1] [__guards] | | | +- ID_MATCH: ___check_obj_id(G['__import_torch_dot_nn_dot_modules_dot_module'], 128832493269888)  # return self.down(F.gelu(self.up(x)))  # runs/gemm-limits-2026-09-29/probe_linear.py:33 in forward
V0929 05:24:04.384000 104287 torch/_dynamo/guards.py:3404] [0/1] [__guards] | | | +- GuardManager: source=G['__import_torch_dot_nn_dot_modules_dot_module']._global_forward_hooks, accessed_by=GetAttrGuardAccessor(_global_forward_hooks), type=<class 'collections.OrderedDict'>, tag_safe=(True, False)
V0929 05:24:04.384000 104287 torch/_dynamo/guards.py:3404] [0/1] [__guards] | | | | +- TYPE_MATCH: ___check_type_id(G['__import_torch_dot_nn_dot_modules_dot_module']._global_forward_hooks, 10741888)  # return self.down(F.gelu(self.up(x)))  # runs/gemm-limits-2026-09-29/probe_linear.py:33 in forward
V0929 05:24:04.384000 104287 torch/_dynamo/guards.py:3404] [0/1] [__guards] | | | +- GuardManager: source=G['__import_torch_dot_nn_dot_modules_dot_module']._global_backward_hooks, accessed_by=GetAttrGuardAccessor(_global_backward_hooks), type=<class 'collections.OrderedDict'>, tag_safe=(True, False)
V0929 05:24:04.384000 104287 torch/_dynamo/guards.py:3404] [0/1] [__guards] | | | | +- TYPE_MATCH: ___check_type_id(G['__import_torch_dot_nn_dot_modules_dot_module']._global_backward_hooks, 10741888)  # return self.down(F.gelu(self.up(x)))  # runs/gemm-limits-2026-09-29/probe_linear.py:33 in forward
V0929 05:24:04.384000 104287 torch/_dynamo/guards.py:3404] [0/1] [__guards] | | | +- GuardManager: source=G['__import_torch_dot_nn_dot_modules_dot_module']._global_forward_pre_hooks, accessed_by=GetAttrGuardAccessor(_global_forward_pre_hooks), type=<class 'collections.OrderedDict'>, tag_safe=(True, False)
V0929 05:24:04.384000 104287 torch/_dynamo/guards.py:3404] [0/1] [__guards] | | | | +- TYPE_MATCH: ___check_type_id(G['__import_torch_dot_nn_dot_modules_dot_module']._global_forward_pre_hooks, 10741888)  # return self.down(F.gelu(self.up(x)))  # runs/gemm-limits-2026-09-29/probe_linear.py:33 in forward
V0929 05:24:04.384000 104287 torch/_dynamo/guards.py:3404] [0/1] [__guards] | | | +- GuardManager: source=G['__import_torch_dot_nn_dot_modules_dot_module']._global_backward_pre_hooks, accessed_by=GetAttrGuardAccessor(_global_backward_pre_hooks), type=<class 'collections.OrderedDict'>, tag_safe=(True, False)
V0929 05:24:04.384000 104287 torch/_dynamo/guards.py:3404] [0/1] [__guards] | | | | +- TYPE_MATCH: ___check_type_id(G['__import_torch_dot_nn_dot_modules_dot_module']._global_backward_pre_hooks, 10741888)  # return self.down(F.gelu(self.up(x)))  # runs/gemm-limits-2026-09-29/probe_linear.py:33 in forward
V0929 05:24:04.384000 104287 torch/_dynamo/guards.py:3404] [0/1] [__guards] | +- GuardManager: source=L['self'], accessed_by=FrameLocalsGuardAccessor(key='self', framelocals_idx=0), type=<class '__main__.Mlp'>, tag_safe=(True, True)
V0929 05:24:04.384000 104287 torch/_dynamo/guards.py:3404] [0/1] [__guards] | | +- TYPE_MATCH: ___check_type_id(L['self'], 876677488)                        # return self.down(F.gelu(self.up(x)))  # runs/gemm-limits-2026-09-29/probe_linear.py:33 in forward
V0929 05:24:04.384000 104287 torch/_dynamo/guards.py:3404] [0/1] [__guards] | | +- GuardManager: source=L['self'].__dict__, accessed_by=GetGenericDictGuardAccessor, type=<class 'dict'>, tag_safe=(True, False)
V0929 05:24:04.384000 104287 torch/_dynamo/guards.py:3404] [0/1] [__guards] | | | +- GuardManager: source=L['self']._modules, accessed_by=DictGetItemGuardAccessor('_modules'), type=<class 'dict'>, tag_safe=(True, False)
V0929 05:24:04.384000 104287 torch/_dynamo/guards.py:3404] [0/1] [__guards] | | | | +- TYPE_MATCH: ___check_type_id(L['self']._modules, 10737728)                # return self.down(F.gelu(self.up(x)))  # runs/gemm-limits-2026-09-29/probe_linear.py:33 in forward
V0929 05:24:04.384000 104287 torch/_dynamo/guards.py:3404] [0/1] [__guards] | | | | +- GuardManager: source=L['self']._modules['up'], accessed_by=DictGetItemGuardAccessor('up'), type=<class 'torch.nn.modules.linear.Linear'>, tag_safe=(True, False)
V0929 05:24:04.384000 104287 torch/_dynamo/guards.py:3404] [0/1] [__guards] | | | | | +- TYPE_MATCH: ___check_type_id(L['self']._modules['up'], 965880448)         # return self.down(F.gelu(self.up(x)))  # runs/gemm-limits-2026-09-29/probe_linear.py:33 in forward
V0929 05:24:04.384000 104287 torch/_dynamo/guards.py:3404] [0/1] [__guards] | | | | | +- GuardManager: source=L['self']._modules['up'].__dict__, accessed_by=GetGenericDictGuardAccessor, type=<class 'dict'>, tag_safe=(True, False)
V0929 05:24:04.384000 104287 torch/_dynamo/guards.py:3404] [0/1] [__guards] | | | | | | +- DICT_CONTAINS: not ___dict_contains('forward', L['self']._modules['up'].__dict__)  # return self.down(F.gelu(self.up(x)))  # runs/gemm-limits-2026-09-29/probe_linear.py:33 in forward
V0929 05:24:04.384000 104287 torch/_dynamo/guards.py:3404] [0/1] [__guards] | | | | | | +- GuardManager: source=L['self']._modules['up']._parameters, accessed_by=DictGetItemGuardAccessor('_parameters'), type=<class 'dict'>, tag_safe=(True, False)
V0929 05:24:04.384000 104287 torch/_dynamo/guards.py:3404] [0/1] [__guards] | | | | | | | +- TYPE_MATCH: ___check_type_id(L['self']._modules['up']._parameters, 10737728)  # return F.linear(input, self.weight, self.bias)  # nn/modules/linear.py:134 in forward
V0929 05:24:04.384000 104287 torch/_dynamo/guards.py:3404] [0/1] [__guards] | | | | | | | +- GuardManager: source=L['self']._modules['up']._parameters['bias'], accessed_by=DictGetItemGuardAccessor('bias'), type=<class 'torch.nn.parameter.Parameter'>, tag_safe=(True, False)
V0929 05:24:04.384000 104287 torch/_dynamo/guards.py:3404] [0/1] [__guards] | | | | | | | | +- TENSOR_MATCH: check_tensor(L['self']._modules['up']._parameters['bias'], Parameter, DispatchKeySet(CUDA, BackendSelect, ADInplaceOrView, AutogradCUDA, AutocastCUDA), torch.float32, device=0, requires_grad=True, size=[512], stride=[1])  # return F.linear(input, self.weight, self.bias)  # nn/modules/linear.py:134 in forward
V0929 05:24:04.384000 104287 torch/_dynamo/guards.py:3404] [0/1] [__guards] | | | | | | | +- GuardManager: source=L['self']._modules['up']._parameters['weight'], accessed_by=DictGetItemGuardAccessor('weight'), type=<class 'torch.nn.parameter.Parameter'>, tag_safe=(True, False)
V0929 05:24:04.384000 104287 torch/_dynamo/guards.py:3404] [0/1] [__guards] | | | | | | | | +- TENSOR_MATCH: check_tensor(L['self']._modules['up']._parameters['weight'], Parameter, DispatchKeySet(CUDA, BackendSelect, ADInplaceOrView, AutogradCUDA, AutocastCUDA), torch.float32, device=0, requires_grad=True, size=[512, 256], stride=[256, 1])  # return F.linear(input, self.weight, self.bias)  # nn/modules/linear.py:134 in forward
V0929 05:24:04.384000 104287 torch/_dynamo/guards.py:3404] [0/1] [__guards] | | | | +- GuardManager: source=L['self']._modules['down'], accessed_by=DictGetItemGuardAccessor('down'), type=<class 'torch.nn.modules.linear.Linear'>, tag_safe=(True, False)
V0929 05:24:04.384000 104287 torch/_dynamo/guards.py:3404] [0/1] [__guards] | | | | | +- TYPE_MATCH: ___check_type_id(L['self']._modules['down'], 965880448)       # return self.down(F.gelu(self.up(x)))  # runs/gemm-limits-2026-09-29/probe_linear.py:33 in forward
V0929 05:24:04.384000 104287 torch/_dynamo/guards.py:3404] [0/1] [__guards] | | | | | +- GuardManager: source=L['self']._modules['down'].__dict__, accessed_by=GetGenericDictGuardAccessor, type=<class 'dict'>, tag_safe=(True, False)
V0929 05:24:04.384000 104287 torch/_dynamo/guards.py:3404] [0/1] [__guards] | | | | | | +- DICT_CONTAINS: not ___dict_contains('forward', L['self']._modules['down'].__dict__)  # return self.down(F.gelu(self.up(x)))  # runs/gemm-limits-2026-09-29/probe_linear.py:33 in forward
V0929 05:24:04.384000 104287 torch/_dynamo/guards.py:3404] [0/1] [__guards] | | | | | | +- GuardManager: source=L['self']._modules['down']._parameters, accessed_by=DictGetItemGuardAccessor('_parameters'), type=<class 'dict'>, tag_safe=(True, False)
V0929 05:24:04.384000 104287 torch/_dynamo/guards.py:3404] [0/1] [__guards] | | | | | | | +- TYPE_MATCH: ___check_type_id(L['self']._modules['down']._parameters, 10737728)  # return F.linear(input, self.weight, self.bias)  # nn/modules/linear.py:134 in forward
V0929 05:24:04.384000 104287 torch/_dynamo/guards.py:3404] [0/1] [__guards] | | | | | | | +- GuardManager: source=L['self']._modules['down']._parameters['bias'], accessed_by=DictGetItemGuardAccessor('bias'), type=<class 'torch.nn.parameter.Parameter'>, tag_safe=(True, False)
V0929 05:24:04.384000 104287 torch/_dynamo/guards.py:3404] [0/1] [__guards] | | | | | | | | +- TENSOR_MATCH: check_tensor(L['self']._modules['down']._parameters['bias'], Parameter, DispatchKeySet(CUDA, BackendSelect, ADInplaceOrView, AutogradCUDA, AutocastCUDA), torch.float32, device=0, requires_grad=True, size=[256], stride=[1])  # return F.linear(input, self.weight, self.bias)  # nn/modules/linear.py:134 in forward
V0929 05:24:04.384000 104287 torch/_dynamo/guards.py:3404] [0/1] [__guards] | | | | | | | +- GuardManager: source=L['self']._modules['down']._parameters['weight'], accessed_by=DictGetItemGuardAccessor('weight'), type=<class 'torch.nn.parameter.Parameter'>, tag_safe=(True, False)
V0929 05:24:04.384000 104287 torch/_dynamo/guards.py:3404] [0/1] [__guards] | | | | | | | | +- TENSOR_MATCH: check_tensor(L['self']._modules['down']._parameters['weight'], Parameter, DispatchKeySet(CUDA, BackendSelect, ADInplaceOrView, AutogradCUDA, AutocastCUDA), torch.float32, device=0, requires_grad=True, size=[256, 512], stride=[512, 1])  # return F.linear(input, self.weight, self.bias)  # nn/modules/linear.py:134 in forward
V0929 05:24:04.384000 104287 torch/_dynamo/guards.py:3404] [0/1] [__guards] | | | +- GuardManager: source=L['self']._parameters, accessed_by=DictGetItemGuardAccessor('_parameters'), type=<class 'dict'>, tag_safe=(True, False)
V0929 05:24:04.384000 104287 torch/_dynamo/guards.py:3404] [0/1] [__guards] | | | | +- TYPE_MATCH: ___check_type_id(L['self']._parameters, 10737728)             # return self.down(F.gelu(self.up(x)))  # runs/gemm-limits-2026-09-29/probe_linear.py:33 in forward
V0929 05:24:04.384000 104287 torch/_dynamo/guards.py:3404] [0/1] [__guards] +- LAMBDA_GUARD: G['F'] is G['__import_torch_dot_nn_dot_modules_dot_linear'].F  # return F.linear(input, self.weight, self.bias)  # nn/modules/linear.py:134 in forward
V0929 05:24:04.384000 104287 torch/_dynamo/guards.py:3404] [0/1] [__guards] 
V0929 05:24:04.396000 104287 torch/_dynamo/guards.py:3436] [0/1] [__guards] Guard eval latency = 39.76 us
V0929 05:24:06.733000 104287 torch/_dynamo/guards.py:4181] [0/2] [__recompiles] Recompiling function forward in /workspace/kg-v3/runs/gemm-limits-2026-09-29/probe_linear.py:32
V0929 05:24:06.733000 104287 torch/_dynamo/guards.py:4181] [0/2] [__recompiles]     triggered by the following guard failure(s):
V0929 05:24:06.733000 104287 torch/_dynamo/guards.py:4181] [0/2] [__recompiles]     - 0/1: 256*x.size()[0] <= 2147483647  # (_inductor/codegen/simd.py:1440 in can_use_32bit_indexing)
V0929 05:24:06.733000 104287 torch/_dynamo/guards.py:4181] [0/2] [__recompiles]     - 0/0: 512*x.size()[0] <= 2147483647  # (_inductor/codegen/simd.py:1440 in can_use_32bit_indexing)
Autotune Choices Stats:
{"num_choices": 16, "num_triton_choices": 15, "best_kernel": "triton_mm_72", "best_kernel_desc": "ACC_TYPE='tl.float32', ALLOW_TF32=True, BLOCK_K=32, BLOCK_M=128, BLOCK_N=128, EVEN_K=True, GROUP_M=8, USE_FAST_ACCUM=False, num_stages=2, num_warps=8", "best_time": 0.14732800424098969, "best_triton_pos": 0}
AUTOTUNE mm(8388608x256, 256x512)
strides: [256, 1], [1, 256]
dtypes: torch.bfloat16, torch.bfloat16
  triton_mm_72 0.1473 ms 100.0% ACC_TYPE='tl.float32', ALLOW_TF32=True, BLOCK_K=32, BLOCK_M=128, BLOCK_N=128, EVEN_K=True, GROUP_M=8, USE_FAST_ACCUM=False, num_stages=2, num_warps=8
  triton_mm_73 0.1473 ms 100.0% ACC_TYPE='tl.float32', ALLOW_TF32=True, BLOCK_K=32, BLOCK_M=128, BLOCK_N=128, EVEN_K=True, GROUP_M=8, USE_FAST_ACCUM=False, num_stages=3, num_warps=4
  triton_mm_74 0.2353 ms 62.6% ACC_TYPE='tl.float32', ALLOW_TF32=True, BLOCK_K=64, BLOCK_M=128, BLOCK_N=128, EVEN_K=True, GROUP_M=8, USE_FAST_ACCUM=False, num_stages=3, num_warps=4
  triton_mm_67 0.2888 ms 51.0% ACC_TYPE='tl.float32', ALLOW_TF32=True, BLOCK_K=32, BLOCK_M=64, BLOCK_N=128, EVEN_K=True, GROUP_M=8, USE_FAST_ACCUM=False, num_stages=3, num_warps=4
  triton_mm_70 0.2898 ms 50.8% ACC_TYPE='tl.float32', ALLOW_TF32=True, BLOCK_K=32, BLOCK_M=128, BLOCK_N=64, EVEN_K=True, GROUP_M=8, USE_FAST_ACCUM=False, num_stages=3, num_warps=4
  triton_mm_69 0.2909 ms 50.6% ACC_TYPE='tl.float32', ALLOW_TF32=True, BLOCK_K=64, BLOCK_M=64, BLOCK_N=128, EVEN_K=True, GROUP_M=8, USE_FAST_ACCUM=False, num_stages=3, num_warps=4
  triton_mm_68 0.2920 ms 50.5% ACC_TYPE='tl.float32', ALLOW_TF32=True, BLOCK_K=32, BLOCK_M=64, BLOCK_N=128, EVEN_K=True, GROUP_M=8, USE_FAST_ACCUM=False, num_stages=4, num_warps=8
  triton_mm_71 0.2922 ms 50.4% ACC_TYPE='tl.float32', ALLOW_TF32=True, BLOCK_K=32, BLOCK_M=128, BLOCK_N=64, EVEN_K=True, GROUP_M=8, USE_FAST_ACCUM=False, num_stages=4, num_warps=8
  triton_mm_66 0.5796 ms 25.4% ACC_TYPE='tl.float32', ALLOW_TF32=True, BLOCK_K=64, BLOCK_M=64, BLOCK_N=64, EVEN_K=True, GROUP_M=8, USE_FAST_ACCUM=False, num_stages=3, num_warps=8
  triton_mm_65 0.5888 ms 25.0% ACC_TYPE='tl.float32', ALLOW_TF32=True, BLOCK_K=32, BLOCK_M=64, BLOCK_N=64, EVEN_K=True, GROUP_M=8, USE_FAST_ACCUM=False, num_stages=2, num_warps=4
SingleProcess AUTOTUNE benchmarking takes 1.0269 seconds and 0.0004 seconds precompiling for 16 choices
E0929 05:24:17.543000 104287 torch/_inductor/select_algorithm.py:2967] [0/2] Runtime error during autotuning: 
E0929 05:24:17.543000 104287 torch/_inductor/select_algorithm.py:2967] [0/2] CUDA error: an illegal memory access was encountered
E0929 05:24:17.543000 104287 torch/_inductor/select_algorithm.py:2967] [0/2] Search for `cudaErrorIllegalAddress' in https://docs.nvidia.com/cuda/cuda-runtime-api/group__CUDART__TYPES.html for more information.
E0929 05:24:17.543000 104287 torch/_inductor/select_algorithm.py:2967] [0/2] CUDA kernel errors might be asynchronously reported at some other API call, so the stacktrace below might be incorrect.
E0929 05:24:17.543000 104287 torch/_inductor/select_algorithm.py:2967] [0/2] For debugging consider passing CUDA_LAUNCH_BLOCKING=1
E0929 05:24:17.543000 104287 torch/_inductor/select_algorithm.py:2967] [0/2] Compile with `TORCH_USE_CUDA_DSA` to enable device-side assertions.
E0929 05:24:17.543000 104287 torch/_inductor/select_algorithm.py:2967] [0/2] 
E0929 05:24:17.543000 104287 torch/_inductor/select_algorithm.py:2967] [0/2] 
E0929 05:24:17.543000 104287 torch/_inductor/select_algorithm.py:2967] [0/2] Either error in template or triton bug.
E0929 05:24:17.543000 104287 torch/_inductor/select_algorithm.py:2967] [0/2] . 
E0929 05:24:17.543000 104287 torch/_inductor/select_algorithm.py:2967] [0/2] Ignoring this choice.
E0929 05:24:17.544000 104287 torch/_inductor/select_algorithm.py:2967] [0/2] Runtime error during autotuning: 
E0929 05:24:17.544000 104287 torch/_inductor/select_algorithm.py:2967] [0/2] CUDA error: an illegal memory access was encountered
E0929 05:24:17.544000 104287 torch/_inductor/select_algorithm.py:2967] [0/2] Search for `cudaErrorIllegalAddress' in https://docs.nvidia.com/cuda/cuda-runtime-api/group__CUDART__TYPES.html for more information.
E0929 05:24:17.544000 104287 torch/_inductor/select_algorithm.py:2967] [0/2] CUDA kernel errors might be asynchronously reported at some other API call, so the stacktrace below might be incorrect.
E0929 05:24:17.544000 104287 torch/_inductor/select_algorithm.py:2967] [0/2] For debugging consider passing CUDA_LAUNCH_BLOCKING=1
E0929 05:24:17.544000 104287 torch/_inductor/select_algorithm.py:2967] [0/2] Compile with `TORCH_USE_CUDA_DSA` to enable device-side assertions.
E0929 05:24:17.544000 104287 torch/_inductor/select_algorithm.py:2967] [0/2] 
E0929 05:24:17.544000 104287 torch/_inductor/select_algorithm.py:2967] [0/2] 
E0929 05:24:17.544000 104287 torch/_inductor/select_algorithm.py:2967] [0/2] Either error in template or triton bug.
E0929 05:24:17.544000 104287 torch/_inductor/select_algorithm.py:2967] [0/2] . 
E0929 05:24:17.544000 104287 torch/_inductor/select_algorithm.py:2967] [0/2] Ignoring this choice.
E0929 05:24:17.544000 104287 torch/_inductor/select_algorithm.py:2967] [0/2] Runtime error during autotuning: 
E0929 05:24:17.544000 104287 torch/_inductor/select_algorithm.py:2967] [0/2] CUDA error: an illegal memory access was encountered
E0929 05:24:17.544000 104287 torch/_inductor/select_algorithm.py:2967] [0/2] Search for `cudaErrorIllegalAddress' in https://docs.nvidia.com/cuda/cuda-runtime-api/group__CUDART__TYPES.html for more information.
E0929 05:24:17.544000 104287 torch/_inductor/select_algorithm.py:2967] [0/2] CUDA kernel errors might be asynchronously reported at some other API call, so the stacktrace below might be incorrect.
E0929 05:24:17.544000 104287 torch/_inductor/select_algorithm.py:2967] [0/2] For debugging consider passing CUDA_LAUNCH_BLOCKING=1
E0929 05:24:17.544000 104287 torch/_inductor/select_algorithm.py:2967] [0/2] Compile with `TORCH_USE_CUDA_DSA` to enable device-side assertions.
E0929 05:24:17.544000 104287 torch/_inductor/select_algorithm.py:2967] [0/2] 
E0929 05:24:17.544000 104287 torch/_inductor/select_algorithm.py:2967] [0/2] 
E0929 05:24:17.544000 104287 torch/_inductor/select_algorithm.py:2967] [0/2] Either error in template or triton bug.
E0929 05:24:17.544000 104287 torch/_inductor/select_algorithm.py:2967] [0/2] . 
E0929 05:24:17.544000 104287 torch/_inductor/select_algorithm.py:2967] [0/2] Ignoring this choice.
E0929 05:24:17.545000 104287 torch/_inductor/select_algorithm.py:2967] [0/2] Runtime error during autotuning: 
E0929 05:24:17.545000 104287 torch/_inductor/select_algorithm.py:2967] [0/2] CUDA error: an illegal memory access was encountered
E0929 05:24:17.545000 104287 torch/_inductor/select_algorithm.py:2967] [0/2] Search for `cudaErrorIllegalAddress' in https://docs.nvidia.com/cuda/cuda-runtime-api/group__CUDART__TYPES.html for more information.
E0929 05:24:17.545000 104287 torch/_inductor/select_algorithm.py:2967] [0/2] CUDA kernel errors might be asynchronously reported at some other API call, so the stacktrace below might be incorrect.
E0929 05:24:17.545000 104287 torch/_inductor/select_algorithm.py:2967] [0/2] For debugging consider passing CUDA_LAUNCH_BLOCKING=1
E0929 05:24:17.545000 104287 torch/_inductor/select_algorithm.py:2967] [0/2] Compile with `TORCH_USE_CUDA_DSA` to enable device-side assertions.
E0929 05:24:17.545000 104287 torch/_inductor/select_algorithm.py:2967] [0/2] 
E0929 05:24:17.545000 104287 torch/_inductor/select_algorithm.py:2967] [0/2] 
E0929 05:24:17.545000 104287 torch/_inductor/select_algorithm.py:2967] [0/2] Either error in template or triton bug.
E0929 05:24:17.545000 104287 torch/_inductor/select_algorithm.py:2967] [0/2] . 
E0929 05:24:17.545000 104287 torch/_inductor/select_algorithm.py:2967] [0/2] Ignoring this choice.
E0929 05:24:17.545000 104287 torch/_inductor/select_algorithm.py:2967] [0/2] Runtime error during autotuning: 
E0929 05:24:17.545000 104287 torch/_inductor/select_algorithm.py:2967] [0/2] CUDA error: an illegal memory access was encountered
E0929 05:24:17.545000 104287 torch/_inductor/select_algorithm.py:2967] [0/2] Search for `cudaErrorIllegalAddress' in https://docs.nvidia.com/cuda/cuda-runtime-api/group__CUDART__TYPES.html for more information.
E0929 05:24:17.545000 104287 torch/_inductor/select_algorithm.py:2967] [0/2] CUDA kernel errors might be asynchronously reported at some other API call, so the stacktrace below might be incorrect.
E0929 05:24:17.545000 104287 torch/_inductor/select_algorithm.py:2967] [0/2] For debugging consider passing CUDA_LAUNCH_BLOCKING=1
E0929 05:24:17.545000 104287 torch/_inductor/select_algorithm.py:2967] [0/2] Compile with `TORCH_USE_CUDA_DSA` to enable device-side assertions.
E0929 05:24:17.545000 104287 torch/_inductor/select_algorithm.py:2967] [0/2] 
E0929 05:24:17.545000 104287 torch/_inductor/select_algorithm.py:2967] [0/2] 
E0929 05:24:17.545000 104287 torch/_inductor/select_algorithm.py:2967] [0/2] Either error in template or triton bug.
E0929 05:24:17.545000 104287 torch/_inductor/select_algorithm.py:2967] [0/2] . 
E0929 05:24:17.545000 104287 torch/_inductor/select_algorithm.py:2967] [0/2] Ignoring this choice.
E0929 05:24:17.545000 104287 torch/_inductor/select_algorithm.py:2967] [0/2] Runtime error during autotuning: 
E0929 05:24:17.545000 104287 torch/_inductor/select_algorithm.py:2967] [0/2] CUDA error: an illegal memory access was encountered
E0929 05:24:17.545000 104287 torch/_inductor/select_algorithm.py:2967] [0/2] Search for `cudaErrorIllegalAddress' in https://docs.nvidia.com/cuda/cuda-runtime-api/group__CUDART__TYPES.html for more information.
E0929 05:24:17.545000 104287 torch/_inductor/select_algorithm.py:2967] [0/2] CUDA kernel errors might be asynchronously reported at some other API call, so the stacktrace below might be incorrect.
E0929 05:24:17.545000 104287 torch/_inductor/select_algorithm.py:2967] [0/2] For debugging consider passing CUDA_LAUNCH_BLOCKING=1
E0929 05:24:17.545000 104287 torch/_inductor/select_algorithm.py:2967] [0/2] Compile with `TORCH_USE_CUDA_DSA` to enable device-side assertions.
E0929 05:24:17.545000 104287 torch/_inductor/select_algorithm.py:2967] [0/2] 
E0929 05:24:17.545000 104287 torch/_inductor/select_algorithm.py:2967] [0/2] 
E0929 05:24:17.545000 104287 torch/_inductor/select_algorithm.py:2967] [0/2] Either error in template or triton bug.
E0929 05:24:17.545000 104287 torch/_inductor/select_algorithm.py:2967] [0/2] . 
E0929 05:24:17.545000 104287 torch/_inductor/select_algorithm.py:2967] [0/2] Ignoring this choice.
E0929 05:24:17.546000 104287 torch/_inductor/select_algorithm.py:2967] [0/2] Runtime error during autotuning: 
E0929 05:24:17.546000 104287 torch/_inductor/select_algorithm.py:2967] [0/2] CUDA error: an illegal memory access was encountered
E0929 05:24:17.546000 104287 torch/_inductor/select_algorithm.py:2967] [0/2] Search for `cudaErrorIllegalAddress' in https://docs.nvidia.com/cuda/cuda-runtime-api/group__CUDART__TYPES.html for more information.
E0929 05:24:17.546000 104287 torch/_inductor/select_algorithm.py:2967] [0/2] CUDA kernel errors might be asynchronously reported at some other API call, so the stacktrace below might be incorrect.
E0929 05:24:17.546000 104287 torch/_inductor/select_algorithm.py:2967] [0/2] For debugging consider passing CUDA_LAUNCH_BLOCKING=1
E0929 05:24:17.546000 104287 torch/_inductor/select_algorithm.py:2967] [0/2] Compile with `TORCH_USE_CUDA_DSA` to enable device-side assertions.
E0929 05:24:17.546000 104287 torch/_inductor/select_algorithm.py:2967] [0/2] 
E0929 05:24:17.546000 104287 torch/_inductor/select_algorithm.py:2967] [0/2] 
E0929 05:24:17.546000 104287 torch/_inductor/select_algorithm.py:2967] [0/2] Either error in template or triton bug.
E0929 05:24:17.546000 104287 torch/_inductor/select_algorithm.py:2967] [0/2] . 
E0929 05:24:17.546000 104287 torch/_inductor/select_algorithm.py:2967] [0/2] Ignoring this choice.
E0929 05:24:17.546000 104287 torch/_inductor/select_algorithm.py:2967] [0/2] Runtime error during autotuning: 
E0929 05:24:17.546000 104287 torch/_inductor/select_algorithm.py:2967] [0/2] CUDA error: an illegal memory access was encountered
E0929 05:24:17.546000 104287 torch/_inductor/select_algorithm.py:2967] [0/2] Search for `cudaErrorIllegalAddress' in https://docs.nvidia.com/cuda/cuda-runtime-api/group__CUDART__TYPES.html for more information.
E0929 05:24:17.546000 104287 torch/_inductor/select_algorithm.py:2967] [0/2] CUDA kernel errors might be asynchronously reported at some other API call, so the stacktrace below might be incorrect.
E0929 05:24:17.546000 104287 torch/_inductor/select_algorithm.py:2967] [0/2] For debugging consider passing CUDA_LAUNCH_BLOCKING=1
E0929 05:24:17.546000 104287 torch/_inductor/select_algorithm.py:2967] [0/2] Compile with `TORCH_USE_CUDA_DSA` to enable device-side assertions.
E0929 05:24:17.546000 104287 torch/_inductor/select_algorithm.py:2967] [0/2] 
E0929 05:24:17.546000 104287 torch/_inductor/select_algorithm.py:2967] [0/2] 
E0929 05:24:17.546000 104287 torch/_inductor/select_algorithm.py:2967] [0/2] Either error in template or triton bug.
E0929 05:24:17.546000 104287 torch/_inductor/select_algorithm.py:2967] [0/2] . 
E0929 05:24:17.546000 104287 torch/_inductor/select_algorithm.py:2967] [0/2] Ignoring this choice.
E0929 05:24:17.546000 104287 torch/_inductor/select_algorithm.py:2967] [0/2] Runtime error during autotuning: 
E0929 05:24:17.546000 104287 torch/_inductor/select_algorithm.py:2967] [0/2] CUDA error: an illegal memory access was encountered
E0929 05:24:17.546000 104287 torch/_inductor/select_algorithm.py:2967] [0/2] Search for `cudaErrorIllegalAddress' in https://docs.nvidia.com/cuda/cuda-runtime-api/group__CUDART__TYPES.html for more information.
E0929 05:24:17.546000 104287 torch/_inductor/select_algorithm.py:2967] [0/2] CUDA kernel errors might be asynchronously reported at some other API call, so the stacktrace below might be incorrect.
E0929 05:24:17.546000 104287 torch/_inductor/select_algorithm.py:2967] [0/2] For debugging consider passing CUDA_LAUNCH_BLOCKING=1
E0929 05:24:17.546000 104287 torch/_inductor/select_algorithm.py:2967] [0/2] Compile with `TORCH_USE_CUDA_DSA` to enable device-side assertions.
E0929 05:24:17.546000 104287 torch/_inductor/select_algorithm.py:2967] [0/2] 
E0929 05:24:17.546000 104287 torch/_inductor/select_algorithm.py:2967] [0/2] 
E0929 05:24:17.546000 104287 torch/_inductor/select_algorithm.py:2967] [0/2] Either error in template or triton bug.
E0929 05:24:17.546000 104287 torch/_inductor/select_algorithm.py:2967] [0/2] . 
E0929 05:24:17.546000 104287 torch/_inductor/select_algorithm.py:2967] [0/2] Ignoring this choice.
E0929 05:24:17.546000 104287 torch/_inductor/select_algorithm.py:2967] [0/2] Runtime error during autotuning: 
E0929 05:24:17.546000 104287 torch/_inductor/select_algorithm.py:2967] [0/2] CUDA error: an illegal memory access was encountered
E0929 05:24:17.546000 104287 torch/_inductor/select_algorithm.py:2967] [0/2] Search for `cudaErrorIllegalAddress' in https://docs.nvidia.com/cuda/cuda-runtime-api/group__CUDART__TYPES.html for more information.
E0929 05:24:17.546000 104287 torch/_inductor/select_algorithm.py:2967] [0/2] CUDA kernel errors might be asynchronously reported at some other API call, so the stacktrace below might be incorrect.
E0929 05:24:17.546000 104287 torch/_inductor/select_algorithm.py:2967] [0/2] For debugging consider passing CUDA_LAUNCH_BLOCKING=1
E0929 05:24:17.546000 104287 torch/_inductor/select_algorithm.py:2967] [0/2] Compile with `TORCH_USE_CUDA_DSA` to enable device-side assertions.
E0929 05:24:17.546000 104287 torch/_inductor/select_algorithm.py:2967] [0/2] 
E0929 05:24:17.546000 104287 torch/_inductor/select_algorithm.py:2967] [0/2] 
E0929 05:24:17.546000 104287 torch/_inductor/select_algorithm.py:2967] [0/2] Either error in template or triton bug.
E0929 05:24:17.546000 104287 torch/_inductor/select_algorithm.py:2967] [0/2] . 
E0929 05:24:17.546000 104287 torch/_inductor/select_algorithm.py:2967] [0/2] Ignoring this choice.
E0929 05:24:17.547000 104287 torch/_inductor/select_algorithm.py:2967] [0/2] Runtime error during autotuning: 
E0929 05:24:17.547000 104287 torch/_inductor/select_algorithm.py:2967] [0/2] CUDA error: an illegal memory access was encountered
E0929 05:24:17.547000 104287 torch/_inductor/select_algorithm.py:2967] [0/2] Search for `cudaErrorIllegalAddress' in https://docs.nvidia.com/cuda/cuda-runtime-api/group__CUDART__TYPES.html for more information.
E0929 05:24:17.547000 104287 torch/_inductor/select_algorithm.py:2967] [0/2] CUDA kernel errors might be asynchronously reported at some other API call, so the stacktrace below might be incorrect.
E0929 05:24:17.547000 104287 torch/_inductor/select_algorithm.py:2967] [0/2] For debugging consider passing CUDA_LAUNCH_BLOCKING=1
E0929 05:24:17.547000 104287 torch/_inductor/select_algorithm.py:2967] [0/2] Compile with `TORCH_USE_CUDA_DSA` to enable device-side assertions.
E0929 05:24:17.547000 104287 torch/_inductor/select_algorithm.py:2967] [0/2] 
E0929 05:24:17.547000 104287 torch/_inductor/select_algorithm.py:2967] [0/2] 
E0929 05:24:17.547000 104287 torch/_inductor/select_algorithm.py:2967] [0/2] Either error in template or triton bug.
E0929 05:24:17.547000 104287 torch/_inductor/select_algorithm.py:2967] [0/2] . 
E0929 05:24:17.547000 104287 torch/_inductor/select_algorithm.py:2967] [0/2] Ignoring this choice.
E0929 05:24:17.547000 104287 torch/_inductor/select_algorithm.py:2967] [0/2] Runtime error during autotuning: 
E0929 05:24:17.547000 104287 torch/_inductor/select_algorithm.py:2967] [0/2] CUDA error: an illegal memory access was encountered
E0929 05:24:17.547000 104287 torch/_inductor/select_algorithm.py:2967] [0/2] Search for `cudaErrorIllegalAddress' in https://docs.nvidia.com/cuda/cuda-runtime-api/group__CUDART__TYPES.html for more information.
E0929 05:24:17.547000 104287 torch/_inductor/select_algorithm.py:2967] [0/2] CUDA kernel errors might be asynchronously reported at some other API call, so the stacktrace below might be incorrect.
E0929 05:24:17.547000 104287 torch/_inductor/select_algorithm.py:2967] [0/2] For debugging consider passing CUDA_LAUNCH_BLOCKING=1
E0929 05:24:17.547000 104287 torch/_inductor/select_algorithm.py:2967] [0/2] Compile with `TORCH_USE_CUDA_DSA` to enable device-side assertions.
E0929 05:24:17.547000 104287 torch/_inductor/select_algorithm.py:2967] [0/2] 
E0929 05:24:17.547000 104287 torch/_inductor/select_algorithm.py:2967] [0/2] 
E0929 05:24:17.547000 104287 torch/_inductor/select_algorithm.py:2967] [0/2] Either error in template or triton bug.
E0929 05:24:17.547000 104287 torch/_inductor/select_algorithm.py:2967] [0/2] . 
E0929 05:24:17.547000 104287 torch/_inductor/select_algorithm.py:2967] [0/2] Ignoring this choice.
E0929 05:24:17.547000 104287 torch/_inductor/select_algorithm.py:2967] [0/2] Runtime error during autotuning: 
E0929 05:24:17.547000 104287 torch/_inductor/select_algorithm.py:2967] [0/2] CUDA error: an illegal memory access was encountered
E0929 05:24:17.547000 104287 torch/_inductor/select_algorithm.py:2967] [0/2] Search for `cudaErrorIllegalAddress' in https://docs.nvidia.com/cuda/cuda-runtime-api/group__CUDART__TYPES.html for more information.
E0929 05:24:17.547000 104287 torch/_inductor/select_algorithm.py:2967] [0/2] CUDA kernel errors might be asynchronously reported at some other API call, so the stacktrace below might be incorrect.
E0929 05:24:17.547000 104287 torch/_inductor/select_algorithm.py:2967] [0/2] For debugging consider passing CUDA_LAUNCH_BLOCKING=1
E0929 05:24:17.547000 104287 torch/_inductor/select_algorithm.py:2967] [0/2] Compile with `TORCH_USE_CUDA_DSA` to enable device-side assertions.
E0929 05:24:17.547000 104287 torch/_inductor/select_algorithm.py:2967] [0/2] 
E0929 05:24:17.547000 104287 torch/_inductor/select_algorithm.py:2967] [0/2] 
E0929 05:24:17.547000 104287 torch/_inductor/select_algorithm.py:2967] [0/2] Either error in template or triton bug.
E0929 05:24:17.547000 104287 torch/_inductor/select_algorithm.py:2967] [0/2] . 
E0929 05:24:17.547000 104287 torch/_inductor/select_algorithm.py:2967] [0/2] Ignoring this choice.
E0929 05:24:17.547000 104287 torch/_inductor/select_algorithm.py:2967] [0/2] Runtime error during autotuning: 
E0929 05:24:17.547000 104287 torch/_inductor/select_algorithm.py:2967] [0/2] CUDA error: an illegal memory access was encountered
E0929 05:24:17.547000 104287 torch/_inductor/select_algorithm.py:2967] [0/2] Search for `cudaErrorIllegalAddress' in https://docs.nvidia.com/cuda/cuda-runtime-api/group__CUDART__TYPES.html for more information.
E0929 05:24:17.547000 104287 torch/_inductor/select_algorithm.py:2967] [0/2] CUDA kernel errors might be asynchronously reported at some other API call, so the stacktrace below might be incorrect.
E0929 05:24:17.547000 104287 torch/_inductor/select_algorithm.py:2967] [0/2] For debugging consider passing CUDA_LAUNCH_BLOCKING=1
E0929 05:24:17.547000 104287 torch/_inductor/select_algorithm.py:2967] [0/2] Compile with `TORCH_USE_CUDA_DSA` to enable device-side assertions.
E0929 05:24:17.547000 104287 torch/_inductor/select_algorithm.py:2967] [0/2] 
E0929 05:24:17.547000 104287 torch/_inductor/select_algorithm.py:2967] [0/2] 
E0929 05:24:17.547000 104287 torch/_inductor/select_algorithm.py:2967] [0/2] Either error in template or triton bug.
E0929 05:24:17.547000 104287 torch/_inductor/select_algorithm.py:2967] [0/2] . 
E0929 05:24:17.547000 104287 torch/_inductor/select_algorithm.py:2967] [0/2] Ignoring this choice.
Autotune Choices Stats:
{"num_choices": 17, "num_triton_choices": 15, "best_kernel": "bias_addmm", "best_time": 8.658944129943848, "best_triton_pos": 2, "best_triton_time": 33.40390396118164, "best_triton_kernel": "triton_mm_75", "best_triton_kernel_desc": "ACC_TYPE='tl.float32', ALLOW_TF32=True, BLOCK_K=16, BLOCK_M=32, BLOCK_N=32, EVEN_K=True, GROUP_M=8, USE_FAST_ACCUM=False, num_stages=1, num_warps=2"}
AUTOTUNE addmm(8388608x256, 8388608x512, 512x256)
strides: [0, 1], [512, 1], [1, 512]
dtypes: torch.bfloat16, torch.bfloat16, torch.bfloat16
  bias_addmm 8.6589 ms 100.0% 
  addmm 14.3780 ms 60.2% 
  triton_mm_75 33.4039 ms 25.9% ACC_TYPE='tl.float32', ALLOW_TF32=True, BLOCK_K=16, BLOCK_M=32, BLOCK_N=32, EVEN_K=True, GROUP_M=8, USE_FAST_ACCUM=False, num_stages=1, num_warps=2
  triton_mm_76 inf ms 0.0% ACC_TYPE='tl.float32', ALLOW_TF32=True, BLOCK_K=128, BLOCK_M=32, BLOCK_N=32, EVEN_K=True, GROUP_M=8, USE_FAST_ACCUM=False, num_stages=2, num_warps=4
  triton_mm_77 inf ms 0.0% ACC_TYPE='tl.float32', ALLOW_TF32=True, BLOCK_K=32, BLOCK_M=32, BLOCK_N=64, EVEN_K=True, GROUP_M=8, USE_FAST_ACCUM=False, num_stages=5, num_warps=8
  triton_mm_78 inf ms 0.0% ACC_TYPE='tl.float32', ALLOW_TF32=True, BLOCK_K=32, BLOCK_M=64, BLOCK_N=32, EVEN_K=True, GROUP_M=8, USE_FAST_ACCUM=False, num_stages=5, num_warps=8
  triton_mm_79 inf ms 0.0% ACC_TYPE='tl.float32', ALLOW_TF32=True, BLOCK_K=16, BLOCK_M=64, BLOCK_N=64, EVEN_K=True, GROUP_M=8, USE_FAST_ACCUM=False, num_stages=2, num_warps=4
  triton_mm_80 inf ms 0.0% ACC_TYPE='tl.float32', ALLOW_TF32=True, BLOCK_K=32, BLOCK_M=64, BLOCK_N=64, EVEN_K=True, GROUP_M=8, USE_FAST_ACCUM=False, num_stages=2, num_warps=4
  triton_mm_81 inf ms 0.0% ACC_TYPE='tl.float32', ALLOW_TF32=True, BLOCK_K=64, BLOCK_M=64, BLOCK_N=64, EVEN_K=True, GROUP_M=8, USE_FAST_ACCUM=False, num_stages=3, num_warps=8
  triton_mm_82 inf ms 0.0% ACC_TYPE='tl.float32', ALLOW_TF32=True, BLOCK_K=32, BLOCK_M=64, BLOCK_N=128, EVEN_K=True, GROUP_M=8, USE_FAST_ACCUM=False, num_stages=3, num_warps=4
SingleProcess AUTOTUNE benchmarking takes 0.5728 seconds and 0.0002 seconds precompiling for 17 choices
Traceback (most recent call last):
  File "/workspace/kg-v3/runs/gemm-limits-2026-09-29/probe_linear.py", line 172, in <module>
    main()
  File "/workspace/kg-v3/runs/gemm-limits-2026-09-29/probe_linear.py", line 165, in main
    rec = run_point(model, fn, m, k, backward, args.seed)
          ^^^^^^^^^^^^^^^^^^^^^^^^^^^^^^^^^^^^^^^^^^^^^^^
  File "/workspace/kg-v3/runs/gemm-limits-2026-09-29/probe_linear.py", line 97, in run_point
    out = fn(x)
          ^^^^^
  File "/workspace/kg-v3/.venv/lib/python3.12/site-packages/torch/_dynamo/eval_frame.py", line 414, in __call__
    return super().__call__(*args, **kwargs)
           ^^^^^^^^^^^^^^^^^^^^^^^^^^^^^^^^^
  File "/workspace/kg-v3/.venv/lib/python3.12/site-packages/torch/nn/modules/module.py", line 1775, in _wrapped_call_impl
    return self._call_impl(*args, **kwargs)
           ^^^^^^^^^^^^^^^^^^^^^^^^^^^^^^^^
  File "/workspace/kg-v3/.venv/lib/python3.12/site-packages/torch/nn/modules/module.py", line 1786, in _call_impl
    return forward_call(*args, **kwargs)
           ^^^^^^^^^^^^^^^^^^^^^^^^^^^^^
  File "/workspace/kg-v3/.venv/lib/python3.12/site-packages/torch/_dynamo/eval_frame.py", line 832, in compile_wrapper
    return fn(*args, **kwargs)
           ^^^^^^^^^^^^^^^^^^^
  File "/workspace/kg-v3/.venv/lib/python3.12/site-packages/torch/nn/modules/module.py", line 1775, in _wrapped_call_impl
    return self._call_impl(*args, **kwargs)
           ^^^^^^^^^^^^^^^^^^^^^^^^^^^^^^^^
  File "/workspace/kg-v3/.venv/lib/python3.12/site-packages/torch/nn/modules/module.py", line 1786, in _call_impl
    return forward_call(*args, **kwargs)
           ^^^^^^^^^^^^^^^^^^^^^^^^^^^^^
  File "/workspace/kg-v3/.venv/lib/python3.12/site-packages/torch/_dynamo/convert_frame.py", line 1874, in __call__
    result = self._torchdynamo_orig_backend(
             ^^^^^^^^^^^^^^^^^^^^^^^^^^^^^^^
  File "/workspace/kg-v3/.venv/lib/python3.12/site-packages/torch/_dynamo/convert_frame.py", line 1624, in __call__
    result = self._inner_convert(
             ^^^^^^^^^^^^^^^^^^^^
  File "/workspace/kg-v3/.venv/lib/python3.12/site-packages/torch/_dynamo/convert_frame.py", line 688, in __call__
    result = _compile(
             ^^^^^^^^^
  File "/workspace/kg-v3/.venv/lib/python3.12/site-packages/torch/_dynamo/convert_frame.py", line 1494, in _compile
    raise InternalTorchDynamoError(
  File "/workspace/kg-v3/.venv/lib/python3.12/site-packages/torch/_dynamo/convert_frame.py", line 1433, in _compile
    guarded_code, tracer_output = compile_inner(code, one_graph, hooks)
                                  ^^^^^^^^^^^^^^^^^^^^^^^^^^^^^^^^^^^^^
  File "/workspace/kg-v3/.venv/lib/python3.12/site-packages/torch/_utils_internal.py", line 92, in wrapper_function
    return function(*args, **kwargs)
           ^^^^^^^^^^^^^^^^^^^^^^^^^
  File "/workspace/kg-v3/.venv/lib/python3.12/site-packages/torch/_dynamo/convert_frame.py", line 1117, in compile_inner
    return _compile_inner(code, one_graph, hooks)
           ^^^^^^^^^^^^^^^^^^^^^^^^^^^^^^^^^^^^^^
  File "/workspace/kg-v3/.venv/lib/python3.12/site-packages/torch/_dynamo/convert_frame.py", line 1151, in _compile_inner
    dynamo_output = compile_frame(
                    ^^^^^^^^^^^^^^
  File "/workspace/kg-v3/.venv/lib/python3.12/site-packages/torch/_dynamo/convert_frame.py", line 1032, in compile_frame
    bytecode, tracer_output = transform_code_object(code, transform)
                              ^^^^^^^^^^^^^^^^^^^^^^^^^^^^^^^^^^^^^^
  File "/workspace/kg-v3/.venv/lib/python3.12/site-packages/torch/_dynamo/bytecode_transformation.py", line 1592, in transform_code_object
    tracer_output = transformations(instructions, code_options)
                    ^^^^^^^^^^^^^^^^^^^^^^^^^^^^^^^^^^^^^^^^^^^
  File "/workspace/kg-v3/.venv/lib/python3.12/site-packages/torch/_dynamo/convert_frame.py", line 1004, in transform
    tracer_output = trace_frame(
                    ^^^^^^^^^^^^
  File "/workspace/kg-v3/.venv/lib/python3.12/site-packages/torch/_dynamo/convert_frame.py", line 333, in _fn
    torch.cuda.set_rng_state(cuda_rng_state)
  File "/workspace/kg-v3/.venv/lib/python3.12/site-packages/torch/cuda/random.py", line 79, in set_rng_state
    _lazy_call(cb)
  File "/workspace/kg-v3/.venv/lib/python3.12/site-packages/torch/cuda/__init__.py", line 341, in _lazy_call
    callable()
  File "/workspace/kg-v3/.venv/lib/python3.12/site-packages/torch/cuda/random.py", line 77, in cb
    default_generator.set_state(new_state)
torch._dynamo.exc.InternalTorchDynamoError: AcceleratorError: CUDA error: an illegal memory access was encountered
Search for `cudaErrorIllegalAddress' in https://docs.nvidia.com/cuda/cuda-runtime-api/group__CUDART__TYPES.html for more information.
CUDA kernel errors might be asynchronously reported at some other API call, so the stacktrace below might be incorrect.
For debugging consider passing CUDA_LAUNCH_BLOCKING=1
Compile with `TORCH_USE_CUDA_DSA` to enable device-side assertions.


