/workspace/kg-v3/.venv/lib/python3.12/site-packages/torch/backends/__init__.py:46: UserWarning: Please use the new API settings to control TF32 behavior, such as torch.backends.cudnn.conv.fp32_precision = 'tf32' or torch.backends.cuda.matmul.fp32_precision = 'ieee'. Old settings, e.g, torch.backends.cuda.matmul.allow_tf32 = True, torch.backends.cudnn.allow_tf32 = True, allowTF32CuDNN() and allowTF32CuBLAS() will be deprecated after Pytorch 2.9. Please see https://pytorch.org/docs/main/notes/cuda.html#tensorfloat-32-tf32-on-ampere-and-later-devices (Triggered internally at /pytorch/aten/src/ATen/Context.cpp:80.)
  self.setter(val)
/workspace/kg-v3/.venv/lib/python3.12/site-packages/torch/autograd/graph.py:841: UserWarning: Attempting to run cuBLAS, but there was no current CUDA context! Attempting to set the primary context... (Triggered internally at /pytorch/aten/src/ATen/cuda/CublasHandlePool.cpp:270.)
  return Variable._execution_engine.run_backward(  # Calls into the C++ engine to run the backward pass
Autotune Choices Stats:
{"num_choices": 17, "num_triton_choices": 15, "best_kernel": "triton_mm_9", "best_kernel_desc": "ACC_TYPE='tl.float32', ALLOW_TF32=True, BLOCK_K=64, BLOCK_M=64, BLOCK_N=128, EVEN_K=True, GROUP_M=8, USE_FAST_ACCUM=False, num_stages=3, num_warps=4", "best_time": 0.014047999866306782, "best_triton_pos": 0}
AUTOTUNE addmm(4096x512, 4096x256, 256x512)
strides: [0, 1], [256, 1], [1, 256]
dtypes: torch.bfloat16, torch.bfloat16, torch.bfloat16
  triton_mm_9 0.0140 ms 100.0% ACC_TYPE='tl.float32', ALLOW_TF32=True, BLOCK_K=64, BLOCK_M=64, BLOCK_N=128, EVEN_K=True, GROUP_M=8, USE_FAST_ACCUM=False, num_stages=3, num_warps=4
  triton_mm_6 0.0141 ms 99.5% ACC_TYPE='tl.float32', ALLOW_TF32=True, BLOCK_K=64, BLOCK_M=64, BLOCK_N=64, EVEN_K=True, GROUP_M=8, USE_FAST_ACCUM=False, num_stages=3, num_warps=8
  triton_mm_8 0.0142 ms 98.9% ACC_TYPE='tl.float32', ALLOW_TF32=True, BLOCK_K=32, BLOCK_M=64, BLOCK_N=128, EVEN_K=True, GROUP_M=8, USE_FAST_ACCUM=False, num_stages=4, num_warps=8
  triton_mm_14 0.0143 ms 98.0% ACC_TYPE='tl.float32', ALLOW_TF32=True, BLOCK_K=64, BLOCK_M=128, BLOCK_N=128, EVEN_K=True, GROUP_M=8, USE_FAST_ACCUM=False, num_stages=3, num_warps=4
  triton_mm_11 0.0158 ms 88.7% ACC_TYPE='tl.float32', ALLOW_TF32=True, BLOCK_K=32, BLOCK_M=128, BLOCK_N=64, EVEN_K=True, GROUP_M=8, USE_FAST_ACCUM=False, num_stages=4, num_warps=8
  triton_mm_7 0.0161 ms 87.1% ACC_TYPE='tl.float32', ALLOW_TF32=True, BLOCK_K=32, BLOCK_M=64, BLOCK_N=128, EVEN_K=True, GROUP_M=8, USE_FAST_ACCUM=False, num_stages=3, num_warps=4
  triton_mm_10 0.0162 ms 86.6% ACC_TYPE='tl.float32', ALLOW_TF32=True, BLOCK_K=32, BLOCK_M=128, BLOCK_N=64, EVEN_K=True, GROUP_M=8, USE_FAST_ACCUM=False, num_stages=3, num_warps=4
  triton_mm_5 0.0163 ms 86.4% ACC_TYPE='tl.float32', ALLOW_TF32=True, BLOCK_K=32, BLOCK_M=64, BLOCK_N=64, EVEN_K=True, GROUP_M=8, USE_FAST_ACCUM=False, num_stages=2, num_warps=4
  triton_mm_13 0.0164 ms 85.9% ACC_TYPE='tl.float32', ALLOW_TF32=True, BLOCK_K=32, BLOCK_M=128, BLOCK_N=128, EVEN_K=True, GROUP_M=8, USE_FAST_ACCUM=False, num_stages=3, num_warps=4
  triton_mm_2 0.0181 ms 77.4% ACC_TYPE='tl.float32', ALLOW_TF32=True, BLOCK_K=32, BLOCK_M=32, BLOCK_N=64, EVEN_K=True, GROUP_M=8, USE_FAST_ACCUM=False, num_stages=5, num_warps=8
SingleProcess AUTOTUNE benchmarking takes 0.3475 seconds and 0.1160 seconds precompiling for 17 choices
Autotune Choices Stats:
{"num_choices": 17, "num_triton_choices": 15, "best_kernel": "triton_mm_24", "best_kernel_desc": "ACC_TYPE='tl.float32', ALLOW_TF32=True, BLOCK_K=64, BLOCK_M=64, BLOCK_N=128, EVEN_K=True, GROUP_M=8, USE_FAST_ACCUM=False, num_stages=3, num_warps=4", "best_time": 0.0144640002399683, "best_triton_pos": 0}
AUTOTUNE addmm(4096x256, 4096x512, 512x256)
strides: [0, 1], [512, 1], [1, 512]
dtypes: torch.bfloat16, torch.bfloat16, torch.bfloat16
  triton_mm_24 0.0145 ms 100.0% ACC_TYPE='tl.float32', ALLOW_TF32=True, BLOCK_K=64, BLOCK_M=64, BLOCK_N=128, EVEN_K=True, GROUP_M=8, USE_FAST_ACCUM=False, num_stages=3, num_warps=4
  triton_mm_29 0.0164 ms 88.5% ACC_TYPE='tl.float32', ALLOW_TF32=True, BLOCK_K=64, BLOCK_M=128, BLOCK_N=128, EVEN_K=True, GROUP_M=8, USE_FAST_ACCUM=False, num_stages=3, num_warps=4
  triton_mm_21 0.0186 ms 77.7% ACC_TYPE='tl.float32', ALLOW_TF32=True, BLOCK_K=64, BLOCK_M=64, BLOCK_N=64, EVEN_K=True, GROUP_M=8, USE_FAST_ACCUM=False, num_stages=3, num_warps=8
  triton_mm_18 0.0204 ms 71.0% ACC_TYPE='tl.float32', ALLOW_TF32=True, BLOCK_K=32, BLOCK_M=64, BLOCK_N=32, EVEN_K=True, GROUP_M=8, USE_FAST_ACCUM=False, num_stages=5, num_warps=8
  bias_addmm 0.0204 ms 70.7% 
  triton_mm_17 0.0204 ms 70.7% ACC_TYPE='tl.float32', ALLOW_TF32=True, BLOCK_K=32, BLOCK_M=32, BLOCK_N=64, EVEN_K=True, GROUP_M=8, USE_FAST_ACCUM=False, num_stages=5, num_warps=8
  triton_mm_26 0.0204 ms 70.7% ACC_TYPE='tl.float32', ALLOW_TF32=True, BLOCK_K=32, BLOCK_M=128, BLOCK_N=64, EVEN_K=True, GROUP_M=8, USE_FAST_ACCUM=False, num_stages=4, num_warps=8
  triton_mm_16 0.0205 ms 70.5% ACC_TYPE='tl.float32', ALLOW_TF32=True, BLOCK_K=128, BLOCK_M=32, BLOCK_N=32, EVEN_K=True, GROUP_M=8, USE_FAST_ACCUM=False, num_stages=2, num_warps=4
  triton_mm_23 0.0206 ms 70.3% ACC_TYPE='tl.float32', ALLOW_TF32=True, BLOCK_K=32, BLOCK_M=64, BLOCK_N=128, EVEN_K=True, GROUP_M=8, USE_FAST_ACCUM=False, num_stages=4, num_warps=8
  triton_mm_25 0.0206 ms 70.3% ACC_TYPE='tl.float32', ALLOW_TF32=True, BLOCK_K=32, BLOCK_M=128, BLOCK_N=64, EVEN_K=True, GROUP_M=8, USE_FAST_ACCUM=False, num_stages=3, num_warps=4
SingleProcess AUTOTUNE benchmarking takes 0.3372 seconds and 0.0018 seconds precompiling for 17 choices
Autotune Choices Stats:
{"num_choices": 16, "num_triton_choices": 15, "best_kernel": "triton_mm_36", "best_kernel_desc": "ACC_TYPE='tl.float32', ALLOW_TF32=True, BLOCK_K=64, BLOCK_M=64, BLOCK_N=64, EVEN_K=True, GROUP_M=8, USE_FAST_ACCUM=False, num_stages=3, num_warps=8", "best_time": 0.013952000066637993, "best_triton_pos": 0}
AUTOTUNE mm(4096x256, 256x512)
strides: [256, 1], [512, 1]
dtypes: torch.bfloat16, torch.bfloat16
  triton_mm_36 0.0140 ms 100.0% ACC_TYPE='tl.float32', ALLOW_TF32=True, BLOCK_K=64, BLOCK_M=64, BLOCK_N=64, EVEN_K=True, GROUP_M=8, USE_FAST_ACCUM=False, num_stages=3, num_warps=8
  triton_mm_41 0.0141 ms 98.6% ACC_TYPE='tl.float32', ALLOW_TF32=True, BLOCK_K=32, BLOCK_M=128, BLOCK_N=64, EVEN_K=True, GROUP_M=8, USE_FAST_ACCUM=False, num_stages=4, num_warps=8
  triton_mm_37 0.0142 ms 98.4% ACC_TYPE='tl.float32', ALLOW_TF32=True, BLOCK_K=32, BLOCK_M=64, BLOCK_N=128, EVEN_K=True, GROUP_M=8, USE_FAST_ACCUM=False, num_stages=3, num_warps=4
  triton_mm_38 0.0143 ms 97.5% ACC_TYPE='tl.float32', ALLOW_TF32=True, BLOCK_K=32, BLOCK_M=64, BLOCK_N=128, EVEN_K=True, GROUP_M=8, USE_FAST_ACCUM=False, num_stages=4, num_warps=8
  triton_mm_39 0.0143 ms 97.5% ACC_TYPE='tl.float32', ALLOW_TF32=True, BLOCK_K=64, BLOCK_M=64, BLOCK_N=128, EVEN_K=True, GROUP_M=8, USE_FAST_ACCUM=False, num_stages=3, num_warps=4
  triton_mm_40 0.0143 ms 97.5% ACC_TYPE='tl.float32', ALLOW_TF32=True, BLOCK_K=32, BLOCK_M=128, BLOCK_N=64, EVEN_K=True, GROUP_M=8, USE_FAST_ACCUM=False, num_stages=3, num_warps=4
  triton_mm_44 0.0143 ms 97.5% ACC_TYPE='tl.float32', ALLOW_TF32=True, BLOCK_K=64, BLOCK_M=128, BLOCK_N=128, EVEN_K=True, GROUP_M=8, USE_FAST_ACCUM=False, num_stages=3, num_warps=4
  triton_mm_43 0.0143 ms 97.3% ACC_TYPE='tl.float32', ALLOW_TF32=True, BLOCK_K=32, BLOCK_M=128, BLOCK_N=128, EVEN_K=True, GROUP_M=8, USE_FAST_ACCUM=False, num_stages=3, num_warps=4
  triton_mm_32 0.0161 ms 86.7% ACC_TYPE='tl.float32', ALLOW_TF32=True, BLOCK_K=32, BLOCK_M=32, BLOCK_N=64, EVEN_K=True, GROUP_M=8, USE_FAST_ACCUM=False, num_stages=5, num_warps=8
  triton_mm_35 0.0164 ms 85.3% ACC_TYPE='tl.float32', ALLOW_TF32=True, BLOCK_K=32, BLOCK_M=64, BLOCK_N=64, EVEN_K=True, GROUP_M=8, USE_FAST_ACCUM=False, num_stages=2, num_warps=4
SingleProcess AUTOTUNE benchmarking takes 0.3460 seconds and 0.0462 seconds precompiling for 16 choices
Autotune Choices Stats:
{"num_choices": 16, "num_triton_choices": 15, "best_kernel": "triton_mm_69", "best_kernel_desc": "ACC_TYPE='tl.float32', ALLOW_TF32=True, BLOCK_K=64, BLOCK_M=64, BLOCK_N=128, EVEN_K=True, GROUP_M=8, USE_FAST_ACCUM=False, num_stages=3, num_warps=4", "best_time": 0.01408000010997057, "best_triton_pos": 0}
AUTOTUNE mm(4096x512, 512x256)
strides: [512, 1], [256, 1]
dtypes: torch.bfloat16, torch.bfloat16
  triton_mm_69 0.0141 ms 100.0% ACC_TYPE='tl.float32', ALLOW_TF32=True, BLOCK_K=64, BLOCK_M=64, BLOCK_N=128, EVEN_K=True, GROUP_M=8, USE_FAST_ACCUM=False, num_stages=3, num_warps=4
  triton_mm_66 0.0160 ms 88.2% ACC_TYPE='tl.float32', ALLOW_TF32=True, BLOCK_K=64, BLOCK_M=64, BLOCK_N=64, EVEN_K=True, GROUP_M=8, USE_FAST_ACCUM=False, num_stages=3, num_warps=8
  triton_mm_74 0.0162 ms 86.8% ACC_TYPE='tl.float32', ALLOW_TF32=True, BLOCK_K=64, BLOCK_M=128, BLOCK_N=128, EVEN_K=True, GROUP_M=8, USE_FAST_ACCUM=False, num_stages=3, num_warps=4
  triton_mm_63 0.0183 ms 77.1% ACC_TYPE='tl.float32', ALLOW_TF32=True, BLOCK_K=32, BLOCK_M=64, BLOCK_N=32, EVEN_K=True, GROUP_M=8, USE_FAST_ACCUM=False, num_stages=5, num_warps=8
  mm 0.0184 ms 76.5% 
  triton_mm_62 0.0184 ms 76.5% ACC_TYPE='tl.float32', ALLOW_TF32=True, BLOCK_K=32, BLOCK_M=32, BLOCK_N=64, EVEN_K=True, GROUP_M=8, USE_FAST_ACCUM=False, num_stages=5, num_warps=8
  triton_mm_71 0.0186 ms 75.9% ACC_TYPE='tl.float32', ALLOW_TF32=True, BLOCK_K=32, BLOCK_M=128, BLOCK_N=64, EVEN_K=True, GROUP_M=8, USE_FAST_ACCUM=False, num_stages=4, num_warps=8
  triton_mm_70 0.0199 ms 70.6% ACC_TYPE='tl.float32', ALLOW_TF32=True, BLOCK_K=32, BLOCK_M=128, BLOCK_N=64, EVEN_K=True, GROUP_M=8, USE_FAST_ACCUM=False, num_stages=3, num_warps=4
  triton_mm_68 0.0204 ms 69.1% ACC_TYPE='tl.float32', ALLOW_TF32=True, BLOCK_K=32, BLOCK_M=64, BLOCK_N=128, EVEN_K=True, GROUP_M=8, USE_FAST_ACCUM=False, num_stages=4, num_warps=8
  triton_mm_61 0.0204 ms 68.9% ACC_TYPE='tl.float32', ALLOW_TF32=True, BLOCK_K=128, BLOCK_M=32, BLOCK_N=32, EVEN_K=True, GROUP_M=8, USE_FAST_ACCUM=False, num_stages=2, num_warps=4
SingleProcess AUTOTUNE benchmarking takes 0.3482 seconds and 0.0002 seconds precompiling for 16 choices
Autotune Choices Stats:
{"num_choices": 16, "num_triton_choices": 15, "best_kernel": "mm", "best_time": 0.018432000651955605, "best_triton_pos": 1, "best_triton_time": 0.03622400015592575, "best_triton_kernel": "triton_mm_47", "best_triton_kernel_desc": "ACC_TYPE='tl.float32', ALLOW_TF32=True, BLOCK_K=32, BLOCK_M=32, BLOCK_N=64, EVEN_K=False, GROUP_M=8, USE_FAST_ACCUM=False, num_stages=5, num_warps=8"}
AUTOTUNE mm(256x4096, 4096x512)
strides: [1, 256], [512, 1]
dtypes: torch.bfloat16, torch.bfloat16
  mm 0.0184 ms 100.0% 
  triton_mm_47 0.0362 ms 50.9% ACC_TYPE='tl.float32', ALLOW_TF32=True, BLOCK_K=32, BLOCK_M=32, BLOCK_N=64, EVEN_K=False, GROUP_M=8, USE_FAST_ACCUM=False, num_stages=5, num_warps=8
  triton_mm_48 0.0364 ms 50.6% ACC_TYPE='tl.float32', ALLOW_TF32=True, BLOCK_K=32, BLOCK_M=64, BLOCK_N=32, EVEN_K=False, GROUP_M=8, USE_FAST_ACCUM=False, num_stages=5, num_warps=8
  triton_mm_46 0.0370 ms 49.9% ACC_TYPE='tl.float32', ALLOW_TF32=True, BLOCK_K=128, BLOCK_M=32, BLOCK_N=32, EVEN_K=False, GROUP_M=8, USE_FAST_ACCUM=False, num_stages=2, num_warps=4
  triton_mm_51 0.0387 ms 47.6% ACC_TYPE='tl.float32', ALLOW_TF32=True, BLOCK_K=64, BLOCK_M=64, BLOCK_N=64, EVEN_K=False, GROUP_M=8, USE_FAST_ACCUM=False, num_stages=3, num_warps=8
  triton_mm_54 0.0448 ms 41.1% ACC_TYPE='tl.float32', ALLOW_TF32=True, BLOCK_K=64, BLOCK_M=64, BLOCK_N=128, EVEN_K=False, GROUP_M=8, USE_FAST_ACCUM=False, num_stages=3, num_warps=4
  triton_mm_53 0.0489 ms 37.7% ACC_TYPE='tl.float32', ALLOW_TF32=True, BLOCK_K=32, BLOCK_M=64, BLOCK_N=128, EVEN_K=False, GROUP_M=8, USE_FAST_ACCUM=False, num_stages=4, num_warps=8
  triton_mm_56 0.0512 ms 36.0% ACC_TYPE='tl.float32', ALLOW_TF32=True, BLOCK_K=32, BLOCK_M=128, BLOCK_N=64, EVEN_K=False, GROUP_M=8, USE_FAST_ACCUM=False, num_stages=4, num_warps=8
  triton_mm_55 0.0566 ms 32.6% ACC_TYPE='tl.float32', ALLOW_TF32=True, BLOCK_K=32, BLOCK_M=128, BLOCK_N=64, EVEN_K=False, GROUP_M=8, USE_FAST_ACCUM=False, num_stages=3, num_warps=4
  triton_mm_52 0.0594 ms 31.1% ACC_TYPE='tl.float32', ALLOW_TF32=True, BLOCK_K=32, BLOCK_M=64, BLOCK_N=128, EVEN_K=False, GROUP_M=8, USE_FAST_ACCUM=False, num_stages=3, num_warps=4
SingleProcess AUTOTUNE benchmarking takes 0.4234 seconds and 0.0001 seconds precompiling for 16 choices
Autotune Choices Stats:
{"num_choices": 16, "num_triton_choices": 15, "best_kernel": "mm", "best_time": 0.01833599992096424, "best_triton_pos": 1, "best_triton_time": 0.03670400008559227, "best_triton_kernel": "triton_mm_77", "best_triton_kernel_desc": "ACC_TYPE='tl.float32', ALLOW_TF32=True, BLOCK_K=32, BLOCK_M=32, BLOCK_N=64, EVEN_K=False, GROUP_M=8, USE_FAST_ACCUM=False, num_stages=5, num_warps=8"}
AUTOTUNE mm(512x4096, 4096x256)
strides: [1, 512], [256, 1]
dtypes: torch.bfloat16, torch.bfloat16
  mm 0.0183 ms 100.0% 
  triton_mm_77 0.0367 ms 50.0% ACC_TYPE='tl.float32', ALLOW_TF32=True, BLOCK_K=32, BLOCK_M=32, BLOCK_N=64, EVEN_K=False, GROUP_M=8, USE_FAST_ACCUM=False, num_stages=5, num_warps=8
  triton_mm_78 0.0368 ms 49.8% ACC_TYPE='tl.float32', ALLOW_TF32=True, BLOCK_K=32, BLOCK_M=64, BLOCK_N=32, EVEN_K=False, GROUP_M=8, USE_FAST_ACCUM=False, num_stages=5, num_warps=8
  triton_mm_81 0.0388 ms 47.3% ACC_TYPE='tl.float32', ALLOW_TF32=True, BLOCK_K=64, BLOCK_M=64, BLOCK_N=64, EVEN_K=False, GROUP_M=8, USE_FAST_ACCUM=False, num_stages=3, num_warps=8
  triton_mm_76 0.0408 ms 44.9% ACC_TYPE='tl.float32', ALLOW_TF32=True, BLOCK_K=128, BLOCK_M=32, BLOCK_N=32, EVEN_K=False, GROUP_M=8, USE_FAST_ACCUM=False, num_stages=2, num_warps=4
  triton_mm_84 0.0449 ms 40.9% ACC_TYPE='tl.float32', ALLOW_TF32=True, BLOCK_K=64, BLOCK_M=64, BLOCK_N=128, EVEN_K=False, GROUP_M=8, USE_FAST_ACCUM=False, num_stages=3, num_warps=4
  triton_mm_83 0.0489 ms 37.5% ACC_TYPE='tl.float32', ALLOW_TF32=True, BLOCK_K=32, BLOCK_M=64, BLOCK_N=128, EVEN_K=False, GROUP_M=8, USE_FAST_ACCUM=False, num_stages=4, num_warps=8
  triton_mm_86 0.0513 ms 35.7% ACC_TYPE='tl.float32', ALLOW_TF32=True, BLOCK_K=32, BLOCK_M=128, BLOCK_N=64, EVEN_K=False, GROUP_M=8, USE_FAST_ACCUM=False, num_stages=4, num_warps=8
  triton_mm_82 0.0608 ms 30.2% ACC_TYPE='tl.float32', ALLOW_TF32=True, BLOCK_K=32, BLOCK_M=64, BLOCK_N=128, EVEN_K=False, GROUP_M=8, USE_FAST_ACCUM=False, num_stages=3, num_warps=4
  triton_mm_85 0.0629 ms 29.1% ACC_TYPE='tl.float32', ALLOW_TF32=True, BLOCK_K=32, BLOCK_M=128, BLOCK_N=64, EVEN_K=False, GROUP_M=8, USE_FAST_ACCUM=False, num_stages=3, num_warps=4
SingleProcess AUTOTUNE benchmarking takes 0.4220 seconds and 0.0001 seconds precompiling for 16 choices
V0929 05:30:51.496000 121248 torch/_dynamo/guards.py:2666] [0/0] [__guards] C++ shape guard function: 
V0929 05:30:51.496000 121248 torch/_dynamo/guards.py:2666] [0/0] [__guards] #include <algorithm>
V0929 05:30:51.496000 121248 torch/_dynamo/guards.py:2666] [0/0] [__guards] #include <cstdint>
V0929 05:30:51.496000 121248 torch/_dynamo/guards.py:2666] [0/0] [__guards] #include <cmath>
V0929 05:30:51.496000 121248 torch/_dynamo/guards.py:2666] [0/0] [__guards] #include <c10/util/generic_math.h>
V0929 05:30:51.496000 121248 torch/_dynamo/guards.py:2666] [0/0] [__guards] 
V0929 05:30:51.496000 121248 torch/_dynamo/guards.py:2666] [0/0] [__guards] #if defined(_MSC_VER)
V0929 05:30:51.496000 121248 torch/_dynamo/guards.py:2666] [0/0] [__guards] #  define EXTERN_DLL_EXPORT extern "C" __declspec(dllexport)
V0929 05:30:51.496000 121248 torch/_dynamo/guards.py:2666] [0/0] [__guards] #else
V0929 05:30:51.496000 121248 torch/_dynamo/guards.py:2666] [0/0] [__guards] #  define EXTERN_DLL_EXPORT extern "C"
V0929 05:30:51.496000 121248 torch/_dynamo/guards.py:2666] [0/0] [__guards] #endif
V0929 05:30:51.496000 121248 torch/_dynamo/guards.py:2666] [0/0] [__guards] 
V0929 05:30:51.496000 121248 torch/_dynamo/guards.py:2666] [0/0] [__guards] EXTERN_DLL_EXPORT int8_t guard(int64_t *int_values, double *float_values) {
V0929 05:30:51.496000 121248 torch/_dynamo/guards.py:2666] [0/0] [__guards]   int64_t L_x_size_0_ = int_values[0];
V0929 05:30:51.496000 121248 torch/_dynamo/guards.py:2666] [0/0] [__guards] 
V0929 05:30:51.496000 121248 torch/_dynamo/guards.py:2666] [0/0] [__guards]   return (512L*L_x_size_0_ <= 2147483647L) && (256L*L_x_size_0_ <= 2147483647L) && (8192L*(c10::div_floor_integer(static_cast<int64_t>(31L + L_x_size_0_), static_cast<int64_t>(32L))) <= 2147483647L) && (16384L*(c10::div_floor_integer(static_cast<int64_t>(31L + L_x_size_0_), static_cast<int64_t>(32L))) <= 2147483647L) && (2L <= L_x_size_0_);
V0929 05:30:51.496000 121248 torch/_dynamo/guards.py:2666] [0/0] [__guards] }
V0929 05:30:51.496000 121248 torch/_dynamo/guards.py:2666] [0/0] [__guards]  ["512*L['x'].size()[0] <= 2147483647  # (_inductor/codegen/simd.py:1440 in can_use_32bit_indexing)", "256*L['x'].size()[0] <= 2147483647  # (_inductor/codegen/simd.py:1442 in can_use_32bit_indexing)", "8192*((31 + L['x'].size()[0]) // 32) <= 2147483647  # (_inductor/codegen/simd.py:1440 in can_use_32bit_indexing)", "16384*((31 + L['x'].size()[0]) // 32) <= 2147483647  # (_inductor/codegen/simd.py:1440 in can_use_32bit_indexing)", "2 <= L['x'].size()[0]  # return F.linear(input, self.weight, self.bias)  # nn/modules/linear.py:134 in forward (user code shown is first use of this value--the guard itself is not due user code but due to 0/1 specialization in the framework; to avoid specialization try torch._dynamo.mark_unbacked(tensor, dim))"]
V0929 05:30:56.799000 121248 torch/_dynamo/guards.py:3687] [0/0] [__guards] GUARDS:
V0929 05:30:56.800000 121248 torch/_dynamo/guards.py:1743] [0/0] [__guards] Python shape guard function:
V0929 05:30:56.800000 121248 torch/_dynamo/guards.py:1743] [0/0] [__guards] def ___make_guard_fn(___check_type_id, ___check_obj_id, ___odict_getitem, ___key_to_id, ___dict_version, ___dict_contains, ___tuple_iterator_len, ___normalize_range_iter, ___tuple_iterator_getitem, ___dataclass_fields, ___namedtuple_fields, ___get_torch_function_mode_stack_at, __math_isnan, __numpy_isnan, inf, __load_module, utils_device, device, ___from_numpy, ___as_tensor, torch, inspect):
V0929 05:30:56.800000 121248 torch/_dynamo/guards.py:1743] [0/0] [__guards]     def guard(L):
V0929 05:30:56.800000 121248 torch/_dynamo/guards.py:1743] [0/0] [__guards]         if not (G['F'] is G['__import_torch_dot_nn_dot_modules_dot_linear'].F):
V0929 05:30:56.800000 121248 torch/_dynamo/guards.py:1743] [0/0] [__guards]             return False
V0929 05:30:56.800000 121248 torch/_dynamo/guards.py:1743] [0/0] [__guards]         return True
V0929 05:30:56.800000 121248 torch/_dynamo/guards.py:1743] [0/0] [__guards]     return guard
V0929 05:30:56.800000 121248 torch/_dynamo/guards.py:1743] [0/0] [__guards] 
V0929 05:30:56.801000 121248 torch/_dynamo/guards.py:3404] [0/0] [__guards] 
V0929 05:30:56.801000 121248 torch/_dynamo/guards.py:3404] [0/0] [__guards] TREE_GUARD_MANAGER:
V0929 05:30:56.801000 121248 torch/_dynamo/guards.py:3404] [0/0] [__guards] +- RootGuardManager
V0929 05:30:56.801000 121248 torch/_dynamo/guards.py:3404] [0/0] [__guards] | +- LAMBDA_GUARD: torch._functorch.aot_autograd.utils.top_saved_tensors_hooks ids == None  # _dynamo/output_graph.py:688 in init_ambient_guards
V0929 05:30:56.801000 121248 torch/_dynamo/guards.py:3404] [0/0] [__guards] | +- DEFAULT_DEVICE: utils_device.CURRENT_DEVICE == None                           # _dynamo/output_graph.py:676 in init_ambient_guards
V0929 05:30:56.801000 121248 torch/_dynamo/guards.py:3404] [0/0] [__guards] | +- GLOBAL_STATE: ___check_global_state()
V0929 05:30:56.801000 121248 torch/_dynamo/guards.py:3404] [0/0] [__guards] | +- TORCH_FUNCTION_MODE_STACK: ___check_torch_function_mode_stack()
V0929 05:30:56.801000 121248 torch/_dynamo/guards.py:3404] [0/0] [__guards] | +- GuardManager: source=L['x'], accessed_by=FrameLocalsGuardAccessor(key='x', framelocals_idx=1), type=<class 'torch.Tensor'>, tag_safe=(False, False)
V0929 05:30:56.801000 121248 torch/_dynamo/guards.py:3404] [0/0] [__guards] | | +- TENSOR_MATCH: check_tensor(L['x'], Tensor, DispatchKeySet(CUDA, BackendSelect, ADInplaceOrView, AutogradCUDA, AutocastCUDA), torch.float32, device=0, requires_grad=True, size=[None, 256], stride=[256, 1])  # return F.linear(input, self.weight, self.bias)  # nn/modules/linear.py:134 in forward
V0929 05:30:56.801000 121248 torch/_dynamo/guards.py:3404] [0/0] [__guards] | | +- NO_HASATTR: hasattr(L['x'], '_dynamo_dynamic_indices') == False           # return F.linear(input, self.weight, self.bias)  # nn/modules/linear.py:134 in forward
V0929 05:30:56.801000 121248 torch/_dynamo/guards.py:3404] [0/0] [__guards] | | +- GuardManager: source=L['x'].size()[0], accessed_by=TensorPropertyGuardAccessor<TensorProperty::SIZE>(0), type=<class 'int'>, tag_safe=(True, False)
V0929 05:30:56.801000 121248 torch/_dynamo/guards.py:3404] [0/0] [__guards] | | | +- GuardManager: source=(0, L['x'].size()[0]), accessed_by=IndexedGuardAccesor(0), type=<class 'tuple'>, tag_safe=(True, False)
V0929 05:30:56.801000 121248 torch/_dynamo/guards.py:3404] [0/0] [__guards] | | | | +- SYMBOLIC_SHAPE_GUARD: 512*L['x'].size()[0] <= 2147483647  # (_inductor/codegen/simd.py:1440 in can_use_32bit_indexing)
V0929 05:30:56.801000 121248 torch/_dynamo/guards.py:3404] [0/0] [__guards] | | | | +- SYMBOLIC_SHAPE_GUARD: 256*L['x'].size()[0] <= 2147483647  # (_inductor/codegen/simd.py:1442 in can_use_32bit_indexing)
V0929 05:30:56.801000 121248 torch/_dynamo/guards.py:3404] [0/0] [__guards] | | | | +- SYMBOLIC_SHAPE_GUARD: 8192*((31 + L['x'].size()[0]) // 32) <= 2147483647  # (_inductor/codegen/simd.py:1440 in can_use_32bit_indexing)
V0929 05:30:56.801000 121248 torch/_dynamo/guards.py:3404] [0/0] [__guards] | | | | +- SYMBOLIC_SHAPE_GUARD: 16384*((31 + L['x'].size()[0]) // 32) <= 2147483647  # (_inductor/codegen/simd.py:1440 in can_use_32bit_indexing)
V0929 05:30:56.801000 121248 torch/_dynamo/guards.py:3404] [0/0] [__guards] | | | | +- SYMBOLIC_SHAPE_GUARD: 2 <= L['x'].size()[0]  # return F.linear(input, self.weight, self.bias)  # nn/modules/linear.py:134 in forward (user code shown is first use of this value--the guard itself is not due user code but due to 0/1 specialization in the framework; to avoid specialization try torch._dynamo.mark_unbacked(tensor, dim))
V0929 05:30:56.801000 121248 torch/_dynamo/guards.py:3404] [0/0] [__guards] | +- GuardManager: source=G, accessed_by=GlobalsGuardAccessor, type=<class 'dict'>, tag_safe=(False, False)
V0929 05:30:56.801000 121248 torch/_dynamo/guards.py:3404] [0/0] [__guards] | | +- GuardManager: source=G['F'], accessed_by=DictGetItemGuardAccessor('F'), type=<class 'module'>, tag_safe=(False, False)
V0929 05:30:56.801000 121248 torch/_dynamo/guards.py:3404] [0/0] [__guards] | | | +- ID_MATCH: ___check_obj_id(G['F'], 130634270226480)                      # return self.down(F.gelu(self.up(x)))  # runs/gemm-limits-2026-09-29/probe_linear.py:33 in forward
V0929 05:30:56.801000 121248 torch/_dynamo/guards.py:3404] [0/0] [__guards] | | | +- GuardManager: source=G['F'].gelu, accessed_by=GetAttrGuardAccessor(gelu), type=<class 'builtin_function_or_method'>, tag_safe=(True, False)
V0929 05:30:56.801000 121248 torch/_dynamo/guards.py:3404] [0/0] [__guards] | | | | +- ID_MATCH: ___check_obj_id(G['F'].gelu, 130637243429520)                 # return self.down(F.gelu(self.up(x)))  # runs/gemm-limits-2026-09-29/probe_linear.py:33 in forward
V0929 05:30:56.801000 121248 torch/_dynamo/guards.py:3404] [0/0] [__guards] | | | +- GuardManager: source=G['F'].linear, accessed_by=GetAttrGuardAccessor(linear), type=<class 'builtin_function_or_method'>, tag_safe=(True, False)
V0929 05:30:56.801000 121248 torch/_dynamo/guards.py:3404] [0/0] [__guards] | | | | +- ID_MATCH: ___check_obj_id(G['F'].linear, 130637243430640)               # return F.linear(input, self.weight, self.bias)  # nn/modules/linear.py:134 in forward
V0929 05:30:56.801000 121248 torch/_dynamo/guards.py:3404] [0/0] [__guards] | | +- GuardManager: source=G['__import_torch_dot_nn_dot_modules_dot_linear'], accessed_by=DictGetItemGuardAccessor('__import_torch_dot_nn_dot_modules_dot_linear'), type=<class 'module'>, tag_safe=(False, False)
V0929 05:30:56.801000 121248 torch/_dynamo/guards.py:3404] [0/0] [__guards] | | | +- ID_MATCH: ___check_obj_id(G['__import_torch_dot_nn_dot_modules_dot_linear'], 130634270226560)  # return F.linear(input, self.weight, self.bias)  # nn/modules/linear.py:134 in forward
V0929 05:30:56.801000 121248 torch/_dynamo/guards.py:3404] [0/0] [__guards] | | +- GuardManager: source=G['__import_torch_dot_nn_dot_modules_dot_module'], accessed_by=DictGetItemGuardAccessor('__import_torch_dot_nn_dot_modules_dot_module'), type=<class 'module'>, tag_safe=(False, False)
V0929 05:30:56.801000 121248 torch/_dynamo/guards.py:3404] [0/0] [__guards] | | | +- ID_MATCH: ___check_obj_id(G['__import_torch_dot_nn_dot_modules_dot_module'], 130634273994880)  # return self.down(F.gelu(self.up(x)))  # runs/gemm-limits-2026-09-29/probe_linear.py:33 in forward
V0929 05:30:56.801000 121248 torch/_dynamo/guards.py:3404] [0/0] [__guards] | | | +- GuardManager: source=G['__import_torch_dot_nn_dot_modules_dot_module']._global_forward_hooks, accessed_by=GetAttrGuardAccessor(_global_forward_hooks), type=<class 'collections.OrderedDict'>, tag_safe=(True, False)
V0929 05:30:56.801000 121248 torch/_dynamo/guards.py:3404] [0/0] [__guards] | | | | +- TYPE_MATCH: ___check_type_id(G['__import_torch_dot_nn_dot_modules_dot_module']._global_forward_hooks, 10741888)  # return self.down(F.gelu(self.up(x)))  # runs/gemm-limits-2026-09-29/probe_linear.py:33 in forward
V0929 05:30:56.801000 121248 torch/_dynamo/guards.py:3404] [0/0] [__guards] | | | +- GuardManager: source=G['__import_torch_dot_nn_dot_modules_dot_module']._global_backward_hooks, accessed_by=GetAttrGuardAccessor(_global_backward_hooks), type=<class 'collections.OrderedDict'>, tag_safe=(True, False)
V0929 05:30:56.801000 121248 torch/_dynamo/guards.py:3404] [0/0] [__guards] | | | | +- TYPE_MATCH: ___check_type_id(G['__import_torch_dot_nn_dot_modules_dot_module']._global_backward_hooks, 10741888)  # return self.down(F.gelu(self.up(x)))  # runs/gemm-limits-2026-09-29/probe_linear.py:33 in forward
V0929 05:30:56.801000 121248 torch/_dynamo/guards.py:3404] [0/0] [__guards] | | | +- GuardManager: source=G['__import_torch_dot_nn_dot_modules_dot_module']._global_forward_pre_hooks, accessed_by=GetAttrGuardAccessor(_global_forward_pre_hooks), type=<class 'collections.OrderedDict'>, tag_safe=(True, False)
V0929 05:30:56.801000 121248 torch/_dynamo/guards.py:3404] [0/0] [__guards] | | | | +- TYPE_MATCH: ___check_type_id(G['__import_torch_dot_nn_dot_modules_dot_module']._global_forward_pre_hooks, 10741888)  # return self.down(F.gelu(self.up(x)))  # runs/gemm-limits-2026-09-29/probe_linear.py:33 in forward
V0929 05:30:56.801000 121248 torch/_dynamo/guards.py:3404] [0/0] [__guards] | | | +- GuardManager: source=G['__import_torch_dot_nn_dot_modules_dot_module']._global_backward_pre_hooks, accessed_by=GetAttrGuardAccessor(_global_backward_pre_hooks), type=<class 'collections.OrderedDict'>, tag_safe=(True, False)
V0929 05:30:56.801000 121248 torch/_dynamo/guards.py:3404] [0/0] [__guards] | | | | +- TYPE_MATCH: ___check_type_id(G['__import_torch_dot_nn_dot_modules_dot_module']._global_backward_pre_hooks, 10741888)  # return self.down(F.gelu(self.up(x)))  # runs/gemm-limits-2026-09-29/probe_linear.py:33 in forward
V0929 05:30:56.801000 121248 torch/_dynamo/guards.py:3404] [0/0] [__guards] | +- GuardManager: source=L['self'], accessed_by=FrameLocalsGuardAccessor(key='self', framelocals_idx=0), type=<class '__main__.Mlp'>, tag_safe=(True, True)
V0929 05:30:56.801000 121248 torch/_dynamo/guards.py:3404] [0/0] [__guards] | | +- TYPE_MATCH: ___check_type_id(L['self'], 1051772272)                       # return self.down(F.gelu(self.up(x)))  # runs/gemm-limits-2026-09-29/probe_linear.py:33 in forward
V0929 05:30:56.801000 121248 torch/_dynamo/guards.py:3404] [0/0] [__guards] | | +- GuardManager: source=L['self'].__dict__, accessed_by=GetGenericDictGuardAccessor, type=<class 'dict'>, tag_safe=(True, False)
V0929 05:30:56.801000 121248 torch/_dynamo/guards.py:3404] [0/0] [__guards] | | | +- GuardManager: source=L['self']._modules, accessed_by=DictGetItemGuardAccessor('_modules'), type=<class 'dict'>, tag_safe=(True, False)
V0929 05:30:56.801000 121248 torch/_dynamo/guards.py:3404] [0/0] [__guards] | | | | +- TYPE_MATCH: ___check_type_id(L['self']._modules, 10737728)                # return self.down(F.gelu(self.up(x)))  # runs/gemm-limits-2026-09-29/probe_linear.py:33 in forward
V0929 05:30:56.801000 121248 torch/_dynamo/guards.py:3404] [0/0] [__guards] | | | | +- GuardManager: source=L['self']._modules['up'], accessed_by=DictGetItemGuardAccessor('up'), type=<class 'torch.nn.modules.linear.Linear'>, tag_safe=(True, False)
V0929 05:30:56.801000 121248 torch/_dynamo/guards.py:3404] [0/0] [__guards] | | | | | +- TYPE_MATCH: ___check_type_id(L['self']._modules['up'], 1046775824)        # return self.down(F.gelu(self.up(x)))  # runs/gemm-limits-2026-09-29/probe_linear.py:33 in forward
V0929 05:30:56.801000 121248 torch/_dynamo/guards.py:3404] [0/0] [__guards] | | | | | +- GuardManager: source=L['self']._modules['up'].__dict__, accessed_by=GetGenericDictGuardAccessor, type=<class 'dict'>, tag_safe=(True, False)
V0929 05:30:56.801000 121248 torch/_dynamo/guards.py:3404] [0/0] [__guards] | | | | | | +- DICT_CONTAINS: not ___dict_contains('forward', L['self']._modules['up'].__dict__)  # return self.down(F.gelu(self.up(x)))  # runs/gemm-limits-2026-09-29/probe_linear.py:33 in forward
V0929 05:30:56.801000 121248 torch/_dynamo/guards.py:3404] [0/0] [__guards] | | | | | | +- GuardManager: source=L['self']._modules['up']._parameters, accessed_by=DictGetItemGuardAccessor('_parameters'), type=<class 'dict'>, tag_safe=(True, False)
V0929 05:30:56.801000 121248 torch/_dynamo/guards.py:3404] [0/0] [__guards] | | | | | | | +- TYPE_MATCH: ___check_type_id(L['self']._modules['up']._parameters, 10737728)  # return F.linear(input, self.weight, self.bias)  # nn/modules/linear.py:134 in forward
V0929 05:30:56.801000 121248 torch/_dynamo/guards.py:3404] [0/0] [__guards] | | | | | | | +- GuardManager: source=L['self']._modules['up']._parameters['bias'], accessed_by=DictGetItemGuardAccessor('bias'), type=<class 'torch.nn.parameter.Parameter'>, tag_safe=(True, False)
V0929 05:30:56.801000 121248 torch/_dynamo/guards.py:3404] [0/0] [__guards] | | | | | | | | +- TENSOR_MATCH: check_tensor(L['self']._modules['up']._parameters['bias'], Parameter, DispatchKeySet(CUDA, BackendSelect, ADInplaceOrView, AutogradCUDA, AutocastCUDA), torch.float32, device=0, requires_grad=True, size=[512], stride=[1])  # return F.linear(input, self.weight, self.bias)  # nn/modules/linear.py:134 in forward
V0929 05:30:56.801000 121248 torch/_dynamo/guards.py:3404] [0/0] [__guards] | | | | | | | +- GuardManager: source=L['self']._modules['up']._parameters['weight'], accessed_by=DictGetItemGuardAccessor('weight'), type=<class 'torch.nn.parameter.Parameter'>, tag_safe=(True, False)
V0929 05:30:56.801000 121248 torch/_dynamo/guards.py:3404] [0/0] [__guards] | | | | | | | | +- TENSOR_MATCH: check_tensor(L['self']._modules['up']._parameters['weight'], Parameter, DispatchKeySet(CUDA, BackendSelect, ADInplaceOrView, AutogradCUDA, AutocastCUDA), torch.float32, device=0, requires_grad=True, size=[512, 256], stride=[256, 1])  # return F.linear(input, self.weight, self.bias)  # nn/modules/linear.py:134 in forward
V0929 05:30:56.801000 121248 torch/_dynamo/guards.py:3404] [0/0] [__guards] | | | | +- GuardManager: source=L['self']._modules['down'], accessed_by=DictGetItemGuardAccessor('down'), type=<class 'torch.nn.modules.linear.Linear'>, tag_safe=(True, False)
V0929 05:30:56.801000 121248 torch/_dynamo/guards.py:3404] [0/0] [__guards] | | | | | +- TYPE_MATCH: ___check_type_id(L['self']._modules['down'], 1046775824)      # return self.down(F.gelu(self.up(x)))  # runs/gemm-limits-2026-09-29/probe_linear.py:33 in forward
V0929 05:30:56.801000 121248 torch/_dynamo/guards.py:3404] [0/0] [__guards] | | | | | +- GuardManager: source=L['self']._modules['down'].__dict__, accessed_by=GetGenericDictGuardAccessor, type=<class 'dict'>, tag_safe=(True, False)
V0929 05:30:56.801000 121248 torch/_dynamo/guards.py:3404] [0/0] [__guards] | | | | | | +- DICT_CONTAINS: not ___dict_contains('forward', L['self']._modules['down'].__dict__)  # return self.down(F.gelu(self.up(x)))  # runs/gemm-limits-2026-09-29/probe_linear.py:33 in forward
V0929 05:30:56.801000 121248 torch/_dynamo/guards.py:3404] [0/0] [__guards] | | | | | | +- GuardManager: source=L['self']._modules['down']._parameters, accessed_by=DictGetItemGuardAccessor('_parameters'), type=<class 'dict'>, tag_safe=(True, False)
V0929 05:30:56.801000 121248 torch/_dynamo/guards.py:3404] [0/0] [__guards] | | | | | | | +- TYPE_MATCH: ___check_type_id(L['self']._modules['down']._parameters, 10737728)  # return F.linear(input, self.weight, self.bias)  # nn/modules/linear.py:134 in forward
V0929 05:30:56.801000 121248 torch/_dynamo/guards.py:3404] [0/0] [__guards] | | | | | | | +- GuardManager: source=L['self']._modules['down']._parameters['bias'], accessed_by=DictGetItemGuardAccessor('bias'), type=<class 'torch.nn.parameter.Parameter'>, tag_safe=(True, False)
V0929 05:30:56.801000 121248 torch/_dynamo/guards.py:3404] [0/0] [__guards] | | | | | | | | +- TENSOR_MATCH: check_tensor(L['self']._modules['down']._parameters['bias'], Parameter, DispatchKeySet(CUDA, BackendSelect, ADInplaceOrView, AutogradCUDA, AutocastCUDA), torch.float32, device=0, requires_grad=True, size=[256], stride=[1])  # return F.linear(input, self.weight, self.bias)  # nn/modules/linear.py:134 in forward
V0929 05:30:56.801000 121248 torch/_dynamo/guards.py:3404] [0/0] [__guards] | | | | | | | +- GuardManager: source=L['self']._modules['down']._parameters['weight'], accessed_by=DictGetItemGuardAccessor('weight'), type=<class 'torch.nn.parameter.Parameter'>, tag_safe=(True, False)
V0929 05:30:56.801000 121248 torch/_dynamo/guards.py:3404] [0/0] [__guards] | | | | | | | | +- TENSOR_MATCH: check_tensor(L['self']._modules['down']._parameters['weight'], Parameter, DispatchKeySet(CUDA, BackendSelect, ADInplaceOrView, AutogradCUDA, AutocastCUDA), torch.float32, device=0, requires_grad=True, size=[256, 512], stride=[512, 1])  # return F.linear(input, self.weight, self.bias)  # nn/modules/linear.py:134 in forward
V0929 05:30:56.801000 121248 torch/_dynamo/guards.py:3404] [0/0] [__guards] | | | +- GuardManager: source=L['self']._parameters, accessed_by=DictGetItemGuardAccessor('_parameters'), type=<class 'dict'>, tag_safe=(True, False)
V0929 05:30:56.801000 121248 torch/_dynamo/guards.py:3404] [0/0] [__guards] | | | | +- TYPE_MATCH: ___check_type_id(L['self']._parameters, 10737728)             # return self.down(F.gelu(self.up(x)))  # runs/gemm-limits-2026-09-29/probe_linear.py:33 in forward
V0929 05:30:56.801000 121248 torch/_dynamo/guards.py:3404] [0/0] [__guards] +- LAMBDA_GUARD: G['F'] is G['__import_torch_dot_nn_dot_modules_dot_linear'].F  # return F.linear(input, self.weight, self.bias)  # nn/modules/linear.py:134 in forward
V0929 05:30:56.801000 121248 torch/_dynamo/guards.py:3404] [0/0] [__guards] 
V0929 05:30:56.810000 121248 torch/_dynamo/guards.py:3436] [0/0] [__guards] Guard eval latency = 41.35 us
V0929 05:31:00.937000 121248 torch/_dynamo/guards.py:4181] [0/1] [__recompiles] Recompiling function forward in /workspace/kg-v3/runs/gemm-limits-2026-09-29/probe_linear.py:32
V0929 05:31:00.937000 121248 torch/_dynamo/guards.py:4181] [0/1] [__recompiles]     triggered by the following guard failure(s):
V0929 05:31:00.937000 121248 torch/_dynamo/guards.py:4181] [0/1] [__recompiles]     - 0/0: 512*x.size()[0] <= 2147483647  # (_inductor/codegen/simd.py:1440 in can_use_32bit_indexing)
Autotune Choices Stats:
{"num_choices": 17, "num_triton_choices": 15, "best_kernel": "triton_mm_103", "best_kernel_desc": "ACC_TYPE='tl.float32', ALLOW_TF32=True, BLOCK_K=32, BLOCK_M=128, BLOCK_N=128, EVEN_K=True, GROUP_M=8, USE_FAST_ACCUM=False, num_stages=3, num_warps=4", "best_time": 4.529119968414307, "best_triton_pos": 0}
AUTOTUNE addmm(4194305x512, 4194305x256, 256x512)
strides: [0, 1], [256, 1], [1, 256]
dtypes: torch.bfloat16, torch.bfloat16, torch.bfloat16
  triton_mm_103 4.5291 ms 100.0% ACC_TYPE='tl.float32', ALLOW_TF32=True, BLOCK_K=32, BLOCK_M=128, BLOCK_N=128, EVEN_K=True, GROUP_M=8, USE_FAST_ACCUM=False, num_stages=3, num_warps=4
  triton_mm_99 4.6817 ms 96.7% ACC_TYPE='tl.float32', ALLOW_TF32=True, BLOCK_K=64, BLOCK_M=64, BLOCK_N=128, EVEN_K=True, GROUP_M=8, USE_FAST_ACCUM=False, num_stages=3, num_warps=4
  triton_mm_97 4.6858 ms 96.7% ACC_TYPE='tl.float32', ALLOW_TF32=True, BLOCK_K=32, BLOCK_M=64, BLOCK_N=128, EVEN_K=True, GROUP_M=8, USE_FAST_ACCUM=False, num_stages=3, num_warps=4
  triton_mm_100 4.7902 ms 94.5% ACC_TYPE='tl.float32', ALLOW_TF32=True, BLOCK_K=32, BLOCK_M=128, BLOCK_N=64, EVEN_K=True, GROUP_M=8, USE_FAST_ACCUM=False, num_stages=3, num_warps=4
  triton_mm_98 4.9121 ms 92.2% ACC_TYPE='tl.float32', ALLOW_TF32=True, BLOCK_K=32, BLOCK_M=64, BLOCK_N=128, EVEN_K=True, GROUP_M=8, USE_FAST_ACCUM=False, num_stages=4, num_warps=8
  triton_mm_101 4.9971 ms 90.6% ACC_TYPE='tl.float32', ALLOW_TF32=True, BLOCK_K=32, BLOCK_M=128, BLOCK_N=64, EVEN_K=True, GROUP_M=8, USE_FAST_ACCUM=False, num_stages=4, num_warps=8
  triton_mm_104 5.0668 ms 89.4% ACC_TYPE='tl.float32', ALLOW_TF32=True, BLOCK_K=64, BLOCK_M=128, BLOCK_N=128, EVEN_K=True, GROUP_M=8, USE_FAST_ACCUM=False, num_stages=3, num_warps=4
  triton_mm_96 5.2121 ms 86.9% ACC_TYPE='tl.float32', ALLOW_TF32=True, BLOCK_K=64, BLOCK_M=64, BLOCK_N=64, EVEN_K=True, GROUP_M=8, USE_FAST_ACCUM=False, num_stages=3, num_warps=8
  triton_mm_95 5.3555 ms 84.6% ACC_TYPE='tl.float32', ALLOW_TF32=True, BLOCK_K=32, BLOCK_M=64, BLOCK_N=64, EVEN_K=True, GROUP_M=8, USE_FAST_ACCUM=False, num_stages=2, num_warps=4
  bias_addmm 5.8890 ms 76.9% 
SingleProcess AUTOTUNE benchmarking takes 1.3042 seconds and 0.0005 seconds precompiling for 17 choices
E0929 05:31:04.441000 121248 torch/_inductor/select_algorithm.py:2967] [0/1] Runtime error during autotuning: 
E0929 05:31:04.441000 121248 torch/_inductor/select_algorithm.py:2967] [0/1] CUDA error: an illegal memory access was encountered
E0929 05:31:04.441000 121248 torch/_inductor/select_algorithm.py:2967] [0/1] Search for `cudaErrorIllegalAddress' in https://docs.nvidia.com/cuda/cuda-runtime-api/group__CUDART__TYPES.html for more information.
E0929 05:31:04.441000 121248 torch/_inductor/select_algorithm.py:2967] [0/1] CUDA kernel errors might be asynchronously reported at some other API call, so the stacktrace below might be incorrect.
E0929 05:31:04.441000 121248 torch/_inductor/select_algorithm.py:2967] [0/1] For debugging consider passing CUDA_LAUNCH_BLOCKING=1
E0929 05:31:04.441000 121248 torch/_inductor/select_algorithm.py:2967] [0/1] Compile with `TORCH_USE_CUDA_DSA` to enable device-side assertions.
E0929 05:31:04.441000 121248 torch/_inductor/select_algorithm.py:2967] [0/1] 
E0929 05:31:04.441000 121248 torch/_inductor/select_algorithm.py:2967] [0/1] 
E0929 05:31:04.441000 121248 torch/_inductor/select_algorithm.py:2967] [0/1] Either error in template or triton bug.
E0929 05:31:04.441000 121248 torch/_inductor/select_algorithm.py:2967] [0/1] . 
E0929 05:31:04.441000 121248 torch/_inductor/select_algorithm.py:2967] [0/1] Ignoring this choice.
E0929 05:31:04.442000 121248 torch/_inductor/select_algorithm.py:2967] [0/1] Runtime error during autotuning: 
E0929 05:31:04.442000 121248 torch/_inductor/select_algorithm.py:2967] [0/1] CUDA error: an illegal memory access was encountered
E0929 05:31:04.442000 121248 torch/_inductor/select_algorithm.py:2967] [0/1] Search for `cudaErrorIllegalAddress' in https://docs.nvidia.com/cuda/cuda-runtime-api/group__CUDART__TYPES.html for more information.
E0929 05:31:04.442000 121248 torch/_inductor/select_algorithm.py:2967] [0/1] CUDA kernel errors might be asynchronously reported at some other API call, so the stacktrace below might be incorrect.
E0929 05:31:04.442000 121248 torch/_inductor/select_algorithm.py:2967] [0/1] For debugging consider passing CUDA_LAUNCH_BLOCKING=1
E0929 05:31:04.442000 121248 torch/_inductor/select_algorithm.py:2967] [0/1] Compile with `TORCH_USE_CUDA_DSA` to enable device-side assertions.
E0929 05:31:04.442000 121248 torch/_inductor/select_algorithm.py:2967] [0/1] 
E0929 05:31:04.442000 121248 torch/_inductor/select_algorithm.py:2967] [0/1] 
E0929 05:31:04.442000 121248 torch/_inductor/select_algorithm.py:2967] [0/1] Either error in template or triton bug.
E0929 05:31:04.442000 121248 torch/_inductor/select_algorithm.py:2967] [0/1] . 
E0929 05:31:04.442000 121248 torch/_inductor/select_algorithm.py:2967] [0/1] Ignoring this choice.
E0929 05:31:04.442000 121248 torch/_inductor/select_algorithm.py:2967] [0/1] Runtime error during autotuning: 
E0929 05:31:04.442000 121248 torch/_inductor/select_algorithm.py:2967] [0/1] CUDA error: an illegal memory access was encountered
E0929 05:31:04.442000 121248 torch/_inductor/select_algorithm.py:2967] [0/1] Search for `cudaErrorIllegalAddress' in https://docs.nvidia.com/cuda/cuda-runtime-api/group__CUDART__TYPES.html for more information.
E0929 05:31:04.442000 121248 torch/_inductor/select_algorithm.py:2967] [0/1] CUDA kernel errors might be asynchronously reported at some other API call, so the stacktrace below might be incorrect.
E0929 05:31:04.442000 121248 torch/_inductor/select_algorithm.py:2967] [0/1] For debugging consider passing CUDA_LAUNCH_BLOCKING=1
E0929 05:31:04.442000 121248 torch/_inductor/select_algorithm.py:2967] [0/1] Compile with `TORCH_USE_CUDA_DSA` to enable device-side assertions.
E0929 05:31:04.442000 121248 torch/_inductor/select_algorithm.py:2967] [0/1] 
E0929 05:31:04.442000 121248 torch/_inductor/select_algorithm.py:2967] [0/1] 
E0929 05:31:04.442000 121248 torch/_inductor/select_algorithm.py:2967] [0/1] Either error in template or triton bug.
E0929 05:31:04.442000 121248 torch/_inductor/select_algorithm.py:2967] [0/1] . 
E0929 05:31:04.442000 121248 torch/_inductor/select_algorithm.py:2967] [0/1] Ignoring this choice.
E0929 05:31:04.442000 121248 torch/_inductor/select_algorithm.py:2967] [0/1] Runtime error during autotuning: 
E0929 05:31:04.442000 121248 torch/_inductor/select_algorithm.py:2967] [0/1] CUDA error: an illegal memory access was encountered
E0929 05:31:04.442000 121248 torch/_inductor/select_algorithm.py:2967] [0/1] Search for `cudaErrorIllegalAddress' in https://docs.nvidia.com/cuda/cuda-runtime-api/group__CUDART__TYPES.html for more information.
E0929 05:31:04.442000 121248 torch/_inductor/select_algorithm.py:2967] [0/1] CUDA kernel errors might be asynchronously reported at some other API call, so the stacktrace below might be incorrect.
E0929 05:31:04.442000 121248 torch/_inductor/select_algorithm.py:2967] [0/1] For debugging consider passing CUDA_LAUNCH_BLOCKING=1
E0929 05:31:04.442000 121248 torch/_inductor/select_algorithm.py:2967] [0/1] Compile with `TORCH_USE_CUDA_DSA` to enable device-side assertions.
E0929 05:31:04.442000 121248 torch/_inductor/select_algorithm.py:2967] [0/1] 
E0929 05:31:04.442000 121248 torch/_inductor/select_algorithm.py:2967] [0/1] 
E0929 05:31:04.442000 121248 torch/_inductor/select_algorithm.py:2967] [0/1] Either error in template or triton bug.
E0929 05:31:04.442000 121248 torch/_inductor/select_algorithm.py:2967] [0/1] . 
E0929 05:31:04.442000 121248 torch/_inductor/select_algorithm.py:2967] [0/1] Ignoring this choice.
E0929 05:31:04.443000 121248 torch/_inductor/select_algorithm.py:2967] [0/1] Runtime error during autotuning: 
E0929 05:31:04.443000 121248 torch/_inductor/select_algorithm.py:2967] [0/1] CUDA error: an illegal memory access was encountered
E0929 05:31:04.443000 121248 torch/_inductor/select_algorithm.py:2967] [0/1] Search for `cudaErrorIllegalAddress' in https://docs.nvidia.com/cuda/cuda-runtime-api/group__CUDART__TYPES.html for more information.
E0929 05:31:04.443000 121248 torch/_inductor/select_algorithm.py:2967] [0/1] CUDA kernel errors might be asynchronously reported at some other API call, so the stacktrace below might be incorrect.
E0929 05:31:04.443000 121248 torch/_inductor/select_algorithm.py:2967] [0/1] For debugging consider passing CUDA_LAUNCH_BLOCKING=1
E0929 05:31:04.443000 121248 torch/_inductor/select_algorithm.py:2967] [0/1] Compile with `TORCH_USE_CUDA_DSA` to enable device-side assertions.
E0929 05:31:04.443000 121248 torch/_inductor/select_algorithm.py:2967] [0/1] 
E0929 05:31:04.443000 121248 torch/_inductor/select_algorithm.py:2967] [0/1] 
E0929 05:31:04.443000 121248 torch/_inductor/select_algorithm.py:2967] [0/1] Either error in template or triton bug.
E0929 05:31:04.443000 121248 torch/_inductor/select_algorithm.py:2967] [0/1] . 
E0929 05:31:04.443000 121248 torch/_inductor/select_algorithm.py:2967] [0/1] Ignoring this choice.
E0929 05:31:04.443000 121248 torch/_inductor/select_algorithm.py:2967] [0/1] Runtime error during autotuning: 
E0929 05:31:04.443000 121248 torch/_inductor/select_algorithm.py:2967] [0/1] CUDA error: an illegal memory access was encountered
E0929 05:31:04.443000 121248 torch/_inductor/select_algorithm.py:2967] [0/1] Search for `cudaErrorIllegalAddress' in https://docs.nvidia.com/cuda/cuda-runtime-api/group__CUDART__TYPES.html for more information.
E0929 05:31:04.443000 121248 torch/_inductor/select_algorithm.py:2967] [0/1] CUDA kernel errors might be asynchronously reported at some other API call, so the stacktrace below might be incorrect.
E0929 05:31:04.443000 121248 torch/_inductor/select_algorithm.py:2967] [0/1] For debugging consider passing CUDA_LAUNCH_BLOCKING=1
E0929 05:31:04.443000 121248 torch/_inductor/select_algorithm.py:2967] [0/1] Compile with `TORCH_USE_CUDA_DSA` to enable device-side assertions.
E0929 05:31:04.443000 121248 torch/_inductor/select_algorithm.py:2967] [0/1] 
E0929 05:31:04.443000 121248 torch/_inductor/select_algorithm.py:2967] [0/1] 
E0929 05:31:04.443000 121248 torch/_inductor/select_algorithm.py:2967] [0/1] Either error in template or triton bug.
E0929 05:31:04.443000 121248 torch/_inductor/select_algorithm.py:2967] [0/1] . 
E0929 05:31:04.443000 121248 torch/_inductor/select_algorithm.py:2967] [0/1] Ignoring this choice.
E0929 05:31:04.443000 121248 torch/_inductor/select_algorithm.py:2967] [0/1] Runtime error during autotuning: 
E0929 05:31:04.443000 121248 torch/_inductor/select_algorithm.py:2967] [0/1] CUDA error: an illegal memory access was encountered
E0929 05:31:04.443000 121248 torch/_inductor/select_algorithm.py:2967] [0/1] Search for `cudaErrorIllegalAddress' in https://docs.nvidia.com/cuda/cuda-runtime-api/group__CUDART__TYPES.html for more information.
E0929 05:31:04.443000 121248 torch/_inductor/select_algorithm.py:2967] [0/1] CUDA kernel errors might be asynchronously reported at some other API call, so the stacktrace below might be incorrect.
E0929 05:31:04.443000 121248 torch/_inductor/select_algorithm.py:2967] [0/1] For debugging consider passing CUDA_LAUNCH_BLOCKING=1
E0929 05:31:04.443000 121248 torch/_inductor/select_algorithm.py:2967] [0/1] Compile with `TORCH_USE_CUDA_DSA` to enable device-side assertions.
E0929 05:31:04.443000 121248 torch/_inductor/select_algorithm.py:2967] [0/1] 
E0929 05:31:04.443000 121248 torch/_inductor/select_algorithm.py:2967] [0/1] 
E0929 05:31:04.443000 121248 torch/_inductor/select_algorithm.py:2967] [0/1] Either error in template or triton bug.
E0929 05:31:04.443000 121248 torch/_inductor/select_algorithm.py:2967] [0/1] . 
E0929 05:31:04.443000 121248 torch/_inductor/select_algorithm.py:2967] [0/1] Ignoring this choice.
E0929 05:31:04.443000 121248 torch/_inductor/select_algorithm.py:2967] [0/1] Runtime error during autotuning: 
E0929 05:31:04.443000 121248 torch/_inductor/select_algorithm.py:2967] [0/1] CUDA error: an illegal memory access was encountered
E0929 05:31:04.443000 121248 torch/_inductor/select_algorithm.py:2967] [0/1] Search for `cudaErrorIllegalAddress' in https://docs.nvidia.com/cuda/cuda-runtime-api/group__CUDART__TYPES.html for more information.
E0929 05:31:04.443000 121248 torch/_inductor/select_algorithm.py:2967] [0/1] CUDA kernel errors might be asynchronously reported at some other API call, so the stacktrace below might be incorrect.
E0929 05:31:04.443000 121248 torch/_inductor/select_algorithm.py:2967] [0/1] For debugging consider passing CUDA_LAUNCH_BLOCKING=1
E0929 05:31:04.443000 121248 torch/_inductor/select_algorithm.py:2967] [0/1] Compile with `TORCH_USE_CUDA_DSA` to enable device-side assertions.
E0929 05:31:04.443000 121248 torch/_inductor/select_algorithm.py:2967] [0/1] 
E0929 05:31:04.443000 121248 torch/_inductor/select_algorithm.py:2967] [0/1] 
E0929 05:31:04.443000 121248 torch/_inductor/select_algorithm.py:2967] [0/1] Either error in template or triton bug.
E0929 05:31:04.443000 121248 torch/_inductor/select_algorithm.py:2967] [0/1] . 
E0929 05:31:04.443000 121248 torch/_inductor/select_algorithm.py:2967] [0/1] Ignoring this choice.
E0929 05:31:04.444000 121248 torch/_inductor/select_algorithm.py:2967] [0/1] Runtime error during autotuning: 
E0929 05:31:04.444000 121248 torch/_inductor/select_algorithm.py:2967] [0/1] CUDA error: an illegal memory access was encountered
E0929 05:31:04.444000 121248 torch/_inductor/select_algorithm.py:2967] [0/1] Search for `cudaErrorIllegalAddress' in https://docs.nvidia.com/cuda/cuda-runtime-api/group__CUDART__TYPES.html for more information.
E0929 05:31:04.444000 121248 torch/_inductor/select_algorithm.py:2967] [0/1] CUDA kernel errors might be asynchronously reported at some other API call, so the stacktrace below might be incorrect.
E0929 05:31:04.444000 121248 torch/_inductor/select_algorithm.py:2967] [0/1] For debugging consider passing CUDA_LAUNCH_BLOCKING=1
E0929 05:31:04.444000 121248 torch/_inductor/select_algorithm.py:2967] [0/1] Compile with `TORCH_USE_CUDA_DSA` to enable device-side assertions.
E0929 05:31:04.444000 121248 torch/_inductor/select_algorithm.py:2967] [0/1] 
E0929 05:31:04.444000 121248 torch/_inductor/select_algorithm.py:2967] [0/1] 
E0929 05:31:04.444000 121248 torch/_inductor/select_algorithm.py:2967] [0/1] Either error in template or triton bug.
E0929 05:31:04.444000 121248 torch/_inductor/select_algorithm.py:2967] [0/1] . 
E0929 05:31:04.444000 121248 torch/_inductor/select_algorithm.py:2967] [0/1] Ignoring this choice.
E0929 05:31:04.444000 121248 torch/_inductor/select_algorithm.py:2967] [0/1] Runtime error during autotuning: 
E0929 05:31:04.444000 121248 torch/_inductor/select_algorithm.py:2967] [0/1] CUDA error: an illegal memory access was encountered
E0929 05:31:04.444000 121248 torch/_inductor/select_algorithm.py:2967] [0/1] Search for `cudaErrorIllegalAddress' in https://docs.nvidia.com/cuda/cuda-runtime-api/group__CUDART__TYPES.html for more information.
E0929 05:31:04.444000 121248 torch/_inductor/select_algorithm.py:2967] [0/1] CUDA kernel errors might be asynchronously reported at some other API call, so the stacktrace below might be incorrect.
E0929 05:31:04.444000 121248 torch/_inductor/select_algorithm.py:2967] [0/1] For debugging consider passing CUDA_LAUNCH_BLOCKING=1
E0929 05:31:04.444000 121248 torch/_inductor/select_algorithm.py:2967] [0/1] Compile with `TORCH_USE_CUDA_DSA` to enable device-side assertions.
E0929 05:31:04.444000 121248 torch/_inductor/select_algorithm.py:2967] [0/1] 
E0929 05:31:04.444000 121248 torch/_inductor/select_algorithm.py:2967] [0/1] 
E0929 05:31:04.444000 121248 torch/_inductor/select_algorithm.py:2967] [0/1] Either error in template or triton bug.
E0929 05:31:04.444000 121248 torch/_inductor/select_algorithm.py:2967] [0/1] . 
E0929 05:31:04.444000 121248 torch/_inductor/select_algorithm.py:2967] [0/1] Ignoring this choice.
E0929 05:31:04.444000 121248 torch/_inductor/select_algorithm.py:2967] [0/1] Runtime error during autotuning: 
E0929 05:31:04.444000 121248 torch/_inductor/select_algorithm.py:2967] [0/1] CUDA error: an illegal memory access was encountered
E0929 05:31:04.444000 121248 torch/_inductor/select_algorithm.py:2967] [0/1] Search for `cudaErrorIllegalAddress' in https://docs.nvidia.com/cuda/cuda-runtime-api/group__CUDART__TYPES.html for more information.
E0929 05:31:04.444000 121248 torch/_inductor/select_algorithm.py:2967] [0/1] CUDA kernel errors might be asynchronously reported at some other API call, so the stacktrace below might be incorrect.
E0929 05:31:04.444000 121248 torch/_inductor/select_algorithm.py:2967] [0/1] For debugging consider passing CUDA_LAUNCH_BLOCKING=1
E0929 05:31:04.444000 121248 torch/_inductor/select_algorithm.py:2967] [0/1] Compile with `TORCH_USE_CUDA_DSA` to enable device-side assertions.
E0929 05:31:04.444000 121248 torch/_inductor/select_algorithm.py:2967] [0/1] 
E0929 05:31:04.444000 121248 torch/_inductor/select_algorithm.py:2967] [0/1] 
E0929 05:31:04.444000 121248 torch/_inductor/select_algorithm.py:2967] [0/1] Either error in template or triton bug.
E0929 05:31:04.444000 121248 torch/_inductor/select_algorithm.py:2967] [0/1] . 
E0929 05:31:04.444000 121248 torch/_inductor/select_algorithm.py:2967] [0/1] Ignoring this choice.
E0929 05:31:04.444000 121248 torch/_inductor/select_algorithm.py:2967] [0/1] Runtime error during autotuning: 
E0929 05:31:04.444000 121248 torch/_inductor/select_algorithm.py:2967] [0/1] CUDA error: an illegal memory access was encountered
E0929 05:31:04.444000 121248 torch/_inductor/select_algorithm.py:2967] [0/1] Search for `cudaErrorIllegalAddress' in https://docs.nvidia.com/cuda/cuda-runtime-api/group__CUDART__TYPES.html for more information.
E0929 05:31:04.444000 121248 torch/_inductor/select_algorithm.py:2967] [0/1] CUDA kernel errors might be asynchronously reported at some other API call, so the stacktrace below might be incorrect.
E0929 05:31:04.444000 121248 torch/_inductor/select_algorithm.py:2967] [0/1] For debugging consider passing CUDA_LAUNCH_BLOCKING=1
E0929 05:31:04.444000 121248 torch/_inductor/select_algorithm.py:2967] [0/1] Compile with `TORCH_USE_CUDA_DSA` to enable device-side assertions.
E0929 05:31:04.444000 121248 torch/_inductor/select_algorithm.py:2967] [0/1] 
E0929 05:31:04.444000 121248 torch/_inductor/select_algorithm.py:2967] [0/1] 
E0929 05:31:04.444000 121248 torch/_inductor/select_algorithm.py:2967] [0/1] Either error in template or triton bug.
E0929 05:31:04.444000 121248 torch/_inductor/select_algorithm.py:2967] [0/1] . 
E0929 05:31:04.444000 121248 torch/_inductor/select_algorithm.py:2967] [0/1] Ignoring this choice.
E0929 05:31:04.445000 121248 torch/_inductor/select_algorithm.py:2967] [0/1] Runtime error during autotuning: 
E0929 05:31:04.445000 121248 torch/_inductor/select_algorithm.py:2967] [0/1] CUDA error: an illegal memory access was encountered
E0929 05:31:04.445000 121248 torch/_inductor/select_algorithm.py:2967] [0/1] Search for `cudaErrorIllegalAddress' in https://docs.nvidia.com/cuda/cuda-runtime-api/group__CUDART__TYPES.html for more information.
E0929 05:31:04.445000 121248 torch/_inductor/select_algorithm.py:2967] [0/1] CUDA kernel errors might be asynchronously reported at some other API call, so the stacktrace below might be incorrect.
E0929 05:31:04.445000 121248 torch/_inductor/select_algorithm.py:2967] [0/1] For debugging consider passing CUDA_LAUNCH_BLOCKING=1
E0929 05:31:04.445000 121248 torch/_inductor/select_algorithm.py:2967] [0/1] Compile with `TORCH_USE_CUDA_DSA` to enable device-side assertions.
E0929 05:31:04.445000 121248 torch/_inductor/select_algorithm.py:2967] [0/1] 
E0929 05:31:04.445000 121248 torch/_inductor/select_algorithm.py:2967] [0/1] 
E0929 05:31:04.445000 121248 torch/_inductor/select_algorithm.py:2967] [0/1] Either error in template or triton bug.
E0929 05:31:04.445000 121248 torch/_inductor/select_algorithm.py:2967] [0/1] . 
E0929 05:31:04.445000 121248 torch/_inductor/select_algorithm.py:2967] [0/1] Ignoring this choice.
E0929 05:31:04.445000 121248 torch/_inductor/select_algorithm.py:2967] [0/1] Runtime error during autotuning: 
E0929 05:31:04.445000 121248 torch/_inductor/select_algorithm.py:2967] [0/1] CUDA error: an illegal memory access was encountered
E0929 05:31:04.445000 121248 torch/_inductor/select_algorithm.py:2967] [0/1] Search for `cudaErrorIllegalAddress' in https://docs.nvidia.com/cuda/cuda-runtime-api/group__CUDART__TYPES.html for more information.
E0929 05:31:04.445000 121248 torch/_inductor/select_algorithm.py:2967] [0/1] CUDA kernel errors might be asynchronously reported at some other API call, so the stacktrace below might be incorrect.
E0929 05:31:04.445000 121248 torch/_inductor/select_algorithm.py:2967] [0/1] For debugging consider passing CUDA_LAUNCH_BLOCKING=1
E0929 05:31:04.445000 121248 torch/_inductor/select_algorithm.py:2967] [0/1] Compile with `TORCH_USE_CUDA_DSA` to enable device-side assertions.
E0929 05:31:04.445000 121248 torch/_inductor/select_algorithm.py:2967] [0/1] 
E0929 05:31:04.445000 121248 torch/_inductor/select_algorithm.py:2967] [0/1] 
E0929 05:31:04.445000 121248 torch/_inductor/select_algorithm.py:2967] [0/1] Either error in template or triton bug.
E0929 05:31:04.445000 121248 torch/_inductor/select_algorithm.py:2967] [0/1] . 
E0929 05:31:04.445000 121248 torch/_inductor/select_algorithm.py:2967] [0/1] Ignoring this choice.
E0929 05:31:04.445000 121248 torch/_inductor/select_algorithm.py:2967] [0/1] Runtime error during autotuning: 
E0929 05:31:04.445000 121248 torch/_inductor/select_algorithm.py:2967] [0/1] CUDA error: an illegal memory access was encountered
E0929 05:31:04.445000 121248 torch/_inductor/select_algorithm.py:2967] [0/1] Search for `cudaErrorIllegalAddress' in https://docs.nvidia.com/cuda/cuda-runtime-api/group__CUDART__TYPES.html for more information.
E0929 05:31:04.445000 121248 torch/_inductor/select_algorithm.py:2967] [0/1] CUDA kernel errors might be asynchronously reported at some other API call, so the stacktrace below might be incorrect.
E0929 05:31:04.445000 121248 torch/_inductor/select_algorithm.py:2967] [0/1] For debugging consider passing CUDA_LAUNCH_BLOCKING=1
E0929 05:31:04.445000 121248 torch/_inductor/select_algorithm.py:2967] [0/1] Compile with `TORCH_USE_CUDA_DSA` to enable device-side assertions.
E0929 05:31:04.445000 121248 torch/_inductor/select_algorithm.py:2967] [0/1] 
E0929 05:31:04.445000 121248 torch/_inductor/select_algorithm.py:2967] [0/1] 
E0929 05:31:04.445000 121248 torch/_inductor/select_algorithm.py:2967] [0/1] Either error in template or triton bug.
E0929 05:31:04.445000 121248 torch/_inductor/select_algorithm.py:2967] [0/1] . 
E0929 05:31:04.445000 121248 torch/_inductor/select_algorithm.py:2967] [0/1] Ignoring this choice.
Autotune Choices Stats:
{"num_choices": 17, "num_triton_choices": 15, "best_kernel": "bias_addmm", "best_time": 4.341760158538818, "best_triton_pos": 2, "best_triton_time": Infinity, "best_triton_kernel": "triton_mm_105", "best_triton_kernel_desc": "ACC_TYPE='tl.float32', ALLOW_TF32=True, BLOCK_K=16, BLOCK_M=32, BLOCK_N=32, EVEN_K=True, GROUP_M=8, USE_FAST_ACCUM=False, num_stages=1, num_warps=2"}
AUTOTUNE addmm(4194305x256, 4194305x512, 512x256)
strides: [0, 1], [512, 1], [1, 512]
dtypes: torch.bfloat16, torch.bfloat16, torch.bfloat16
  bias_addmm 4.3418 ms 100.0% 
  addmm 7.2093 ms 60.2% 
  triton_mm_105 inf ms 0.0% ACC_TYPE='tl.float32', ALLOW_TF32=True, BLOCK_K=16, BLOCK_M=32, BLOCK_N=32, EVEN_K=True, GROUP_M=8, USE_FAST_ACCUM=False, num_stages=1, num_warps=2
  triton_mm_106 inf ms 0.0% ACC_TYPE='tl.float32', ALLOW_TF32=True, BLOCK_K=128, BLOCK_M=32, BLOCK_N=32, EVEN_K=True, GROUP_M=8, USE_FAST_ACCUM=False, num_stages=2, num_warps=4
  triton_mm_107 inf ms 0.0% ACC_TYPE='tl.float32', ALLOW_TF32=True, BLOCK_K=32, BLOCK_M=32, BLOCK_N=64, EVEN_K=True, GROUP_M=8, USE_FAST_ACCUM=False, num_stages=5, num_warps=8
  triton_mm_108 inf ms 0.0% ACC_TYPE='tl.float32', ALLOW_TF32=True, BLOCK_K=32, BLOCK_M=64, BLOCK_N=32, EVEN_K=True, GROUP_M=8, USE_FAST_ACCUM=False, num_stages=5, num_warps=8
  triton_mm_109 inf ms 0.0% ACC_TYPE='tl.float32', ALLOW_TF32=True, BLOCK_K=16, BLOCK_M=64, BLOCK_N=64, EVEN_K=True, GROUP_M=8, USE_FAST_ACCUM=False, num_stages=2, num_warps=4
  triton_mm_110 inf ms 0.0% ACC_TYPE='tl.float32', ALLOW_TF32=True, BLOCK_K=32, BLOCK_M=64, BLOCK_N=64, EVEN_K=True, GROUP_M=8, USE_FAST_ACCUM=False, num_stages=2, num_warps=4
  triton_mm_111 inf ms 0.0% ACC_TYPE='tl.float32', ALLOW_TF32=True, BLOCK_K=64, BLOCK_M=64, BLOCK_N=64, EVEN_K=True, GROUP_M=8, USE_FAST_ACCUM=False, num_stages=3, num_warps=8
  triton_mm_112 inf ms 0.0% ACC_TYPE='tl.float32', ALLOW_TF32=True, BLOCK_K=32, BLOCK_M=64, BLOCK_N=128, EVEN_K=True, GROUP_M=8, USE_FAST_ACCUM=False, num_stages=3, num_warps=4
SingleProcess AUTOTUNE benchmarking takes 0.2145 seconds and 0.0005 seconds precompiling for 17 choices
Traceback (most recent call last):
  File "/workspace/kg-v3/runs/gemm-limits-2026-09-29/probe_linear.py", line 172, in <module>
    main()
  File "/workspace/kg-v3/runs/gemm-limits-2026-09-29/probe_linear.py", line 165, in main
    rec = run_point(model, fn, m, k, backward, args.seed)
          ^^^^^^^^^^^^^^^^^^^^^^^^^^^^^^^^^^^^^^^^^^^^^^^
  File "/workspace/kg-v3/runs/gemm-limits-2026-09-29/probe_linear.py", line 115, in run_point
    y = f(xg)
        ^^^^^
  File "/workspace/kg-v3/.venv/lib/python3.12/site-packages/torch/_dynamo/eval_frame.py", line 414, in __call__
    return super().__call__(*args, **kwargs)
           ^^^^^^^^^^^^^^^^^^^^^^^^^^^^^^^^^
  File "/workspace/kg-v3/.venv/lib/python3.12/site-packages/torch/nn/modules/module.py", line 1775, in _wrapped_call_impl
    return self._call_impl(*args, **kwargs)
           ^^^^^^^^^^^^^^^^^^^^^^^^^^^^^^^^
  File "/workspace/kg-v3/.venv/lib/python3.12/site-packages/torch/nn/modules/module.py", line 1786, in _call_impl
    return forward_call(*args, **kwargs)
           ^^^^^^^^^^^^^^^^^^^^^^^^^^^^^
  File "/workspace/kg-v3/.venv/lib/python3.12/site-packages/torch/_dynamo/eval_frame.py", line 832, in compile_wrapper
    return fn(*args, **kwargs)
           ^^^^^^^^^^^^^^^^^^^
  File "/workspace/kg-v3/.venv/lib/python3.12/site-packages/torch/nn/modules/module.py", line 1775, in _wrapped_call_impl
    return self._call_impl(*args, **kwargs)
           ^^^^^^^^^^^^^^^^^^^^^^^^^^^^^^^^
  File "/workspace/kg-v3/.venv/lib/python3.12/site-packages/torch/nn/modules/module.py", line 1786, in _call_impl
    return forward_call(*args, **kwargs)
           ^^^^^^^^^^^^^^^^^^^^^^^^^^^^^
  File "/workspace/kg-v3/.venv/lib/python3.12/site-packages/torch/_dynamo/convert_frame.py", line 1874, in __call__
    result = self._torchdynamo_orig_backend(
             ^^^^^^^^^^^^^^^^^^^^^^^^^^^^^^^
  File "/workspace/kg-v3/.venv/lib/python3.12/site-packages/torch/_dynamo/convert_frame.py", line 1624, in __call__
    result = self._inner_convert(
             ^^^^^^^^^^^^^^^^^^^^
  File "/workspace/kg-v3/.venv/lib/python3.12/site-packages/torch/_dynamo/convert_frame.py", line 688, in __call__
    result = _compile(
             ^^^^^^^^^
  File "/workspace/kg-v3/.venv/lib/python3.12/site-packages/torch/_dynamo/convert_frame.py", line 1494, in _compile
    raise InternalTorchDynamoError(
  File "/workspace/kg-v3/.venv/lib/python3.12/site-packages/torch/_dynamo/convert_frame.py", line 1433, in _compile
    guarded_code, tracer_output = compile_inner(code, one_graph, hooks)
                                  ^^^^^^^^^^^^^^^^^^^^^^^^^^^^^^^^^^^^^
  File "/workspace/kg-v3/.venv/lib/python3.12/site-packages/torch/_utils_internal.py", line 92, in wrapper_function
    return function(*args, **kwargs)
           ^^^^^^^^^^^^^^^^^^^^^^^^^
  File "/workspace/kg-v3/.venv/lib/python3.12/site-packages/torch/_dynamo/convert_frame.py", line 1117, in compile_inner
    return _compile_inner(code, one_graph, hooks)
           ^^^^^^^^^^^^^^^^^^^^^^^^^^^^^^^^^^^^^^
  File "/workspace/kg-v3/.venv/lib/python3.12/site-packages/torch/_dynamo/convert_frame.py", line 1151, in _compile_inner
    dynamo_output = compile_frame(
                    ^^^^^^^^^^^^^^
  File "/workspace/kg-v3/.venv/lib/python3.12/site-packages/torch/_dynamo/convert_frame.py", line 1032, in compile_frame
    bytecode, tracer_output = transform_code_object(code, transform)
                              ^^^^^^^^^^^^^^^^^^^^^^^^^^^^^^^^^^^^^^
  File "/workspace/kg-v3/.venv/lib/python3.12/site-packages/torch/_dynamo/bytecode_transformation.py", line 1592, in transform_code_object
    tracer_output = transformations(instructions, code_options)
                    ^^^^^^^^^^^^^^^^^^^^^^^^^^^^^^^^^^^^^^^^^^^
  File "/workspace/kg-v3/.venv/lib/python3.12/site-packages/torch/_dynamo/convert_frame.py", line 1004, in transform
    tracer_output = trace_frame(
                    ^^^^^^^^^^^^
  File "/workspace/kg-v3/.venv/lib/python3.12/site-packages/torch/_dynamo/convert_frame.py", line 333, in _fn
    torch.cuda.set_rng_state(cuda_rng_state)
  File "/workspace/kg-v3/.venv/lib/python3.12/site-packages/torch/cuda/random.py", line 79, in set_rng_state
    _lazy_call(cb)
  File "/workspace/kg-v3/.venv/lib/python3.12/site-packages/torch/cuda/__init__.py", line 341, in _lazy_call
    callable()
  File "/workspace/kg-v3/.venv/lib/python3.12/site-packages/torch/cuda/random.py", line 77, in cb
    default_generator.set_state(new_state)
torch._dynamo.exc.InternalTorchDynamoError: AcceleratorError: CUDA error: an illegal memory access was encountered
Search for `cudaErrorIllegalAddress' in https://docs.nvidia.com/cuda/cuda-runtime-api/group__CUDART__TYPES.html for more information.
CUDA kernel errors might be asynchronously reported at some other API call, so the stacktrace below might be incorrect.
For debugging consider passing CUDA_LAUNCH_BLOCKING=1
Compile with `TORCH_USE_CUDA_DSA` to enable device-side assertions.


