start 2026-09-30T20:14:58Z agent=/root/anchor-eval/pkgs/110M-ft-on-6206b7c5a21a/agent out=110M-ft-on parallel=30
2026-09-30T20:17:11Z 110M-smaller_market_shock-s93001-seat1 exit=0 wall=133s
2026-09-30T20:17:34Z 110M-smaller_market_shock-s93005-seat0 exit=0 wall=156s
2026-09-30T20:17:41Z 110M-smaller_market_shock-s93008-seat0 exit=0 wall=163s
2026-09-30T20:17:42Z 110M-cha22-s93006-seat1 exit=0 wall=164s
2026-09-30T20:17:42Z 110M-cha22-s93004-seat1 exit=0 wall=164s
2026-09-30T20:17:43Z 110M-cha22-s93001-seat1 exit=0 wall=165s
2026-09-30T20:17:44Z 110M-smaller_market_shock-s93004-seat0 exit=0 wall=166s
2026-09-30T20:17:45Z 110M-smaller_market_shock-s93001-seat0 exit=0 wall=167s
2026-09-30T20:17:45Z 110M-smaller_market_shock-s93005-seat1 exit=0 wall=167s
2026-09-30T20:17:46Z 110M-cha22-s93005-seat1 exit=0 wall=168s
2026-09-30T20:17:48Z 110M-smaller_market_shock-s93003-seat0 exit=0 wall=170s
2026-09-30T20:17:49Z 110M-smaller_market_shock-s93004-seat1 exit=0 wall=171s
2026-09-30T20:17:49Z 110M-cha22-s93003-seat1 exit=0 wall=171s
2026-09-30T20:17:49Z 110M-smaller_market_shock-s93006-seat1 exit=0 wall=171s
2026-09-30T20:17:52Z 110M-smaller_market_shock-s93003-seat1 exit=0 wall=174s
2026-09-30T20:17:52Z 110M-smaller_market_shock-s93007-seat0 exit=0 wall=174s
2026-09-30T20:17:52Z 110M-cha22-s93006-seat0 exit=0 wall=174s
2026-09-30T20:17:53Z 110M-cha22-s93001-seat0 exit=0 wall=175s
2026-09-30T20:17:54Z 110M-smaller_market_shock-s93002-seat0 exit=0 wall=176s
2026-09-30T20:17:54Z 110M-smaller_market_shock-s93007-seat1 exit=0 wall=176s
2026-09-30T20:17:55Z 110M-smaller_market_shock-s93006-seat0 exit=0 wall=177s
2026-09-30T20:17:55Z 110M-cha22-s93004-seat0 exit=0 wall=177s
2026-09-30T20:17:56Z 110M-smaller_market_shock-s93008-seat1 exit=0 wall=178s
2026-09-30T20:17:57Z 110M-cha22-s93002-seat0 exit=0 wall=179s
2026-09-30T20:17:57Z 110M-cha22-s93007-seat0 exit=0 wall=179s
2026-09-30T20:17:57Z 110M-cha22-s93005-seat0 exit=0 wall=179s
2026-09-30T20:17:59Z 110M-smaller_market_shock-s93002-seat1 exit=0 wall=181s
2026-09-30T20:17:59Z 110M-cha22-s93003-seat0 exit=0 wall=181s
2026-09-30T20:17:59Z 110M-cha22-s93002-seat1 exit=0 wall=181s
2026-09-30T20:18:00Z 110M-cha22-s93007-seat1 exit=0 wall=182s
2026-09-30T20:19:31Z 110M-cha22-s93008-seat0 exit=0 wall=140s
2026-09-30T20:19:39Z 110M-cha22-s93008-seat1 exit=0 wall=125s
2026-09-30T20:19:42Z 110M-v56-s93001-seat1 exit=0 wall=120s
2026-09-30T20:19:44Z 110M-v56-s93005-seat0 exit=0 wall=116s
2026-09-30T20:19:45Z 110M-v56-s93004-seat1 exit=0 wall=119s
2026-09-30T20:19:46Z 110M-v56-s93001-seat0 exit=0 wall=125s
2026-09-30T20:19:48Z 110M-v56-s93003-seat0 exit=0 wall=124s
2026-09-30T20:19:49Z 110M-v56-s93004-seat0 exit=0 wall=124s
2026-09-30T20:19:52Z 110M-v56-s93002-seat1 exit=0 wall=129s
2026-09-30T20:19:52Z 110M-v56-s93005-seat1 exit=0 wall=123s
2026-09-30T20:19:52Z 110M-v56-s93006-seat0 exit=0 wall=123s
2026-09-30T20:19:52Z 110M-v56-s93007-seat0 exit=0 wall=120s
2026-09-30T20:20:30Z 110M-v56-s93007-seat1 exit=0 wall=158s
2026-09-30T20:20:32Z 110M-v56-s93008-seat1 exit=0 wall=159s
2026-09-30T20:20:33Z 110M-v56-s93002-seat0 exit=0 wall=171s
2026-09-30T20:20:40Z 110M-v56-s93003-seat1 exit=0 wall=175s
2026-09-30T20:20:40Z 110M-v56-s93006-seat1 exit=0 wall=171s
2026-09-30T20:20:44Z 110M-v56-s93008-seat0 exit=0 wall=172s
end 2026-09-30T20:20:44Z wall_s=346
{"receipts": 48, "qualified": 48, "engine_sha256": ["f73d27ce04a6fd5ddcdd59c618e1da8c9b6fb2f27f5cf9cdc27efad942345004"], "manifest_sha256": ["d4fd94208b28f6c48cfa0c186c970eec3fe979bbc3267d9a27959a796224803d"]}
