uvx ruff check python/ scripts/ tests/ --select I --fix
All checks passed!
uvx ruff format python/ scripts/ tests/
131 files left unchanged
uv run python scripts/check_python_311_syntax.py
uvx ruff check python/ scripts/ tests/
All checks passed!
uv run mypy python/ scripts/
Success: no issues found in 68 source files
uv run pytest tests/ -m "not slow"
============================= test session starts ==============================
platform darwin -- Python 3.12.13, pytest-9.0.3, pluggy-1.6.0
rootdir: /Users/poonszesen/kg-v3-t73
configfile: pyproject.toml
plugins: anyio-4.14.2
collected 2219 items

tests/kaggriculture/test_base_generics_typing.py .                       [  0%]
tests/kaggriculture/test_compile_gemm_backends.py ...................... [  1%]
.................................                                        [  2%]
tests/kaggriculture/test_configs.py .................................... [  4%]
...                                                                      [  4%]
tests/kaggriculture/test_env_reference.py .                              [  4%]
tests/kaggriculture/test_evaluation.py .............                     [  4%]
tests/kaggriculture/test_gpu_grammar.py .......................s         [  5%]
tests/kaggriculture/test_model_compile.py ...........                    [  6%]
tests/kaggriculture/test_model_encoder.py .............................. [  7%]
.............                                                            [  8%]
tests/kaggriculture/test_model_heads.py ................................ [  9%]
.................................                                        [ 11%]
tests/kaggriculture/test_model_registration.py .......                   [ 11%]
tests/kaggriculture/test_native_env.py ................................. [ 13%]
........................................................................ [ 16%]
........................................................................ [ 19%]
........................................................................ [ 22%]
........................................................................ [ 26%]
.......................                                                  [ 27%]
tests/kaggriculture/test_native_grammar_bindings.py .................... [ 28%]
.......................                                                  [ 29%]
tests/kaggriculture/test_observe.py ..ss................................ [ 30%]
.....................                                                    [ 31%]
tests/kaggriculture/test_replay_export.py .............................. [ 33%]
........................                                                 [ 34%]
tests/kaggriculture/test_replay_export_integration.py ..........         [ 34%]
tests/kaggriculture/test_replay_export_oracles.py ...........            [ 35%]
tests/kaggriculture/test_teacher.py .................................... [ 36%]
..........s..sss                                                         [ 37%]
tests/kaggriculture/test_training_semantics.py .......................   [ 38%]
tests/kaggriculture/test_types.py ...................................... [ 40%]
........................................................................ [ 43%]
................                                                         [ 44%]
tests/owl/agent/test_agent.py .......................................... [ 46%]
...........                                                              [ 46%]
tests/owl/agent/test_kaggle_engine_sanitization.py ....                  [ 46%]
tests/owl/agent/test_kaggle_observation.py ...                           [ 46%]
tests/owl/model/test_attn.py .....ss                                     [ 47%]
tests/owl/model/test_model_config_files.py ............................. [ 48%]
..................                                                       [ 49%]
tests/owl/model/test_recurrent_transformer_v1.py ..............          [ 49%]
tests/owl/model/test_stateless_transformer_v1.py ....................... [ 50%]
........................................................................ [ 54%]
...............................                                          [ 55%]
tests/owl/model/test_teacher_targets.py ............................     [ 56%]
tests/owl/test_checkpoint_quantization.py .............................. [ 58%]
..............                                                           [ 58%]
tests/owl/test_config.py .........                                       [ 59%]
tests/owl/test_int8_emulation.py ...s                                    [ 59%]
tests/owl/test_replay.py ...                                             [ 59%]
tests/owl/test_rl.py ................................................... [ 61%]
...........................                                              [ 63%]
tests/owl/train/test_advantages.py ..............                        [ 63%]
tests/owl/train/test_config.py ......................................... [ 65%]
...........................                                              [ 66%]
tests/owl/train/test_distributed.py ...................                  [ 67%]
tests/owl/train/test_logging.py ..                                       [ 67%]
tests/owl/train/test_loss.py .............                               [ 68%]
tests/owl/train/test_metrics.py ..                                       [ 68%]
tests/owl/train/test_optimizer.py ...........                            [ 68%]
tests/owl/train/test_ppo.py ............................................ [ 70%]
...............................                                          [ 72%]
tests/owl/train/test_ppo_observation_mapping.py ........................ [ 73%]
........................................................................ [ 76%]
........................................................................ [ 79%]
...                                                                      [ 79%]
tests/scripts/test_benchmark_checkpoints.py ............................ [ 81%]
.........                                                                [ 81%]
tests/scripts/test_download_replays.py ....                              [ 81%]
tests/scripts/test_extract_model_weights.py .................            [ 82%]
tests/scripts/test_kaggriculture_parity.py ..................            [ 83%]
tests/scripts/test_kaggriculture_select_replays.py .................     [ 84%]
tests/scripts/test_roundtrip_checkpoint_quantization.py ................ [ 84%]
..                                                                       [ 84%]
tests/scripts/test_run_ppo.py .......................................... [ 86%]
...............................................ss.............           [ 89%]
tests/tools/test_check_engine_trim.py .................................. [ 91%]
.............................................                            [ 93%]
tests/tools/test_observation_oracle_custody.py ......................... [ 94%]
............................                                             [ 95%]
tests/tools/test_record_grammar_reference.py .........................   [ 96%]
tests/tools/test_record_kaggriculture_env_reference.py ................. [ 97%]
.........................................                                [ 99%]
tests/tools/test_replay_trim_manifest.py .............                   [ 99%]
tests/tools/test_replay_viewer.py ..                                     [100%]

=========================== short test summary info ============================
SKIPPED [1] tests/kaggriculture/test_gpu_grammar.py:171: Task 1.2/1.4 native grammar binding not available: native grammar tables arrive with Task 1.2/1.4 (owl.rs.kaggriculture_grammar_tables); use expected_grammar_tables until the binding exists
SKIPPED [2] tests/kaggriculture/test_observe.py:288: pinned host memory requires CUDA
SKIPPED [1] tests/kaggriculture/test_teacher.py:1355: needs Task 3.1 trainer seam (Kaggriculture rollout storage and action mapping in ppo.py; the merged trainer rejects KaggricultureActionMask)
SKIPPED [1] tests/kaggriculture/test_teacher.py:1624: needs the Task 3.1 run_ppo game seam and the Task 1.4 native env (the merged configs load, but run_ppo stops because no Kaggriculture environment exists)
SKIPPED [1] tests/kaggriculture/test_teacher.py:1653: needs the Task 3.1 run_ppo game seam and the Task 1.4 native env (the merged configs load, but run_ppo stops because no Kaggriculture environment exists)
SKIPPED [1] tests/kaggriculture/test_teacher.py:1689: needs Task 3.1 trainer seam (Kaggriculture rollout storage and action mapping in ppo.py; the merged trainer rejects KaggricultureActionMask)
SKIPPED [1] tests/owl/model/test_attn.py:60: flash-attn CUDA backend is not available
SKIPPED [1] tests/owl/model/test_attn.py:80: flash-attn CUDA backend is not available
SKIPPED [1] tests/owl/test_int8_emulation.py:15: x86 torch quantized backend is unavailable: qnnpack
SKIPPED [1] tests/scripts/test_run_ppo.py:3047: Needs the native Kaggriculture environment and its EnvConfig seed (rebuild Tasks 1.4/1.5).
SKIPPED [1] tests/scripts/test_run_ppo.py:3061: Needs the Task 1.5 adapter and a model token policy so _evaluate_games can call owl.kaggriculture.native_evaluation.evaluate_native_games.
================= 2207 passed, 12 skipped in 217.43s (0:03:37) =================
uv run python scripts/check_doc_freshness.py
No doc updates required
