{"unix": 1790678878.706, "event": "process", "case": "isF_comp_default", "dryrun": false, "torch": "2.9.0+cu128", "torch_git": "0fabc3ba44823f257e70ce397d989c8de5e362c1", "cuda_runtime": "12.8", "model_file": "/workspace/kg-v3-rebuild/python/owl/model/stateless_transformer_v1.py", "flash_attn_available": true, "max_autotune_gemm_backends": "ATEN,TRITON,CPP", "tf32_matmul": true, "tf32_cudnn": true, "actor_head_init_gain_src": 0.01, "critic_head_init_gain_src": 1.0, "git": {"head": "8fde43cd7408c9c4f9147eeb8f916bd08f8266ed", "tree": "70d50fa37e66aa322e8db00c9359d3f9e3031499", "porcelain": ""}, "flash_attn": "2.8.3", "triton": "3.5.0", "device_name": "NVIDIA RTX PRO 6000 Blackwell Server Edition", "cuda_visible_devices": "1"}
Autotune Choices Stats:
{"num_choices": 16, "num_triton_choices": 15, "best_kernel": "triton_mm_69", "best_kernel_desc": "ACC_TYPE='tl.float32', ALLOW_TF32=True, BLOCK_K=64, BLOCK_M=64, BLOCK_N=128, EVEN_K=True, GROUP_M=8, USE_FAST_ACCUM=False, num_stages=3, num_warps=4", "best_time": 0.0297279991209507, "best_triton_pos": 0}
AUTOTUNE mm(15663x256, 256x512)
strides: [256, 1], [1, 256]
dtypes: torch.bfloat16, torch.bfloat16
  triton_mm_69 0.0297 ms 100.0% ACC_TYPE='tl.float32', ALLOW_TF32=True, BLOCK_K=64, BLOCK_M=64, BLOCK_N=128, EVEN_K=True, GROUP_M=8, USE_FAST_ACCUM=False, num_stages=3, num_warps=4
  triton_mm_66 0.0330 ms 90.1% ACC_TYPE='tl.float32', ALLOW_TF32=True, BLOCK_K=64, BLOCK_M=64, BLOCK_N=64, EVEN_K=True, GROUP_M=8, USE_FAST_ACCUM=False, num_stages=3, num_warps=8
  triton_mm_74 0.0333 ms 89.3% ACC_TYPE='tl.float32', ALLOW_TF32=True, BLOCK_K=64, BLOCK_M=128, BLOCK_N=128, EVEN_K=True, GROUP_M=8, USE_FAST_ACCUM=False, num_stages=3, num_warps=4
  triton_mm_68 0.0355 ms 83.8% ACC_TYPE='tl.float32', ALLOW_TF32=True, BLOCK_K=32, BLOCK_M=64, BLOCK_N=128, EVEN_K=True, GROUP_M=8, USE_FAST_ACCUM=False, num_stages=4, num_warps=8
  triton_mm_67 0.0376 ms 79.1% ACC_TYPE='tl.float32', ALLOW_TF32=True, BLOCK_K=32, BLOCK_M=64, BLOCK_N=128, EVEN_K=True, GROUP_M=8, USE_FAST_ACCUM=False, num_stages=3, num_warps=4
  triton_mm_70 0.0389 ms 76.5% ACC_TYPE='tl.float32', ALLOW_TF32=True, BLOCK_K=32, BLOCK_M=128, BLOCK_N=64, EVEN_K=True, GROUP_M=8, USE_FAST_ACCUM=False, num_stages=3, num_warps=4
  triton_mm_71 0.0389 ms 76.4% ACC_TYPE='tl.float32', ALLOW_TF32=True, BLOCK_K=32, BLOCK_M=128, BLOCK_N=64, EVEN_K=True, GROUP_M=8, USE_FAST_ACCUM=False, num_stages=4, num_warps=8
  triton_mm_73 0.0395 ms 75.3% ACC_TYPE='tl.float32', ALLOW_TF32=True, BLOCK_K=32, BLOCK_M=128, BLOCK_N=128, EVEN_K=True, GROUP_M=8, USE_FAST_ACCUM=False, num_stages=3, num_warps=4
  triton_mm_62 0.0409 ms 72.6% ACC_TYPE='tl.float32', ALLOW_TF32=True, BLOCK_K=32, BLOCK_M=32, BLOCK_N=64, EVEN_K=True, GROUP_M=8, USE_FAST_ACCUM=False, num_stages=5, num_warps=8
  triton_mm_65 0.0423 ms 70.2% ACC_TYPE='tl.float32', ALLOW_TF32=True, BLOCK_K=32, BLOCK_M=64, BLOCK_N=64, EVEN_K=True, GROUP_M=8, USE_FAST_ACCUM=False, num_stages=2, num_warps=4
SingleProcess AUTOTUNE benchmarking takes 0.3748 seconds and 0.0002 seconds precompiling for 16 choices
Autotune Choices Stats:
{"num_choices": 17, "num_triton_choices": 15, "best_kernel": "triton_mm_6", "best_kernel_desc": "ACC_TYPE='tl.float32', ALLOW_TF32=True, BLOCK_K=64, BLOCK_M=64, BLOCK_N=64, EVEN_K=True, GROUP_M=8, USE_FAST_ACCUM=False, num_stages=3, num_warps=8", "best_time": 0.02239999920129776, "best_triton_pos": 0}
AUTOTUNE addmm(15663x256, 15663x256, 256x256)
strides: [0, 1], [256, 1], [1, 256]
dtypes: torch.bfloat16, torch.bfloat16, torch.bfloat16
  triton_mm_6 0.0224 ms 100.0% ACC_TYPE='tl.float32', ALLOW_TF32=True, BLOCK_K=64, BLOCK_M=64, BLOCK_N=64, EVEN_K=True, GROUP_M=8, USE_FAST_ACCUM=False, num_stages=3, num_warps=8
  triton_mm_9 0.0234 ms 95.8% ACC_TYPE='tl.float32', ALLOW_TF32=True, BLOCK_K=64, BLOCK_M=64, BLOCK_N=128, EVEN_K=True, GROUP_M=8, USE_FAST_ACCUM=False, num_stages=3, num_warps=4
  triton_mm_7 0.0266 ms 84.2% ACC_TYPE='tl.float32', ALLOW_TF32=True, BLOCK_K=32, BLOCK_M=64, BLOCK_N=128, EVEN_K=True, GROUP_M=8, USE_FAST_ACCUM=False, num_stages=3, num_warps=4
  triton_mm_14 0.0268 ms 83.7% ACC_TYPE='tl.float32', ALLOW_TF32=True, BLOCK_K=64, BLOCK_M=128, BLOCK_N=128, EVEN_K=True, GROUP_M=8, USE_FAST_ACCUM=False, num_stages=3, num_warps=4
  triton_mm_8 0.0278 ms 80.5% ACC_TYPE='tl.float32', ALLOW_TF32=True, BLOCK_K=32, BLOCK_M=64, BLOCK_N=128, EVEN_K=True, GROUP_M=8, USE_FAST_ACCUM=False, num_stages=4, num_warps=8
  triton_mm_10 0.0287 ms 78.1% ACC_TYPE='tl.float32', ALLOW_TF32=True, BLOCK_K=32, BLOCK_M=128, BLOCK_N=64, EVEN_K=True, GROUP_M=8, USE_FAST_ACCUM=False, num_stages=3, num_warps=4
  triton_mm_13 0.0287 ms 78.0% ACC_TYPE='tl.float32', ALLOW_TF32=True, BLOCK_K=32, BLOCK_M=128, BLOCK_N=128, EVEN_K=True, GROUP_M=8, USE_FAST_ACCUM=False, num_stages=3, num_warps=4
  bias_addmm 0.0306 ms 73.2% 
  triton_mm_11 0.0329 ms 68.2% ACC_TYPE='tl.float32', ALLOW_TF32=True, BLOCK_K=32, BLOCK_M=128, BLOCK_N=64, EVEN_K=True, GROUP_M=8, USE_FAST_ACCUM=False, num_stages=4, num_warps=8
  triton_mm_5 0.0332 ms 67.4% ACC_TYPE='tl.float32', ALLOW_TF32=True, BLOCK_K=32, BLOCK_M=64, BLOCK_N=64, EVEN_K=True, GROUP_M=8, USE_FAST_ACCUM=False, num_stages=2, num_warps=4
SingleProcess AUTOTUNE benchmarking takes 0.3739 seconds and 0.0002 seconds precompiling for 17 choices
Autotune Choices Stats:
{"num_choices": 16, "num_triton_choices": 15, "best_kernel": "triton_mm_54", "best_kernel_desc": "ACC_TYPE='tl.float32', ALLOW_TF32=True, BLOCK_K=64, BLOCK_M=64, BLOCK_N=128, EVEN_K=True, GROUP_M=8, USE_FAST_ACCUM=False, num_stages=3, num_warps=4", "best_time": 0.022463999688625336, "best_triton_pos": 0}
AUTOTUNE mm(15663x256, 256x256)
strides: [256, 1], [1, 256]
dtypes: torch.bfloat16, torch.bfloat16
  triton_mm_54 0.0225 ms 100.0% ACC_TYPE='tl.float32', ALLOW_TF32=True, BLOCK_K=64, BLOCK_M=64, BLOCK_N=128, EVEN_K=True, GROUP_M=8, USE_FAST_ACCUM=False, num_stages=3, num_warps=4
  triton_mm_51 0.0225 ms 99.7% ACC_TYPE='tl.float32', ALLOW_TF32=True, BLOCK_K=64, BLOCK_M=64, BLOCK_N=64, EVEN_K=True, GROUP_M=8, USE_FAST_ACCUM=False, num_stages=3, num_warps=8
  triton_mm_52 0.0266 ms 84.6% ACC_TYPE='tl.float32', ALLOW_TF32=True, BLOCK_K=32, BLOCK_M=64, BLOCK_N=128, EVEN_K=True, GROUP_M=8, USE_FAST_ACCUM=False, num_stages=3, num_warps=4
  triton_mm_59 0.0267 ms 84.1% ACC_TYPE='tl.float32', ALLOW_TF32=True, BLOCK_K=64, BLOCK_M=128, BLOCK_N=128, EVEN_K=True, GROUP_M=8, USE_FAST_ACCUM=False, num_stages=3, num_warps=4
  triton_mm_53 0.0273 ms 82.3% ACC_TYPE='tl.float32', ALLOW_TF32=True, BLOCK_K=32, BLOCK_M=64, BLOCK_N=128, EVEN_K=True, GROUP_M=8, USE_FAST_ACCUM=False, num_stages=4, num_warps=8
  triton_mm_58 0.0286 ms 78.6% ACC_TYPE='tl.float32', ALLOW_TF32=True, BLOCK_K=32, BLOCK_M=128, BLOCK_N=128, EVEN_K=True, GROUP_M=8, USE_FAST_ACCUM=False, num_stages=3, num_warps=4
  triton_mm_55 0.0287 ms 78.3% ACC_TYPE='tl.float32', ALLOW_TF32=True, BLOCK_K=32, BLOCK_M=128, BLOCK_N=64, EVEN_K=True, GROUP_M=8, USE_FAST_ACCUM=False, num_stages=3, num_warps=4
  mm 0.0299 ms 75.2% 
  triton_mm_57 0.0306 ms 73.4% ACC_TYPE='tl.float32', ALLOW_TF32=True, BLOCK_K=32, BLOCK_M=128, BLOCK_N=128, EVEN_K=True, GROUP_M=8, USE_FAST_ACCUM=False, num_stages=2, num_warps=8
  triton_mm_47 0.0327 ms 68.6% ACC_TYPE='tl.float32', ALLOW_TF32=True, BLOCK_K=32, BLOCK_M=32, BLOCK_N=64, EVEN_K=True, GROUP_M=8, USE_FAST_ACCUM=False, num_stages=5, num_warps=8
SingleProcess AUTOTUNE benchmarking takes 0.3492 seconds and 0.0003 seconds precompiling for 16 choices
Autotune Choices Stats:
{"num_choices": 16, "num_triton_choices": 15, "best_kernel": "triton_mm_81", "best_kernel_desc": "ACC_TYPE='tl.float32', ALLOW_TF32=True, BLOCK_K=64, BLOCK_M=64, BLOCK_N=64, EVEN_K=True, GROUP_M=8, USE_FAST_ACCUM=False, num_stages=3, num_warps=8", "best_time": 0.03468799963593483, "best_triton_pos": 0}
AUTOTUNE mm(15663x512, 512x256)
strides: [512, 1], [1, 512]
dtypes: torch.bfloat16, torch.bfloat16
  triton_mm_81 0.0347 ms 100.0% ACC_TYPE='tl.float32', ALLOW_TF32=True, BLOCK_K=64, BLOCK_M=64, BLOCK_N=64, EVEN_K=True, GROUP_M=8, USE_FAST_ACCUM=False, num_stages=3, num_warps=8
  triton_mm_84 0.0387 ms 89.6% ACC_TYPE='tl.float32', ALLOW_TF32=True, BLOCK_K=64, BLOCK_M=64, BLOCK_N=128, EVEN_K=True, GROUP_M=8, USE_FAST_ACCUM=False, num_stages=3, num_warps=4
  triton_mm_82 0.0414 ms 83.7% ACC_TYPE='tl.float32', ALLOW_TF32=True, BLOCK_K=32, BLOCK_M=64, BLOCK_N=128, EVEN_K=True, GROUP_M=8, USE_FAST_ACCUM=False, num_stages=3, num_warps=4
  triton_mm_85 0.0428 ms 81.1% ACC_TYPE='tl.float32', ALLOW_TF32=True, BLOCK_K=32, BLOCK_M=128, BLOCK_N=64, EVEN_K=True, GROUP_M=8, USE_FAST_ACCUM=False, num_stages=3, num_warps=4
  triton_mm_83 0.0430 ms 80.7% ACC_TYPE='tl.float32', ALLOW_TF32=True, BLOCK_K=32, BLOCK_M=64, BLOCK_N=128, EVEN_K=True, GROUP_M=8, USE_FAST_ACCUM=False, num_stages=4, num_warps=8
  triton_mm_89 0.0436 ms 79.6% ACC_TYPE='tl.float32', ALLOW_TF32=True, BLOCK_K=64, BLOCK_M=128, BLOCK_N=128, EVEN_K=True, GROUP_M=8, USE_FAST_ACCUM=False, num_stages=3, num_warps=4
  mm 0.0440 ms 78.8% 
  triton_mm_87 0.0450 ms 77.2% ACC_TYPE='tl.float32', ALLOW_TF32=True, BLOCK_K=32, BLOCK_M=128, BLOCK_N=128, EVEN_K=True, GROUP_M=8, USE_FAST_ACCUM=False, num_stages=2, num_warps=8
  triton_mm_88 0.0450 ms 77.1% ACC_TYPE='tl.float32', ALLOW_TF32=True, BLOCK_K=32, BLOCK_M=128, BLOCK_N=128, EVEN_K=True, GROUP_M=8, USE_FAST_ACCUM=False, num_stages=3, num_warps=4
  triton_mm_80 0.0451 ms 77.0% ACC_TYPE='tl.float32', ALLOW_TF32=True, BLOCK_K=32, BLOCK_M=64, BLOCK_N=64, EVEN_K=True, GROUP_M=8, USE_FAST_ACCUM=False, num_stages=2, num_warps=4
SingleProcess AUTOTUNE benchmarking takes 0.3748 seconds and 0.0001 seconds precompiling for 16 choices
V0929 10:48:18.064000 185212 .venv/lib/python3.12/site-packages/torch/_dynamo/guards.py:4181] [0/1] [__recompiles] Recompiling function _forward_transformer_trunk in /workspace/kg-v3-rebuild/python/owl/model/stateless_transformer_v1.py:823
V0929 10:48:18.064000 185212 .venv/lib/python3.12/site-packages/torch/_dynamo/guards.py:4181] [0/1] [__recompiles]     triggered by the following guard failure(s):
V0929 10:48:18.064000 185212 .venv/lib/python3.12/site-packages/torch/_dynamo/guards.py:4181] [0/1] [__recompiles]     - 0/0: GLOBAL_STATE changed: grad_mode 
Autotune Choices Stats:
{"num_choices": 17, "num_triton_choices": 15, "best_kernel": "triton_mm_609", "best_kernel_desc": "ACC_TYPE='tl.float32', ALLOW_TF32=True, BLOCK_K=64, BLOCK_M=64, BLOCK_N=128, EVEN_K=True, GROUP_M=8, USE_FAST_ACCUM=False, num_stages=3, num_warps=4", "best_time": 0.03152000159025192, "best_triton_pos": 0}
AUTOTUNE addmm(15663x512, 15663x256, 256x512)
strides: [0, 1], [256, 1], [1, 256]
dtypes: torch.bfloat16, torch.bfloat16, torch.bfloat16
  triton_mm_609 0.0315 ms 100.0% ACC_TYPE='tl.float32', ALLOW_TF32=True, BLOCK_K=64, BLOCK_M=64, BLOCK_N=128, EVEN_K=True, GROUP_M=8, USE_FAST_ACCUM=False, num_stages=3, num_warps=4
  triton_mm_606 0.0346 ms 91.2% ACC_TYPE='tl.float32', ALLOW_TF32=True, BLOCK_K=64, BLOCK_M=64, BLOCK_N=64, EVEN_K=True, GROUP_M=8, USE_FAST_ACCUM=False, num_stages=3, num_warps=8
  triton_mm_614 0.0348 ms 90.6% ACC_TYPE='tl.float32', ALLOW_TF32=True, BLOCK_K=64, BLOCK_M=128, BLOCK_N=128, EVEN_K=True, GROUP_M=8, USE_FAST_ACCUM=False, num_stages=3, num_warps=4
  triton_mm_608 0.0375 ms 84.0% ACC_TYPE='tl.float32', ALLOW_TF32=True, BLOCK_K=32, BLOCK_M=64, BLOCK_N=128, EVEN_K=True, GROUP_M=8, USE_FAST_ACCUM=False, num_stages=4, num_warps=8
  triton_mm_607 0.0380 ms 83.1% ACC_TYPE='tl.float32', ALLOW_TF32=True, BLOCK_K=32, BLOCK_M=64, BLOCK_N=128, EVEN_K=True, GROUP_M=8, USE_FAST_ACCUM=False, num_stages=3, num_warps=4
  triton_mm_610 0.0388 ms 81.3% ACC_TYPE='tl.float32', ALLOW_TF32=True, BLOCK_K=32, BLOCK_M=128, BLOCK_N=64, EVEN_K=True, GROUP_M=8, USE_FAST_ACCUM=False, num_stages=3, num_warps=4
  triton_mm_613 0.0389 ms 81.1% ACC_TYPE='tl.float32', ALLOW_TF32=True, BLOCK_K=32, BLOCK_M=128, BLOCK_N=128, EVEN_K=True, GROUP_M=8, USE_FAST_ACCUM=False, num_stages=3, num_warps=4
  triton_mm_611 0.0389 ms 80.9% ACC_TYPE='tl.float32', ALLOW_TF32=True, BLOCK_K=32, BLOCK_M=128, BLOCK_N=64, EVEN_K=True, GROUP_M=8, USE_FAST_ACCUM=False, num_stages=4, num_warps=8
  bias_addmm 0.0409 ms 77.0% 
  triton_mm_605 0.0409 ms 77.0% ACC_TYPE='tl.float32', ALLOW_TF32=True, BLOCK_K=32, BLOCK_M=64, BLOCK_N=64, EVEN_K=True, GROUP_M=8, USE_FAST_ACCUM=False, num_stages=2, num_warps=4
SingleProcess AUTOTUNE benchmarking takes 0.3980 seconds and 0.0002 seconds precompiling for 17 choices
Autotune Choices Stats:
{"num_choices": 16, "num_triton_choices": 15, "best_kernel": "triton_mm_1089", "best_kernel_desc": "ACC_TYPE='tl.float32', ALLOW_TF32=True, BLOCK_K=64, BLOCK_M=64, BLOCK_N=128, EVEN_K=True, GROUP_M=8, USE_FAST_ACCUM=False, num_stages=3, num_warps=4", "best_time": 0.030559999868273735, "best_triton_pos": 0}
AUTOTUNE mm(15663x256, 256x512)
strides: [256, 1], [512, 1]
dtypes: torch.bfloat16, torch.bfloat16
  triton_mm_1089 0.0306 ms 100.0% ACC_TYPE='tl.float32', ALLOW_TF32=True, BLOCK_K=64, BLOCK_M=64, BLOCK_N=128, EVEN_K=True, GROUP_M=8, USE_FAST_ACCUM=False, num_stages=3, num_warps=4
  triton_mm_1094 0.0346 ms 88.3% ACC_TYPE='tl.float32', ALLOW_TF32=True, BLOCK_K=64, BLOCK_M=128, BLOCK_N=128, EVEN_K=True, GROUP_M=8, USE_FAST_ACCUM=False, num_stages=3, num_warps=4
  triton_mm_1086 0.0348 ms 87.9% ACC_TYPE='tl.float32', ALLOW_TF32=True, BLOCK_K=64, BLOCK_M=64, BLOCK_N=64, EVEN_K=True, GROUP_M=8, USE_FAST_ACCUM=False, num_stages=3, num_warps=8
  triton_mm_1087 0.0352 ms 86.7% ACC_TYPE='tl.float32', ALLOW_TF32=True, BLOCK_K=32, BLOCK_M=64, BLOCK_N=128, EVEN_K=True, GROUP_M=8, USE_FAST_ACCUM=False, num_stages=3, num_warps=4
  triton_mm_1088 0.0366 ms 83.5% ACC_TYPE='tl.float32', ALLOW_TF32=True, BLOCK_K=32, BLOCK_M=64, BLOCK_N=128, EVEN_K=True, GROUP_M=8, USE_FAST_ACCUM=False, num_stages=4, num_warps=8
  triton_mm_1090 0.0369 ms 82.9% ACC_TYPE='tl.float32', ALLOW_TF32=True, BLOCK_K=32, BLOCK_M=128, BLOCK_N=64, EVEN_K=True, GROUP_M=8, USE_FAST_ACCUM=False, num_stages=3, num_warps=4
  triton_mm_1093 0.0388 ms 78.8% ACC_TYPE='tl.float32', ALLOW_TF32=True, BLOCK_K=32, BLOCK_M=128, BLOCK_N=128, EVEN_K=True, GROUP_M=8, USE_FAST_ACCUM=False, num_stages=3, num_warps=4
  triton_mm_1091 0.0389 ms 78.6% ACC_TYPE='tl.float32', ALLOW_TF32=True, BLOCK_K=32, BLOCK_M=128, BLOCK_N=64, EVEN_K=True, GROUP_M=8, USE_FAST_ACCUM=False, num_stages=4, num_warps=8
  triton_mm_1082 0.0399 ms 76.5% ACC_TYPE='tl.float32', ALLOW_TF32=True, BLOCK_K=32, BLOCK_M=32, BLOCK_N=64, EVEN_K=True, GROUP_M=8, USE_FAST_ACCUM=False, num_stages=5, num_warps=8
  mm 0.0404 ms 75.6% 
SingleProcess AUTOTUNE benchmarking takes 0.3697 seconds and 0.0002 seconds precompiling for 16 choices
Autotune Choices Stats:
{"num_choices": 16, "num_triton_choices": 15, "best_kernel": "mm", "best_time": 0.03488000109791756, "best_triton_pos": 1, "best_triton_time": 0.10649599879980087, "best_triton_kernel": "triton_mm_1098", "best_triton_kernel_desc": "ACC_TYPE='tl.float32', ALLOW_TF32=True, BLOCK_K=32, BLOCK_M=64, BLOCK_N=32, EVEN_K=False, GROUP_M=8, USE_FAST_ACCUM=False, num_stages=5, num_warps=8"}
AUTOTUNE mm(256x15663, 15663x512)
strides: [1, 256], [512, 1]
dtypes: torch.bfloat16, torch.bfloat16
  mm 0.0349 ms 100.0% 
  triton_mm_1098 0.1065 ms 32.8% ACC_TYPE='tl.float32', ALLOW_TF32=True, BLOCK_K=32, BLOCK_M=64, BLOCK_N=32, EVEN_K=False, GROUP_M=8, USE_FAST_ACCUM=False, num_stages=5, num_warps=8
  triton_mm_1097 0.1068 ms 32.7% ACC_TYPE='tl.float32', ALLOW_TF32=True, BLOCK_K=32, BLOCK_M=32, BLOCK_N=64, EVEN_K=False, GROUP_M=8, USE_FAST_ACCUM=False, num_stages=5, num_warps=8
  triton_mm_1101 0.1206 ms 28.9% ACC_TYPE='tl.float32', ALLOW_TF32=True, BLOCK_K=64, BLOCK_M=64, BLOCK_N=64, EVEN_K=False, GROUP_M=8, USE_FAST_ACCUM=False, num_stages=3, num_warps=8
  triton_mm_1096 0.1269 ms 27.5% ACC_TYPE='tl.float32', ALLOW_TF32=True, BLOCK_K=128, BLOCK_M=32, BLOCK_N=32, EVEN_K=False, GROUP_M=8, USE_FAST_ACCUM=False, num_stages=2, num_warps=4
  triton_mm_1104 0.1533 ms 22.8% ACC_TYPE='tl.float32', ALLOW_TF32=True, BLOCK_K=64, BLOCK_M=64, BLOCK_N=128, EVEN_K=False, GROUP_M=8, USE_FAST_ACCUM=False, num_stages=3, num_warps=4
  triton_mm_1103 0.1704 ms 20.5% ACC_TYPE='tl.float32', ALLOW_TF32=True, BLOCK_K=32, BLOCK_M=64, BLOCK_N=128, EVEN_K=False, GROUP_M=8, USE_FAST_ACCUM=False, num_stages=4, num_warps=8
  triton_mm_1106 0.1772 ms 19.7% ACC_TYPE='tl.float32', ALLOW_TF32=True, BLOCK_K=32, BLOCK_M=128, BLOCK_N=64, EVEN_K=False, GROUP_M=8, USE_FAST_ACCUM=False, num_stages=4, num_warps=8
  triton_mm_1105 0.2119 ms 16.5% ACC_TYPE='tl.float32', ALLOW_TF32=True, BLOCK_K=32, BLOCK_M=128, BLOCK_N=64, EVEN_K=False, GROUP_M=8, USE_FAST_ACCUM=False, num_stages=3, num_warps=4
  triton_mm_1102 0.2150 ms 16.2% ACC_TYPE='tl.float32', ALLOW_TF32=True, BLOCK_K=32, BLOCK_M=64, BLOCK_N=128, EVEN_K=False, GROUP_M=8, USE_FAST_ACCUM=False, num_stages=3, num_warps=4
SingleProcess AUTOTUNE benchmarking takes 0.5999 seconds and 0.0001 seconds precompiling for 16 choices
Autotune Choices Stats:
{"num_choices": 16, "num_triton_choices": 15, "best_kernel": "triton_mm_1128", "best_kernel_desc": "ACC_TYPE='tl.float32', ALLOW_TF32=True, BLOCK_K=32, BLOCK_M=64, BLOCK_N=32, EVEN_K=False, GROUP_M=8, USE_FAST_ACCUM=False, num_stages=5, num_warps=8", "best_time": 0.10553599894046783, "best_triton_pos": 0}
AUTOTUNE mm(512x15663, 15663x256)
strides: [1, 512], [256, 1]
dtypes: torch.bfloat16, torch.bfloat16
  triton_mm_1128 0.1055 ms 100.0% ACC_TYPE='tl.float32', ALLOW_TF32=True, BLOCK_K=32, BLOCK_M=64, BLOCK_N=32, EVEN_K=False, GROUP_M=8, USE_FAST_ACCUM=False, num_stages=5, num_warps=8
  triton_mm_1127 0.1080 ms 97.7% ACC_TYPE='tl.float32', ALLOW_TF32=True, BLOCK_K=32, BLOCK_M=32, BLOCK_N=64, EVEN_K=False, GROUP_M=8, USE_FAST_ACCUM=False, num_stages=5, num_warps=8
  triton_mm_1131 0.1176 ms 89.7% ACC_TYPE='tl.float32', ALLOW_TF32=True, BLOCK_K=64, BLOCK_M=64, BLOCK_N=64, EVEN_K=False, GROUP_M=8, USE_FAST_ACCUM=False, num_stages=3, num_warps=8
  triton_mm_1126 0.1228 ms 85.9% ACC_TYPE='tl.float32', ALLOW_TF32=True, BLOCK_K=128, BLOCK_M=32, BLOCK_N=32, EVEN_K=False, GROUP_M=8, USE_FAST_ACCUM=False, num_stages=2, num_warps=4
  mm 0.1577 ms 66.9% 
  triton_mm_1134 0.1618 ms 65.2% ACC_TYPE='tl.float32', ALLOW_TF32=True, BLOCK_K=64, BLOCK_M=64, BLOCK_N=128, EVEN_K=False, GROUP_M=8, USE_FAST_ACCUM=False, num_stages=3, num_warps=4
  triton_mm_1133 0.1689 ms 62.5% ACC_TYPE='tl.float32', ALLOW_TF32=True, BLOCK_K=32, BLOCK_M=64, BLOCK_N=128, EVEN_K=False, GROUP_M=8, USE_FAST_ACCUM=False, num_stages=4, num_warps=8
  triton_mm_1136 0.1787 ms 59.1% ACC_TYPE='tl.float32', ALLOW_TF32=True, BLOCK_K=32, BLOCK_M=128, BLOCK_N=64, EVEN_K=False, GROUP_M=8, USE_FAST_ACCUM=False, num_stages=4, num_warps=8
  triton_mm_1132 0.2123 ms 49.7% ACC_TYPE='tl.float32', ALLOW_TF32=True, BLOCK_K=32, BLOCK_M=64, BLOCK_N=128, EVEN_K=False, GROUP_M=8, USE_FAST_ACCUM=False, num_stages=3, num_warps=4
  triton_mm_1135 0.2127 ms 49.6% ACC_TYPE='tl.float32', ALLOW_TF32=True, BLOCK_K=32, BLOCK_M=128, BLOCK_N=64, EVEN_K=False, GROUP_M=8, USE_FAST_ACCUM=False, num_stages=3, num_warps=4
SingleProcess AUTOTUNE benchmarking takes 0.6079 seconds and 0.0001 seconds precompiling for 16 choices
Autotune Choices Stats:
{"num_choices": 16, "num_triton_choices": 15, "best_kernel": "mm", "best_time": 0.027871999889612198, "best_triton_pos": 1, "best_triton_time": 0.10143999755382538, "best_triton_kernel": "triton_mm_1158", "best_triton_kernel_desc": "ACC_TYPE='tl.float32', ALLOW_TF32=True, BLOCK_K=32, BLOCK_M=64, BLOCK_N=32, EVEN_K=False, GROUP_M=8, USE_FAST_ACCUM=False, num_stages=5, num_warps=8"}
AUTOTUNE mm(256x15663, 15663x256)
strides: [1, 256], [256, 1]
dtypes: torch.bfloat16, torch.bfloat16
  mm 0.0279 ms 100.0% 
  triton_mm_1158 0.1014 ms 27.5% ACC_TYPE='tl.float32', ALLOW_TF32=True, BLOCK_K=32, BLOCK_M=64, BLOCK_N=32, EVEN_K=False, GROUP_M=8, USE_FAST_ACCUM=False, num_stages=5, num_warps=8
  triton_mm_1157 0.1031 ms 27.0% ACC_TYPE='tl.float32', ALLOW_TF32=True, BLOCK_K=32, BLOCK_M=32, BLOCK_N=64, EVEN_K=False, GROUP_M=8, USE_FAST_ACCUM=False, num_stages=5, num_warps=8
  triton_mm_1156 0.1189 ms 23.4% ACC_TYPE='tl.float32', ALLOW_TF32=True, BLOCK_K=128, BLOCK_M=32, BLOCK_N=32, EVEN_K=False, GROUP_M=8, USE_FAST_ACCUM=False, num_stages=2, num_warps=4
  triton_mm_1161 0.1209 ms 23.0% ACC_TYPE='tl.float32', ALLOW_TF32=True, BLOCK_K=64, BLOCK_M=64, BLOCK_N=64, EVEN_K=False, GROUP_M=8, USE_FAST_ACCUM=False, num_stages=3, num_warps=8
  triton_mm_1164 0.1528 ms 18.2% ACC_TYPE='tl.float32', ALLOW_TF32=True, BLOCK_K=64, BLOCK_M=64, BLOCK_N=128, EVEN_K=False, GROUP_M=8, USE_FAST_ACCUM=False, num_stages=3, num_warps=4
  triton_mm_1163 0.1681 ms 16.6% ACC_TYPE='tl.float32', ALLOW_TF32=True, BLOCK_K=32, BLOCK_M=64, BLOCK_N=128, EVEN_K=False, GROUP_M=8, USE_FAST_ACCUM=False, num_stages=4, num_warps=8
  triton_mm_1166 0.1781 ms 15.6% ACC_TYPE='tl.float32', ALLOW_TF32=True, BLOCK_K=32, BLOCK_M=128, BLOCK_N=64, EVEN_K=False, GROUP_M=8, USE_FAST_ACCUM=False, num_stages=4, num_warps=8
  triton_mm_1165 0.2109 ms 13.2% ACC_TYPE='tl.float32', ALLOW_TF32=True, BLOCK_K=32, BLOCK_M=128, BLOCK_N=64, EVEN_K=False, GROUP_M=8, USE_FAST_ACCUM=False, num_stages=3, num_warps=4
  triton_mm_1162 0.2171 ms 12.8% ACC_TYPE='tl.float32', ALLOW_TF32=True, BLOCK_K=32, BLOCK_M=64, BLOCK_N=128, EVEN_K=False, GROUP_M=8, USE_FAST_ACCUM=False, num_stages=3, num_warps=4
SingleProcess AUTOTUNE benchmarking takes 0.6054 seconds and 0.0001 seconds precompiling for 16 choices
Autotune Choices Stats:
{"num_choices": 16, "num_triton_choices": 15, "best_kernel": "triton_mm_1117", "best_kernel_desc": "ACC_TYPE='tl.float32', ALLOW_TF32=True, BLOCK_K=32, BLOCK_M=64, BLOCK_N=128, EVEN_K=True, GROUP_M=8, USE_FAST_ACCUM=False, num_stages=3, num_warps=4", "best_time": 0.030592000111937523, "best_triton_pos": 0}
AUTOTUNE mm(15663x512, 512x256)
strides: [512, 1], [256, 1]
dtypes: torch.bfloat16, torch.bfloat16
  triton_mm_1117 0.0306 ms 100.0% ACC_TYPE='tl.float32', ALLOW_TF32=True, BLOCK_K=32, BLOCK_M=64, BLOCK_N=128, EVEN_K=True, GROUP_M=8, USE_FAST_ACCUM=False, num_stages=3, num_warps=4
  triton_mm_1119 0.0325 ms 94.1% ACC_TYPE='tl.float32', ALLOW_TF32=True, BLOCK_K=64, BLOCK_M=64, BLOCK_N=128, EVEN_K=True, GROUP_M=8, USE_FAST_ACCUM=False, num_stages=3, num_warps=4
  triton_mm_1116 0.0326 ms 93.7% ACC_TYPE='tl.float32', ALLOW_TF32=True, BLOCK_K=64, BLOCK_M=64, BLOCK_N=64, EVEN_K=True, GROUP_M=8, USE_FAST_ACCUM=False, num_stages=3, num_warps=8
  triton_mm_1123 0.0344 ms 89.0% ACC_TYPE='tl.float32', ALLOW_TF32=True, BLOCK_K=32, BLOCK_M=128, BLOCK_N=128, EVEN_K=True, GROUP_M=8, USE_FAST_ACCUM=False, num_stages=3, num_warps=4
  triton_mm_1124 0.0367 ms 83.3% ACC_TYPE='tl.float32', ALLOW_TF32=True, BLOCK_K=64, BLOCK_M=128, BLOCK_N=128, EVEN_K=True, GROUP_M=8, USE_FAST_ACCUM=False, num_stages=3, num_warps=4
  triton_mm_1118 0.0389 ms 78.7% ACC_TYPE='tl.float32', ALLOW_TF32=True, BLOCK_K=32, BLOCK_M=64, BLOCK_N=128, EVEN_K=True, GROUP_M=8, USE_FAST_ACCUM=False, num_stages=4, num_warps=8
  triton_mm_1120 0.0421 ms 72.6% ACC_TYPE='tl.float32', ALLOW_TF32=True, BLOCK_K=32, BLOCK_M=128, BLOCK_N=64, EVEN_K=True, GROUP_M=8, USE_FAST_ACCUM=False, num_stages=3, num_warps=4
  triton_mm_1122 0.0429 ms 71.3% ACC_TYPE='tl.float32', ALLOW_TF32=True, BLOCK_K=32, BLOCK_M=128, BLOCK_N=128, EVEN_K=True, GROUP_M=8, USE_FAST_ACCUM=False, num_stages=2, num_warps=8
  mm 0.0430 ms 71.2% 
  triton_mm_1115 0.0431 ms 70.9% ACC_TYPE='tl.float32', ALLOW_TF32=True, BLOCK_K=32, BLOCK_M=64, BLOCK_N=64, EVEN_K=True, GROUP_M=8, USE_FAST_ACCUM=False, num_stages=2, num_warps=4
SingleProcess AUTOTUNE benchmarking takes 0.3723 seconds and 0.0001 seconds precompiling for 16 choices
Autotune Choices Stats:
{"num_choices": 16, "num_triton_choices": 15, "best_kernel": "triton_mm_1153", "best_kernel_desc": "ACC_TYPE='tl.float32', ALLOW_TF32=True, BLOCK_K=32, BLOCK_M=128, BLOCK_N=128, EVEN_K=True, GROUP_M=8, USE_FAST_ACCUM=False, num_stages=3, num_warps=4", "best_time": 0.021663999184966087, "best_triton_pos": 0}
AUTOTUNE mm(15663x256, 256x256)
strides: [256, 1], [256, 1]
dtypes: torch.bfloat16, torch.bfloat16
  triton_mm_1153 0.0217 ms 100.0% ACC_TYPE='tl.float32', ALLOW_TF32=True, BLOCK_K=32, BLOCK_M=128, BLOCK_N=128, EVEN_K=True, GROUP_M=8, USE_FAST_ACCUM=False, num_stages=3, num_warps=4
  triton_mm_1149 0.0220 ms 98.3% ACC_TYPE='tl.float32', ALLOW_TF32=True, BLOCK_K=64, BLOCK_M=64, BLOCK_N=128, EVEN_K=True, GROUP_M=8, USE_FAST_ACCUM=False, num_stages=3, num_warps=4
  triton_mm_1147 0.0224 ms 96.7% ACC_TYPE='tl.float32', ALLOW_TF32=True, BLOCK_K=32, BLOCK_M=64, BLOCK_N=128, EVEN_K=True, GROUP_M=8, USE_FAST_ACCUM=False, num_stages=3, num_warps=4
  triton_mm_1146 0.0225 ms 96.3% ACC_TYPE='tl.float32', ALLOW_TF32=True, BLOCK_K=64, BLOCK_M=64, BLOCK_N=64, EVEN_K=True, GROUP_M=8, USE_FAST_ACCUM=False, num_stages=3, num_warps=8
  triton_mm_1154 0.0264 ms 82.1% ACC_TYPE='tl.float32', ALLOW_TF32=True, BLOCK_K=64, BLOCK_M=128, BLOCK_N=128, EVEN_K=True, GROUP_M=8, USE_FAST_ACCUM=False, num_stages=3, num_warps=4
  triton_mm_1148 0.0266 ms 81.5% ACC_TYPE='tl.float32', ALLOW_TF32=True, BLOCK_K=32, BLOCK_M=64, BLOCK_N=128, EVEN_K=True, GROUP_M=8, USE_FAST_ACCUM=False, num_stages=4, num_warps=8
  triton_mm_1152 0.0286 ms 75.6% ACC_TYPE='tl.float32', ALLOW_TF32=True, BLOCK_K=32, BLOCK_M=128, BLOCK_N=128, EVEN_K=True, GROUP_M=8, USE_FAST_ACCUM=False, num_stages=2, num_warps=8
  mm 0.0301 ms 72.0% 
  triton_mm_1150 0.0306 ms 70.8% ACC_TYPE='tl.float32', ALLOW_TF32=True, BLOCK_K=32, BLOCK_M=128, BLOCK_N=64, EVEN_K=True, GROUP_M=8, USE_FAST_ACCUM=False, num_stages=3, num_warps=4
  triton_mm_1142 0.0307 ms 70.5% ACC_TYPE='tl.float32', ALLOW_TF32=True, BLOCK_K=32, BLOCK_M=32, BLOCK_N=64, EVEN_K=True, GROUP_M=8, USE_FAST_ACCUM=False, num_stages=5, num_warps=8
SingleProcess AUTOTUNE benchmarking takes 0.3495 seconds and 0.0001 seconds precompiling for 16 choices
V0929 10:48:40.710000 185212 .venv/lib/python3.12/site-packages/torch/_dynamo/guards.py:4181] [0/2] [__recompiles] Recompiling function _forward_transformer_trunk in /workspace/kg-v3-rebuild/python/owl/model/stateless_transformer_v1.py:823
V0929 10:48:40.710000 185212 .venv/lib/python3.12/site-packages/torch/_dynamo/guards.py:4181] [0/2] [__recompiles]     triggered by the following guard failure(s):
V0929 10:48:40.710000 185212 .venv/lib/python3.12/site-packages/torch/_dynamo/guards.py:4181] [0/2] [__recompiles]     - 0/1: GLOBAL_STATE changed: grad_mode 
V0929 10:48:40.710000 185212 .venv/lib/python3.12/site-packages/torch/_dynamo/guards.py:4181] [0/2] [__recompiles]     - 0/0: len(G['use_flash_attn'].__closure__[0].cell_contents) == 1    # flash_flags.append(bool(flag))  # runs/value-gap-2026-09-29/is_gap.py:185 in counting_use_flash
V0929 10:48:43.381000 185212 .venv/lib/python3.12/site-packages/torch/_dynamo/guards.py:4181] [0/3] [__recompiles] Recompiling function _forward_transformer_trunk in /workspace/kg-v3-rebuild/python/owl/model/stateless_transformer_v1.py:823
V0929 10:48:43.381000 185212 .venv/lib/python3.12/site-packages/torch/_dynamo/guards.py:4181] [0/3] [__recompiles]     triggered by the following guard failure(s):
V0929 10:48:43.381000 185212 .venv/lib/python3.12/site-packages/torch/_dynamo/guards.py:4181] [0/3] [__recompiles]     - 0/2: GLOBAL_STATE changed: grad_mode 
V0929 10:48:43.381000 185212 .venv/lib/python3.12/site-packages/torch/_dynamo/guards.py:4181] [0/3] [__recompiles]     - 0/1: len(G['use_flash_attn'].__closure__[0].cell_contents) == 8    # flash_flags.append(bool(flag))  # runs/value-gap-2026-09-29/is_gap.py:185 in counting_use_flash
V0929 10:48:43.381000 185212 .venv/lib/python3.12/site-packages/torch/_dynamo/guards.py:4181] [0/3] [__recompiles]     - 0/0: GLOBAL_STATE changed: grad_mode 
V0929 10:48:48.173000 185212 .venv/lib/python3.12/site-packages/torch/_dynamo/guards.py:4181] [0/4] [__recompiles] Recompiling function _forward_transformer_trunk in /workspace/kg-v3-rebuild/python/owl/model/stateless_transformer_v1.py:823
V0929 10:48:48.173000 185212 .venv/lib/python3.12/site-packages/torch/_dynamo/guards.py:4181] [0/4] [__recompiles]     triggered by the following guard failure(s):
V0929 10:48:48.173000 185212 .venv/lib/python3.12/site-packages/torch/_dynamo/guards.py:4181] [0/4] [__recompiles]     - 0/3: GLOBAL_STATE changed: grad_mode 
V0929 10:48:48.173000 185212 .venv/lib/python3.12/site-packages/torch/_dynamo/guards.py:4181] [0/4] [__recompiles]     - 0/2: len(G['use_flash_attn'].__closure__[0].cell_contents) == 15   # flash_flags.append(bool(flag))  # runs/value-gap-2026-09-29/is_gap.py:185 in counting_use_flash
V0929 10:48:48.173000 185212 .venv/lib/python3.12/site-packages/torch/_dynamo/guards.py:4181] [0/4] [__recompiles]     - 0/1: GLOBAL_STATE changed: grad_mode 
V0929 10:48:48.173000 185212 .venv/lib/python3.12/site-packages/torch/_dynamo/guards.py:4181] [0/4] [__recompiles]     - 0/0: len(G['use_flash_attn'].__closure__[0].cell_contents) == 1    # flash_flags.append(bool(flag))  # runs/value-gap-2026-09-29/is_gap.py:185 in counting_use_flash
V0929 10:48:51.698000 185212 .venv/lib/python3.12/site-packages/torch/_dynamo/guards.py:4181] [0/5] [__recompiles] Recompiling function _forward_transformer_trunk in /workspace/kg-v3-rebuild/python/owl/model/stateless_transformer_v1.py:823
V0929 10:48:51.698000 185212 .venv/lib/python3.12/site-packages/torch/_dynamo/guards.py:4181] [0/5] [__recompiles]     triggered by the following guard failure(s):
V0929 10:48:51.698000 185212 .venv/lib/python3.12/site-packages/torch/_dynamo/guards.py:4181] [0/5] [__recompiles]     - 0/4: GLOBAL_STATE changed: grad_mode 
V0929 10:48:51.698000 185212 .venv/lib/python3.12/site-packages/torch/_dynamo/guards.py:4181] [0/5] [__recompiles]     - 0/3: len(G['use_flash_attn'].__closure__[0].cell_contents) == 22   # flash_flags.append(bool(flag))  # runs/value-gap-2026-09-29/is_gap.py:185 in counting_use_flash
V0929 10:48:51.698000 185212 .venv/lib/python3.12/site-packages/torch/_dynamo/guards.py:4181] [0/5] [__recompiles]     - 0/2: GLOBAL_STATE changed: grad_mode 
V0929 10:48:51.698000 185212 .venv/lib/python3.12/site-packages/torch/_dynamo/guards.py:4181] [0/5] [__recompiles]     - 0/1: len(G['use_flash_attn'].__closure__[0].cell_contents) == 8    # flash_flags.append(bool(flag))  # runs/value-gap-2026-09-29/is_gap.py:185 in counting_use_flash
V0929 10:48:51.698000 185212 .venv/lib/python3.12/site-packages/torch/_dynamo/guards.py:4181] [0/5] [__recompiles]     - 0/0: GLOBAL_STATE changed: grad_mode 
V0929 10:48:55.502000 185212 .venv/lib/python3.12/site-packages/torch/_dynamo/guards.py:4181] [0/6] [__recompiles] Recompiling function _forward_transformer_trunk in /workspace/kg-v3-rebuild/python/owl/model/stateless_transformer_v1.py:823
V0929 10:48:55.502000 185212 .venv/lib/python3.12/site-packages/torch/_dynamo/guards.py:4181] [0/6] [__recompiles]     triggered by the following guard failure(s):
V0929 10:48:55.502000 185212 .venv/lib/python3.12/site-packages/torch/_dynamo/guards.py:4181] [0/6] [__recompiles]     - 0/5: GLOBAL_STATE changed: grad_mode 
V0929 10:48:55.502000 185212 .venv/lib/python3.12/site-packages/torch/_dynamo/guards.py:4181] [0/6] [__recompiles]     - 0/4: len(G['use_flash_attn'].__closure__[0].cell_contents) == 29   # flash_flags.append(bool(flag))  # runs/value-gap-2026-09-29/is_gap.py:185 in counting_use_flash
V0929 10:48:55.502000 185212 .venv/lib/python3.12/site-packages/torch/_dynamo/guards.py:4181] [0/6] [__recompiles]     - 0/3: GLOBAL_STATE changed: grad_mode 
V0929 10:48:55.502000 185212 .venv/lib/python3.12/site-packages/torch/_dynamo/guards.py:4181] [0/6] [__recompiles]     - 0/2: len(G['use_flash_attn'].__closure__[0].cell_contents) == 15   # flash_flags.append(bool(flag))  # runs/value-gap-2026-09-29/is_gap.py:185 in counting_use_flash
V0929 10:48:55.502000 185212 .venv/lib/python3.12/site-packages/torch/_dynamo/guards.py:4181] [0/6] [__recompiles]     - 0/1: GLOBAL_STATE changed: grad_mode 
V0929 10:48:55.502000 185212 .venv/lib/python3.12/site-packages/torch/_dynamo/guards.py:4181] [0/6] [__recompiles]     - 0/0: len(G['use_flash_attn'].__closure__[0].cell_contents) == 1    # flash_flags.append(bool(flag))  # runs/value-gap-2026-09-29/is_gap.py:185 in counting_use_flash
V0929 10:48:56.882000 185212 .venv/lib/python3.12/site-packages/torch/_dynamo/guards.py:4181] [0/7] [__recompiles] Recompiling function _forward_transformer_trunk in /workspace/kg-v3-rebuild/python/owl/model/stateless_transformer_v1.py:823
V0929 10:48:56.882000 185212 .venv/lib/python3.12/site-packages/torch/_dynamo/guards.py:4181] [0/7] [__recompiles]     triggered by the following guard failure(s):
V0929 10:48:56.882000 185212 .venv/lib/python3.12/site-packages/torch/_dynamo/guards.py:4181] [0/7] [__recompiles]     - 0/6: GLOBAL_STATE changed: grad_mode 
V0929 10:48:56.882000 185212 .venv/lib/python3.12/site-packages/torch/_dynamo/guards.py:4181] [0/7] [__recompiles]     - 0/5: len(G['use_flash_attn'].__closure__[0].cell_contents) == 36   # flash_flags.append(bool(flag))  # runs/value-gap-2026-09-29/is_gap.py:185 in counting_use_flash
V0929 10:48:56.882000 185212 .venv/lib/python3.12/site-packages/torch/_dynamo/guards.py:4181] [0/7] [__recompiles]     - 0/4: GLOBAL_STATE changed: grad_mode 
V0929 10:48:56.882000 185212 .venv/lib/python3.12/site-packages/torch/_dynamo/guards.py:4181] [0/7] [__recompiles]     - 0/3: len(G['use_flash_attn'].__closure__[0].cell_contents) == 22   # flash_flags.append(bool(flag))  # runs/value-gap-2026-09-29/is_gap.py:185 in counting_use_flash
V0929 10:48:56.882000 185212 .venv/lib/python3.12/site-packages/torch/_dynamo/guards.py:4181] [0/7] [__recompiles]     - 0/2: GLOBAL_STATE changed: grad_mode 
V0929 10:48:56.882000 185212 .venv/lib/python3.12/site-packages/torch/_dynamo/guards.py:4181] [0/7] [__recompiles]     - 0/1: len(G['use_flash_attn'].__closure__[0].cell_contents) == 8    # flash_flags.append(bool(flag))  # runs/value-gap-2026-09-29/is_gap.py:185 in counting_use_flash
V0929 10:48:56.882000 185212 .venv/lib/python3.12/site-packages/torch/_dynamo/guards.py:4181] [0/7] [__recompiles]     - 0/0: GLOBAL_STATE changed: grad_mode 
V0929 10:49:00.793000 185212 .venv/lib/python3.12/site-packages/torch/_dynamo/guards.py:4181] [0/8] [__recompiles] Recompiling function _forward_transformer_trunk in /workspace/kg-v3-rebuild/python/owl/model/stateless_transformer_v1.py:823
V0929 10:49:00.793000 185212 .venv/lib/python3.12/site-packages/torch/_dynamo/guards.py:4181] [0/8] [__recompiles]     triggered by the following guard failure(s):
V0929 10:49:00.793000 185212 .venv/lib/python3.12/site-packages/torch/_dynamo/guards.py:4181] [0/8] [__recompiles]     - 0/7: GLOBAL_STATE changed: grad_mode 
V0929 10:49:00.793000 185212 .venv/lib/python3.12/site-packages/torch/_dynamo/guards.py:4181] [0/8] [__recompiles]     - 0/6: len(G['use_flash_attn'].__closure__[0].cell_contents) == 43   # flash_flags.append(bool(flag))  # runs/value-gap-2026-09-29/is_gap.py:185 in counting_use_flash
V0929 10:49:00.793000 185212 .venv/lib/python3.12/site-packages/torch/_dynamo/guards.py:4181] [0/8] [__recompiles]     - 0/5: GLOBAL_STATE changed: grad_mode 
V0929 10:49:00.793000 185212 .venv/lib/python3.12/site-packages/torch/_dynamo/guards.py:4181] [0/8] [__recompiles]     - 0/4: len(G['use_flash_attn'].__closure__[0].cell_contents) == 29   # flash_flags.append(bool(flag))  # runs/value-gap-2026-09-29/is_gap.py:185 in counting_use_flash
V0929 10:49:00.793000 185212 .venv/lib/python3.12/site-packages/torch/_dynamo/guards.py:4181] [0/8] [__recompiles]     - 0/3: GLOBAL_STATE changed: grad_mode 
V0929 10:49:00.793000 185212 .venv/lib/python3.12/site-packages/torch/_dynamo/guards.py:4181] [0/8] [__recompiles]     - 0/2: len(G['use_flash_attn'].__closure__[0].cell_contents) == 15   # flash_flags.append(bool(flag))  # runs/value-gap-2026-09-29/is_gap.py:185 in counting_use_flash
V0929 10:49:00.793000 185212 .venv/lib/python3.12/site-packages/torch/_dynamo/guards.py:4181] [0/8] [__recompiles]     - 0/1: GLOBAL_STATE changed: grad_mode 
V0929 10:49:00.793000 185212 .venv/lib/python3.12/site-packages/torch/_dynamo/guards.py:4181] [0/8] [__recompiles]     - 0/0: len(G['use_flash_attn'].__closure__[0].cell_contents) == 1    # flash_flags.append(bool(flag))  # runs/value-gap-2026-09-29/is_gap.py:185 in counting_use_flash
W0929 10:49:00.793000 185212 .venv/lib/python3.12/site-packages/torch/_dynamo/convert_frame.py:1358] [0/8] torch._dynamo hit config.recompile_limit (8)
W0929 10:49:00.793000 185212 .venv/lib/python3.12/site-packages/torch/_dynamo/convert_frame.py:1358] [0/8]    function: '_forward_transformer_trunk' (/workspace/kg-v3-rebuild/python/owl/model/stateless_transformer_v1.py:823)
W0929 10:49:00.793000 185212 .venv/lib/python3.12/site-packages/torch/_dynamo/convert_frame.py:1358] [0/8]    last reason: 0/7: GLOBAL_STATE changed: grad_mode 
W0929 10:49:00.793000 185212 .venv/lib/python3.12/site-packages/torch/_dynamo/convert_frame.py:1358] [0/8] To log all recompilation reasons, use TORCH_LOGS="recompiles".
W0929 10:49:00.793000 185212 .venv/lib/python3.12/site-packages/torch/_dynamo/convert_frame.py:1358] [0/8] To diagnose recompilation issues, see https://pytorch.org/docs/main/torch.compiler_troubleshooting.html
{"unix": 1790678940.961, "event": "result", "case": "isF_comp_default", "trunk": "compiled", "rows": [256, 1024], "config": {"model": {"model_arch": "stateless_transformer_v1", "embed_dim": 256, "depth": 6, "n_heads": 8, "mlp_ratio": 2.0, "player_count_adapters_enabled": false, "player_count_adapter_blocks": 0, "n_scratch_tokens": 4, "activation": "gelu", "force_flash_attn": true, "use_learned_pairwise_bias": false, "critic_mode": "softmax", "value_mode": "win_loss", "actor": {"action_spec": "discrete_targets", "launch_mode": "binary", "n_action_mixtures": 4, "entropy_ship_quantiles": 16, "scale_min": 0.1, "scale_max_frac": 0.5, "scale_max_abs_floor": 8.0}, "lora": null}, "obs_spec": {"max_entities": 320, "obs_spec": "entity_based_ext_v2"}, "action_spec": {"action_spec": "discrete_targets", "max_per_planet_launches": 1, "min_fleet_size": 3, "targeting_mode": "anything_goes"}, "two_player_weight": 0.75, "rl_model_compile": "trunk", "rl_model_compile_mode": "max-autotune-no-cudagraphs", "rl_dtype": "bfloat16"}, "output_layer_spectral_norms": {"critic": [1.0], "actor": [0.01, 0.01, 0.01, 0.01]}, "tf32_matmul": true, "steps": {"states_256": "ok", "pair_256": "ok", "hidden_256": "ok", "states_1024": "ok", "pair_1024": "ok", "hidden_1024": "ok"}, "states_256": {"source": "loaded", "path": "/workspace/kg-v3-rebuild/runs/value-gap-2026-09-29/obs/orbit_obs_256.pt"}, "default_gain_256": {"pair": {"values": {"n": 624, "max_abs": 0.015488266944885254, "mean_abs": 0.0037423984613269567, "
{"unix": 1790678940.962, "event": "done", "case": "isF_comp_default"}
