{"unix": 1790678866.23, "event": "process", "case": "kgA_bf16_comp_aten", "dryrun": false, "torch": "2.9.0+cu128", "torch_git": "0fabc3ba44823f257e70ce397d989c8de5e362c1", "cuda_runtime": "12.8", "model_file": "/workspace/kg-v3-rebuild/python/owl/model/stateless_transformer_v1.py", "flash_attn_available": true, "max_autotune_gemm_backends": "ATEN", "tf32_matmul": true, "tf32_cudnn": true, "actor_head_init_gain_src": 0.01, "critic_head_init_gain_src": 1.0, "git": {"head": "8fde43cd7408c9c4f9147eeb8f916bd08f8266ed", "tree": "70d50fa37e66aa322e8db00c9359d3f9e3031499", "porcelain": ""}, "flash_attn": "2.8.3", "triton": "3.5.0", "device_name": "NVIDIA RTX PRO 6000 Blackwell Server Edition", "cuda_visible_devices": "0"}
Autotune Choices Stats:
{"num_choices": 2, "num_triton_choices": 0, "best_kernel": "bias_addmm", "best_time": 0.12284799665212631}
AUTOTUNE addmm(77568x256, 77568x256, 256x256)
strides: [0, 1], [256, 1], [1, 256]
dtypes: torch.bfloat16, torch.bfloat16, torch.bfloat16
  bias_addmm 0.1228 ms 100.0% 
  addmm 0.1413 ms 87.0% 
SingleProcess AUTOTUNE benchmarking takes 0.0644 seconds and 0.0001 seconds precompiling for 2 choices
V0929 10:48:06.242000 184489 .venv/lib/python3.12/site-packages/torch/_dynamo/guards.py:4181] [0/1] [__recompiles] Recompiling function _forward_transformer_trunk in /workspace/kg-v3-rebuild/python/owl/model/kaggriculture.py:507
V0929 10:48:06.242000 184489 .venv/lib/python3.12/site-packages/torch/_dynamo/guards.py:4181] [0/1] [__recompiles]     triggered by the following guard failure(s):
V0929 10:48:06.242000 184489 .venv/lib/python3.12/site-packages/torch/_dynamo/guards.py:4181] [0/1] [__recompiles]     - 0/0: GLOBAL_STATE changed: grad_mode 
Autotune Choices Stats:
{"num_choices": 2, "num_triton_choices": 0, "best_kernel": "bias_addmm", "best_time": 0.22096000611782074}
AUTOTUNE addmm(77568x512, 77568x256, 256x512)
strides: [0, 1], [256, 1], [1, 256]
dtypes: torch.bfloat16, torch.bfloat16, torch.bfloat16
  bias_addmm 0.2210 ms 100.0% 
  addmm 0.2707 ms 81.6% 
SingleProcess AUTOTUNE benchmarking takes 0.0847 seconds and 0.0002 seconds precompiling for 2 choices
{"unix": 1790678911.55, "event": "result", "case": "kgA_bf16_comp_aten", "output_layer_spectral_norms": {"critic": [1.0], "actor": [0.01, 0.01, 0.01, 0.01, 0.01, 0.01, 0.01, 0.01, 0.01]}, "precision": "bf16", "trunk": "compiled", "rows": [256, 1024], "force_flash_attn": true, "tf32_matmul": true, "steps": {"pair_256": "ok", "hidden_256": "ok", "pair_1024": "ok", "hidden_1024": "ok", "gain1_pair_256": "ok", "gain1_pair_1024": "ok"}, "default_gain_256": {"pair": {"values": {"n": 256, "max_abs": 0.019518136978149414, "mean_abs": 0.0047316523268818855, "rms": 0.005832921713590622, "p99_abs": 0.015589475631713867, "exact_equal_frac": 0.1875, "ref_max_abs": 0.20599418878555298, "ref_mean_abs": 0.05561606213450432, "rel_mean": 0.08507708460092545, "rel_max": 0.09475091099739075, "nonfinite": 0}, "critic_logit_diff": {"n": 256, "max_abs": 0.03906261920928955, "mean_abs": 0.009506236761808395, "rms": 0.011711121536791325, "p99_abs": 0.031249966472387314, "exact_equal_frac": 0.0625, "ref_max_abs": 0.41796863079071045, "ref_mean_abs": 0.1115875169634819, "rel_mean": 0.08519086241722107, "rel_max": 0.09345825761556625, "nonfinite": 0}, "logp_event": {"n": 774144, "max_abs": 0.00033974647521972656, "mean_abs": 1.2504353890108177e-06, "rms": 1.1029337656509597e-05, "p99_abs": 5.316734313964844e-05, "exact_equal_frac": 0.9796510338783264, "ref_max_abs": 3.5002386569976807, "ref_mean_abs": 0.05444468930363655, "rel_mean": 2.296707680216059e-05, "rel_max": 9.706379933049902e-05, "nonfinite": 
{"unix": 1790678911.551, "event": "done", "case": "kgA_bf16_comp_aten"}
