{"unix": 1790678929.246, "event": "process", "case": "kgC_fp32_comp_aten", "dryrun": false, "torch": "2.9.0+cu128", "torch_git": "0fabc3ba44823f257e70ce397d989c8de5e362c1", "cuda_runtime": "12.8", "model_file": "/workspace/kg-v3-rebuild/python/owl/model/stateless_transformer_v1.py", "flash_attn_available": true, "max_autotune_gemm_backends": "ATEN", "tf32_matmul": false, "tf32_cudnn": false, "actor_head_init_gain_src": 0.01, "critic_head_init_gain_src": 1.0, "git": {"head": "8fde43cd7408c9c4f9147eeb8f916bd08f8266ed", "tree": "70d50fa37e66aa322e8db00c9359d3f9e3031499", "porcelain": ""}, "flash_attn": "2.8.3", "triton": "3.5.0", "device_name": "NVIDIA RTX PRO 6000 Blackwell Server Edition", "cuda_visible_devices": "0"}
/workspace/kg-v3-rebuild/.venv/lib/python3.12/site-packages/torch/_inductor/compile_fx.py:312: UserWarning: TensorFloat32 tensor cores for float32 matrix multiplication available but not enabled. Consider setting `torch.set_float32_matmul_precision('high')` for better performance.
  warnings.warn(
Autotune Choices Stats:
{"num_choices": 2, "num_triton_choices": 0, "best_kernel": "bias_addmm", "best_time": 0.47727999091148376}
AUTOTUNE addmm(181504x256, 181504x256, 256x256)
strides: [0, 1], [256, 1], [1, 256]
dtypes: torch.float32, torch.float32, torch.float32
  bias_addmm 0.4773 ms 100.0% 
  addmm 0.6748 ms 70.7% 
SingleProcess AUTOTUNE benchmarking takes 0.0860 seconds and 0.0002 seconds precompiling for 2 choices
V0929 10:49:10.802000 190279 .venv/lib/python3.12/site-packages/torch/_dynamo/guards.py:4181] [0/1] [__recompiles] Recompiling function _forward_transformer_trunk in /workspace/kg-v3-rebuild/python/owl/model/kaggriculture.py:507
V0929 10:49:10.802000 190279 .venv/lib/python3.12/site-packages/torch/_dynamo/guards.py:4181] [0/1] [__recompiles]     triggered by the following guard failure(s):
V0929 10:49:10.802000 190279 .venv/lib/python3.12/site-packages/torch/_dynamo/guards.py:4181] [0/1] [__recompiles]     - 0/0: GLOBAL_STATE changed: grad_mode 
Autotune Choices Stats:
{"num_choices": 2, "num_triton_choices": 0, "best_kernel": "bias_addmm", "best_time": 0.9175360202789307}
AUTOTUNE addmm(181504x512, 181504x256, 256x512)
strides: [0, 1], [256, 1], [1, 256]
dtypes: torch.float32, torch.float32, torch.float32
  bias_addmm 0.9175 ms 100.0% 
  addmm 1.2564 ms 73.0% 
SingleProcess AUTOTUNE benchmarking takes 0.0869 seconds and 0.0004 seconds precompiling for 2 choices
{"unix": 1790678957.147, "event": "result", "case": "kgC_fp32_comp_aten", "output_layer_spectral_norms": {"critic": [1.0], "actor": [0.01, 0.01, 0.01, 0.01, 0.01, 0.01, 0.01, 0.01, 0.01]}, "precision": "fp32", "trunk": "compiled", "rows": [256, 1024], "force_flash_attn": false, "tf32_matmul": false, "steps": {"pair_256": "started"}, "error": "InductorError: AssertionError: -704388212327147/1000000000000000\n\nSet TORCHDYNAMO_VERBOSE=1 for the internal stack trace (please do this especially if you're reporting a bug to PyTorch). For even more developer context, set TORCH_LOGS=\"+dynamo\"\n", "use_flash_attn_flags": [false], "use_flash_attn_calls": 2, "compiled_trunk_calls": 2, "memory": {"max_allocated_gib": 3.0324273109436035, "max_reserved_gib": 3.580078125}, "dynamo_counters": {"frames": {"total": 2, "ok": 1}, "inline_call": {}, "stats": {"calls_captured": 558, "unique_graphs": 1}, "inductor": {"pattern_matcher_count": 615, "pattern_matcher_nodes": 759, "fxgraph_cache_miss": 2, "select_algorithm_precompile": 2, "select_algorithm_autotune": 2, "benchmarking.InductorBenchmarker.benchmark": 4, "benchmarking.InductorBenchmarker.benchmark_gpu": 52, "async_compile_cache_miss": 15, "extern_calls": 67, "async_compile_cache_hit": 7, "triton_bundler_save_kernel": 72, "triton_bundler_save_static_autotuner": 1}, "aot_autograd": {"total": 3, "autograd_cache_miss": 3, "autograd_cache_saved": 1, "ok": 1, "not_ok": 1}, "graph_break": {}, "aten_mm_info": {"aten.addmm_256*s27_256_256": 49, "
Traceback (most recent call last):
  File "/workspace/kg-v3-rebuild/runs/value-gap-2026-09-29/gemm_backend_wrap.py", line 60, in <module>
    main()
  File "/workspace/kg-v3-rebuild/runs/value-gap-2026-09-29/gemm_backend_wrap.py", line 51, in main
    runpy.run_path(script, run_name="__main__")
  File "<frozen runpy>", line 286, in run_path
  File "<frozen runpy>", line 98, in _run_module_code
  File "<frozen runpy>", line 88, in _run_code
  File "/workspace/kg-v3-rebuild/runs/value-gap-2026-09-29/kg_gap.py", line 309, in <module>
    main()
  File "/workspace/kg-v3-rebuild/runs/value-gap-2026-09-29/kg_gap.py", line 263, in main
    rec[f"default_gain_{r}"] = run_pair(model, obs, dev, args.precision, True)
                               ^^^^^^^^^^^^^^^^^^^^^^^^^^^^^^^^^^^^^^^^^^^^^^^
  File "/workspace/kg-v3-rebuild/runs/value-gap-2026-09-29/kg_gap.py", line 108, in run_pair
    r = model.evaluate_actions(obs, s.actions)
        ^^^^^^^^^^^^^^^^^^^^^^^^^^^^^^^^^^^^^^
  File "/workspace/kg-v3-rebuild/python/owl/model/kaggriculture.py", line 591, in evaluate_actions
    encoded = self.encode_observations(obs)
              ^^^^^^^^^^^^^^^^^^^^^^^^^^^^^
  File "/workspace/kg-v3-rebuild/python/owl/model/kaggriculture.py", line 337, in encode_observations
    x = self._run_trunk(x, token_mask)
        ^^^^^^^^^^^^^^^^^^^^^^^^^^^^^^
  File "/workspace/kg-v3-rebuild/python/owl/model/kaggriculture.py", line 471, in _run_trunk
    return trunk(x, token_mask, None)
           ^^^^^^^^^^^^^^^^^^^^^^^^^^
  File "/workspace/kg-v3-rebuild/runs/value-gap-2026-09-29/kg_gap.py", line 247, in counting
    return compiled(*a)
           ^^^^^^^^^^^^
  File "/workspace/kg-v3-rebuild/.venv/lib/python3.12/site-packages/torch/_dynamo/eval_frame.py", line 845, in compile_wrapper
    raise e.remove_dynamo_frames() from None  # see TORCHDYNAMO_VERBOSE=1
    ^^^^^^^^^^^^^^^^^^^^^^^^^^^^^^^^^^^^^^^^
  File "/workspace/kg-v3-rebuild/.venv/lib/python3.12/site-packages/torch/_inductor/compile_fx.py", line 990, in _compile_fx_inner
    raise InductorError(e, currentframe()).with_traceback(
  File "/workspace/kg-v3-rebuild/.venv/lib/python3.12/site-packages/torch/_inductor/compile_fx.py", line 974, in _compile_fx_inner
    mb_compiled_graph = fx_codegen_and_compile(
                        ^^^^^^^^^^^^^^^^^^^^^^^
  File "/workspace/kg-v3-rebuild/.venv/lib/python3.12/site-packages/torch/_inductor/compile_fx.py", line 1695, in fx_codegen_and_compile
    return scheme.codegen_and_compile(gm, example_inputs, inputs_to_check, graph_kwargs)
           ^^^^^^^^^^^^^^^^^^^^^^^^^^^^^^^^^^^^^^^^^^^^^^^^^^^^^^^^^^^^^^^^^^^^^^^^^^^^^
  File "/workspace/kg-v3-rebuild/.venv/lib/python3.12/site-packages/torch/_inductor/compile_fx.py", line 1505, in codegen_and_compile
    compiled_module = graph.compile_to_module()
                      ^^^^^^^^^^^^^^^^^^^^^^^^^
  File "/workspace/kg-v3-rebuild/.venv/lib/python3.12/site-packages/torch/_inductor/graph.py", line 2319, in compile_to_module
    return self._compile_to_module()
           ^^^^^^^^^^^^^^^^^^^^^^^^^
  File "/workspace/kg-v3-rebuild/.venv/lib/python3.12/site-packages/torch/_inductor/graph.py", line 2325, in _compile_to_module
    self.codegen_with_cpp_wrapper() if self.cpp_wrapper else self.codegen()
                                                             ^^^^^^^^^^^^^^
  File "/workspace/kg-v3-rebuild/.venv/lib/python3.12/site-packages/torch/_inductor/graph.py", line 2264, in codegen
    self.scheduler.codegen()
  File "/workspace/kg-v3-rebuild/.venv/lib/python3.12/site-packages/torch/_inductor/scheduler.py", line 5205, in codegen
    self._codegen_partitions()
  File "/workspace/kg-v3-rebuild/.venv/lib/python3.12/site-packages/torch/_inductor/scheduler.py", line 5345, in _codegen_partitions
    self._codegen(partition)
  File "/workspace/kg-v3-rebuild/.venv/lib/python3.12/site-packages/torch/_inductor/scheduler.py", line 5443, in _codegen
    self.get_backend(device).codegen_node(node)
  File "/workspace/kg-v3-rebuild/.venv/lib/python3.12/site-packages/torch/_inductor/codegen/cuda_combined_scheduling.py", line 127, in codegen_node
    return self._triton_scheduling.codegen_node(node)
           ^^^^^^^^^^^^^^^^^^^^^^^^^^^^^^^^^^^^^^^^^^
  File "/workspace/kg-v3-rebuild/.venv/lib/python3.12/site-packages/torch/_inductor/codegen/simd.py", line 1394, in codegen_node
    coalesce_analysis = analyze_memory_coalescing(node)
                        ^^^^^^^^^^^^^^^^^^^^^^^^^^^^^^^
  File "/workspace/kg-v3-rebuild/.venv/lib/python3.12/site-packages/torch/_inductor/tiling_utils.py", line 650, in analyze_memory_coalescing
    norm_read_writes = extract_normalized_read_writes(fused_node)
                       ^^^^^^^^^^^^^^^^^^^^^^^^^^^^^^^^^^^^^^^^^^
  File "/workspace/kg-v3-rebuild/.venv/lib/python3.12/site-packages/torch/_inductor/tiling_utils.py", line 482, in extract_normalized_read_writes
    if any(
       ^^^^
  File "/workspace/kg-v3-rebuild/.venv/lib/python3.12/site-packages/torch/_inductor/tiling_utils.py", line 483, in <genexpr>
    (isinstance(var, sympy.Expr) and not var.is_constant())
                                         ^^^^^^^^^^^^^^^^^
  File "/workspace/kg-v3-rebuild/.venv/lib/python3.12/site-packages/sympy/core/expr.py", line 724, in is_constant
    b = expr._random(None, -1, 0, 1, 0)
        ^^^^^^^^^^^^^^^^^^^^^^^^^^^^^^^
  File "/workspace/kg-v3-rebuild/.venv/lib/python3.12/site-packages/sympy/core/expr.py", line 562, in _random
    nmag = abs(self.evalf(2, subs=reps))
               ^^^^^^^^^^^^^^^^^^^^^^^^
  File "/workspace/kg-v3-rebuild/.venv/lib/python3.12/site-packages/sympy/core/evalf.py", line 1654, in evalf
    result = evalf(self, prec + 4, options)
             ^^^^^^^^^^^^^^^^^^^^^^^^^^^^^^
  File "/workspace/kg-v3-rebuild/.venv/lib/python3.12/site-packages/sympy/core/evalf.py", line 1489, in evalf
    r = rf(x, prec, options)
        ^^^^^^^^^^^^^^^^^^^^
  File "/workspace/kg-v3-rebuild/.venv/lib/python3.12/site-packages/sympy/core/evalf.py", line 602, in evalf_add
    terms = [evalf(arg, prec + 10, options) for arg in v.args]
             ^^^^^^^^^^^^^^^^^^^^^^^^^^^^^^
  File "/workspace/kg-v3-rebuild/.venv/lib/python3.12/site-packages/sympy/core/evalf.py", line 1489, in evalf
    r = rf(x, prec, options)
        ^^^^^^^^^^^^^^^^^^^^
  File "/workspace/kg-v3-rebuild/.venv/lib/python3.12/site-packages/sympy/core/evalf.py", line 650, in evalf_mul
    result = evalf(arg, prec, options)
             ^^^^^^^^^^^^^^^^^^^^^^^^^
  File "/workspace/kg-v3-rebuild/.venv/lib/python3.12/site-packages/sympy/core/evalf.py", line 1493, in evalf
    x = x.subs(evalf_subs(prec, options['subs']))
        ^^^^^^^^^^^^^^^^^^^^^^^^^^^^^^^^^^^^^^^^^
  File "/workspace/kg-v3-rebuild/.venv/lib/python3.12/site-packages/sympy/core/basic.py", line 1171, in subs
    rv = rv._subs(old, new, **kwargs)
         ^^^^^^^^^^^^^^^^^^^^^^^^^^^^
  File "/workspace/kg-v3-rebuild/.venv/lib/python3.12/site-packages/sympy/core/cache.py", line 72, in wrapper
    retval = cfunc(*args, **kwargs)
             ^^^^^^^^^^^^^^^^^^^^^^
  File "/workspace/kg-v3-rebuild/.venv/lib/python3.12/site-packages/sympy/core/basic.py", line 1285, in _subs
    rv = fallback(self, old, new)
         ^^^^^^^^^^^^^^^^^^^^^^^^
  File "/workspace/kg-v3-rebuild/.venv/lib/python3.12/site-packages/sympy/core/basic.py", line 1262, in fallback
    rv = self.func(*args)
         ^^^^^^^^^^^^^^^^
  File "/workspace/kg-v3-rebuild/.venv/lib/python3.12/site-packages/sympy/core/cache.py", line 72, in wrapper
    retval = cfunc(*args, **kwargs)
             ^^^^^^^^^^^^^^^^^^^^^^
  File "/workspace/kg-v3-rebuild/.venv/lib/python3.12/site-packages/sympy/core/function.py", line 450, in __new__
    return cls._new_(*args, **options)  # type: ignore
           ^^^^^^^^^^^^^^^^^^^^^^^^^^^
  File "/workspace/kg-v3-rebuild/.venv/lib/python3.12/site-packages/sympy/core/function.py", line 472, in _new_
    result = super().__new__(cls, *args, **options)
             ^^^^^^^^^^^^^^^^^^^^^^^^^^^^^^^^^^^^^^
  File "/workspace/kg-v3-rebuild/.venv/lib/python3.12/site-packages/sympy/core/cache.py", line 72, in wrapper
    retval = cfunc(*args, **kwargs)
             ^^^^^^^^^^^^^^^^^^^^^^
  File "/workspace/kg-v3-rebuild/.venv/lib/python3.12/site-packages/sympy/core/function.py", line 309, in __new__
    evaluated = cls.eval(*args)
                ^^^^^^^^^^^^^^^
  File "/workspace/kg-v3-rebuild/.venv/lib/python3.12/site-packages/torch/utils/_sympy/functions.py", line 495, in eval
    assert p >= 0, p
           ^^^^^^
torch._inductor.exc.InductorError: AssertionError: -704388212327147/1000000000000000

Set TORCHDYNAMO_VERBOSE=1 for the internal stack trace (please do this especially if you're reporting a bug to PyTorch). For even more developer context, set TORCH_LOGS="+dynamo"

