uvx ruff check python/ scripts/ tests/ --select I --fix
All checks passed!
uvx ruff format python/ scripts/ tests/
113 files left unchanged
uv run python scripts/check_python_311_syntax.py
uvx ruff check python/ scripts/ tests/
All checks passed!
uv run mypy python/ scripts/
Success: no issues found in 62 source files
uv run pytest tests/ -m "not slow"
============================= test session starts ==============================
platform darwin -- Python 3.12.13, pytest-9.0.3, pluggy-1.6.0
rootdir: /Users/poonszesen/kg-v3-aten
configfile: pyproject.toml
plugins: anyio-4.14.2
collected 1521 items

tests/kaggriculture/test_base_generics_typing.py .                       [  0%]
tests/kaggriculture/test_compile_gemm_backends.py ...................... [  1%]
................................                                         [  3%]
tests/kaggriculture/test_configs.py .................................... [  5%]
...                                                                      [  6%]
tests/kaggriculture/test_evaluation.py .............                     [  7%]
tests/kaggriculture/test_gpu_grammar.py .......................s         [  8%]
tests/kaggriculture/test_model_compile.py ...........                    [  9%]
tests/kaggriculture/test_model_encoder.py .............................. [ 11%]
.............                                                            [ 12%]
tests/kaggriculture/test_model_heads.py ................................ [ 14%]
.................................                                        [ 16%]
tests/kaggriculture/test_model_registration.py .......                   [ 16%]
tests/kaggriculture/test_training_semantics.py .......................   [ 18%]
tests/kaggriculture/test_types.py ...................................... [ 20%]
........................................................................ [ 25%]
................                                                         [ 26%]
tests/owl/agent/test_agent.py .......................................... [ 29%]
...........                                                              [ 30%]
tests/owl/agent/test_kaggle_engine_sanitization.py ....                  [ 30%]
tests/owl/agent/test_kaggle_observation.py ...                           [ 30%]
tests/owl/model/test_attn.py .....ss                                     [ 31%]
tests/owl/model/test_model_config_files.py ............................. [ 33%]
..................                                                       [ 34%]
tests/owl/model/test_recurrent_transformer_v1.py ..............          [ 35%]
tests/owl/model/test_stateless_transformer_v1.py ....................... [ 36%]
........................................................................ [ 41%]
...............................                                          [ 43%]
tests/owl/model/test_teacher_targets.py ............................     [ 45%]
tests/owl/test_checkpoint_quantization.py .............................. [ 47%]
..............                                                           [ 48%]
tests/owl/test_config.py .........                                       [ 48%]
tests/owl/test_int8_emulation.py ...s                                    [ 48%]
tests/owl/test_replay.py ...                                             [ 49%]
tests/owl/test_rl.py ................................................... [ 52%]
...........................                                              [ 54%]
tests/owl/train/test_advantages.py ..............                        [ 55%]
tests/owl/train/test_config.py ......................................... [ 57%]
...........................                                              [ 59%]
tests/owl/train/test_distributed.py ...................                  [ 60%]
tests/owl/train/test_logging.py ..                                       [ 61%]
tests/owl/train/test_loss.py .............                               [ 61%]
tests/owl/train/test_metrics.py ..                                       [ 62%]
tests/owl/train/test_optimizer.py ...........                            [ 62%]
tests/owl/train/test_ppo.py ............................................ [ 65%]
...............................                                          [ 67%]
tests/owl/train/test_ppo_observation_mapping.py ........................ [ 69%]
........................................................................ [ 74%]
........................................................................ [ 78%]
...                                                                      [ 78%]
tests/scripts/test_benchmark_checkpoints.py ............................ [ 80%]
.........                                                                [ 81%]
tests/scripts/test_download_replays.py ....                              [ 81%]
tests/scripts/test_extract_model_weights.py .................            [ 82%]
tests/scripts/test_kaggriculture_parity.py ..................            [ 83%]
tests/scripts/test_kaggriculture_select_replays.py .................     [ 85%]
tests/scripts/test_roundtrip_checkpoint_quantization.py ................ [ 86%]
..                                                                       [ 86%]
tests/scripts/test_run_ppo.py .......................................... [ 89%]
...............................................s.............            [ 93%]
tests/tools/test_check_engine_trim.py .................................. [ 95%]
.............................................                            [ 98%]
tests/tools/test_record_grammar_reference.py .........................   [ 99%]
tests/tools/test_replay_viewer.py ..                                     [100%]

=========================== short test summary info ============================
SKIPPED [1] tests/kaggriculture/test_gpu_grammar.py:171: Task 1.2/1.4 native grammar binding not available: native grammar tables arrive with Task 1.2/1.4 (owl.rs.kaggriculture_grammar_tables); use expected_grammar_tables until the binding exists
SKIPPED [1] tests/owl/model/test_attn.py:60: flash-attn CUDA backend is not available
SKIPPED [1] tests/owl/model/test_attn.py:80: flash-attn CUDA backend is not available
SKIPPED [1] tests/owl/test_int8_emulation.py:15: x86 torch quantized backend is unavailable: qnnpack
SKIPPED [1] tests/scripts/test_run_ppo.py:3044: Needs the native Kaggriculture environment and its EnvConfig seed (rebuild Tasks 1.4/1.5).
======================= 1516 passed, 5 skipped in 33.48s =======================
uv run python scripts/check_doc_freshness.py
No doc updates required
