uvx ruff check python/ scripts/ tests/ --select I --fix
All checks passed!
uvx ruff format python/ scripts/ tests/
136 files left unchanged
uv run python scripts/check_python_311_syntax.py
   Building owl @ file:///Users/poonszesen/kg-v3-t75
      Built owl @ file:///Users/poonszesen/kg-v3-t75
Uninstalled 1 package in 1ms
Installed 1 package in 1ms
uvx ruff check python/ scripts/ tests/
All checks passed!
uv run mypy python/ scripts/
Success: no issues found in 70 source files
uv run pytest tests/ -m "not slow"
============================= test session starts ==============================
platform darwin -- Python 3.12.13, pytest-9.0.3, pluggy-1.6.0
rootdir: /Users/poonszesen/kg-v3-t75
configfile: pyproject.toml
plugins: anyio-4.14.2
collected 2329 items

tests/kaggriculture/test_base_generics_typing.py .                       [  0%]
tests/kaggriculture/test_codec.py .............................          [  1%]
tests/kaggriculture/test_compile_gemm_backends.py ...................... [  2%]
.................................                                        [  3%]
tests/kaggriculture/test_configs.py .................................... [  5%]
..............                                                           [  5%]
tests/kaggriculture/test_env.py ........................................ [  7%]
..............                                                           [  8%]
tests/kaggriculture/test_env_cuda_fence.py s                             [  8%]
tests/kaggriculture/test_env_reference.py .                              [  8%]
tests/kaggriculture/test_evaluation.py .............                     [  8%]
tests/kaggriculture/test_game.py ...........................             [  9%]
tests/kaggriculture/test_gpu_grammar.py ........................         [ 10%]
tests/kaggriculture/test_model_compile.py ...........                    [ 11%]
tests/kaggriculture/test_model_encoder.py .............................. [ 12%]
.............                                                            [ 13%]
tests/kaggriculture/test_model_heads.py ................................ [ 14%]
.................................                                        [ 16%]
tests/kaggriculture/test_model_registration.py .......                   [ 16%]
tests/kaggriculture/test_native_env.py ................................. [ 17%]
........................................................................ [ 20%]
........................................................................ [ 23%]
........................................................................ [ 27%]
........................................................................ [ 30%]
........................                                                 [ 31%]
tests/kaggriculture/test_native_grammar_bindings.py .................... [ 32%]
.......................                                                  [ 33%]
tests/kaggriculture/test_native_tables.py ......................         [ 33%]
tests/kaggriculture/test_observe.py ..ss................................ [ 35%]
.....................                                                    [ 36%]
tests/kaggriculture/test_rewards.py .................................... [ 37%]
......                                                                   [ 38%]
tests/kaggriculture/test_teacher.py .................................... [ 39%]
..........s..sss                                                         [ 40%]
tests/kaggriculture/test_training_semantics.py ......................... [ 41%]
..                                                                       [ 41%]
tests/kaggriculture/test_types.py ...................................... [ 43%]
........................................................................ [ 46%]
................                                                         [ 47%]
tests/owl/agent/test_agent.py .......................................... [ 48%]
...........                                                              [ 49%]
tests/owl/agent/test_kaggle_engine_sanitization.py ....                  [ 49%]
tests/owl/agent/test_kaggle_observation.py ...                           [ 49%]
tests/owl/model/test_attn.py .....ss                                     [ 49%]
tests/owl/model/test_model_config_files.py ............................. [ 51%]
..................                                                       [ 51%]
tests/owl/model/test_recurrent_transformer_v1.py ..............          [ 52%]
tests/owl/model/test_stateless_transformer_v1.py ....................... [ 53%]
........................................................................ [ 56%]
...............................                                          [ 57%]
tests/owl/model/test_teacher_targets.py ............................     [ 59%]
tests/owl/test_checkpoint_quantization.py .............................. [ 60%]
..............                                                           [ 61%]
tests/owl/test_config.py .........                                       [ 61%]
tests/owl/test_int8_emulation.py ...s                                    [ 61%]
tests/owl/test_replay.py ...                                             [ 61%]
tests/owl/test_rl.py ................................................... [ 63%]
...........................                                              [ 65%]
tests/owl/train/test_advantages.py ..............                        [ 65%]
tests/owl/train/test_config.py ......................................... [ 67%]
............................                                             [ 68%]
tests/owl/train/test_distributed.py ...................                  [ 69%]
tests/owl/train/test_logging.py ..                                       [ 69%]
tests/owl/train/test_loss.py .............                               [ 70%]
tests/owl/train/test_metrics.py ..                                       [ 70%]
tests/owl/train/test_optimizer.py ...........                            [ 70%]
tests/owl/train/test_ppo.py ............................................ [ 72%]
...............................                                          [ 73%]
tests/owl/train/test_ppo_observation_mapping.py ........................ [ 74%]
........................................................................ [ 77%]
........................................................................ [ 81%]
...                                                                      [ 81%]
tests/scripts/test_benchmark_checkpoints.py ............................ [ 82%]
.........                                                                [ 82%]
tests/scripts/test_download_replays.py ....                              [ 82%]
tests/scripts/test_extract_model_weights.py .................            [ 83%]
tests/scripts/test_kaggriculture_parity.py ..................            [ 84%]
tests/scripts/test_kaggriculture_select_replays.py .................     [ 85%]
tests/scripts/test_roundtrip_checkpoint_quantization.py ................ [ 85%]
..                                                                       [ 85%]
tests/scripts/test_run_ppo.py .......................................... [ 87%]
..................................................................       [ 90%]
tests/tools/test_check_engine_trim.py .................................. [ 92%]
.............................................                            [ 93%]
tests/tools/test_observation_oracle_custody.py ......................... [ 95%]
............................                                             [ 96%]
tests/tools/test_record_grammar_reference.py .........................   [ 97%]
tests/tools/test_record_kaggriculture_env_reference.py ................. [ 98%]
...........................................                              [ 99%]
tests/tools/test_replay_viewer.py ..                                     [100%]

=========================== short test summary info ============================
SKIPPED [1] tests/kaggriculture/test_env_cuda_fence.py:11: CUDA is unavailable
SKIPPED [2] tests/kaggriculture/test_observe.py:288: pinned host memory requires CUDA
SKIPPED [1] tests/kaggriculture/test_teacher.py:1356: needs Task 3.1 trainer seam (Kaggriculture rollout storage and action mapping in ppo.py; the merged trainer rejects KaggricultureActionMask)
SKIPPED [1] tests/kaggriculture/test_teacher.py:1625: needs the Task 3.1 run_ppo game seam (the merged configs load and the Task 1.4/1.5 native env exists, but run_ppo stops for Kaggriculture until Task 3.1 rollout storage and action mapping land)
SKIPPED [1] tests/kaggriculture/test_teacher.py:1654: needs the Task 3.1 run_ppo game seam (the merged configs load and the Task 1.4/1.5 native env exists, but run_ppo stops for Kaggriculture until Task 3.1 rollout storage and action mapping land)
SKIPPED [1] tests/kaggriculture/test_teacher.py:1690: needs Task 3.1 trainer seam (Kaggriculture rollout storage and action mapping in ppo.py; the merged trainer rejects KaggricultureActionMask)
SKIPPED [1] tests/owl/model/test_attn.py:60: flash-attn CUDA backend is not available
SKIPPED [1] tests/owl/model/test_attn.py:80: flash-attn CUDA backend is not available
SKIPPED [1] tests/owl/test_int8_emulation.py:15: x86 torch quantized backend is unavailable: qnnpack
================= 2319 passed, 10 skipped in 61.11s (0:01:01) ==================
uv run python scripts/check_doc_freshness.py
No doc updates required
