uvx ruff check python/ scripts/ tests/ --select I --fix
All checks passed!
uvx ruff format python/ scripts/ tests/
122 files left unchanged
uv run python scripts/check_python_311_syntax.py
uvx ruff check python/ scripts/ tests/
All checks passed!
uv run mypy python/ scripts/
Success: no issues found in 65 source files
uv run pytest tests/ -m "not slow"
============================= test session starts ==============================
platform darwin -- Python 3.12.13, pytest-9.0.3, pluggy-1.6.0
rootdir: /Users/poonszesen/kg-v3-env
configfile: pyproject.toml
plugins: anyio-4.14.2
collected 2071 items

tests/kaggriculture/test_base_generics_typing.py .                       [  0%]
tests/kaggriculture/test_compile_gemm_backends.py ...................... [  1%]
.................................                                        [  2%]
tests/kaggriculture/test_configs.py .................................... [  4%]
...                                                                      [  4%]
tests/kaggriculture/test_env_reference.py .                              [  4%]
tests/kaggriculture/test_evaluation.py .............                     [  5%]
tests/kaggriculture/test_gpu_grammar.py .......................s         [  6%]
tests/kaggriculture/test_model_compile.py ...........                    [  6%]
tests/kaggriculture/test_model_encoder.py .............................. [  8%]
.............                                                            [  9%]
tests/kaggriculture/test_model_heads.py ................................ [ 10%]
.................................                                        [ 12%]
tests/kaggriculture/test_model_registration.py .......                   [ 12%]
tests/kaggriculture/test_native_env.py ................................. [ 14%]
........................................................................ [ 17%]
........................................................................ [ 21%]
........................................................................ [ 24%]
........................................................................ [ 28%]
.......................                                                  [ 29%]
tests/kaggriculture/test_native_grammar_bindings.py .................... [ 30%]
.......................                                                  [ 31%]
tests/kaggriculture/test_observe.py ..ss................................ [ 32%]
.....................                                                    [ 33%]
tests/kaggriculture/test_training_semantics.py .......................   [ 35%]
tests/kaggriculture/test_types.py ...................................... [ 36%]
........................................................................ [ 40%]
................                                                         [ 41%]
tests/owl/agent/test_agent.py .......................................... [ 43%]
...........                                                              [ 43%]
tests/owl/agent/test_kaggle_engine_sanitization.py ....                  [ 43%]
tests/owl/agent/test_kaggle_observation.py ...                           [ 44%]
tests/owl/model/test_attn.py .....ss                                     [ 44%]
tests/owl/model/test_model_config_files.py ............................. [ 45%]
..................                                                       [ 46%]
tests/owl/model/test_recurrent_transformer_v1.py ..............          [ 47%]
tests/owl/model/test_stateless_transformer_v1.py ....................... [ 48%]
........................................................................ [ 51%]
...............................                                          [ 53%]
tests/owl/model/test_teacher_targets.py ............................     [ 54%]
tests/owl/test_checkpoint_quantization.py .............................. [ 56%]
..............                                                           [ 56%]
tests/owl/test_config.py .........                                       [ 57%]
tests/owl/test_int8_emulation.py ...s                                    [ 57%]
tests/owl/test_replay.py ...                                             [ 57%]
tests/owl/test_rl.py ................................................... [ 60%]
...........................                                              [ 61%]
tests/owl/train/test_advantages.py ..............                        [ 62%]
tests/owl/train/test_config.py ......................................... [ 64%]
...........................                                              [ 65%]
tests/owl/train/test_distributed.py ...................                  [ 66%]
tests/owl/train/test_logging.py ..                                       [ 66%]
tests/owl/train/test_loss.py .............                               [ 67%]
tests/owl/train/test_metrics.py ..                                       [ 67%]
tests/owl/train/test_optimizer.py ...........                            [ 67%]
tests/owl/train/test_ppo.py ............................................ [ 69%]
...............................                                          [ 71%]
tests/owl/train/test_ppo_observation_mapping.py ........................ [ 72%]
........................................................................ [ 75%]
........................................................................ [ 79%]
...                                                                      [ 79%]
tests/scripts/test_benchmark_checkpoints.py ............................ [ 80%]
.........                                                                [ 81%]
tests/scripts/test_download_replays.py ....                              [ 81%]
tests/scripts/test_extract_model_weights.py .................            [ 82%]
tests/scripts/test_kaggriculture_parity.py ..................            [ 83%]
tests/scripts/test_kaggriculture_select_replays.py .................     [ 84%]
tests/scripts/test_roundtrip_checkpoint_quantization.py ................ [ 84%]
..                                                                       [ 84%]
tests/scripts/test_run_ppo.py .......................................... [ 86%]
...............................................s.............            [ 89%]
tests/tools/test_check_engine_trim.py .................................. [ 91%]
.............................................                            [ 93%]
tests/tools/test_observation_oracle_custody.py ......................... [ 94%]
.....................                                                    [ 95%]
tests/tools/test_record_grammar_reference.py .........................   [ 97%]
tests/tools/test_record_kaggriculture_env_reference.py ................. [ 97%]
.........................................                                [ 99%]
tests/tools/test_replay_viewer.py ..                                     [100%]

=========================== short test summary info ============================
SKIPPED [1] tests/kaggriculture/test_gpu_grammar.py:171: Task 1.2/1.4 native grammar binding not available: native grammar tables arrive with Task 1.2/1.4 (owl.rs.kaggriculture_grammar_tables); use expected_grammar_tables until the binding exists
SKIPPED [2] tests/kaggriculture/test_observe.py:288: pinned host memory requires CUDA
SKIPPED [1] tests/owl/model/test_attn.py:60: flash-attn CUDA backend is not available
SKIPPED [1] tests/owl/model/test_attn.py:80: flash-attn CUDA backend is not available
SKIPPED [1] tests/owl/test_int8_emulation.py:15: x86 torch quantized backend is unavailable: qnnpack
SKIPPED [1] tests/scripts/test_run_ppo.py:3044: Needs the native Kaggriculture environment and its EnvConfig seed (rebuild Tasks 1.4/1.5).
================== 2064 passed, 7 skipped in 72.26s (0:01:12) ==================
uv run python scripts/check_doc_freshness.py
No doc updates required
