start 2026-09-30T20:55:33Z agent=/root/anchor-eval/pkgs/130M-ft-on-96171c0418af/agent out=130M-ft-on parallel=30
2026-09-30T20:57:54Z 130M-cha22-s93005-seat0 exit=0 wall=141s
2026-09-30T20:58:08Z 130M-smaller_market_shock-s93005-seat0 exit=0 wall=155s
2026-09-30T20:58:11Z 130M-smaller_market_shock-s93008-seat1 exit=0 wall=158s
2026-09-30T20:58:27Z 130M-smaller_market_shock-s93006-seat0 exit=0 wall=174s
2026-09-30T20:58:28Z 130M-smaller_market_shock-s93001-seat1 exit=0 wall=175s
2026-09-30T20:58:31Z 130M-smaller_market_shock-s93005-seat1 exit=0 wall=178s
2026-09-30T20:58:33Z 130M-cha22-s93001-seat0 exit=0 wall=180s
2026-09-30T20:58:39Z 130M-cha22-s93001-seat1 exit=0 wall=186s
2026-09-30T20:58:39Z 130M-smaller_market_shock-s93002-seat1 exit=0 wall=186s
2026-09-30T20:58:40Z 130M-cha22-s93002-seat0 exit=0 wall=187s
2026-09-30T20:58:40Z 130M-cha22-s93006-seat1 exit=0 wall=187s
2026-09-30T20:58:40Z 130M-smaller_market_shock-s93004-seat0 exit=0 wall=187s
2026-09-30T20:58:40Z 130M-smaller_market_shock-s93002-seat0 exit=0 wall=187s
2026-09-30T20:58:40Z 130M-cha22-s93007-seat0 exit=0 wall=187s
2026-09-30T20:58:40Z 130M-cha22-s93003-seat1 exit=0 wall=187s
2026-09-30T20:58:41Z 130M-smaller_market_shock-s93001-seat0 exit=0 wall=188s
2026-09-30T20:58:41Z 130M-cha22-s93004-seat1 exit=0 wall=188s
2026-09-30T20:58:41Z 130M-smaller_market_shock-s93003-seat1 exit=0 wall=188s
2026-09-30T20:58:42Z 130M-smaller_market_shock-s93003-seat0 exit=0 wall=189s
2026-09-30T20:58:43Z 130M-cha22-s93004-seat0 exit=0 wall=190s
2026-09-30T20:58:43Z 130M-cha22-s93002-seat1 exit=0 wall=190s
2026-09-30T20:58:44Z 130M-smaller_market_shock-s93004-seat1 exit=0 wall=191s
2026-09-30T20:58:44Z 130M-smaller_market_shock-s93007-seat0 exit=0 wall=191s
2026-09-30T20:58:44Z 130M-smaller_market_shock-s93008-seat0 exit=0 wall=191s
2026-09-30T20:58:44Z 130M-smaller_market_shock-s93007-seat1 exit=0 wall=191s
2026-09-30T20:58:45Z 130M-cha22-s93005-seat1 exit=0 wall=192s
2026-09-30T20:58:46Z 130M-smaller_market_shock-s93006-seat1 exit=0 wall=193s
2026-09-30T20:58:47Z 130M-cha22-s93007-seat1 exit=0 wall=194s
2026-09-30T20:58:48Z 130M-cha22-s93003-seat0 exit=0 wall=195s
2026-09-30T20:58:51Z 130M-cha22-s93006-seat0 exit=0 wall=198s
2026-09-30T21:00:22Z 130M-cha22-s93008-seat1 exit=0 wall=134s
2026-09-30T21:00:38Z 130M-v56-s93002-seat1 exit=0 wall=127s
2026-09-30T21:00:42Z 130M-cha22-s93008-seat0 exit=0 wall=168s
2026-09-30T21:00:44Z 130M-v56-s93004-seat1 exit=0 wall=124s
2026-09-30T21:00:44Z 130M-v56-s93003-seat1 exit=0 wall=125s
2026-09-30T21:00:45Z 130M-v56-s93006-seat1 exit=0 wall=125s
2026-09-30T21:00:47Z 130M-v56-s93007-seat0 exit=0 wall=127s
2026-09-30T21:00:48Z 130M-v56-s93008-seat1 exit=0 wall=127s
2026-09-30T21:01:03Z 130M-v56-s93002-seat0 exit=0 wall=155s
2026-09-30T21:01:05Z 130M-v56-s93001-seat1 exit=0 wall=158s
2026-09-30T21:01:15Z 130M-v56-s93001-seat0 exit=0 wall=184s
2026-09-30T21:01:19Z 130M-v56-s93005-seat1 exit=0 wall=159s
2026-09-30T21:01:20Z 130M-v56-s93007-seat1 exit=0 wall=159s
2026-09-30T21:01:30Z 130M-v56-s93003-seat0 exit=0 wall=177s
2026-09-30T21:01:34Z 130M-v56-s93005-seat0 exit=0 wall=174s
2026-09-30T21:01:35Z 130M-v56-s93008-seat0 exit=0 wall=174s
2026-09-30T21:01:45Z 130M-v56-s93004-seat0 exit=0 wall=186s
2026-09-30T21:01:46Z 130M-v56-s93006-seat0 exit=0 wall=186s
end 2026-09-30T21:01:46Z wall_s=373
{"receipts": 48, "qualified": 48, "engine_sha256": ["f73d27ce04a6fd5ddcdd59c618e1da8c9b6fb2f27f5cf9cdc27efad942345004"], "manifest_sha256": ["a65809ff7bb816c7adee96155ac02cdafef7484ed49e729cf51cf616ce286e88"]}
