{"unix": 1790673335.033, "event": "process", "case": "c2_aten_bwd", "dryrun": false, "torch": "2.9.0+cu128", "torch_git": "0fabc3ba44823f257e70ce397d989c8de5e362c1", "cuda_runtime": "12.8", "kg_file": "/workspace/kg-v3-rebuild/python/owl/model/kaggriculture.py", "flash_attn_available": true, "max_autotune_gemm_backends": "ATEN", "gemm_limit": 4611686018427387904, "tf32_matmul": true, "tf32_cudnn": true, "git": {"head": "8fde43cd7408c9c4f9147eeb8f916bd08f8266ed", "tree": "70d50fa37e66aa322e8db00c9359d3f9e3031499", "porcelain": ""}, "flash_attn": "2.8.3", "triton": "3.5.0", "device_name": "NVIDIA RTX PRO 6000 Blackwell Server Edition", "cuda_visible_devices": "1", "depth": 1, "bypass_guard": true}
{"unix": 1790673340.842, "event": "start", "case": "c2_aten_bwd", "label": "warm", "spec": "dense:8", "rows": 8, "packed_tokens": 5672}
Autotune Choices Stats:
{"num_choices": 2, "num_triton_choices": 0, "best_kernel": "bias_addmm", "best_time": 0.018400000408291817}
AUTOTUNE addmm(5672x512, 5672x256, 256x512)
strides: [0, 1], [256, 1], [1, 256]
dtypes: torch.bfloat16, torch.bfloat16, torch.bfloat16
  bias_addmm 0.0184 ms 100.0% 
  addmm 0.0348 ms 52.9% 
SingleProcess AUTOTUNE benchmarking takes 0.1281 seconds and 0.0001 seconds precompiling for 2 choices
Autotune Choices Stats:
{"num_choices": 2, "num_triton_choices": 0, "best_kernel": "bias_addmm", "best_time": 0.014303999952971935}
AUTOTUNE addmm(5672x256, 5672x256, 256x256)
strides: [0, 1], [256, 1], [1, 256]
dtypes: torch.bfloat16, torch.bfloat16, torch.bfloat16
  bias_addmm 0.0143 ms 100.0% 
  addmm 0.0204 ms 70.1% 
SingleProcess AUTOTUNE benchmarking takes 0.0398 seconds and 0.0001 seconds precompiling for 2 choices
/workspace/kg-v3-rebuild/runs/gpu-checks-2026-09-29/c2_trunk_bwd.py:178: UserWarning: Converting a tensor with requires_grad=True to a scalar may lead to unexpected behavior.
Consider using tensor.detach() first. (Triggered internally at /pytorch/torch/csrc/autograd/generated/python_variable_methods.cpp:836.)
  "loss": float(loss),
{"unix": 1790673361.95, "event": "result", "case": "c2_aten_bwd", "label": "warm", "spec": "dense:8", "rows": 8, "packed_tokens": 5672, "packed_tokens_x_width_over_2p31": 0.0013523101806640625, "compiled": {"status": "ok", "s": 21.004031502641737, "loss": -866.7935791015625, "trunk_call_M": [5672], "memory": {"max_allocated_gib": 0.21065425872802734, "max_reserved_gib": 0.3046875}, "param_grads": 18}, "eager": {"status": "ok", "s": 0.018084755167365074, "loss": -870.3660888671875, "trunk_call_M": [], "memory": {"max_allocated_gib": 0.1148524284362793, "max_reserved_gib": 0.306640625}}, "out_compiled_vs_eager": {"max_abs": 0.023157358169555664, "wrong_tokens": 0, "nonfinite": 0, "first_bad_row": null, "last_bad_row": null}, "dx_compiled_vs_eager": {"max_abs": 0.046875, "ref_max_abs": 5.875, "rel_max": 0.007978723404255319, "rel_fro": 0.004453830022740379, "token_rel_l2_max": 0.006027028430253267, "token_rel_l2_p50_p99_p999": [0.00441709253937006, 0.00540499622002244, 0.00572630763053894], "tokens_rel_gt_0.5": 0, "nonfinite": 0, "masked_nonzero": 0, "first_bad_row": null, "last_bad_row": null}, "params_compiled_vs_eager": {"blocks.0.norm1.weight": {"rel_max": 0.00537004554644227, "rel_fro": 0.005509901791810989, "nonfinite": 0}, "blocks.0.norm1.bias": {"rel_max": 0.004396211355924606, "rel_fro": 0.0041869450360536575, "nonfinite": 0}, "blocks.0.attn.q.weight": {"rel_max": 0.006896551698446274, "rel_fro": 0.0055716801434755325, "nonfinite": 0}, "blocks.0.attn.q.bias": {"rel_max": 0.006401102989912033, "rel_fro": 0.005960091017186642, "nonfinite": 0}, "blocks.0.attn.k.weight": {"rel_max": 0.006172839552164078, "rel_fro": 0.0055205682292580605, "nonfinite": 0}, "blocks.0.attn.k.bias": {"rel_max": 1.1553990840911865, "rel_fro": 0.8660102486610413, "nonfinite": 0}, "blocks.0.attn.v.weight": {"rel_max": 0.005078124813735485, "rel_fro": 0.004910971969366074, "nonfinite": 0}, "blocks.0.attn.v.bias": {"rel_max": 0.004135783761739731, "rel_fro": 0.003973807208240032, "nonfinite
{"unix": 1790673361.956, "event": "start", "case": "c2_aten_bwd", "label": "target", "spec": "packed:4194305", "rows": 5916, "packed_tokens": 4194305}
V0929 09:16:01.962000 153234 .venv/lib/python3.12/site-packages/torch/_dynamo/guards.py:4181] [0/1] [__recompiles] Recompiling function _forward_transformer_trunk in /workspace/kg-v3-rebuild/python/owl/model/kaggriculture.py:507
V0929 09:16:01.962000 153234 .venv/lib/python3.12/site-packages/torch/_dynamo/guards.py:4181] [0/1] [__recompiles]     triggered by the following guard failure(s):
V0929 09:16:01.962000 153234 .venv/lib/python3.12/site-packages/torch/_dynamo/guards.py:4181] [0/1] [__recompiles]     - 0/0: 512*x.size()[0] <= 2147483647  # (_inductor/codegen/simd.py:1440 in can_use_32bit_indexing)
Autotune Choices Stats:
{"num_choices": 2, "num_triton_choices": 0, "best_kernel": "bias_addmm", "best_time": 6.024159908294678}
AUTOTUNE addmm(4194305x512, 4194305x256, 256x512)
strides: [0, 1], [256, 1], [1, 256]
dtypes: torch.bfloat16, torch.bfloat16, torch.bfloat16
  bias_addmm 6.0242 ms 100.0% 
  addmm 11.4412 ms 52.7% 
SingleProcess AUTOTUNE benchmarking takes 0.1834 seconds and 0.0001 seconds precompiling for 2 choices
Autotune Choices Stats:
{"num_choices": 2, "num_triton_choices": 0, "best_kernel": "bias_addmm", "best_time": 3.167232036590576}
AUTOTUNE addmm(4194305x256, 4194305x256, 256x256)
strides: [0, 1], [256, 1], [1, 256]
dtypes: torch.bfloat16, torch.bfloat16, torch.bfloat16
  bias_addmm 3.1672 ms 100.0% 
  addmm 6.0682 ms 52.2% 
SingleProcess AUTOTUNE benchmarking takes 0.1289 seconds and 0.0001 seconds precompiling for 2 choices
{"unix": 1790673384.187, "event": "result", "case": "c2_aten_bwd", "label": "target", "spec": "packed:4194305", "rows": 5916, "packed_tokens": 4194305, "packed_tokens_x_width_over_2p31": 1.000000238418579, "compiled": {"status": "ok", "s": 20.67394316010177, "loss": 57508.4296875, "trunk_call_M": [4194305], "memory": {"max_allocated_gib": 43.12483739852905, "max_reserved_gib": 51.166015625}, "param_grads": 18}, "eager": {"status": "ok", "s": 0.37120502535253763, "loss": 57586.734375, "trunk_call_M": [], "memory": {"max_allocated_gib": 58.29938220977783, "max_reserved_gib": 65.17578125}}, "out_compiled_vs_eager": {"max_abs": 0.03415870666503906, "wrong_tokens": 0, "nonfinite": 0, "first_bad_row": null, "last_bad_row": null}, "dx_compiled_vs_eager": {"max_abs": 0.0625, "ref_max_abs": 7.15625, "rel_max": 0.008733624454148471, "rel_fro": 0.004454482710427062, "token_rel_l2_max": 0.007439532782882452, "token_rel_l2_p50_p99_p999": [0.004417628049850464, 0.005426518619060516, 0.005840337835252285], "tokens_rel_gt_0.5": 0, "nonfinite": 0, "masked_nonzero": 0, "first_bad_row": null, "last_bad_row": null}, "params_compiled_vs_eager": {"blocks.0.norm1.weight": {"rel_max": 0.004889958072453737, "rel_fro": 0.00504533713683486, "nonfinite": 0}, "blocks.0.norm1.bias": {"rel_max": 0.003620373085141182, "rel_fro": 0.004039651248604059, "nonfinite": 0}, "blocks.0.attn.q.weight": {"rel_max": 0.0058139534667134285, "rel_fro": 0.005561478901654482, "nonfinite": 0}, "blocks.0.attn.q.bias": {"rel_max": 0.006446979474276304, "rel_fro": 0.004809498321264982, "nonfinite": 0}, "blocks.0.attn.k.weight": {"rel_max": 0.005769230891019106, "rel_fro": 0.005446964409202337, "nonfinite": 0}, "blocks.0.attn.k.bias": {"rel_max": 0.8067801594734192, "rel_fro": 0.8790121674537659, "nonfinite": 0}, "blocks.0.attn.v.weight": {"rel_max": 0.005780346691608429, "rel_fro": 0.004907856695353985, "nonfinite": 0}, "blocks.0.attn.v.bias": {"rel_max": 0.004348154179751873, "rel_fro": 0.003975193481892347, "nonfini
{"unix": 1790673384.27, "event": "start", "case": "c2_aten_bwd", "label": "target", "spec": "packed:4198400", "rows": 5922, "packed_tokens": 4198400}
{"unix": 1790673386.038, "event": "result", "case": "c2_aten_bwd", "label": "target", "spec": "packed:4198400", "rows": 5922, "packed_tokens": 4198400, "packed_tokens_x_width_over_2p31": 1.0009765625, "compiled": {"status": "ok", "s": 0.2566376249305904, "loss": 27086.630859375, "trunk_call_M": [4198400], "memory": {"max_allocated_gib": 43.16675043106079, "max_reserved_gib": 51.0859375}, "param_grads": 18}, "eager": {"status": "ok", "s": 0.3460771548561752, "loss": 27015.69921875, "trunk_call_M": [], "memory": {"max_allocated_gib": 58.356783866882324, "max_reserved_gib": 69.109375}}, "out_compiled_vs_eager": {"max_abs": 0.03165602684020996, "wrong_tokens": 0, "nonfinite": 0, "first_bad_row": null, "last_bad_row": null}, "dx_compiled_vs_eager": {"max_abs": 0.0625, "ref_max_abs": 7.34375, "rel_max": 0.00851063829787234, "rel_fro": 0.0044548991421659795, "token_rel_l2_max": 0.007625094614923, "token_rel_l2_p50_p99_p999": [0.004416896961629391, 0.005430012475699186, 0.005857506766915321], "tokens_rel_gt_0.5": 0, "nonfinite": 0, "masked_nonzero": 0, "first_bad_row": null, "last_bad_row": null}, "params_compiled_vs_eager": {"blocks.0.norm1.weight": {"rel_max": 0.004353920929133892, "rel_fro": 0.00471461471170187, "nonfinite": 0}, "blocks.0.norm1.bias": {"rel_max": 0.0038827499374747276, "rel_fro": 0.004225342068821192, "nonfinite": 0}, "blocks.0.attn.q.weight": {"rel_max": 0.0060240961611270905, "rel_fro": 0.005553213879466057, "nonfinite": 0}, "blocks.0.attn.q.bias": {"rel_max": 0.004720787052065134, "rel_fro": 0.005517394281923771, "nonfinite": 0}, "blocks.0.attn.k.weight": {"rel_max": 0.005319148767739534, "rel_fro": 0.005413675215095282, "nonfinite": 0}, "blocks.0.attn.k.bias": {"rel_max": 0.858144998550415, "rel_fro": 0.8770858645439148, "nonfinite": 0}, "blocks.0.attn.v.weight": {"rel_max": 0.005917159840464592, "rel_fro": 0.004879247397184372, "nonfinite": 0}, "blocks.0.attn.v.bias": {"rel_max": 0.0041857631877064705, "rel_fro": 0.004225808661431074, "nonfinite": 0
{"unix": 1790673386.116, "event": "done", "case": "c2_aten_bwd"}
