uvx ruff check python/ scripts/ tests/ --select I --fix
All checks passed!
uvx ruff format python/ scripts/ tests/
139 files left unchanged
uv run python scripts/check_python_311_syntax.py
Using CPython 3.12.13
Creating virtual environment at: .venv
   Building owl @ file:///Users/poonszesen/kg-v3-m-teacher-configs-4-4
      Built owl @ file:///Users/poonszesen/kg-v3-m-teacher-configs-4-4
Installed 152 packages in 706ms
uvx ruff check python/ scripts/ tests/
All checks passed!
uv run mypy python/ scripts/
Success: no issues found in 71 source files
uv run pytest tests/ -m "not slow"
============================= test session starts ==============================
platform darwin -- Python 3.12.13, pytest-9.0.3, pluggy-1.6.0
rootdir: /Users/poonszesen/kg-v3-m-teacher-configs-4-4
configfile: pyproject.toml
plugins: anyio-4.14.2
collected 2443 items

tests/kaggriculture/test_base_generics_typing.py .                       [  0%]
tests/kaggriculture/test_codec.py .............................          [  1%]
tests/kaggriculture/test_compile_gemm_backends.py ...................... [  2%]
.................................                                        [  3%]
tests/kaggriculture/test_configs.py .................................... [  4%]
.......................                                                  [  5%]
tests/kaggriculture/test_env.py ........................................ [  7%]
..............                                                           [  8%]
tests/kaggriculture/test_env_cuda_fence.py s                             [  8%]
tests/kaggriculture/test_env_reference.py .                              [  8%]
tests/kaggriculture/test_evaluation.py .............                     [  8%]
tests/kaggriculture/test_game.py ...........................             [  9%]
tests/kaggriculture/test_gpu_grammar.py ........................         [ 10%]
tests/kaggriculture/test_model_compile.py ...........                    [ 11%]
tests/kaggriculture/test_model_encoder.py .............................. [ 12%]
.............                                                            [ 13%]
tests/kaggriculture/test_model_heads.py ................................ [ 14%]
.................................                                        [ 15%]
tests/kaggriculture/test_model_registration.py .......                   [ 15%]
tests/kaggriculture/test_native_env.py ................................. [ 17%]
........................................................................ [ 20%]
........................................................................ [ 23%]
........................................................................ [ 26%]
........................................................................ [ 29%]
........................                                                 [ 30%]
tests/kaggriculture/test_native_grammar_bindings.py .................... [ 30%]
.......................                                                  [ 31%]
tests/kaggriculture/test_native_tables.py ......................         [ 32%]
tests/kaggriculture/test_observe.py ..ss................................ [ 34%]
.....................                                                    [ 35%]
tests/kaggriculture/test_rewards.py .................................... [ 36%]
......                                                                   [ 36%]
tests/kaggriculture/test_teacher.py .................................... [ 38%]
..........s..sss                                                         [ 38%]
tests/kaggriculture/test_training_semantics.py ......................... [ 39%]
..                                                                       [ 40%]
tests/kaggriculture/test_types.py ...................................... [ 41%]
........................................................................ [ 44%]
................                                                         [ 45%]
tests/owl/agent/test_agent.py .......................................... [ 46%]
...........                                                              [ 47%]
tests/owl/agent/test_kaggle_engine_sanitization.py ....                  [ 47%]
tests/owl/agent/test_kaggle_observation.py ...                           [ 47%]
tests/owl/kaggriculture/test_opponents.py sssssssss                      [ 48%]
tests/owl/model/test_attn.py .....ss                                     [ 48%]
tests/owl/model/test_model_config_files.py ............................. [ 49%]
..................                                                       [ 50%]
tests/owl/model/test_recurrent_transformer_v1.py ..............          [ 50%]
tests/owl/model/test_stateless_transformer_v1.py ....................... [ 51%]
........................................................................ [ 54%]
...............................                                          [ 55%]
tests/owl/model/test_teacher_targets.py ............................     [ 57%]
tests/owl/test_checkpoint_quantization.py .............................. [ 58%]
..............                                                           [ 58%]
tests/owl/test_config.py .........                                       [ 59%]
tests/owl/test_int8_emulation.py ...s                                    [ 59%]
tests/owl/test_replay.py ...                                             [ 59%]
tests/owl/test_rl.py ................................................... [ 61%]
...........................                                              [ 62%]
tests/owl/train/test_advantages.py ..............                        [ 63%]
tests/owl/train/test_config.py ......................................... [ 65%]
............................                                             [ 66%]
tests/owl/train/test_distributed.py ...................                  [ 66%]
tests/owl/train/test_logging.py .....                                    [ 67%]
tests/owl/train/test_loss.py .............                               [ 67%]
tests/owl/train/test_metrics.py ..                                       [ 67%]
tests/owl/train/test_optimizer.py ...........                            [ 68%]
tests/owl/train/test_ppo.py ............................................ [ 69%]
...............................                                          [ 71%]
tests/owl/train/test_ppo_observation_mapping.py ........................ [ 72%]
........................................................................ [ 75%]
........................................................................ [ 78%]
...                                                                      [ 78%]
tests/scripts/test_benchmark_checkpoints.py ............................ [ 79%]
.........                                                                [ 79%]
tests/scripts/test_download_replays.py ....                              [ 79%]
tests/scripts/test_extract_model_weights.py .................            [ 80%]
tests/scripts/test_kaggriculture_parity.py .................s........... [ 81%]
.......                                                                  [ 82%]
tests/scripts/test_kaggriculture_select_replays.py .................     [ 82%]
tests/scripts/test_roundtrip_checkpoint_quantization.py ................ [ 83%]
..                                                                       [ 83%]
tests/scripts/test_run_ppo.py .......................................... [ 85%]
........................................................................ [ 88%]
....                                                                     [ 88%]
tests/tools/test_check_engine_trim.py .................................. [ 89%]
.............................................                            [ 91%]
tests/tools/test_check_opponent_import.py .............................. [ 92%]
.................................s.                                      [ 94%]
tests/tools/test_observation_oracle_custody.py ......................... [ 95%]
............................                                             [ 96%]
tests/tools/test_record_grammar_reference.py .........................   [ 97%]
tests/tools/test_record_kaggriculture_env_reference.py ................. [ 98%]
...........................................                              [ 99%]
tests/tools/test_replay_viewer.py ..                                     [100%]

=========================== short test summary info ============================
SKIPPED [1] tests/kaggriculture/test_env_cuda_fence.py:11: CUDA is unavailable
SKIPPED [2] tests/kaggriculture/test_observe.py:288: pinned host memory requires CUDA
SKIPPED [1] tests/kaggriculture/test_teacher.py:1356: needs Task 3.1 trainer seam (Kaggriculture rollout storage and action mapping in ppo.py; the merged trainer rejects KaggricultureActionMask)
SKIPPED [1] tests/kaggriculture/test_teacher.py:1625: needs the Task 3.1 run_ppo game seam (the merged configs load and the Task 1.4/1.5 native env exists, but run_ppo stops for Kaggriculture until Task 3.1 rollout storage and action mapping land)
SKIPPED [1] tests/kaggriculture/test_teacher.py:1654: needs the Task 3.1 run_ppo game seam (the merged configs load and the Task 1.4/1.5 native env exists, but run_ppo stops for Kaggriculture until Task 3.1 rollout storage and action mapping land)
SKIPPED [1] tests/kaggriculture/test_teacher.py:1690: needs Task 3.1 trainer seam (Kaggriculture rollout storage and action mapping in ppo.py; the merged trainer rejects KaggricultureActionMask)
SKIPPED [8] tests/owl/kaggriculture/test_opponents.py:26: needs a native opponent seat: Task 1.4 KaggricultureEnv has no opponents_rs hook
SKIPPED [1] tests/owl/kaggriculture/test_opponents.py:31: needs a native opponent seat: Task 1.4 KaggricultureEnv has no opponents_rs hook
SKIPPED [1] tests/owl/model/test_attn.py:60: flash-attn CUDA backend is not available
SKIPPED [1] tests/owl/model/test_attn.py:80: flash-attn CUDA backend is not available
SKIPPED [1] tests/owl/test_int8_emulation.py:15: x86 torch quantized backend is unavailable: qnnpack
SKIPPED [1] tests/scripts/test_kaggriculture_parity.py:371: Mac bound: committed regeneration exceeds two live games; run on pod
SKIPPED [1] tests/tools/test_check_opponent_import.py:396: original sources live in the sibling repo
====================== 2422 passed, 21 skipped in 58.66s =======================
uv run python scripts/check_doc_freshness.py
No doc updates required
