start 2026-09-30T18:34:29Z agent=/root/anchor-eval/pkgs/80M-ft-on-c5fdb59a7937/agent out=80M-ft-on parallel=30
2026-09-30T18:37:06Z 80M-smaller_market_shock-s93005-seat0 exit=0 wall=157s
2026-09-30T18:37:11Z 80M-smaller_market_shock-s93006-seat1 exit=0 wall=162s
2026-09-30T18:37:12Z 80M-cha22-s93005-seat0 exit=0 wall=163s
2026-09-30T18:37:15Z 80M-cha22-s93003-seat1 exit=0 wall=166s
2026-09-30T18:37:20Z 80M-cha22-s93002-seat0 exit=0 wall=171s
2026-09-30T18:37:23Z 80M-cha22-s93005-seat1 exit=0 wall=174s
2026-09-30T18:37:29Z 80M-smaller_market_shock-s93008-seat0 exit=0 wall=180s
2026-09-30T18:37:29Z 80M-smaller_market_shock-s93008-seat1 exit=0 wall=180s
2026-09-30T18:37:31Z 80M-smaller_market_shock-s93006-seat0 exit=0 wall=182s
2026-09-30T18:37:33Z 80M-smaller_market_shock-s93003-seat1 exit=0 wall=184s
2026-09-30T18:37:33Z 80M-smaller_market_shock-s93007-seat1 exit=0 wall=184s
2026-09-30T18:37:34Z 80M-smaller_market_shock-s93004-seat1 exit=0 wall=185s
2026-09-30T18:37:35Z 80M-cha22-s93007-seat1 exit=0 wall=186s
2026-09-30T18:37:38Z 80M-cha22-s93004-seat0 exit=0 wall=189s
2026-09-30T18:37:42Z 80M-smaller_market_shock-s93002-seat0 exit=0 wall=193s
2026-09-30T18:37:43Z 80M-cha22-s93002-seat1 exit=0 wall=194s
2026-09-30T18:37:43Z 80M-smaller_market_shock-s93001-seat1 exit=0 wall=194s
2026-09-30T18:37:43Z 80M-cha22-s93001-seat1 exit=0 wall=194s
2026-09-30T18:37:43Z 80M-cha22-s93003-seat0 exit=0 wall=194s
2026-09-30T18:37:44Z 80M-smaller_market_shock-s93004-seat0 exit=0 wall=195s
2026-09-30T18:37:45Z 80M-smaller_market_shock-s93005-seat1 exit=0 wall=196s
2026-09-30T18:37:45Z 80M-cha22-s93004-seat1 exit=0 wall=196s
2026-09-30T18:37:46Z 80M-smaller_market_shock-s93001-seat0 exit=0 wall=197s
2026-09-30T18:37:47Z 80M-smaller_market_shock-s93007-seat0 exit=0 wall=198s
2026-09-30T18:37:47Z 80M-cha22-s93007-seat0 exit=0 wall=198s
2026-09-30T18:37:47Z 80M-smaller_market_shock-s93003-seat0 exit=0 wall=198s
2026-09-30T18:37:47Z 80M-cha22-s93001-seat0 exit=0 wall=198s
2026-09-30T18:37:48Z 80M-smaller_market_shock-s93002-seat1 exit=0 wall=199s
2026-09-30T18:37:49Z 80M-cha22-s93006-seat1 exit=0 wall=200s
2026-09-30T18:37:56Z 80M-cha22-s93006-seat0 exit=0 wall=207s
2026-09-30T18:39:32Z 80M-v56-s93001-seat1 exit=0 wall=137s
2026-09-30T18:39:41Z 80M-cha22-s93008-seat1 exit=0 wall=150s
2026-09-30T18:39:44Z 80M-cha22-s93008-seat0 exit=0 wall=158s
2026-09-30T18:39:44Z 80M-v56-s93005-seat0 exit=0 wall=131s
2026-09-30T18:39:46Z 80M-v56-s93002-seat1 exit=0 wall=143s
2026-09-30T18:39:47Z 80M-v56-s93007-seat1 exit=0 wall=124s
2026-09-30T18:39:48Z 80M-v56-s93005-seat1 exit=0 wall=134s
2026-09-30T18:39:49Z 80M-v56-s93006-seat0 exit=0 wall=134s
2026-09-30T18:39:50Z 80M-v56-s93008-seat0 exit=0 wall=127s
2026-09-30T18:39:51Z 80M-v56-s93008-seat1 exit=0 wall=128s
2026-09-30T18:40:04Z 80M-v56-s93001-seat0 exit=0 wall=172s
2026-09-30T18:40:09Z 80M-v56-s93003-seat1 exit=0 wall=160s
2026-09-30T18:40:15Z 80M-v56-s93002-seat0 exit=0 wall=175s
2026-09-30T18:40:16Z 80M-v56-s93003-seat0 exit=0 wall=167s
2026-09-30T18:40:17Z 80M-v56-s93004-seat1 exit=0 wall=164s
2026-09-30T18:40:22Z 80M-v56-s93004-seat0 exit=0 wall=171s
2026-09-30T18:40:23Z 80M-v56-s93006-seat1 exit=0 wall=165s
2026-09-30T18:40:23Z 80M-v56-s93007-seat0 exit=0 wall=161s
end 2026-09-30T18:40:23Z wall_s=354
{"receipts": 48, "qualified": 48, "engine_sha256": ["f73d27ce04a6fd5ddcdd59c618e1da8c9b6fb2f27f5cf9cdc27efad942345004"], "manifest_sha256": ["0838c787c529a329a9ef12db3a4334c964a6ef36fb4984fabd536b8880a3f385"]}
