Resolved 181 packages in 5ms
   Building owl @ file:///Users/poonszesen/kg-v3
Downloading wandb (23.7MiB)
Downloading maturin (18.7MiB)
      Built owl @ file:///Users/poonszesen/kg-v3
 Downloaded maturin
 Downloaded wandb
Prepared 3 packages in 7m 23s
Installed 44 packages in 407ms
 + annotated-types==0.7.0
 + certifi==2026.4.22
 + charset-normalizer==3.4.7
 + click==8.5.0
 + filelock==3.29.0
 + fsspec==2026.4.0
 + gitdb==4.0.12
 + gitpython==3.1.49
 + idna==3.13
 + iniconfig==2.3.0
 + jinja2==3.1.6
 + librt==0.10.0
 + markupsafe==3.0.3
 + maturin==1.13.1
 + mpmath==1.3.0
 + mypy==1.20.2
 + mypy-extensions==1.1.0
 + networkx==3.6.1
 + numpy==2.4.4
 + owl==0.1.0 (from file:///Users/poonszesen/kg-v3)
 + packaging==26.2
 + pathspec==1.1.1
 + platformdirs==4.9.6
 + pluggy==1.6.0
 + protobuf==6.33.6
 + pydantic==2.13.3
 + pydantic-core==2.46.3
 + pygments==2.20.0
 + pytest==9.0.3
 + pyyaml==6.0.3
 + requests==2.33.1
 + sentry-sdk==2.59.0
 + setuptools==82.0.1
 + smmap==5.0.3
 + sympy==1.14.0
 + torch==2.9.0
 + tqdm==4.67.3
 + types-pyyaml==6.0.12.20260408
 + types-requests==2.33.0.20260503
 + types-tqdm==4.67.3.20260408
 + typing-extensions==4.15.0
 + typing-inspection==0.4.2
 + urllib3==2.6.3
 + wandb==0.26.1
