   Compiling owl v0.1.0 (/Users/poonszesen/kg-v3-t73)
    Finished `test` profile [unoptimized + debuginfo] target(s) in 1.42s
     Running unittests src/lib.rs (target/debug/deps/rs-7de3796adb200e16)

running 10 tests
test kaggriculture::replay_export_tests::semantic_numbers_are_exact_without_float_seed_rounding ... ok
native error: native step error: PICKUP count cannot convert null to a Python integer at /transitions/2 (transition Some(2))
test kaggriculture::replay_export_tests::native_step_error_is_explicit_and_never_shortened_success ... ok
test kaggriculture::replay_export_tests::typed_tape_rejects_token_seat_count_without_panicking ... ok
test kaggriculture::replay_export_tests::token_tape_uses_pre_step_native_decode ... ok
test kaggriculture::replay_export_tests::replay_rejects_invalid_seed_config_counts_and_completion ... ok
test kaggriculture::replay_export_tests::replay_seed_only_poison_and_exact_wide_seed ... ok
mutation action timing: value differs: 2948.0 != 3000.0 at /steps/1/0/observation/farms/0/money (transition Some(0))
mutation dropped transition: non-consecutive step at /steps/3/0/observation/step (transition Some(2))
test kaggriculture::replay_export_tests::shifted_action_and_dropped_transition_are_detected ... ok
test kaggriculture::replay_export_tests::native_byte_numeric_spelling_reports_the_first_pointer ... ok
mutation shaped reward: terminal raw reward differs from bank at /steps/6/0/reward (transition Some(5))
mutation captured bank: value differs: 3000.0 != 2999.0 at /captured/banks/2/1 (transition Some(2))
test kaggriculture::replay_export_tests::import_rejections_and_captured_evidence_are_not_circular ... ok
mutation order: object key order differs at /steps/1/0/observation/private/seeds (transition Some(0))
test kaggriculture::replay_export_tests::episode_timing_shared_privacy_quantities_and_byte_roundtrip ... ok

test result: ok. 10 passed; 0 failed; 0 ignored; 0 measured; 258 filtered out; finished in 0.07s

