   Compiling target-lexicon v0.13.5
   Compiling autocfg v1.5.0
   Compiling proc-macro2 v1.0.106
   Compiling unicode-ident v1.0.24
   Compiling quote v1.0.45
   Compiling pyo3-build-config v0.28.3
   Compiling num-traits v0.2.19
   Compiling syn v2.0.117
   Compiling libc v0.2.186
   Compiling crossbeam-utils v0.8.21
   Compiling serde_core v1.0.228
   Compiling num-integer v0.1.46
   Compiling pyo3-macros-backend v0.28.3
   Compiling pyo3-ffi v0.28.3
   Compiling matrixmultiply v0.3.10
   Compiling zmij v1.0.21
   Compiling heck v0.5.0
   Compiling crossbeam-epoch v0.9.18
   Compiling pyo3 v0.28.3
   Compiling cfg-if v1.0.4
   Compiling rayon-core v1.13.0
   Compiling rand_core v0.10.1
   Compiling serde v1.0.228
   Compiling rawpointer v0.2.1
   Compiling serde_json v1.0.149
   Compiling getrandom v0.4.2
   Compiling hashbrown v0.17.0
   Compiling equivalent v1.0.2
   Compiling indexmap v2.14.0
   Compiling pyo3-macros v0.28.3
   Compiling crossbeam-deque v0.8.6
   Compiling num-bigint v0.4.8
   Compiling serde_derive v1.0.228
   Compiling num-complex v0.4.6
   Compiling numpy v0.28.0
   Compiling memchr v2.8.0
   Compiling once_cell v1.21.4
   Compiling itoa v1.0.18
   Compiling ndarray v0.17.2
   Compiling num-rational v0.4.2
   Compiling chacha20 v0.10.0
   Compiling owl v0.1.0 (/Users/poonszesen/kg-v3-t73)
   Compiling rustc-hash v2.1.2
   Compiling either v1.15.0
   Compiling rayon v1.12.0
   Compiling rand v0.10.1
   Compiling kaggriculture-engine v0.1.0 (/Users/poonszesen/kg-v3-t73/engine_rs)
error[E0583]: file not found for module `replay_export`
 --> src/kaggriculture/mod.rs:9:1
  |
9 | pub mod replay_export;
  | ^^^^^^^^^^^^^^^^^^^^^^
  |
  = help: to create the module `replay_export`, create file "src/kaggriculture/replay_export.rs" or "src/kaggriculture/replay_export/mod.rs"
  = note: if there is a `mod replay_export` elsewhere in the crate already, import it with `use crate::...` instead

warning: unused import: `super::replay_export::*`
 --> src/kaggriculture/replay_export_tests.rs:1:5
  |
1 | use super::replay_export::*;
  |     ^^^^^^^^^^^^^^^^^^^^^^^
  |
  = note: `#[warn(unused_imports)]` (part of `#[warn(unused)]`) on by default

error[E0433]: cannot find type `SeedHeader` in this scope
  --> src/kaggriculture/replay_export_tests.rs:32:18
   |
32 |     let header = SeedHeader::parse(&raw).unwrap();
   |                  ^^^^^^^^^^ use of undeclared type `SeedHeader`

error[E0433]: cannot find type `ActionTape` in this scope
  --> src/kaggriculture/replay_export_tests.rs:33:16
   |
33 |     let tape = ActionTape::parse(&tape_json(6, true)).unwrap();
   |                ^^^^^^^^^^ use of undeclared type `ActionTape`

error[E0425]: cannot find function `replay_from_seed` in this scope
  --> src/kaggriculture/replay_export_tests.rs:34:20
   |
34 |     let expected = replay_from_seed(&header, &tape).unwrap();
   |                    ^^^^^^^^^^^^^^^^ not found in this scope

error[E0433]: cannot find type `SeedHeader` in this scope
  --> src/kaggriculture/replay_export_tests.rs:55:17
   |
55 |         assert!(SeedHeader::parse(&h).unwrap_err().pointer.contains("seed"));
   |                 ^^^^^^^^^^ use of undeclared type `SeedHeader`

error[E0433]: cannot find type `SeedHeader` in this scope
  --> src/kaggriculture/replay_export_tests.rs:58:13
   |
58 |     assert!(SeedHeader::parse(&h).is_err());
   |             ^^^^^^^^^^ use of undeclared type `SeedHeader`

error[E0433]: cannot find type `SeedHeader` in this scope
  --> src/kaggriculture/replay_export_tests.rs:61:17
   |
61 |         assert!(SeedHeader::parse(&h).is_err(),"{field}");
   |                 ^^^^^^^^^^ use of undeclared type `SeedHeader`

error[E0433]: cannot find type `SeedHeader` in this scope
  --> src/kaggriculture/replay_export_tests.rs:63:11
   |
63 |     let h=SeedHeader::parse(&header_json()).unwrap();
   |           ^^^^^^^^^^ use of undeclared type `SeedHeader`

error[E0433]: cannot find type `ActionTape` in this scope
  --> src/kaggriculture/replay_export_tests.rs:65:13
   |
65 |     assert!(ActionTape::parse(&t).is_err());
   |             ^^^^^^^^^^ use of undeclared type `ActionTape`

error[E0433]: cannot find type `ActionTape` in this scope
  --> src/kaggriculture/replay_export_tests.rs:67:38
   |
67 |         let err=replay_from_seed(&h,&ActionTape::parse(&tape_json(n,complete)).unwrap()).unwrap_err();
   |                                      ^^^^^^^^^^ use of undeclared type `ActionTape`

error[E0425]: cannot find function `replay_from_seed` in this scope
  --> src/kaggriculture/replay_export_tests.rs:67:17
   |
67 |         let err=replay_from_seed(&h,&ActionTape::parse(&tape_json(n,complete)).unwrap()).unwrap_err();
   |                 ^^^^^^^^^^^^^^^^ not found in this scope

error[E0433]: cannot find type `SeedHeader` in this scope
  --> src/kaggriculture/replay_export_tests.rs:74:11
   |
74 |     let h=SeedHeader::parse(&header_json()).unwrap();
   |           ^^^^^^^^^^ use of undeclared type `SeedHeader`

error[E0433]: cannot find type `ActionTape` in this scope
  --> src/kaggriculture/replay_export_tests.rs:80:34
   |
80 |     assert!(replay_from_seed(&h,&ActionTape::parse(&t).unwrap()).is_ok());
   |                                  ^^^^^^^^^^ use of undeclared type `ActionTape`

error[E0425]: cannot find function `replay_from_seed` in this scope
  --> src/kaggriculture/replay_export_tests.rs:80:13
   |
80 |     assert!(replay_from_seed(&h,&ActionTape::parse(&t).unwrap()).is_ok());
   |             ^^^^^^^^^^^^^^^^ not found in this scope

error[E0433]: cannot find type `ActionTape` in this scope
  --> src/kaggriculture/replay_export_tests.rs:82:34
   |
82 |     let err=replay_from_seed(&h,&ActionTape::parse(&t).unwrap()).unwrap_err();
   |                                  ^^^^^^^^^^ use of undeclared type `ActionTape`

error[E0425]: cannot find function `replay_from_seed` in this scope
  --> src/kaggriculture/replay_export_tests.rs:82:13
   |
82 |     let err=replay_from_seed(&h,&ActionTape::parse(&t).unwrap()).unwrap_err();
   |             ^^^^^^^^^^^^^^^^ not found in this scope

Some errors have detailed explanations: E0425, E0433, E0583.
For more information about an error, try `rustc --explain E0425`.
warning: `owl` (lib test) generated 1 warning
error: could not compile `owl` (lib test) due to 16 previous errors; 1 warning emitted
