framework oracle: seed=1208925819614629174706195, 9 transitions, 0.022061s, peak RSS=423952384 bytes
fixture 95324500: 719 transitions, 16.355816s
mutation fixture 95324500 raw reward to shaped reward: value differs: 97126.0 != 0.8 at /steps/719/0/reward (transition Some(718))
.fixture 95901360: 719 transitions, 23.847805s
mutation fixture 95901360 raw reward to shaped reward: value differs: 143344.0 != 0.8 at /steps/719/0/reward (transition Some(718))
.fixture 95921764: 719 transitions, 17.268194s
mutation fixture 95921764 raw reward to shaped reward: value differs: 7843.0 != 0.8 at /steps/719/0/reward (transition Some(718))
.fixture 95990191: 719 transitions, 23.894932s
mutation fixture 95990191 raw reward to shaped reward: value differs: 87792.0 != 0.8 at /steps/719/0/reward (transition Some(718))
.mutation framework resolved seed changed: value differs: {"kind":"WEED"} != null at /steps/3/0/observation/farms/0/tiles/0/1 (transition Some(2))
.Fmutation captured transition bank changed: value differs: 2948.0 != 2949.0 at /captured/banks/1/0 (transition Some(1))
.mutation seat 0 private state leaked into seat 1: value differs: 0 != 2 at /steps/1/1/observation/private/shed/WHEAT (transition Some(0))
.mutation initial private key order reversed: object key order differs at /steps/0/0/observation/private/seeds (transition None)
.mutation fixture actor inventory key order reversed: object key order differs at /steps/22/1/observation/private/inventories/3 (transition Some(21))
.
=================================== FAILURES ===================================
__________________ test_native_byte_round_trip_and_wide_seed ___________________

framework_episode = {'configuration': {'episodeSteps': 10, 'turnsPerDay': 3, 'maxMarketOrdersPerTurn': 4, 'townShopUnlockInterval': 1, 'we...rket over one season.', 'id': '308efb5c-bc02-11f1-a0a0-b9f2701780bd', 'info': {'seed': 1208925819614629174706195}, ...}

    def test_native_byte_round_trip_and_wide_seed(
        framework_episode: dict[str, Any],
    ) -> None:
        header, tape = _header_tape(framework_episode)
        exported = rs.export_kaggriculture_episode(_dump(header), _dump(tape))
        report = json.loads(rs.verify_kaggriculture_episode(exported))
        assert report["ok"]
        assert report["mode"] == "byte"
        assert report["canonical_json"] == exported
        assert json.loads(exported)["info"]["seed"] == SEED
        mutated = json.loads(exported)
        mutated["steps"][2][0]["action"]["market"][0].pop()
>       _reject(mutated, "native byte round trip explicit zero quantity removed")

tests/kaggriculture/test_replay_export_oracles.py:321: 
_ _ _ _ _ _ _ _ _ _ _ _ _ _ _ _ _ _ _ _ _ _ _ _ _ _ _ _ _ _ _ _ _ _ _ _ _ _ _ _ 

episode = {'configuration': {'actTimeout': 1, 'boardSize': 10, 'episodeSteps': 10, 'farmHandCostMult': 1, ...}, 'description': '...a_version': 1, 'source': 'Task 7.3 independent Python oracle tests', 'target_framework_version': '1.32.7'}, ...}}, ...}
label = 'native byte round trip explicit zero quantity removed', captured = None

    def _reject(
        episode: dict[str, Any], label: str, captured: dict[str, Any] | None = None
    ) -> str:
>       with pytest.raises(ValueError, match="transition") as error:
             ^^^^^^^^^^^^^^^^^^^^^^^^^^^^^^^^^^^^^^^^^^^^^
E       Failed: DID NOT RAISE <class 'ValueError'>

tests/kaggriculture/test_replay_export_oracles.py:242: Failed
=========================== short test summary info ============================
FAILED tests/kaggriculture/test_replay_export_oracles.py::test_native_byte_round_trip_and_wide_seed
1 failed, 9 passed in 132.77s (0:02:12)
