shard-00-test_base_generics_typing exit 0 stop None
shard-01-test_compile_gemm_backends exit 0 stop None
shard-02-test_configs exit 0 stop None
shard-03-test_evaluation exit 0 stop None
shard-04-test_gpu_grammar exit 0 stop None
shard-05-test_model_compile exit 0 stop None
shard-06-test_model_encoder exit 0 stop None
shard-07-test_model_heads exit 137 stop memory
shard-07-test_model_heads-nodes-000 exit 0 stop None
shard-07-test_model_heads-nodes-008 exit 0 stop None
shard-07-test_model_heads-nodes-016 exit 0 stop None
shard-07-test_model_heads-nodes-024 exit 0 stop None
shard-07-test_model_heads-nodes-032 exit 0 stop None
shard-07-test_model_heads-nodes-040 exit 0 stop None
shard-07-test_model_heads-nodes-048 exit 0 stop None
shard-07-test_model_heads-nodes-056 exit 0 stop None
shard-07-test_model_heads-nodes-064 exit 0 stop None
shard-08-test_model_registration exit 0 stop None
shard-09-test_observe exit 0 stop None
shard-10-test_training_semantics exit 0 stop None
shard-11-test_types exit 0 stop None
shard-12-test_agent exit 0 stop None
shard-13-test_kaggle_engine_sanitization exit 0 stop None
shard-14-test_kaggle_observation exit 0 stop None
shard-15-test_attn exit 0 stop None
shard-16-test_model_config_files exit 0 stop None
shard-17-test_recurrent_transformer_v1 exit 0 stop None
shard-18-test_stateless_transformer_v1 exit 0 stop None
shard-19-test_teacher_targets exit 0 stop None
shard-20-test_checkpoint_quantization exit 0 stop None
shard-21-test_config exit 0 stop None
shard-22-test_int8_emulation exit 0 stop None
shard-23-test_replay exit 0 stop None
shard-24-test_rl exit 0 stop None
shard-25-test_advantages exit 0 stop None
shard-26-test_config exit 0 stop None
shard-27-test_distributed exit 0 stop None
shard-28-test_logging exit 0 stop None
shard-29-test_loss exit 0 stop None
shard-30-test_metrics exit 0 stop None
shard-31-test_optimizer exit 0 stop None
shard-32-test_ppo exit 0 stop None
shard-33-test_ppo_observation_mapping exit 0 stop None
shard-34-test_benchmark_checkpoints exit 0 stop None
shard-35-test_download_replays exit 0 stop None
shard-36-test_extract_model_weights exit 0 stop None
shard-37-test_kaggriculture_parity exit 137 stop memory
shard-37-test_kaggriculture_parity-nodes-000 exit 0 stop None
shard-37-test_kaggriculture_parity-nodes-008 exit 0 stop None
shard-37-test_kaggriculture_parity-nodes-016 exit 0 stop None
shard-38-test_kaggriculture_select_replays exit 0 stop None
shard-39-test_roundtrip_checkpoint_quantization exit 0 stop None
shard-40-test_run_ppo exit 0 stop None
shard-41-test_check_engine_trim exit 0 stop None
shard-42-test_observation_oracle_custody exit 0 stop None
shard-43-test_record_grammar_reference exit 0 stop None
shard-44-test_replay_viewer exit 0 stop None
ALL SHARDS COMPLETE 45
