uvx ruff check python/ scripts/ tests/ --select I --fix
All checks passed!
uvx ruff format python/ scripts/ tests/
119 files left unchanged
uv run python scripts/check_python_311_syntax.py
uvx ruff check python/ scripts/ tests/
All checks passed!
uv run mypy python/ scripts/
Success: no issues found in 64 source files
uv run pytest tests/ -m "not slow"
============================= test session starts ==============================
platform darwin -- Python 3.12.13, pytest-9.0.3, pluggy-1.6.0
rootdir: /Users/poonszesen/kg-v3-m-teacher
configfile: pyproject.toml
plugins: anyio-4.14.2
collected 1684 items

tests/kaggriculture/test_base_generics_typing.py .                       [  0%]
tests/kaggriculture/test_compile_gemm_backends.py ...................... [  1%]
.................................                                        [  3%]
tests/kaggriculture/test_configs.py .................................... [  5%]
...                                                                      [  5%]
tests/kaggriculture/test_evaluation.py .............                     [  6%]
tests/kaggriculture/test_gpu_grammar.py .......................s         [  7%]
tests/kaggriculture/test_model_compile.py ...........                    [  8%]
tests/kaggriculture/test_model_encoder.py .............................. [ 10%]
.............                                                            [ 11%]
tests/kaggriculture/test_model_heads.py ................................ [ 12%]
.................................                                        [ 14%]
tests/kaggriculture/test_model_registration.py .......                   [ 15%]
tests/kaggriculture/test_observe.py ..ss................................ [ 17%]
.....................                                                    [ 18%]
tests/kaggriculture/test_teacher.py .................................... [ 20%]
..........s..sss                                                         [ 21%]
tests/kaggriculture/test_training_semantics.py .......................   [ 23%]
tests/kaggriculture/test_types.py ...................................... [ 25%]
........................................................................ [ 29%]
................                                                         [ 30%]
tests/owl/agent/test_agent.py .......................................... [ 33%]
...........                                                              [ 33%]
tests/owl/agent/test_kaggle_engine_sanitization.py ....                  [ 34%]
tests/owl/agent/test_kaggle_observation.py ...                           [ 34%]
tests/owl/model/test_attn.py .....ss                                     [ 34%]
tests/owl/model/test_model_config_files.py ............................. [ 36%]
..................                                                       [ 37%]
tests/owl/model/test_recurrent_transformer_v1.py ..............          [ 38%]
tests/owl/model/test_stateless_transformer_v1.py ....................... [ 39%]
........................................................................ [ 43%]
...............................                                          [ 45%]
tests/owl/model/test_teacher_targets.py ............................     [ 47%]
tests/owl/test_checkpoint_quantization.py .............................. [ 49%]
..............                                                           [ 50%]
tests/owl/test_config.py .........                                       [ 50%]
tests/owl/test_int8_emulation.py ...s                                    [ 50%]
tests/owl/test_replay.py ...                                             [ 50%]
tests/owl/test_rl.py ................................................... [ 53%]
...........................                                              [ 55%]
tests/owl/train/test_advantages.py ..............                        [ 56%]
tests/owl/train/test_config.py ......................................... [ 58%]
...........................                                              [ 60%]
tests/owl/train/test_distributed.py ...................                  [ 61%]
tests/owl/train/test_logging.py ..                                       [ 61%]
tests/owl/train/test_loss.py .............                               [ 62%]
tests/owl/train/test_metrics.py ..                                       [ 62%]
tests/owl/train/test_optimizer.py ...........                            [ 63%]
tests/owl/train/test_ppo.py ............................................ [ 65%]
...............................                                          [ 67%]
tests/owl/train/test_ppo_observation_mapping.py ........................ [ 69%]
........................................................................ [ 73%]
........................................................................ [ 77%]
...                                                                      [ 77%]
tests/scripts/test_benchmark_checkpoints.py ............................ [ 79%]
.........                                                                [ 80%]
tests/scripts/test_download_replays.py ....                              [ 80%]
tests/scripts/test_extract_model_weights.py .................            [ 81%]
tests/scripts/test_kaggriculture_parity.py ..................            [ 82%]
tests/scripts/test_kaggriculture_select_replays.py .................     [ 83%]
tests/scripts/test_roundtrip_checkpoint_quantization.py ................ [ 84%]
..                                                                       [ 84%]
tests/scripts/test_run_ppo.py .......................................... [ 86%]
...............................................s.............            [ 90%]
tests/tools/test_check_engine_trim.py .................................. [ 92%]
.............................................                            [ 95%]
tests/tools/test_observation_oracle_custody.py ......................... [ 96%]
............................                                             [ 98%]
tests/tools/test_record_grammar_reference.py .........................   [ 99%]
tests/tools/test_replay_viewer.py ..                                     [100%]

=========================== short test summary info ============================
SKIPPED [1] tests/kaggriculture/test_gpu_grammar.py:171: Task 1.2/1.4 native grammar binding not available: native grammar tables arrive with Task 1.2/1.4 (owl.rs.kaggriculture_grammar_tables); use expected_grammar_tables until the binding exists
SKIPPED [2] tests/kaggriculture/test_observe.py:288: pinned host memory requires CUDA
SKIPPED [1] tests/kaggriculture/test_teacher.py:1355: needs Task 3.1 trainer seam (Kaggriculture rollout storage and action mapping in ppo.py; the merged trainer rejects KaggricultureActionMask)
SKIPPED [1] tests/kaggriculture/test_teacher.py:1624: needs the Task 3.1 run_ppo game seam and the Task 1.4 native env (the merged configs load, but run_ppo stops because no Kaggriculture environment exists)
SKIPPED [1] tests/kaggriculture/test_teacher.py:1653: needs the Task 3.1 run_ppo game seam and the Task 1.4 native env (the merged configs load, but run_ppo stops because no Kaggriculture environment exists)
SKIPPED [1] tests/kaggriculture/test_teacher.py:1689: needs Task 3.1 trainer seam (Kaggriculture rollout storage and action mapping in ppo.py; the merged trainer rejects KaggricultureActionMask)
SKIPPED [1] tests/owl/model/test_attn.py:60: flash-attn CUDA backend is not available
SKIPPED [1] tests/owl/model/test_attn.py:80: flash-attn CUDA backend is not available
SKIPPED [1] tests/owl/test_int8_emulation.py:15: x86 torch quantized backend is unavailable: qnnpack
SKIPPED [1] tests/scripts/test_run_ppo.py:3044: Needs the native Kaggriculture environment and its EnvConfig seed (rebuild Tasks 1.4/1.5).
====================== 1673 passed, 11 skipped in 40.40s =======================
uv run python scripts/check_doc_freshness.py
No doc updates required
