..................................................FF.F.                  [100%]
=================================== FAILURES ===================================
____________________ test_declared_license_edit_is_rejected ____________________

trimmed = PosixPath('/private/var/folders/s_/d3vy5t5s4dv607gfkpx495000000gn/T/pytest-of-poonszesen/pytest-383/test_declared_license_edit_is_0')
reference = {'engine_rs/Cargo.lock': b'# This file is automatically @generated by Cargo.\n# It is not intended for manual editing....emains centralized complete-matching/job value behind the\ndeterministic executor, not low-level farm control.\n", ...}

    def test_declared_license_edit_is_rejected(
        trimmed: Path, reference: dict[str, bytes]
    ) -> None:
        path = "engine_rs/LICENSE"
        changed = reference[path] + b"Additional terms.\n"
        _declare(trimmed, path, changed, _whole_file_edit(reference[path], changed))
>       with pytest.raises(ValueError, match="LICENSE: retained file must be unchanged"):
             ^^^^^^^^^^^^^^^^^^^^^^^^^^^^^^^^^^^^^^^^^^^^^^^^^^^^^^^^^^^^^^^^^^^^^^^^^^^
E       Failed: DID NOT RAISE <class 'ValueError'>

tests/tools/test_check_engine_trim.py:351: Failed
_____________ test_declared_removal_of_trim_provenance_is_rejected _____________

trimmed = PosixPath('/private/var/folders/s_/d3vy5t5s4dv607gfkpx495000000gn/T/pytest-of-poonszesen/pytest-383/test_declared_removal_of_trim_0')
reference = {'engine_rs/Cargo.lock': b'# This file is automatically @generated by Cargo.\n# It is not intended for manual editing....emains centralized complete-matching/job value behind the\ndeterministic executor, not low-level farm control.\n", ...}

    def test_declared_removal_of_trim_provenance_is_rejected(
        trimmed: Path, reference: dict[str, bytes]
    ) -> None:
        original = reference[_VENDORED]
        lines = len(original.decode("utf-8").splitlines())
        _declare(trimmed, _VENDORED, original, [])
>       with pytest.raises(ValueError, match="VENDORED_FROM.md: Task 1.1 trim appendix"):
             ^^^^^^^^^^^^^^^^^^^^^^^^^^^^^^^^^^^^^^^^^^^^^^^^^^^^^^^^^^^^^^^^^^^^^^^^^^^
E       Failed: DID NOT RAISE <class 'ValueError'>

tests/tools/test_check_engine_trim.py:361: Failed
_______________ test_declared_extra_lockfile_change_is_rejected ________________

trimmed = PosixPath('/private/var/folders/s_/d3vy5t5s4dv607gfkpx495000000gn/T/pytest-of-poonszesen/pytest-383/test_declared_extra_lockfile_c0')
reference = {'engine_rs/Cargo.lock': b'# This file is automatically @generated by Cargo.\n# It is not intended for manual editing....emains centralized complete-matching/job value behind the\ndeterministic executor, not low-level farm control.\n", ...}

    def test_declared_extra_lockfile_change_is_rejected(
        trimmed: Path, reference: dict[str, bytes]
    ) -> None:
        current = (trimmed / _LOCK).read_bytes()
        changed = current.replace(b'version = "1.0.229"', b'version = "1.0.230"', 1)
        assert changed != current
        _declare(trimmed, _LOCK, changed, _whole_file_edit(reference[_LOCK], changed))
>       with pytest.raises(ValueError, match="Cargo.lock: Rayon closure removal only"):
             ^^^^^^^^^^^^^^^^^^^^^^^^^^^^^^^^^^^^^^^^^^^^^^^^^^^^^^^^^^^^^^^^^^^^^^^^^
E       Failed: DID NOT RAISE <class 'ValueError'>

tests/tools/test_check_engine_trim.py:416: Failed
=========================== short test summary info ============================
FAILED tests/tools/test_check_engine_trim.py::test_declared_license_edit_is_rejected
FAILED tests/tools/test_check_engine_trim.py::test_declared_removal_of_trim_provenance_is_rejected
FAILED tests/tools/test_check_engine_trim.py::test_declared_extra_lockfile_change_is_rejected
3 failed, 52 passed in 2.07s
exit=1
