== engine-trim: uv run --offline --no-sync python scripts/check_engine_trim.py
engine trim manifest: OK
        1.32 real         0.56 user         0.57 sys
            49364992  maximum resident set size
                   0  average shared memory size
                   0  average unshared data size
                   0  average unshared stack size
              164754  page reclaims
                1223  page faults
                   0  swaps
                   0  block input operations
                   0  block output operations
                   1  messages sent
                   1  messages received
                   1  signals received
                1678  voluntary context switches
                2713  involuntary context switches
            96056284  instructions retired
            39807434  cycles elapsed
             8323456  peak memory footprint
exit 0
