== engine-clippy: cargo clippy --offline --manifest-path engine_rs/Cargo.toml --all-targets --locked -- -D warnings -A clippy::too_many_arguments -A clippy::collapsible_if -A clippy::needless_range_loop
    Checking num-traits v0.2.19
    Checking serde_core v1.0.229
    Checking num-integer v0.1.47
    Checking hashbrown v0.17.1
    Checking equivalent v1.0.2
    Checking num-bigint v0.4.8
    Checking indexmap v2.14.0
    Checking zmij v1.0.23
    Checking itoa v1.0.18
    Checking memchr v2.8.3
    Checking num-rational v0.4.2
    Checking serde v1.0.229
    Checking serde_json v1.0.151
    Checking kaggriculture-engine v0.1.0 (/Users/poonszesen/kg-v3-t75/engine_rs)
    Finished `dev` profile [unoptimized + debuginfo] target(s) in 2.60s
        2.65 real         3.83 user         0.55 sys
           252067840  maximum resident set size
                   0  average shared memory size
                   0  average unshared data size
                   0  average unshared stack size
              175622  page reclaims
                6069  page faults
                   0  swaps
                   0  block input operations
                   0  block output operations
                   0  messages sent
                   0  messages received
                   1  signals received
                 601  voluntary context switches
               19895  involuntary context switches
           271398544  instructions retired
           109361305  cycles elapsed
             6980040  peak memory footprint
exit 0
