== engine-fmt: cargo fmt --manifest-path engine_rs/Cargo.toml --check
        0.24 real         0.04 user         0.05 sys
            38699008  maximum resident set size
                   0  average shared memory size
                   0  average unshared data size
                   0  average unshared stack size
                5204  page reclaims
                2238  page faults
                   0  swaps
                   0  block input operations
                   0  block output operations
                   0  messages sent
                   0  messages received
                   0  signals received
                  49  voluntary context switches
                2174  involuntary context switches
           270687748  instructions retired
           130630716  cycles elapsed
             1147192  peak memory footprint
exit 0
