== opponent-import: uv run --offline --no-sync python scripts/check_opponent_import.py
opponent import check passed (entry pins; custody only; parity is checked separately)
        0.89 real         0.82 user         0.05 sys
           285425664  maximum resident set size
                   0  average shared memory size
                   0  average unshared data size
                   0  average unshared stack size
               26291  page reclaims
                  40  page faults
                   0  swaps
                   0  block input operations
                   0  block output operations
                   1  messages sent
                   1  messages received
                   1  signals received
                 109  voluntary context switches
                 164  involuntary context switches
            76157035  instructions retired
            28707075  cycles elapsed
             8339864  peak memory footprint
exit 0
