tests/tools/test_observation_oracle_custody.py::test_two_record_fixture_validates
tests/tools/test_observation_oracle_custody.py::test_custody_rejects_corruption_even_with_rehashed_files[byte]
tests/tools/test_observation_oracle_custody.py::test_custody_rejects_corruption_even_with_rehashed_files[header_order]
tests/tools/test_observation_oracle_custody.py::test_custody_rejects_corruption_even_with_rehashed_files[duplicate]
tests/tools/test_observation_oracle_custody.py::test_custody_rejects_corruption_even_with_rehashed_files[missing]
tests/tools/test_observation_oracle_custody.py::test_custody_rejects_corruption_even_with_rehashed_files[seat_swap]
tests/tools/test_observation_oracle_custody.py::test_custody_rejects_corruption_even_with_rehashed_files[length]
tests/tools/test_observation_oracle_custody.py::test_custody_rejects_corruption_even_with_rehashed_files[version]
tests/tools/test_observation_oracle_custody.py::test_custody_rejects_corruption_even_with_rehashed_files[unknown]
tests/tools/test_observation_oracle_custody.py::test_custody_rejects_corruption_even_with_rehashed_files[source]
tests/tools/test_observation_oracle_custody.py::test_custody_rejects_corruption_even_with_rehashed_files[duplicate_json_key]
tests/tools/test_observation_oracle_custody.py::test_custody_rejects_corruption_even_with_rehashed_files[coverage]
tests/tools/test_observation_oracle_custody.py::test_final_quota_cannot_be_satisfied_by_dense_states
tests/tools/test_observation_oracle_custody.py::test_gzip_is_deterministic
tests/tools/test_observation_oracle_custody.py::test_manifest_versions_and_dimensions_are_integers[schema_version]
tests/tools/test_observation_oracle_custody.py::test_manifest_versions_and_dimensions_are_integers[observation_schema]
tests/tools/test_observation_oracle_custody.py::test_manifest_versions_and_dimensions_are_integers[contract_version]
tests/tools/test_observation_oracle_custody.py::test_manifest_versions_and_dimensions_are_integers[reference_shape]
tests/tools/test_observation_oracle_custody.py::test_record_source_step_cannot_disagree_with_header
tests/tools/test_observation_oracle_custody.py::test_header_hash_preserves_numeric_spelling_and_nested_key_order
tests/tools/test_observation_oracle_custody.py::test_dense_pair_allows_only_two_remove_reinsert_orders
tests/tools/test_observation_oracle_custody.py::test_byteplane_round_trip_preserves_float_bits
tests/tools/test_observation_oracle_custody.py::test_shuffled_fixture_validates_the_original_seat_bytes
tests/tools/test_observation_oracle_custody.py::test_bounded_command_reports_process_group_memory_stop
tests/tools/test_observation_oracle_custody.py::test_bounded_command_returns_exact_stdout
tests/tools/test_observation_oracle_custody.py::test_preexisting_caller_memory_is_not_charged_to_the_child
tests/tools/test_observation_oracle_custody.py::test_caller_growth_after_launch_still_counts
tests/tools/test_observation_oracle_custody.py::test_shared_deadline_stops_child_group_before_outer_limit
tests/tools/test_observation_oracle_custody.py::test_group_rss_measures_a_live_child_group
tests/tools/test_observation_oracle_custody.py::test_producer_failure_never_exports_or_installs_reference
tests/tools/test_observation_oracle_custody.py::test_recipe_metadata_rejects_float_integer_replacements[profile_int]
tests/tools/test_observation_oracle_custody.py::test_recipe_metadata_rejects_float_integer_replacements[seed]
tests/tools/test_observation_oracle_custody.py::test_recipe_metadata_rejects_float_integer_replacements[sampled_steps]
tests/tools/test_observation_oracle_custody.py::test_recipe_metadata_rejects_float_integer_replacements[terminal_step]
tests/tools/test_observation_oracle_custody.py::test_reference_export_checks_archive_bytes_against_git_show[False]
tests/tools/test_observation_oracle_custody.py::test_reference_export_checks_archive_bytes_against_git_show[True]
tests/tools/test_observation_oracle_custody.py::test_regeneration_source_identity_rejects_changes_between_phases[producer-src/kaggriculture/oracle_corpus.rs]
tests/tools/test_observation_oracle_custody.py::test_regeneration_source_identity_rejects_changes_between_phases[export-scripts/kaggriculture_observation_oracle/record.rs]
tests/tools/test_observation_oracle_custody.py::test_regeneration_source_identity_rejects_changes_between_phases[reference-scripts/kaggriculture_observation_oracle/regenerate.py]
tests/tools/test_observation_oracle_custody.py::test_regeneration_source_identity_rejects_changes_between_phases[admission-Cargo.lock]
tests/tools/test_observation_oracle_custody.py::test_regeneration_source_identity_rejects_changes_between_phases[admission-engine_rs/fixtures/episode-95324500.jsonl.gz]
tests/tools/test_observation_oracle_custody.py::test_regeneration_source_identity_rejects_changes_between_phases[reference-HEAD]
tests/tools/test_observation_oracle_custody.py::test_exported_recorder_must_match_preexecution_source[copy]
tests/tools/test_observation_oracle_custody.py::test_exported_recorder_must_match_preexecution_source[reference]
tests/tools/test_observation_oracle_custody.py::test_regeneration_source_identity_is_captured_before_producer
tests/tools/test_check_engine_trim.py::test_valid_full_inventory_passes
tests/tools/test_check_engine_trim.py::test_task_authored_inventory_accepts_two_tests_and_generated_manifest
tests/tools/test_check_engine_trim.py::test_task_authored_inventory_requires_exact_authored_set[paths0-Task 1.2 authored set: missing=.*MANIFEST.json.*grammar_kernel.*replay_parity]
tests/tools/test_check_engine_trim.py::test_task_authored_inventory_requires_exact_authored_set[paths1-Task 1.2 authored set: missing=.*grammar_kernel]
tests/tools/test_check_engine_trim.py::test_task_authored_inventory_requires_exact_authored_set[paths2-Task 1.2 authored set: missing=.*replay_parity]
tests/tools/test_check_engine_trim.py::test_task_authored_inventory_requires_exact_authored_set[paths3-Task 1.2 authored set: missing=.*generated/MANIFEST.json]
tests/tools/test_check_engine_trim.py::test_task_authored_inventory_requires_exact_authored_set[paths4-Task 1.2 authored set: .*extra=.*other.rs]
tests/tools/test_check_engine_trim.py::test_declared_line_removal_reconstructs_exact_original_bytes
tests/tools/test_check_engine_trim.py::test_drift_is_rejected[modified retained bytes]
tests/tools/test_check_engine_trim.py::test_drift_is_rejected[wrong reference hash]
tests/tools/test_check_engine_trim.py::test_drift_is_rejected[undeclared edit despite updated hash]
tests/tools/test_check_engine_trim.py::test_drift_is_rejected[extra excluded module]
tests/tools/test_check_engine_trim.py::test_drift_is_rejected[missing retained file]
tests/tools/test_check_engine_trim.py::test_drift_is_rejected[missing authored file]
tests/tools/test_check_engine_trim.py::test_drift_is_rejected[unaccounted reference file]
tests/tools/test_check_engine_trim.py::test_drift_is_rejected[duplicate entry]
tests/tools/test_check_engine_trim.py::test_drift_is_rejected[unsafe path]
tests/tools/test_check_engine_trim.py::test_drift_is_rejected[unexpected schema key]
tests/tools/test_check_engine_trim.py::test_invalid_non_engine_path_is_rejected[/outside]
tests/tools/test_check_engine_trim.py::test_invalid_non_engine_path_is_rejected[../escape]
tests/tools/test_check_engine_trim.py::test_invalid_non_engine_path_is_rejected[a//b]
tests/tools/test_check_engine_trim.py::test_invalid_non_engine_path_is_rejected[a/./b]
tests/tools/test_check_engine_trim.py::test_invalid_non_engine_path_is_rejected[a\\b]
tests/tools/test_check_engine_trim.py::test_invalid_non_engine_path_is_rejected[engine_rs/src/lib.rs]
tests/tools/test_check_engine_trim.py::test_invalid_non_engine_path_is_rejected[.git/config]
tests/tools/test_check_engine_trim.py::test_duplicate_non_engine_change_is_rejected
tests/tools/test_check_engine_trim.py::test_inventory_entry_schema_is_strict[retained]
tests/tools/test_check_engine_trim.py::test_inventory_entry_schema_is_strict[excluded]
tests/tools/test_check_engine_trim.py::test_inventory_entry_schema_is_strict[authored]
tests/tools/test_check_engine_trim.py::test_inventory_entry_schema_is_strict[non_engine_changes]
tests/tools/test_check_engine_trim.py::test_schema_version_requires_an_integer[True]
tests/tools/test_check_engine_trim.py::test_schema_version_requires_an_integer[1]
tests/tools/test_check_engine_trim.py::test_schema_version_requires_an_integer[1.0]
tests/tools/test_check_engine_trim.py::test_schema_version_requires_an_integer[None]
tests/tools/test_check_engine_trim.py::test_non_engine_reason_is_required[]
tests/tools/test_check_engine_trim.py::test_non_engine_reason_is_required[   ]
tests/tools/test_check_engine_trim.py::test_non_engine_reason_is_required[4]
tests/tools/test_check_engine_trim.py::test_non_engine_reason_is_required[None]
tests/tools/test_check_engine_trim.py::test_retained_file_cannot_be_edited_even_when_declared
tests/tools/test_check_engine_trim.py::test_invalid_edit_is_rejected[start_line-True-start_line]
tests/tools/test_check_engine_trim.py::test_invalid_edit_is_rejected[start_line-0-edit range]
tests/tools/test_check_engine_trim.py::test_invalid_edit_is_rejected[start_line-3-edit range]
tests/tools/test_check_engine_trim.py::test_invalid_edit_is_rejected[delete_lines-False-delete_lines]
tests/tools/test_check_engine_trim.py::test_invalid_edit_is_rejected[delete_lines--1-edit range]
tests/tools/test_check_engine_trim.py::test_invalid_edit_is_rejected[delete_lines-2-edit end]
tests/tools/test_check_engine_trim.py::test_invalid_edit_is_rejected[insert-None-insert]
tests/tools/test_check_engine_trim.py::test_invalid_edit_is_rejected[reason--reason]
tests/tools/test_check_engine_trim.py::test_invalid_edit_is_rejected[unexpected-value-schema keys]
tests/tools/test_check_engine_trim.py::test_binary_edits_are_rejected[engine_rs/LICENSE]
tests/tools/test_check_engine_trim.py::test_binary_edits_are_rejected[engine_rs/fixtures/episode.jsonl.gz]
tests/tools/test_check_engine_trim.py::test_committed_package_passes_check
tests/tools/test_check_engine_trim.py::test_check_entry_point_passes_on_unmodified_copy
tests/tools/test_check_engine_trim.py::test_check_rejects_omitted_authored_test[replay_parity.rs]
tests/tools/test_check_engine_trim.py::test_check_rejects_omitted_authored_test[grammar_kernel.rs]
tests/tools/test_check_engine_trim.py::test_check_rejects_self_declared_third_authored_source
tests/tools/test_check_engine_trim.py::test_check_rejects_wrong_authored_hash[replay_parity.rs]
tests/tools/test_check_engine_trim.py::test_check_rejects_wrong_authored_hash[grammar_kernel.rs]
tests/tools/test_check_engine_trim.py::test_main_reports_failure_exit_code
tests/tools/test_check_engine_trim.py::test_declared_license_edit_is_rejected
tests/tools/test_check_engine_trim.py::test_declared_removal_of_trim_provenance_is_rejected
tests/tools/test_check_engine_trim.py::test_later_provenance_append_is_accepted
tests/tools/test_check_engine_trim.py::test_declared_extra_lockfile_change_is_rejected
tests/tools/test_check_engine_trim.py::test_declared_eighth_lib_removal_is_rejected
tests/tools/test_check_engine_trim.py::test_generated_manifest_pins_every_trace
tests/tools/test_check_engine_trim.py::test_generated_manifest_drift_is_rejected[edited trace-trace hash]
tests/tools/test_check_engine_trim.py::test_generated_manifest_drift_is_rejected[wrong size-trace size]
tests/tools/test_check_engine_trim.py::test_generated_manifest_drift_is_rejected[unlisted trace-generated trace inventory]
tests/tools/test_check_engine_trim.py::test_generated_manifest_drift_is_rejected[missing trace-is missing]
tests/tools/test_check_engine_trim.py::test_generated_manifest_drift_is_rejected[other engine-Cargo engine pin]
tests/tools/test_check_engine_trim.py::test_generated_manifest_drift_is_rejected[over budget-budget]
tests/tools/test_check_engine_trim.py::test_generated_manifest_drift_is_rejected[no reason-reason]
tests/tools/test_check_engine_trim.py::test_generated_manifest_drift_is_rejected[probe without expectation-go together]
tests/tools/test_check_engine_trim.py::test_generated_manifest_drift_is_rejected[nested path-plain]
tests/tools/test_check_engine_trim.py::test_generated_manifest_drift_is_rejected[duplicate-duplicate]
tests/tools/test_check_engine_trim.py::test_generated_manifest_drift_is_rejected[extra key-schema keys]
tests/tools/test_check_engine_trim.py::test_generated_traces_are_split_from_engine_inventory
tests/tools/test_check_engine_trim.py::test_engine_pin_reads_cargo_metadata
tests/tools/test_check_engine_trim.py::test_check_rejects_edited_generated_trace
tests/tools/test_check_engine_trim.py::test_check_rejects_unlisted_generated_trace

124 tests collected in 0.01s
