tests/kaggriculture/test_observe.py::test_native_writer_uses_real_schema_and_keeps_all_pointers[False-1]
tests/kaggriculture/test_observe.py::test_native_writer_uses_real_schema_and_keeps_all_pointers[False-2]
tests/kaggriculture/test_observe.py::test_native_writer_uses_real_schema_and_keeps_all_pointers[True-1]
tests/kaggriculture/test_observe.py::test_native_writer_uses_real_schema_and_keeps_all_pointers[True-2]
tests/kaggriculture/test_observe.py::test_every_field_rejects_right_numel_wrong_shape[tile_kind]
tests/kaggriculture/test_observe.py::test_every_field_rejects_right_numel_wrong_shape[tile_crop]
tests/kaggriculture/test_observe.py::test_every_field_rejects_right_numel_wrong_shape[tile_animal]
tests/kaggriculture/test_observe.py::test_every_field_rejects_right_numel_wrong_shape[tile_cell]
tests/kaggriculture/test_observe.py::test_every_field_rejects_right_numel_wrong_shape[tile_role]
tests/kaggriculture/test_observe.py::test_every_field_rejects_right_numel_wrong_shape[tiles_int]
tests/kaggriculture/test_observe.py::test_every_field_rejects_right_numel_wrong_shape[tiles_float]
tests/kaggriculture/test_observe.py::test_every_field_rejects_right_numel_wrong_shape[actor_slot]
tests/kaggriculture/test_observe.py::test_every_field_rejects_right_numel_wrong_shape[actor_cell]
tests/kaggriculture/test_observe.py::test_every_field_rejects_right_numel_wrong_shape[actor_role]
tests/kaggriculture/test_observe.py::test_every_field_rejects_right_numel_wrong_shape[actor_mask]
tests/kaggriculture/test_observe.py::test_every_field_rejects_right_numel_wrong_shape[actor_inventory]
tests/kaggriculture/test_observe.py::test_every_field_rejects_right_numel_wrong_shape[actor_inventory_rank]
tests/kaggriculture/test_observe.py::test_every_field_rejects_right_numel_wrong_shape[actors_float]
tests/kaggriculture/test_observe.py::test_every_field_rejects_right_numel_wrong_shape[player_features]
tests/kaggriculture/test_observe.py::test_every_field_rejects_right_numel_wrong_shape[storage_counts]
tests/kaggriculture/test_observe.py::test_every_field_rejects_right_numel_wrong_shape[storage_rank]
tests/kaggriculture/test_observe.py::test_every_field_rejects_right_numel_wrong_shape[banks]
tests/kaggriculture/test_observe.py::test_every_field_rejects_right_numel_wrong_shape[shop_type]
tests/kaggriculture/test_observe.py::test_every_field_rejects_right_numel_wrong_shape[shop_slot]
tests/kaggriculture/test_observe.py::test_every_field_rejects_right_numel_wrong_shape[shop_mask]
tests/kaggriculture/test_observe.py::test_every_field_rejects_right_numel_wrong_shape[market_product]
tests/kaggriculture/test_observe.py::test_every_field_rejects_right_numel_wrong_shape[market_float]
tests/kaggriculture/test_observe.py::test_every_field_rejects_right_numel_wrong_shape[market_int]
tests/kaggriculture/test_observe.py::test_every_field_rejects_right_numel_wrong_shape[global_features]
tests/kaggriculture/test_observe.py::test_every_field_rejects_right_numel_wrong_shape[globals_int]
tests/kaggriculture/test_observe.py::test_every_field_rejects_right_numel_wrong_shape[still_playing]
tests/kaggriculture/test_observe.py::test_every_field_rejects_right_numel_wrong_shape[order_limits]
tests/kaggriculture/test_observe.py::test_every_field_rejects_right_numel_wrong_shape[can_act]
tests/kaggriculture/test_observe.py::test_wrong_dtype_groups_preserve_every_buffer[tile_kind-int32]
tests/kaggriculture/test_observe.py::test_wrong_dtype_groups_preserve_every_buffer[tiles_float-float64]
tests/kaggriculture/test_observe.py::test_wrong_dtype_groups_preserve_every_buffer[banks-float32]
tests/kaggriculture/test_observe.py::test_wrong_dtype_groups_preserve_every_buffer[can_act-uint8]
tests/kaggriculture/test_observe.py::test_foreign_endian_numeric_arrays_are_rejected[tile_kind]
tests/kaggriculture/test_observe.py::test_foreign_endian_numeric_arrays_are_rejected[tiles_float]
tests/kaggriculture/test_observe.py::test_foreign_endian_numeric_arrays_are_rejected[banks]
tests/kaggriculture/test_observe.py::test_invalid_array_layout_and_writability_preserve_all_bytes[fortran]
tests/kaggriculture/test_observe.py::test_invalid_array_layout_and_writability_preserve_all_bytes[stride]
tests/kaggriculture/test_observe.py::test_invalid_array_layout_and_writability_preserve_all_bytes[readonly]
tests/kaggriculture/test_observe.py::test_invalid_array_layout_and_writability_preserve_all_bytes[unaligned]
tests/kaggriculture/test_observe.py::test_overlapping_views_are_rejected_even_with_distinct_base_objects[False-False]
tests/kaggriculture/test_observe.py::test_overlapping_views_are_rejected_even_with_distinct_base_objects[False-True]
tests/kaggriculture/test_observe.py::test_overlapping_views_are_rejected_even_with_distinct_base_objects[True-False]
tests/kaggriculture/test_observe.py::test_overlapping_views_are_rejected_even_with_distinct_base_objects[True-True]
tests/kaggriculture/test_observe.py::test_adjacent_nonoverlapping_views_are_accepted
tests/kaggriculture/test_observe.py::test_full_actor_capacity_then_sparse_reuse_clears_every_field
tests/kaggriculture/test_observe.py::test_header_and_late_environment_errors_preserve_the_whole_batch[json]
tests/kaggriculture/test_observe.py::test_header_and_late_environment_errors_preserve_the_whole_batch[object]
tests/kaggriculture/test_observe.py::test_header_and_late_environment_errors_preserve_the_whole_batch[empty]
tests/kaggriculture/test_observe.py::test_header_and_late_environment_errors_preserve_the_whole_batch[missing_second_header_fields]
tests/kaggriculture/test_observe.py::test_header_and_late_environment_errors_preserve_the_whole_batch[late_state]
tests/kaggriculture/test_observe.py::test_header_and_late_environment_errors_preserve_the_whole_batch[wrong_e]
tests/kaggriculture/test_observe.py::test_every_frozen_oracle_record_passes_the_actual_schema

57 tests collected in 0.01s
