[nt-probe] {"kind": "start", "rank": 1, "t": 1790726873.9740887, "argv": ["/root/kg-v3/scripts/run_ppo.py", "configs/kaggriculture_4rank.yaml", "/root/runs/sweep-nt2", "--load-model-weights", "/root/bc-best/checkpoint_bc_best.pt", "--load-model-weights-mode", "model_only", "--log-mode", "wandb", "--wandb-mode", "online", "--experiment-id", "kg-v3-native-threads-sweep", "--max-env-steps", "163840", "-o", "optimizer.muon_lr=0.0002", "optimizer.adamw_lr=0.00001", "rl.checkpoint_freq=10000000", "env.native_threads=2"], "torch": "2.9.0+cu128", "omp": "1", "numa": "0"}
[nt-probe] {"kind": "start", "rank": 0, "t": 1790726873.9743013, "argv": ["/root/kg-v3/scripts/run_ppo.py", "configs/kaggriculture_4rank.yaml", "/root/runs/sweep-nt2", "--load-model-weights", "/root/bc-best/checkpoint_bc_best.pt", "--load-model-weights-mode", "model_only", "--log-mode", "wandb", "--wandb-mode", "online", "--experiment-id", "kg-v3-native-threads-sweep", "--max-env-steps", "163840", "-o", "optimizer.muon_lr=0.0002", "optimizer.adamw_lr=0.00001", "rl.checkpoint_freq=10000000", "env.native_threads=2"], "torch": "2.9.0+cu128", "omp": "1", "numa": "0"}[nt-probe] {"kind": "start", "rank": 2, "t": 1790726873.974328, "argv": ["/root/kg-v3/scripts/run_ppo.py", "configs/kaggriculture_4rank.yaml", "/root/runs/sweep-nt2", "--load-model-weights", "/root/bc-best/checkpoint_bc_best.pt", "--load-model-weights-mode", "model_only", "--log-mode", "wandb", "--wandb-mode", "online", "--experiment-id", "kg-v3-native-threads-sweep", "--max-env-steps", "163840", "-o", "optimizer.muon_lr=0.0002", "optimizer.adamw_lr=0.00001", "rl.checkpoint_freq=10000000", "env.native_threads=2"], "torch": "2.9.0+cu128", "omp": "1", "numa": "0"}

[nt-probe] {"kind": "start", "rank": 3, "t": 1790726873.9746873, "argv": ["/root/kg-v3/scripts/run_ppo.py", "configs/kaggriculture_4rank.yaml", "/root/runs/sweep-nt2", "--load-model-weights", "/root/bc-best/checkpoint_bc_best.pt", "--load-model-weights-mode", "model_only", "--log-mode", "wandb", "--wandb-mode", "online", "--experiment-id", "kg-v3-native-threads-sweep", "--max-env-steps", "163840", "-o", "optimizer.muon_lr=0.0002", "optimizer.adamw_lr=0.00001", "rl.checkpoint_freq=10000000", "env.native_threads=2"], "torch": "2.9.0+cu128", "omp": "1", "numa": "0"}
Override 'env.native_threads' has the same value (2) as the existing config
Override 'env.native_threads' has the same value (2) as the existing config
Override 'env.native_threads' has the same value (2) as the existing config
Launched with the following raw manual overrides: '['optimizer.muon_lr=0.0002', 'optimizer.adamw_lr=0.00001', 'rl.checkpoint_freq=10000000', 'env.native_threads=2']'
Override 'env.native_threads' has the same value (2) as the existing config
GEMM workload headroom rollout: 128 rows x 709 padded tokens; trunk 5915 rows/call at full padding (>= 46.21x headroom, <= 1 call(s)); heads 11096 rows/call (86.69x headroom, 1 call(s))
GEMM workload headroom minibatch: 512 rows x 709 padded tokens; trunk 5915 rows/call at full padding (>= 11.55x headroom, <= 1 call(s)); heads 11096 rows/call (21.67x headroom, 1 call(s))
GEMM workload headroom teacher_chunk: 8192 rows x 709 padded tokens; trunk 5915 rows/call at full padding (>= 0.722x headroom, <= 2 call(s)); heads 11096 rows/call (1.354x headroom, 1 call(s)); teacher targets 837287936 B per chunk, 837287936 B cached for 8192 rollout rows
GEMM workload headroom evaluation: 128 rows x 709 padded tokens; trunk 5915 rows/call at full padding (>= 46.21x headroom, <= 1 call(s)); heads 11096 rows/call (86.69x headroom, 1 call(s))
Compile stack check: torch 2.9.0+cu128; triton 3.5.0; NVIDIA driver 595.91.07
[nt-probe] {"kind": "env_construct", "rank": 0, "t": 1790726875.9878733, "n_envs": 64, "native_threads": 2, "transfer_device": "cuda:0", "affinity_cpus": 256}
[nt-probe] {"kind": "env_construct", "rank": 3, "t": 1790726876.0028722, "n_envs": 64, "native_threads": 2, "transfer_device": "cuda:3", "affinity_cpus": 256}[nt-probe] {"kind": "env_construct", "rank": 2, "t": 1790726876.0029202, "n_envs": 64, "native_threads": 2, "transfer_device": "cuda:2", "affinity_cpus": 256}[nt-probe] {"kind": "env_construct", "rank": 1, "t": 1790726876.0029466, "n_envs": 64, "native_threads": 2, "transfer_device": "cuda:1", "affinity_cpus": 256}


Compiled GEMM backends: compile_gemm_game=kaggriculture, compile_gemm_backends=ATEN, compile_stack_torch=2.9.0+cu128, compile_stack_triton=3.5.0, compile_stack_nvidia_driver=595.91.07
wandb: [wandb.login()] Loaded credentials for https://api.wandb.ai from /root/.netrc.
wandb: Currently logged in as: spoon to https://api.wandb.ai. Use `wandb login --relogin` to force relogin
wandb: Tracking run with wandb version 0.26.1
wandb: Run data is saved locally in /root/runs/sweep-nt2/20260930-000755/wandb/run-20260930_000758-n3l8unt3
wandb: Run `wandb offline` to turn off syncing.
wandb: Syncing run ppo-20260930-000755
wandb: ⭐️ View project at https://wandb.ai/spoon/kg-v3
wandb: 🚀 View run at https://wandb.ai/spoon/kg-v3/runs/n3l8unt3
[nt-probe] {"kind": "wandb", "rank": 0, "t": 1790726880.2248402, "url": "https://wandb.ai/spoon/kg-v3/runs/n3l8unt3", "id": "n3l8unt3", "name": "ppo-20260930-000755", "group": "kg-v3-native-threads-sweep"}
0env steps [00:00, ?env steps/s]Autotune Choices Stats:
{"num_choices": 2, "num_triton_choices": 0, "best_kernel": "bias_addmm", "best_time": 0.045024000108242035}
AUTOTUNE addmm(28288x256, 28288x256, 256x256)
strides: [0, 1], [256, 1], [1, 256]
dtypes: torch.bfloat16, torch.bfloat16, torch.bfloat16
  bias_addmm 0.0450 ms 100.0% 
  addmm 0.0638 ms 70.5% 
SingleProcess AUTOTUNE benchmarking takes 0.0478 seconds and 0.0001 seconds precompiling for 2 choices
Autotune Choices Stats:
{"num_choices": 2, "num_triton_choices": 0, "best_kernel": "bias_addmm", "best_time": 0.3248960077762604}
AUTOTUNE addmm(115980x512, 115980x256, 256x512)
strides: [0, 1], [256, 1], [1, 256]
dtypes: torch.bfloat16, torch.bfloat16, torch.bfloat16
  bias_addmm 0.3249 ms 100.0% 
  addmm 0.4087 ms 79.5% 
SingleProcess AUTOTUNE benchmarking takes 0.0849 seconds and 0.0002 seconds precompiling for 2 choices
Autotune Choices Stats:
{"num_choices": 2, "num_triton_choices": 0, "best_kernel": "bias_addmm", "best_time": 0.31939199566841125}
AUTOTUNE addmm(115944x512, 115944x256, 256x512)
strides: [0, 1], [256, 1], [1, 256]
dtypes: torch.bfloat16, torch.bfloat16, torch.bfloat16
  bias_addmm 0.3194 ms 100.0% 
  addmm 0.4054 ms 78.8% 
SingleProcess AUTOTUNE benchmarking takes 0.0845 seconds and 0.0001 seconds precompiling for 2 choices
Autotune Choices Stats:
{"num_choices": 2, "num_triton_choices": 0, "best_kernel": "bias_addmm", "best_time": 0.3208639919757843}
AUTOTUNE addmm(116254x512, 116254x256, 256x512)
strides: [0, 1], [256, 1], [1, 256]
dtypes: torch.bfloat16, torch.bfloat16, torch.bfloat16
  bias_addmm 0.3209 ms 100.0% 
  addmm 0.4075 ms 78.7% 
SingleProcess AUTOTUNE benchmarking takes 0.0846 seconds and 0.0002 seconds precompiling for 2 choices
Autotune Choices Stats:
{"num_choices": 2, "num_triton_choices": 0, "best_kernel": "bias_addmm", "best_time": 0.3208959996700287}
AUTOTUNE addmm(116326x512, 116326x256, 256x512)
strides: [0, 1], [256, 1], [1, 256]
dtypes: torch.bfloat16, torch.bfloat16, torch.bfloat16
  bias_addmm 0.3209 ms 100.0% 
  addmm 0.4074 ms 78.8% 
SingleProcess AUTOTUNE benchmarking takes 0.0847 seconds and 0.0001 seconds precompiling for 2 choices
Autotune Choices Stats:
{"num_choices": 2, "num_triton_choices": 0, "best_kernel": "bias_addmm", "best_time": 0.17599999904632568}
AUTOTUNE addmm(116326x256, 116326x256, 256x256)
strides: [0, 1], [256, 1], [1, 256]
dtypes: torch.bfloat16, torch.bfloat16, torch.bfloat16
  bias_addmm 0.1760 ms 100.0% 
  addmm 0.2027 ms 86.8% 
SingleProcess AUTOTUNE benchmarking takes 0.0743 seconds and 0.0001 seconds precompiling for 2 choices
Autotune Choices Stats:
{"num_choices": 2, "num_triton_choices": 0, "best_kernel": "bias_addmm", "best_time": 0.32470399141311646}
AUTOTUNE addmm(115980x512, 115980x256, 256x512)
strides: [0, 1], [256, 1], [1, 256]
dtypes: torch.bfloat16, torch.bfloat16, torch.bfloat16
  bias_addmm 0.3247 ms 100.0% 
  addmm 0.4096 ms 79.3% 
SingleProcess AUTOTUNE benchmarking takes 0.0841 seconds and 0.0001 seconds precompiling for 2 choices
Autotune Choices Stats:
{"num_choices": 2, "num_triton_choices": 0, "best_kernel": "bias_addmm", "best_time": 0.31935998797416687}
AUTOTUNE addmm(115944x512, 115944x256, 256x512)
strides: [0, 1], [256, 1], [1, 256]
dtypes: torch.bfloat16, torch.bfloat16, torch.bfloat16
  bias_addmm 0.3194 ms 100.0% 
  addmm 0.3881 ms 82.3% 
SingleProcess AUTOTUNE benchmarking takes 0.0829 seconds and 0.0001 seconds precompiling for 2 choices
Autotune Choices Stats:
{"num_choices": 2, "num_triton_choices": 0, "best_kernel": "bias_addmm", "best_time": 0.3214719891548157}
AUTOTUNE addmm(116254x512, 116254x256, 256x512)
strides: [0, 1], [256, 1], [1, 256]
dtypes: torch.bfloat16, torch.bfloat16, torch.bfloat16
  bias_addmm 0.3215 ms 100.0% 
  addmm 0.4086 ms 78.7% 
SingleProcess AUTOTUNE benchmarking takes 0.0839 seconds and 0.0001 seconds precompiling for 2 choices
Autotune Choices Stats:
{"num_choices": 2, "num_triton_choices": 0, "best_kernel": "bias_addmm", "best_time": 0.3245759904384613}
AUTOTUNE addmm(115980x512, 115980x256, 256x512)
strides: [0, 1], [256, 1], [1, 256]
dtypes: torch.bfloat16, torch.bfloat16, torch.bfloat16
  bias_addmm 0.3246 ms 100.0% 
  addmm 0.4099 ms 79.2% 
SingleProcess AUTOTUNE benchmarking takes 0.0832 seconds and 0.0000 seconds precompiling for 2 choices
Autotune Choices Stats:
{"num_choices": 2, "num_triton_choices": 0, "best_kernel": "bias_addmm", "best_time": 0.1740799993276596}
AUTOTUNE addmm(115944x256, 115944x256, 256x256)
strides: [0, 1], [256, 1], [1, 256]
dtypes: torch.bfloat16, torch.bfloat16, torch.bfloat16
  bias_addmm 0.1741 ms 100.0% 
  addmm 0.2007 ms 86.7% 
SingleProcess AUTOTUNE benchmarking takes 0.0739 seconds and 0.0001 seconds precompiling for 2 choices
Autotune Choices Stats:
{"num_choices": 2, "num_triton_choices": 0, "best_kernel": "bias_addmm", "best_time": 0.17609600722789764}
AUTOTUNE addmm(116254x256, 116254x256, 256x256)
strides: [0, 1], [256, 1], [1, 256]
dtypes: torch.bfloat16, torch.bfloat16, torch.bfloat16
  bias_addmm 0.1761 ms 100.0% 
  addmm 0.2027 ms 86.9% 
SingleProcess AUTOTUNE benchmarking takes 0.0743 seconds and 0.0001 seconds precompiling for 2 choices
Autotune Choices Stats:
{"num_choices": 2, "num_triton_choices": 0, "best_kernel": "bias_addmm", "best_time": 0.17814399302005768}
AUTOTUNE addmm(115980x256, 115980x256, 256x256)
strides: [0, 1], [256, 1], [1, 256]
dtypes: torch.bfloat16, torch.bfloat16, torch.bfloat16
  bias_addmm 0.1781 ms 100.0% 
  addmm 0.2037 ms 87.4% 
SingleProcess AUTOTUNE benchmarking takes 0.0748 seconds and 0.0001 seconds precompiling for 2 choices
[nt-probe] {"kind": "iteration", "rank": 3, "t": 1790726941.169146, "iteration": 1, "perf_end": 3419439.876830634, "wall_seconds": 60.94002334307879, "native_step_calls": 64, "native_step_seconds": 1.0884065418504179, "proc_cpu_seconds": 44.45, "proc_cpu_total": 51.540000000000006, "stat_busy": 3557876118, "stat_total": 87458912474, "metrics": {"optimizer/steps": 16.0, "train/player_step_total": 32768.0, "time/rollout_seconds": 17.495996475219727, "time/teacher_seconds": 3.9723780155181885, "time/update_seconds": 27.42971420288086, "time/iteration_seconds": 60.93962478637695, "perf/rollout_sps": 936.4428041126614, "perf/teacher_sps": 4124.481591629879, "perf/update_sps": 597.308447285216, "perf/steps_per_second": 268.8562664675717, "perf/tokens_per_second": 121822.18098690343, "perf/active_entities_per_second": 7946.405999340092}}[nt-probe] {"kind": "iteration", "rank": 1, "t": 1790726941.1691766, "iteration": 1, "perf_end": 3419439.876829564, "wall_seconds": 60.94000217318535, "native_step_calls": 64, "native_step_seconds": 0.9102633157745004, "proc_cpu_seconds": 42.56, "proc_cpu_total": 49.64, "stat_busy": 3557876118, "stat_total": 87458912474, "metrics": {"optimizer/steps": 16.0, "train/player_step_total": 32768.0, "time/rollout_seconds": 17.495996475219727, "time/teacher_seconds": 3.9723780155181885, "time/update_seconds": 27.42971420288086, "time/iteration_seconds": 60.93962478637695, "perf/rollout_sps": 936.4428041126614, "perf/teacher_sps": 4124.481591629879, "perf/update_sps": 597.308447285216, "perf/steps_per_second": 268.8562664675717, "perf/tokens_per_second": 121822.18098690343, "perf/active_entities_per_second": 7946.405999340092}}[nt-probe] {"kind": "iteration", "rank": 2, "t": 1790726941.1691809, "iteration": 1, "perf_end": 3419439.876837614, "wall_seconds": 60.940031692851335, "native_step_calls": 64, "native_step_seconds": 0.92602783953771, "proc_cpu_seconds": 43.47, "proc_cpu_total": 50.51, "stat_busy": 3557876118, "stat_total": 87458912474, "metrics": {"optimizer/steps": 16.0, "train/player_step_total": 32768.0, "time/rollout_seconds": 17.495996475219727, "time/teacher_seconds": 3.9723780155181885, "time/update_seconds": 27.42971420288086, "time/iteration_seconds": 60.93962478637695, "perf/rollout_sps": 936.4428041126614, "perf/teacher_sps": 4124.481591629879, "perf/update_sps": 597.308447285216, "perf/steps_per_second": 268.8562664675717, "perf/tokens_per_second": 121822.18098690343, "perf/active_entities_per_second": 7946.405999340092}}[nt-probe] {"kind": "iteration", "rank": 0, "t": 1790726941.1692224, "iteration": 1, "perf_end": 3419439.876853514, "wall_seconds": 60.93984424183145, "native_step_calls": 64, "native_step_seconds": 0.9133906872011721, "proc_cpu_seconds": 41.41, "proc_cpu_total": 47.15, "stat_busy": 3557876118, "stat_total": 87458912475, "metrics": {"optimizer/steps": 16.0, "train/player_step_total": 32768.0, "time/rollout_seconds": 17.495996475219727, "time/teacher_seconds": 3.9723780155181885, "time/update_seconds": 27.42971420288086, "time/iteration_seconds": 60.93962478637695, "perf/rollout_sps": 936.4428041126614, "perf/teacher_sps": 4124.481591629879, "perf/update_sps": 597.308447285216, "perf/steps_per_second": 268.8562664675717, "perf/tokens_per_second": 121822.18098690343, "perf/active_entities_per_second": 7946.405999340092}}



16384env steps [01:00, 268.85env steps/s][nt-probe] {"kind": "iteration", "rank": 3, "t": 1790726945.16003, "iteration": 2, "perf_end": 3419443.867724306, "wall_seconds": 3.9889156189747155, "native_step_calls": 64, "native_step_seconds": 1.5242761569097638, "proc_cpu_seconds": 4.469999999999992, "proc_cpu_total": 56.01, "stat_busy": 3557878097, "stat_total": 87459014592, "metrics": {"optimizer/steps": 32.0, "train/player_step_total": 65536.0, "time/rollout_seconds": 2.08245587348938, "time/teacher_seconds": 0.44908246397972107, "time/update_seconds": 1.4543763399124146, "time/iteration_seconds": 3.988609552383423, "perf/rollout_sps": 7867.633695664743, "perf/teacher_sps": 36483.277157622084, "perf/update_sps": 11265.309776001084, "perf/steps_per_second": 4107.6971272381425, "perf/tokens_per_second": 1890887.0123658048, "perf/active_entities_per_second": 132632.93713065487}}[nt-probe] {"kind": "iteration", "rank": 1, "t": 1790726945.160056, "iteration": 2, "perf_end": 3419443.867716036, "wall_seconds": 3.9889096287079155, "native_step_calls": 64, "native_step_seconds": 1.126384386792779, "proc_cpu_seconds": 4.3799999999999955, "proc_cpu_total": 54.03, "stat_busy": 3557878097, "stat_total": 87459014592, "metrics": {"optimizer/steps": 32.0, "train/player_step_total": 65536.0, "time/rollout_seconds": 2.08245587348938, "time/teacher_seconds": 0.44908246397972107, "time/update_seconds": 1.4543763399124146, "time/iteration_seconds": 3.988609552383423, "perf/rollout_sps": 7867.633695664743, "perf/teacher_sps": 36483.277157622084, "perf/update_sps": 11265.309776001084, "perf/steps_per_second": 4107.6971272381425, "perf/tokens_per_second": 1890887.0123658048, "perf/active_entities_per_second": 132632.93713065487}}[nt-probe] {"kind": "iteration", "rank": 2, "t": 1790726945.1600575, "iteration": 2, "perf_end": 3419443.867721666, "wall_seconds": 3.9889100790023804, "native_step_calls": 64, "native_step_seconds": 1.3201932478696108, "proc_cpu_seconds": 4.400000000000006, "proc_cpu_total": 54.910000000000004, "stat_busy": 3557878097, "stat_total": 87459014592, "metrics": {"optimizer/steps": 32.0, "train/player_step_total": 65536.0, "time/rollout_seconds": 2.08245587348938, "time/teacher_seconds": 0.44908246397972107, "time/update_seconds": 1.4543763399124146, "time/iteration_seconds": 3.988609552383423, "perf/rollout_sps": 7867.633695664743, "perf/teacher_sps": 36483.277157622084, "perf/update_sps": 11265.309776001084, "perf/steps_per_second": 4107.6971272381425, "perf/tokens_per_second": 1890887.0123658048, "perf/active_entities_per_second": 132632.93713065487}}
[nt-probe] {"kind": "iteration", "rank": 0, "t": 1790726945.1600938, "iteration": 2, "perf_end": 3419443.867733936, "wall_seconds": 3.9888972979970276, "native_step_calls": 64, "native_step_seconds": 1.3426866261288524, "proc_cpu_seconds": 4.399999999999999, "proc_cpu_total": 51.55, "stat_busy": 3557878097, "stat_total": 87459014593, "metrics": {"optimizer/steps": 32.0, "train/player_step_total": 65536.0, "time/rollout_seconds": 2.08245587348938, "time/teacher_seconds": 0.44908246397972107, "time/update_seconds": 1.4543763399124146, "time/iteration_seconds": 3.988609552383423, "perf/rollout_sps": 7867.633695664743, "perf/teacher_sps": 36483.277157622084, "perf/update_sps": 11265.309776001084, "perf/steps_per_second": 4107.6971272381425, "perf/tokens_per_second": 1890887.0123658048, "perf/active_entities_per_second": 132632.93713065487}}


32768env steps [01:04, 597.07env steps/s][nt-probe] {"kind": "iteration", "rank": 3, "t": 1790726949.4512033, "iteration": 3, "perf_end": 3419448.158886504, "wall_seconds": 4.289382786024362, "native_step_calls": 64, "native_step_seconds": 1.8077479423955083, "proc_cpu_seconds": 4.850000000000001, "proc_cpu_total": 60.86, "stat_busy": 3557880168, "stat_total": 87459124405, "metrics": {"optimizer/steps": 48.0, "train/player_step_total": 98304.0, "time/rollout_seconds": 2.3639020919799805, "time/teacher_seconds": 0.45172572135925293, "time/update_seconds": 1.470239520072937, "time/iteration_seconds": 4.289096832275391, "perf/rollout_sps": 6930.913109974418, "perf/teacher_sps": 36269.79652763667, "perf/update_sps": 11143.762479726574, "perf/steps_per_second": 3819.918421218808, "perf/tokens_per_second": 1784653.5761094524, "perf/active_entities_per_second": 133118.00183748815}}[nt-probe] {"kind": "iteration", "rank": 1, "t": 1790726949.4512048, "iteration": 3, "perf_end": 3419448.158874864, "wall_seconds": 4.289367396384478, "native_step_calls": 64, "native_step_seconds": 1.3451850810088217, "proc_cpu_seconds": 4.75, "proc_cpu_total": 58.78, "stat_busy": 3557880168, "stat_total": 87459124405, "metrics": {"optimizer/steps": 48.0, "train/player_step_total": 98304.0, "time/rollout_seconds": 2.3639020919799805, "time/teacher_seconds": 0.45172572135925293, "time/update_seconds": 1.470239520072937, "time/iteration_seconds": 4.289096832275391, "perf/rollout_sps": 6930.913109974418, "perf/teacher_sps": 36269.79652763667, "perf/update_sps": 11143.762479726574, "perf/steps_per_second": 3819.918421218808, "perf/tokens_per_second": 1784653.5761094524, "perf/active_entities_per_second": 133118.00183748815}}[nt-probe] {"kind": "iteration", "rank": 2, "t": 1790726949.4512107, "iteration": 3, "perf_end": 3419448.158886644, "wall_seconds": 4.289383836090565, "native_step_calls": 64, "native_step_seconds": 1.6721353442408144, "proc_cpu_seconds": 4.799999999999997, "proc_cpu_total": 59.71, "stat_busy": 3557880168, "stat_total": 87459124405, "metrics": {"optimizer/steps": 48.0, "train/player_step_total": 98304.0, "time/rollout_seconds": 2.3639020919799805, "time/teacher_seconds": 0.45172572135925293, "time/update_seconds": 1.470239520072937, "time/iteration_seconds": 4.289096832275391, "perf/rollout_sps": 6930.913109974418, "perf/teacher_sps": 36269.79652763667, "perf/update_sps": 11143.762479726574, "perf/steps_per_second": 3819.918421218808, "perf/tokens_per_second": 1784653.5761094524, "perf/active_entities_per_second": 133118.00183748815}}[nt-probe] {"kind": "iteration", "rank": 0, "t": 1790726949.451258, "iteration": 3, "perf_end": 3419448.158898414, "wall_seconds": 4.289372874889523, "native_step_calls": 64, "native_step_seconds": 1.6344562587328255, "proc_cpu_seconds": 4.780000000000001, "proc_cpu_total": 56.33, "stat_busy": 3557880168, "stat_total": 87459124406, "metrics": {"optimizer/steps": 48.0, "train/player_step_total": 98304.0, "time/rollout_seconds": 2.3639020919799805, "time/teacher_seconds": 0.45172572135925293, "time/update_seconds": 1.470239520072937, "time/iteration_seconds": 4.289096832275391, "perf/rollout_sps": 6930.913109974418, "perf/teacher_sps": 36269.79652763667, "perf/update_sps": 11143.762479726574, "perf/steps_per_second": 3819.918421218808, "perf/tokens_per_second": 1784653.5761094524, "perf/active_entities_per_second": 133118.00183748815}}



49152env steps [01:09, 971.18env steps/s][nt-probe] {"kind": "iteration", "rank": 3, "t": 1790726954.22099, "iteration": 4, "perf_end": 3419452.928680894, "wall_seconds": 4.7679597469978034, "native_step_calls": 64, "native_step_seconds": 2.251453419215977, "proc_cpu_seconds": 5.460000000000008, "proc_cpu_total": 66.32000000000001, "stat_busy": 3557882423, "stat_total": 87459246479, "metrics": {"optimizer/steps": 64.0, "train/player_step_total": 131072.0, "time/rollout_seconds": 2.844609260559082, "time/teacher_seconds": 0.45483455061912537, "time/update_seconds": 1.4654347896575928, "time/iteration_seconds": 4.76765251159668, "perf/rollout_sps": 5759.6662667054225, "perf/teacher_sps": 36021.88966888715, "perf/update_sps": 11180.299605025903, "perf/steps_per_second": 3436.4920598026183, "perf/tokens_per_second": 1629198.0133004058, "perf/active_entities_per_second": 128589.27921210519}}[nt-probe] {"kind": "iteration", "rank": 1, "t": 1790726954.2210078, "iteration": 4, "perf_end": 3419452.928678104, "wall_seconds": 4.767959157004952, "native_step_calls": 64, "native_step_seconds": 1.6734065329656005, "proc_cpu_seconds": 5.349999999999994, "proc_cpu_total": 64.13, "stat_busy": 3557882423, "stat_total": 87459246479, "metrics": {"optimizer/steps": 64.0, "train/player_step_total": 131072.0, "time/rollout_seconds": 2.844609260559082, "time/teacher_seconds": 0.45483455061912537, "time/update_seconds": 1.4654347896575928, "time/iteration_seconds": 4.76765251159668, "perf/rollout_sps": 5759.6662667054225, "perf/teacher_sps": 36021.88966888715, "perf/update_sps": 11180.299605025903, "perf/steps_per_second": 3436.4920598026183, "perf/tokens_per_second": 1629198.0133004058, "perf/active_entities_per_second": 128589.27921210519}}[nt-probe] {"kind": "iteration", "rank": 2, "t": 1790726954.2210243, "iteration": 4, "perf_end": 3419452.928674754, "wall_seconds": 4.767951157409698, "native_step_calls": 64, "native_step_seconds": 1.860751148313284, "proc_cpu_seconds": 5.380000000000003, "proc_cpu_total": 65.09, "stat_busy": 3557882423, "stat_total": 87459246479, "metrics": {"optimizer/steps": 64.0, "train/player_step_total": 131072.0, "time/rollout_seconds": 2.844609260559082, "time/teacher_seconds": 0.45483455061912537, "time/update_seconds": 1.4654347896575928, "time/iteration_seconds": 4.76765251159668, "perf/rollout_sps": 5759.6662667054225, "perf/teacher_sps": 36021.88966888715, "perf/update_sps": 11180.299605025903, "perf/steps_per_second": 3436.4920598026183, "perf/tokens_per_second": 1629198.0133004058, "perf/active_entities_per_second": 128589.27921210519}}
[nt-probe] {"kind": "iteration", "rank": 0, "t": 1790726954.2210605, "iteration": 4, "perf_end": 3419452.928693415, "wall_seconds": 4.767948678229004, "native_step_calls": 64, "native_step_seconds": 1.8032343233935535, "proc_cpu_seconds": 5.350000000000001, "proc_cpu_total": 61.69, "stat_busy": 3557882423, "stat_total": 87459246480, "metrics": {"optimizer/steps": 64.0, "train/player_step_total": 131072.0, "time/rollout_seconds": 2.844609260559082, "time/teacher_seconds": 0.45483455061912537, "time/update_seconds": 1.4654347896575928, "time/iteration_seconds": 4.76765251159668, "perf/rollout_sps": 5759.6662667054225, "perf/teacher_sps": 36021.88966888715, "perf/update_sps": 11180.299605025903, "perf/steps_per_second": 3436.4920598026183, "perf/tokens_per_second": 1629198.0133004058, "perf/active_entities_per_second": 128589.27921210519}}


65536env steps [01:13, 1354.82env steps/s][nt-probe] {"kind": "iteration", "rank": 3, "t": 1790726959.4743686, "iteration": 5, "perf_end": 3419458.182057361, "wall_seconds": 5.2516140141524374, "native_step_calls": 64, "native_step_seconds": 2.7501187473535538, "proc_cpu_seconds": 6.109999999999985, "proc_cpu_total": 72.42999999999999, "stat_busy": 3557884895, "stat_total": 87459380933, "metrics": {"optimizer/steps": 80.0, "train/player_step_total": 163840.0, "time/rollout_seconds": 3.307957649230957, "time/teacher_seconds": 0.45673441886901855, "time/update_seconds": 1.4834517240524292, "time/iteration_seconds": 5.251324653625488, "perf/rollout_sps": 4952.905005845222, "perf/teacher_sps": 35872.050196196345, "perf/update_sps": 11044.511752120183, "perf/steps_per_second": 3119.9746884223905, "perf/tokens_per_second": 1496204.1995585875, "perf/active_entities_per_second": 122547.17475060443}}[nt-probe] {"kind": "iteration", "rank": 1, "t": 1790726959.4743795, "iteration": 5, "perf_end": 3419458.182063881, "wall_seconds": 5.251622593961656, "native_step_calls": 64, "native_step_seconds": 2.089741344563663, "proc_cpu_seconds": 5.980000000000018, "proc_cpu_total": 70.11000000000001, "stat_busy": 3557884895, "stat_total": 87459380934, "metrics": {"optimizer/steps": 80.0, "train/player_step_total": 163840.0, "time/rollout_seconds": 3.307957649230957, "time/teacher_seconds": 0.45673441886901855, "time/update_seconds": 1.4834517240524292, "time/iteration_seconds": 5.251324653625488, "perf/rollout_sps": 4952.905005845222, "perf/teacher_sps": 35872.050196196345, "perf/update_sps": 11044.511752120183, "perf/steps_per_second": 3119.9746884223905, "perf/tokens_per_second": 1496204.1995585875, "perf/active_entities_per_second": 122547.17475060443}}[nt-probe] {"kind": "iteration", "rank": 2, "t": 1790726959.4744039, "iteration": 5, "perf_end": 3419458.182059381, "wall_seconds": 5.251617024186999, "native_step_calls": 64, "native_step_seconds": 2.298564384225756, "proc_cpu_seconds": 6.0, "proc_cpu_total": 71.1, "stat_busy": 3557884895, "stat_total": 87459380934, "metrics": {"optimizer/steps": 80.0, "train/player_step_total": 163840.0, "time/rollout_seconds": 3.307957649230957, "time/teacher_seconds": 0.45673441886901855, "time/update_seconds": 1.4834517240524292, "time/iteration_seconds": 5.251324653625488, "perf/rollout_sps": 4952.905005845222, "perf/teacher_sps": 35872.050196196345, "perf/update_sps": 11044.511752120183, "perf/steps_per_second": 3119.9746884223905, "perf/tokens_per_second": 1496204.1995585875, "perf/active_entities_per_second": 122547.17475060443}}[nt-probe] {"kind": "iteration", "rank": 0, "t": 1790726959.4744258, "iteration": 5, "perf_end": 3419458.182070331, "wall_seconds": 5.251614724285901, "native_step_calls": 64, "native_step_seconds": 2.2685508439317346, "proc_cpu_seconds": 5.989999999999995, "proc_cpu_total": 67.67999999999999, "stat_busy": 3557884895, "stat_total": 87459380934, "metrics": {"optimizer/steps": 80.0, "train/player_step_total": 163840.0, "time/rollout_seconds": 3.307957649230957, "time/teacher_seconds": 0.45673441886901855, "time/update_seconds": 1.4834517240524292, "time/iteration_seconds": 5.251324653625488, "perf/rollout_sps": 4952.905005845222, "perf/teacher_sps": 35872.050196196345, "perf/update_sps": 11044.511752120183, "perf/steps_per_second": 3119.9746884223905, "perf/tokens_per_second": 1496204.1995585875, "perf/active_entities_per_second": 122547.17475060443}}



81920env steps [01:19, 1701.94env steps/s][nt-probe] {"kind": "iteration", "rank": 3, "t": 1790726965.0393143, "iteration": 6, "perf_end": 3419463.746997271, "wall_seconds": 5.563176018185914, "native_step_calls": 64, "native_step_seconds": 3.0649112216196954, "proc_cpu_seconds": 6.510000000000005, "proc_cpu_total": 78.94, "stat_busy": 3557887622, "stat_total": 87459523349, "metrics": {"optimizer/steps": 96.0, "train/player_step_total": 196608.0, "time/rollout_seconds": 3.6163554191589355, "time/teacher_seconds": 0.45855581760406494, "time/update_seconds": 1.4850705862045288, "time/iteration_seconds": 5.562881946563721, "perf/rollout_sps": 4530.528142560298, "perf/teacher_sps": 35729.56523723921, "perf/update_sps": 11032.472228726469, "perf/steps_per_second": 2945.235968942439, "perf/tokens_per_second": 1424821.176529925, "perf/active_entities_per_second": 119313.6950191789}}[nt-probe] {"kind": "iteration", "rank": 2, "t": 1790726965.0393167, "iteration": 6, "perf_end": 3419463.746984631, "wall_seconds": 5.563166047912091, "native_step_calls": 64, "native_step_seconds": 2.6245437152683735, "proc_cpu_seconds": 6.420000000000002, "proc_cpu_total": 77.52, "stat_busy": 3557887622, "stat_total": 87459523349, "metrics": {"optimizer/steps": 96.0, "train/player_step_total": 196608.0, "time/rollout_seconds": 3.6163554191589355, "time/teacher_seconds": 0.45855581760406494, "time/update_seconds": 1.4850705862045288, "time/iteration_seconds": 5.562881946563721, "perf/rollout_sps": 4530.528142560298, "perf/teacher_sps": 35729.56523723921, "perf/update_sps": 11032.472228726469, "perf/steps_per_second": 2945.235968942439, "perf/tokens_per_second": 1424821.176529925, "perf/active_entities_per_second": 119313.6950191789}}[nt-probe] {"kind": "iteration", "rank": 1, "t": 1790726965.03932, "iteration": 6, "perf_end": 3419463.746985711, "wall_seconds": 5.5631667682901025, "native_step_calls": 64, "native_step_seconds": 2.359428570140153, "proc_cpu_seconds": 6.399999999999977, "proc_cpu_total": 76.50999999999999, "stat_busy": 3557887622, "stat_total": 87459523349, "metrics": {"optimizer/steps": 96.0, "train/player_step_total": 196608.0, "time/rollout_seconds": 3.6163554191589355, "time/teacher_seconds": 0.45855581760406494, "time/update_seconds": 1.4850705862045288, "time/iteration_seconds": 5.562881946563721, "perf/rollout_sps": 4530.528142560298, "perf/teacher_sps": 35729.56523723921, "perf/update_sps": 11032.472228726469, "perf/steps_per_second": 2945.235968942439, "perf/tokens_per_second": 1424821.176529925, "perf/active_entities_per_second": 119313.6950191789}}
[nt-probe] {"kind": "iteration", "rank": 0, "t": 1790726965.0393765, "iteration": 6, "perf_end": 3419463.746999661, "wall_seconds": 5.5631641377694905, "native_step_calls": 64, "native_step_seconds": 2.635093848221004, "proc_cpu_seconds": 6.450000000000003, "proc_cpu_total": 74.13, "stat_busy": 3557887622, "stat_total": 87459523350, "metrics": {"optimizer/steps": 96.0, "train/player_step_total": 196608.0, "time/rollout_seconds": 3.6163554191589355, "time/teacher_seconds": 0.45855581760406494, "time/update_seconds": 1.4850705862045288, "time/iteration_seconds": 5.562881946563721, "perf/rollout_sps": 4530.528142560298, "perf/teacher_sps": 35729.56523723921, "perf/update_sps": 11032.472228726469, "perf/steps_per_second": 2945.235968942439, "perf/tokens_per_second": 1424821.176529925, "perf/active_entities_per_second": 119313.6950191789}}


98304env steps [01:24, 1986.97env steps/s][nt-probe] {"kind": "iteration", "rank": 2, "t": 1790726970.8452938, "iteration": 7, "perf_end": 3419469.552962279, "wall_seconds": 5.803998023737222, "native_step_calls": 64, "native_step_seconds": 2.821456448175013, "proc_cpu_seconds": 6.719999999999999, "proc_cpu_total": 84.24, "stat_busy": 3557891322, "stat_total": 87459671945, "metrics": {"optimizer/steps": 112.0, "train/player_step_total": 229376.0, "time/rollout_seconds": 3.8515586853027344, "time/teacher_seconds": 0.45955875515937805, "time/update_seconds": 1.4895715713500977, "time/iteration_seconds": 5.803727149963379, "perf/rollout_sps": 4253.862225316764, "perf/teacher_sps": 35651.58930400079, "perf/update_sps": 10999.135801947463, "perf/steps_per_second": 2823.01348368925, "perf/tokens_per_second": 1372852.6159349643, "perf/active_entities_per_second": 115471.8308913314}}[nt-probe] {"kind": "iteration", "rank": 3, "t": 1790726970.8452992, "iteration": 7, "perf_end": 3419469.552970969, "wall_seconds": 5.8040068140253425, "native_step_calls": 64, "native_step_seconds": 3.281993141397834, "proc_cpu_seconds": 6.819999999999993, "proc_cpu_total": 85.77, "stat_busy": 3557891322, "stat_total": 87459671945, "metrics": {"optimizer/steps": 112.0, "train/player_step_total": 229376.0, "time/rollout_seconds": 3.8515586853027344, "time/teacher_seconds": 0.45955875515937805, "time/update_seconds": 1.4895715713500977, "time/iteration_seconds": 5.803727149963379, "perf/rollout_sps": 4253.862225316764, "perf/teacher_sps": 35651.58930400079, "perf/update_sps": 10999.135801947463, "perf/steps_per_second": 2823.01348368925, "perf/tokens_per_second": 1372852.6159349643, "perf/active_entities_per_second": 115471.8308913314}}
[nt-probe] {"kind": "iteration", "rank": 1, "t": 1790726970.845309, "iteration": 7, "perf_end": 3419469.552967789, "wall_seconds": 5.804011644329876, "native_step_calls": 64, "native_step_seconds": 2.5225143344141543, "proc_cpu_seconds": 6.700000000000017, "proc_cpu_total": 83.21000000000001, "stat_busy": 3557891322, "stat_total": 87459671945, "metrics": {"optimizer/steps": 112.0, "train/player_step_total": 229376.0, "time/rollout_seconds": 3.8515586853027344, "time/teacher_seconds": 0.45955875515937805, "time/update_seconds": 1.4895715713500977, "time/iteration_seconds": 5.803727149963379, "perf/rollout_sps": 4253.862225316764, "perf/teacher_sps": 35651.58930400079, "perf/update_sps": 10999.135801947463, "perf/steps_per_second": 2823.01348368925, "perf/tokens_per_second": 1372852.6159349643, "perf/active_entities_per_second": 115471.8308913314}}[nt-probe] {"kind": "iteration", "rank": 0, "t": 1790726970.8453376, "iteration": 7, "perf_end": 3419469.552965469, "wall_seconds": 5.803991824388504, "native_step_calls": 64, "native_step_seconds": 2.8021865296177566, "proc_cpu_seconds": 6.740000000000009, "proc_cpu_total": 80.87, "stat_busy": 3557891322, "stat_total": 87459671945, "metrics": {"optimizer/steps": 112.0, "train/player_step_total": 229376.0, "time/rollout_seconds": 3.8515586853027344, "time/teacher_seconds": 0.45955875515937805, "time/update_seconds": 1.4895715713500977, "time/iteration_seconds": 5.803727149963379, "perf/rollout_sps": 4253.862225316764, "perf/teacher_sps": 35651.58930400079, "perf/update_sps": 10999.135801947463, "perf/steps_per_second": 2823.01348368925, "perf/tokens_per_second": 1372852.6159349643, "perf/active_entities_per_second": 115471.8308913314}}


114688env steps [01:30, 2199.77env steps/s][nt-probe] {"kind": "iteration", "rank": 1, "t": 1790726976.701342, "iteration": 8, "perf_end": 3419475.409013912, "wall_seconds": 5.854292600881308, "native_step_calls": 64, "native_step_seconds": 2.5486593092791736, "proc_cpu_seconds": 6.769999999999996, "proc_cpu_total": 89.98, "stat_busy": 3557895010, "stat_total": 87459821810, "metrics": {"optimizer/steps": 128.0, "train/player_step_total": 262144.0, "time/rollout_seconds": 3.9072577953338623, "time/teacher_seconds": 0.4609479010105133, "time/update_seconds": 1.4826053380966187, "time/iteration_seconds": 5.85399866104126, "perf/rollout_sps": 4193.2221671081315, "perf/teacher_sps": 35544.1471022694, "perf/update_sps": 11050.816814833486, "perf/steps_per_second": 2798.7707118958842, "perf/tokens_per_second": 1369933.6922249217, "perf/active_entities_per_second": 116466.54525860927}}[nt-probe] {"kind": "iteration", "rank": 3, "t": 1790726976.7013412, "iteration": 8, "perf_end": 3419475.409024482, "wall_seconds": 5.854299541097134, "native_step_calls": 64, "native_step_seconds": 3.3267407002858818, "proc_cpu_seconds": 6.890000000000001, "proc_cpu_total": 92.66, "stat_busy": 3557895010, "stat_total": 87459821810, "metrics": {"optimizer/steps": 128.0, "train/player_step_total": 262144.0, "time/rollout_seconds": 3.9072577953338623, "time/teacher_seconds": 0.4609479010105133, "time/update_seconds": 1.4826053380966187, "time/iteration_seconds": 5.85399866104126, "perf/rollout_sps": 4193.2221671081315, "perf/teacher_sps": 35544.1471022694, "perf/update_sps": 11050.816814833486, "perf/steps_per_second": 2798.7707118958842, "perf/tokens_per_second": 1369933.6922249217, "perf/active_entities_per_second": 116466.54525860927}}[nt-probe] {"kind": "iteration", "rank": 2, "t": 1790726976.70135, "iteration": 8, "perf_end": 3419475.409018912, "wall_seconds": 5.854292860720307, "native_step_calls": 64, "native_step_seconds": 2.8524582074023783, "proc_cpu_seconds": 6.799999999999997, "proc_cpu_total": 91.03999999999999, "stat_busy": 3557895010, "stat_total": 87459821810, "metrics": {"optimizer/steps": 128.0, "train/player_step_total": 262144.0, "time/rollout_seconds": 3.9072577953338623, "time/teacher_seconds": 0.4609479010105133, "time/update_seconds": 1.4826053380966187, "time/iteration_seconds": 5.85399866104126, "perf/rollout_sps": 4193.2221671081315, "perf/teacher_sps": 35544.1471022694, "perf/update_sps": 11050.816814833486, "perf/steps_per_second": 2798.7707118958842, "perf/tokens_per_second": 1369933.6922249217, "perf/active_entities_per_second": 116466.54525860927}}[nt-probe] {"kind": "iteration", "rank": 0, "t": 1790726976.7013648, "iteration": 8, "perf_end": 3419475.409024872, "wall_seconds": 5.854288300964981, "native_step_calls": 64, "native_step_seconds": 2.8794645383022726, "proc_cpu_seconds": 6.820000000000007, "proc_cpu_total": 87.69000000000001, "stat_busy": 3557895010, "stat_total": 87459821810, "metrics": {"optimizer/steps": 128.0, "train/player_step_total": 262144.0, "time/rollout_seconds": 3.9072577953338623, "time/teacher_seconds": 0.4609479010105133, "time/update_seconds": 1.4826053380966187, "time/iteration_seconds": 5.85399866104126, "perf/rollout_sps": 4193.2221671081315, "perf/teacher_sps": 35544.1471022694, "perf/update_sps": 11050.816814833486, "perf/steps_per_second": 2798.7707118958842, "perf/tokens_per_second": 1369933.6922249217, "perf/active_entities_per_second": 116466.54525860927}}



131072env steps [01:36, 2360.39env steps/s][nt-probe] {"kind": "iteration", "rank": 3, "t": 1790726982.4505098, "iteration": 9, "perf_end": 3419481.158192629, "wall_seconds": 5.747374414931983, "native_step_calls": 64, "native_step_seconds": 3.2294763647951186, "proc_cpu_seconds": 6.75, "proc_cpu_total": 99.41, "stat_busy": 3557897831, "stat_total": 87459968945, "metrics": {"optimizer/steps": 144.0, "train/player_step_total": 294912.0, "time/rollout_seconds": 3.7984795570373535, "time/teacher_seconds": 0.46193110942840576, "time/update_seconds": 1.4838167428970337, "time/iteration_seconds": 5.747078895568848, "perf/rollout_sps": 4313.304772075382, "perf/teacher_sps": 35468.49230456374, "perf/update_sps": 11041.794802781069, "perf/steps_per_second": 2850.8395826325795, "perf/tokens_per_second": 1402101.858426361, "perf/active_entities_per_second": 119479.6543561343}}[nt-probe] {"kind": "iteration", "rank": 1, "t": 1790726982.4505186, "iteration": 9, "perf_end": 3419481.158183329, "wall_seconds": 5.747372915036976, "native_step_calls": 64, "native_step_seconds": 2.462188793811947, "proc_cpu_seconds": 6.599999999999994, "proc_cpu_total": 96.58, "stat_busy": 3557897831, "stat_total": 87459968945, "metrics": {"optimizer/steps": 144.0, "train/player_step_total": 294912.0, "time/rollout_seconds": 3.7984795570373535, "time/teacher_seconds": 0.46193110942840576, "time/update_seconds": 1.4838167428970337, "time/iteration_seconds": 5.747078895568848, "perf/rollout_sps": 4313.304772075382, "perf/teacher_sps": 35468.49230456374, "perf/update_sps": 11041.794802781069, "perf/steps_per_second": 2850.8395826325795, "perf/tokens_per_second": 1402101.858426361, "perf/active_entities_per_second": 119479.6543561343}}[nt-probe] {"kind": "iteration", "rank": 0, "t": 1790726982.4505107, "iteration": 9, "perf_end": 3419481.158187589, "wall_seconds": 5.747362405061722, "native_step_calls": 64, "native_step_seconds": 2.734979691915214, "proc_cpu_seconds": 6.659999999999997, "proc_cpu_total": 94.35000000000001, "stat_busy": 3557897831, "stat_total": 87459968945, "metrics": {"optimizer/steps": 144.0, "train/player_step_total": 294912.0, "time/rollout_seconds": 3.7984795570373535, "time/teacher_seconds": 0.46193110942840576, "time/update_seconds": 1.4838167428970337, "time/iteration_seconds": 5.747078895568848, "perf/rollout_sps": 4313.304772075382, "perf/teacher_sps": 35468.49230456374, "perf/update_sps": 11041.794802781069, "perf/steps_per_second": 2850.8395826325795, "perf/tokens_per_second": 1402101.858426361, "perf/active_entities_per_second": 119479.6543561343}}[nt-probe] {"kind": "iteration", "rank": 2, "t": 1790726982.4505272, "iteration": 9, "perf_end": 3419481.158183759, "wall_seconds": 5.747371815145016, "native_step_calls": 64, "native_step_seconds": 2.794583168812096, "proc_cpu_seconds": 6.650000000000006, "proc_cpu_total": 97.69, "stat_busy": 3557897831, "stat_total": 87459968946, "metrics": {"optimizer/steps": 144.0, "train/player_step_total": 294912.0, "time/rollout_seconds": 3.7984795570373535, "time/teacher_seconds": 0.46193110942840576, "time/update_seconds": 1.4838167428970337, "time/iteration_seconds": 5.747078895568848, "perf/rollout_sps": 4313.304772075382, "perf/teacher_sps": 35468.49230456374, "perf/update_sps": 11041.794802781069, "perf/steps_per_second": 2850.8395826325795, "perf/tokens_per_second": 1402101.858426361, "perf/active_entities_per_second": 119479.6543561343}}



147456env steps [01:42, 2494.30env steps/s][nt-probe] {"kind": "iteration", "rank": 3, "t": 1790726987.8741748, "iteration": 10, "perf_end": 3419486.581858327, "wall_seconds": 5.421936016064137, "native_step_calls": 64, "native_step_seconds": 2.9028939977288246, "proc_cpu_seconds": 6.310000000000002, "proc_cpu_total": 105.73, "stat_busy": 3557900407, "stat_total": 87460107752, "metrics": {"optimizer/steps": 160.0, "train/player_step_total": 327680.0, "time/rollout_seconds": 3.4755117893218994, "time/teacher_seconds": 0.46186769008636475, "time/update_seconds": 1.4810408353805542, "time/iteration_seconds": 5.421647548675537, "perf/rollout_sps": 4714.125859200913, "perf/teacher_sps": 35473.362505475, "perf/update_sps": 11062.49038419668, "perf/steps_per_second": 3021.95962627679, "perf/tokens_per_second": 1484114.1789022516, "perf/active_entities_per_second": 122555.36606438388}}[nt-probe] {"kind": "iteration", "rank": 2, "t": 1790726987.8741946, "iteration": 10, "perf_end": 3419486.581858837, "wall_seconds": 5.421941965818405, "native_step_calls": 64, "native_step_seconds": 2.428226711694151, "proc_cpu_seconds": 6.189999999999998, "proc_cpu_total": 103.88, "stat_busy": 3557900407, "stat_total": 87460107752, "metrics": {"optimizer/steps": 160.0, "train/player_step_total": 327680.0, "time/rollout_seconds": 3.4755117893218994, "time/teacher_seconds": 0.46186769008636475, "time/update_seconds": 1.4810408353805542, "time/iteration_seconds": 5.421647548675537, "perf/rollout_sps": 4714.125859200913, "perf/teacher_sps": 35473.362505475, "perf/update_sps": 11062.49038419668, "perf/steps_per_second": 3021.95962627679, "perf/tokens_per_second": 1484114.1789022516, "perf/active_entities_per_second": 122555.36606438388}}[nt-probe] {"kind": "iteration", "rank": 1, "t": 1790726987.87421, "iteration": 10, "perf_end": 3419486.581859927, "wall_seconds": 5.421939696185291, "native_step_calls": 64, "native_step_seconds": 2.138669113162905, "proc_cpu_seconds": 6.160000000000011, "proc_cpu_total": 102.75, "stat_busy": 3557900407, "stat_total": 87460107752, "metrics": {"optimizer/steps": 160.0, "train/player_step_total": 327680.0, "time/rollout_seconds": 3.4755117893218994, "time/teacher_seconds": 0.46186769008636475, "time/update_seconds": 1.4810408353805542, "time/iteration_seconds": 5.421647548675537, "perf/rollout_sps": 4714.125859200913, "perf/teacher_sps": 35473.362505475, "perf/update_sps": 11062.49038419668, "perf/steps_per_second": 3021.95962627679, "perf/tokens_per_second": 1484114.1789022516, "perf/active_entities_per_second": 122555.36606438388}}[nt-probe] {"kind": "iteration", "rank": 0, "t": 1790726987.8742156, "iteration": 10, "perf_end": 3419486.581861207, "wall_seconds": 5.421928075607866, "native_step_calls": 64, "native_step_seconds": 2.4293033606372774, "proc_cpu_seconds": 6.199999999999989, "proc_cpu_total": 100.55, "stat_busy": 3557900407, "stat_total": 87460107753, "metrics": {"optimizer/steps": 160.0, "train/player_step_total": 327680.0, "time/rollout_seconds": 3.4755117893218994, "time/teacher_seconds": 0.46186769008636475, "time/update_seconds": 1.4810408353805542, "time/iteration_seconds": 5.421647548675537, "perf/rollout_sps": 4714.125859200913, "perf/teacher_sps": 35473.362505475, "perf/update_sps": 11062.49038419668, "perf/steps_per_second": 3021.95962627679, "perf/tokens_per_second": 1484114.1789022516, "perf/active_entities_per_second": 122555.36606438388}}



163840env steps [01:47, 2636.15env steps/s]163840env steps [01:47, 1522.01env steps/s]
wandb: updating run metadata
wandb: uploading config.yaml
wandb: uploading history steps 8-9, summary, console lines 34-34
wandb: 
wandb: Run history:
wandb:                loss/entropy_loss ██▇▅▄▄▃▂▁▁
wandb:                 loss/policy_loss ▄▅▃▁▅▆▄▆█▆
wandb:             loss/teacher_kl_loss ▁▁▁▂▂▃▃▄▇█
wandb:          loss/teacher_value_loss █▁▁▂▂▂▂▂▂▃
wandb:                  loss/total_loss █▃▄▃▂▂▁▁▁▁
wandb:                  loss/value_loss █▃▄▃▂▂▁▁▁▁
wandb:              optimizer/grad_norm ▁▃▄▅▆▅█▆▆▆
wandb:          optimizer/learning_rate ▁▂▃▃▄▅▆▆▇█
wandb: optimizer/minibatches_per_update ▁▁▁▁▁▁▁▁▁▁
wandb:                  optimizer/steps ▁▂▃▃▄▅▆▆▇█
wandb:                              +58 ...
wandb: 
wandb: Run summary:
wandb:       compile_gemm_backends ATEN
wandb:           compile_gemm_game kaggriculture
wandb: compile_stack_nvidia_driver 595.91.07
wandb:         compile_stack_torch 2.9.0+cu128
wandb:        compile_stack_triton 3.5.0
wandb:      compiled_model_modules 1
wandb:           loss/entropy_loss -1e-05
wandb:            loss/policy_loss 0.00068
wandb:        loss/teacher_kl_loss 0.0002
wandb:     loss/teacher_value_loss 0.00051
wandb:                         +72 ...
wandb: 
wandb: 🚀 View run ppo-20260930-000755 at: https://wandb.ai/spoon/kg-v3/runs/n3l8unt3
wandb: ⭐️ View project at: https://wandb.ai/spoon/kg-v3
wandb: Synced 5 W&B file(s), 0 media file(s), 0 artifact file(s) and 0 other file(s)
wandb: Find logs at: /root/runs/sweep-nt2/20260930-000755/wandb/run-20260930_000758-n3l8unt3/logs
