baseline:
2 passed in 0.62s
== promote-strict-gt
FAILED tests/scripts/test_run_ppo.py::test_kaggriculture_two_update_functional_check_through_main[promoted]
1 failed, 1 passed in 0.55s
== skip-last-best-refresh
FAILED tests/scripts/test_run_ppo.py::test_kaggriculture_two_update_functional_check_through_main[promoted]
1 failed, 1 passed in 0.71s
== skip-promoted-checkpoint
FAILED tests/scripts/test_run_ppo.py::test_kaggriculture_two_update_functional_check_through_main[promoted]
1 failed, 1 passed in 0.58s
== skip-teacher-activation
FAILED tests/scripts/test_run_ppo.py::test_kaggriculture_two_update_functional_check_through_main[promoted]
1 failed, 1 passed in 0.58s
== final-checkpoint-step-zero
FAILED tests/scripts/test_run_ppo.py::test_kaggriculture_two_update_functional_check_through_main[promoted]
FAILED tests/scripts/test_run_ppo.py::test_kaggriculture_two_update_functional_check_through_main[held]
2 failed in 0.59s
== replay-dir-always
2 passed in 0.58s
restored sha256 31fe4e5526545913608ebda73cf26aa5a954f243c4dca9e8ec03b973b09f9ea0
