{"unix": 1790679521.224, "event": "process", "case": "isF_comp_default", "dryrun": false, "torch": "2.9.0+cu128", "torch_git": "0fabc3ba44823f257e70ce397d989c8de5e362c1", "cuda_runtime": "12.8", "model_file": "/workspace/kg-v3-rebuild/python/owl/model/stateless_transformer_v1.py", "flash_attn_available": true, "max_autotune_gemm_backends": "ATEN,TRITON,CPP", "tf32_matmul": true, "tf32_cudnn": true, "actor_head_init_gain_src": 0.01, "critic_head_init_gain_src": 1.0, "git": {"head": "8fde43cd7408c9c4f9147eeb8f916bd08f8266ed", "tree": "70d50fa37e66aa322e8db00c9359d3f9e3031499", "porcelain": ""}, "flash_attn": "2.8.3", "triton": "3.5.0", "device_name": "NVIDIA RTX PRO 6000 Blackwell Server Edition", "cuda_visible_devices": "1"}
Autotune Choices Stats:
{"num_choices": 16, "num_triton_choices": 15, "best_kernel": "triton_mm_69", "best_kernel_desc": "ACC_TYPE='tl.float32', ALLOW_TF32=True, BLOCK_K=64, BLOCK_M=64, BLOCK_N=128, EVEN_K=True, GROUP_M=8, USE_FAST_ACCUM=False, num_stages=3, num_warps=4", "best_time": 0.030719999223947525, "best_triton_pos": 0}
AUTOTUNE mm(15922x256, 256x512)
strides: [256, 1], [1, 256]
dtypes: torch.bfloat16, torch.bfloat16
  triton_mm_69 0.0307 ms 100.0% ACC_TYPE='tl.float32', ALLOW_TF32=True, BLOCK_K=64, BLOCK_M=64, BLOCK_N=128, EVEN_K=True, GROUP_M=8, USE_FAST_ACCUM=False, num_stages=3, num_warps=4
  triton_mm_66 0.0327 ms 93.8% ACC_TYPE='tl.float32', ALLOW_TF32=True, BLOCK_K=64, BLOCK_M=64, BLOCK_N=64, EVEN_K=True, GROUP_M=8, USE_FAST_ACCUM=False, num_stages=3, num_warps=8
  triton_mm_74 0.0346 ms 88.8% ACC_TYPE='tl.float32', ALLOW_TF32=True, BLOCK_K=64, BLOCK_M=128, BLOCK_N=128, EVEN_K=True, GROUP_M=8, USE_FAST_ACCUM=False, num_stages=3, num_warps=4
  triton_mm_67 0.0367 ms 83.6% ACC_TYPE='tl.float32', ALLOW_TF32=True, BLOCK_K=32, BLOCK_M=64, BLOCK_N=128, EVEN_K=True, GROUP_M=8, USE_FAST_ACCUM=False, num_stages=3, num_warps=4
  triton_mm_68 0.0368 ms 83.4% ACC_TYPE='tl.float32', ALLOW_TF32=True, BLOCK_K=32, BLOCK_M=64, BLOCK_N=128, EVEN_K=True, GROUP_M=8, USE_FAST_ACCUM=False, num_stages=4, num_warps=8
  triton_mm_71 0.0388 ms 79.1% ACC_TYPE='tl.float32', ALLOW_TF32=True, BLOCK_K=32, BLOCK_M=128, BLOCK_N=64, EVEN_K=True, GROUP_M=8, USE_FAST_ACCUM=False, num_stages=4, num_warps=8
  triton_mm_70 0.0389 ms 79.0% ACC_TYPE='tl.float32', ALLOW_TF32=True, BLOCK_K=32, BLOCK_M=128, BLOCK_N=64, EVEN_K=True, GROUP_M=8, USE_FAST_ACCUM=False, num_stages=3, num_warps=4
  triton_mm_73 0.0397 ms 77.4% ACC_TYPE='tl.float32', ALLOW_TF32=True, BLOCK_K=32, BLOCK_M=128, BLOCK_N=128, EVEN_K=True, GROUP_M=8, USE_FAST_ACCUM=False, num_stages=3, num_warps=4
  triton_mm_62 0.0412 ms 74.5% ACC_TYPE='tl.float32', ALLOW_TF32=True, BLOCK_K=32, BLOCK_M=32, BLOCK_N=64, EVEN_K=True, GROUP_M=8, USE_FAST_ACCUM=False, num_stages=5, num_warps=8
  triton_mm_65 0.0429 ms 71.5% ACC_TYPE='tl.float32', ALLOW_TF32=True, BLOCK_K=32, BLOCK_M=64, BLOCK_N=64, EVEN_K=True, GROUP_M=8, USE_FAST_ACCUM=False, num_stages=2, num_warps=4
SingleProcess AUTOTUNE benchmarking takes 0.3715 seconds and 0.0002 seconds precompiling for 16 choices
Autotune Choices Stats:
{"num_choices": 17, "num_triton_choices": 15, "best_kernel": "triton_mm_6", "best_kernel_desc": "ACC_TYPE='tl.float32', ALLOW_TF32=True, BLOCK_K=64, BLOCK_M=64, BLOCK_N=64, EVEN_K=True, GROUP_M=8, USE_FAST_ACCUM=False, num_stages=3, num_warps=8", "best_time": 0.022431999444961548, "best_triton_pos": 0}
AUTOTUNE addmm(15922x256, 15922x256, 256x256)
strides: [0, 1], [256, 1], [1, 256]
dtypes: torch.bfloat16, torch.bfloat16, torch.bfloat16
  triton_mm_6 0.0224 ms 100.0% ACC_TYPE='tl.float32', ALLOW_TF32=True, BLOCK_K=64, BLOCK_M=64, BLOCK_N=64, EVEN_K=True, GROUP_M=8, USE_FAST_ACCUM=False, num_stages=3, num_warps=8
  triton_mm_9 0.0224 ms 100.0% ACC_TYPE='tl.float32', ALLOW_TF32=True, BLOCK_K=64, BLOCK_M=64, BLOCK_N=128, EVEN_K=True, GROUP_M=8, USE_FAST_ACCUM=False, num_stages=3, num_warps=4
  triton_mm_14 0.0267 ms 84.0% ACC_TYPE='tl.float32', ALLOW_TF32=True, BLOCK_K=64, BLOCK_M=128, BLOCK_N=128, EVEN_K=True, GROUP_M=8, USE_FAST_ACCUM=False, num_stages=3, num_warps=4
  triton_mm_7 0.0271 ms 82.7% ACC_TYPE='tl.float32', ALLOW_TF32=True, BLOCK_K=32, BLOCK_M=64, BLOCK_N=128, EVEN_K=True, GROUP_M=8, USE_FAST_ACCUM=False, num_stages=3, num_warps=4
  triton_mm_8 0.0284 ms 78.9% ACC_TYPE='tl.float32', ALLOW_TF32=True, BLOCK_K=32, BLOCK_M=64, BLOCK_N=128, EVEN_K=True, GROUP_M=8, USE_FAST_ACCUM=False, num_stages=4, num_warps=8
  triton_mm_10 0.0286 ms 78.3% ACC_TYPE='tl.float32', ALLOW_TF32=True, BLOCK_K=32, BLOCK_M=128, BLOCK_N=64, EVEN_K=True, GROUP_M=8, USE_FAST_ACCUM=False, num_stages=3, num_warps=4
  triton_mm_13 0.0287 ms 78.2% ACC_TYPE='tl.float32', ALLOW_TF32=True, BLOCK_K=32, BLOCK_M=128, BLOCK_N=128, EVEN_K=True, GROUP_M=8, USE_FAST_ACCUM=False, num_stages=3, num_warps=4
  bias_addmm 0.0300 ms 74.8% 
  triton_mm_2 0.0327 ms 68.5% ACC_TYPE='tl.float32', ALLOW_TF32=True, BLOCK_K=32, BLOCK_M=32, BLOCK_N=64, EVEN_K=True, GROUP_M=8, USE_FAST_ACCUM=False, num_stages=5, num_warps=8
  triton_mm_1 0.0338 ms 66.4% ACC_TYPE='tl.float32', ALLOW_TF32=True, BLOCK_K=128, BLOCK_M=32, BLOCK_N=32, EVEN_K=True, GROUP_M=8, USE_FAST_ACCUM=False, num_stages=2, num_warps=4
SingleProcess AUTOTUNE benchmarking takes 0.3734 seconds and 0.0001 seconds precompiling for 17 choices
Autotune Choices Stats:
{"num_choices": 16, "num_triton_choices": 15, "best_kernel": "triton_mm_54", "best_kernel_desc": "ACC_TYPE='tl.float32', ALLOW_TF32=True, BLOCK_K=64, BLOCK_M=64, BLOCK_N=128, EVEN_K=True, GROUP_M=8, USE_FAST_ACCUM=False, num_stages=3, num_warps=4", "best_time": 0.022463999688625336, "best_triton_pos": 0}
AUTOTUNE mm(15922x256, 256x256)
strides: [256, 1], [1, 256]
dtypes: torch.bfloat16, torch.bfloat16
  triton_mm_54 0.0225 ms 100.0% ACC_TYPE='tl.float32', ALLOW_TF32=True, BLOCK_K=64, BLOCK_M=64, BLOCK_N=128, EVEN_K=True, GROUP_M=8, USE_FAST_ACCUM=False, num_stages=3, num_warps=4
  triton_mm_51 0.0225 ms 99.9% ACC_TYPE='tl.float32', ALLOW_TF32=True, BLOCK_K=64, BLOCK_M=64, BLOCK_N=64, EVEN_K=True, GROUP_M=8, USE_FAST_ACCUM=False, num_stages=3, num_warps=8
  triton_mm_58 0.0265 ms 84.8% ACC_TYPE='tl.float32', ALLOW_TF32=True, BLOCK_K=32, BLOCK_M=128, BLOCK_N=128, EVEN_K=True, GROUP_M=8, USE_FAST_ACCUM=False, num_stages=3, num_warps=4
  triton_mm_59 0.0266 ms 84.4% ACC_TYPE='tl.float32', ALLOW_TF32=True, BLOCK_K=64, BLOCK_M=128, BLOCK_N=128, EVEN_K=True, GROUP_M=8, USE_FAST_ACCUM=False, num_stages=3, num_warps=4
  triton_mm_52 0.0281 ms 79.9% ACC_TYPE='tl.float32', ALLOW_TF32=True, BLOCK_K=32, BLOCK_M=64, BLOCK_N=128, EVEN_K=True, GROUP_M=8, USE_FAST_ACCUM=False, num_stages=3, num_warps=4
  triton_mm_53 0.0285 ms 78.8% ACC_TYPE='tl.float32', ALLOW_TF32=True, BLOCK_K=32, BLOCK_M=64, BLOCK_N=128, EVEN_K=True, GROUP_M=8, USE_FAST_ACCUM=False, num_stages=4, num_warps=8
  triton_mm_55 0.0294 ms 76.4% ACC_TYPE='tl.float32', ALLOW_TF32=True, BLOCK_K=32, BLOCK_M=128, BLOCK_N=64, EVEN_K=True, GROUP_M=8, USE_FAST_ACCUM=False, num_stages=3, num_warps=4
  triton_mm_57 0.0304 ms 73.9% ACC_TYPE='tl.float32', ALLOW_TF32=True, BLOCK_K=32, BLOCK_M=128, BLOCK_N=128, EVEN_K=True, GROUP_M=8, USE_FAST_ACCUM=False, num_stages=2, num_warps=8
  mm 0.0306 ms 73.4% 
  triton_mm_46 0.0327 ms 68.8% ACC_TYPE='tl.float32', ALLOW_TF32=True, BLOCK_K=128, BLOCK_M=32, BLOCK_N=32, EVEN_K=True, GROUP_M=8, USE_FAST_ACCUM=False, num_stages=2, num_warps=4
SingleProcess AUTOTUNE benchmarking takes 0.3495 seconds and 0.0001 seconds precompiling for 16 choices
Autotune Choices Stats:
{"num_choices": 16, "num_triton_choices": 15, "best_kernel": "triton_mm_81", "best_kernel_desc": "ACC_TYPE='tl.float32', ALLOW_TF32=True, BLOCK_K=64, BLOCK_M=64, BLOCK_N=64, EVEN_K=True, GROUP_M=8, USE_FAST_ACCUM=False, num_stages=3, num_warps=8", "best_time": 0.03465599939227104, "best_triton_pos": 0}
AUTOTUNE mm(15922x512, 512x256)
strides: [512, 1], [1, 512]
dtypes: torch.bfloat16, torch.bfloat16
  triton_mm_81 0.0347 ms 100.0% ACC_TYPE='tl.float32', ALLOW_TF32=True, BLOCK_K=64, BLOCK_M=64, BLOCK_N=64, EVEN_K=True, GROUP_M=8, USE_FAST_ACCUM=False, num_stages=3, num_warps=8
  triton_mm_84 0.0376 ms 92.1% ACC_TYPE='tl.float32', ALLOW_TF32=True, BLOCK_K=64, BLOCK_M=64, BLOCK_N=128, EVEN_K=True, GROUP_M=8, USE_FAST_ACCUM=False, num_stages=3, num_warps=4
  triton_mm_82 0.0421 ms 82.4% ACC_TYPE='tl.float32', ALLOW_TF32=True, BLOCK_K=32, BLOCK_M=64, BLOCK_N=128, EVEN_K=True, GROUP_M=8, USE_FAST_ACCUM=False, num_stages=3, num_warps=4
  triton_mm_83 0.0426 ms 81.4% ACC_TYPE='tl.float32', ALLOW_TF32=True, BLOCK_K=32, BLOCK_M=64, BLOCK_N=128, EVEN_K=True, GROUP_M=8, USE_FAST_ACCUM=False, num_stages=4, num_warps=8
  triton_mm_85 0.0428 ms 80.9% ACC_TYPE='tl.float32', ALLOW_TF32=True, BLOCK_K=32, BLOCK_M=128, BLOCK_N=64, EVEN_K=True, GROUP_M=8, USE_FAST_ACCUM=False, num_stages=3, num_warps=4
  triton_mm_88 0.0430 ms 80.6% ACC_TYPE='tl.float32', ALLOW_TF32=True, BLOCK_K=32, BLOCK_M=128, BLOCK_N=128, EVEN_K=True, GROUP_M=8, USE_FAST_ACCUM=False, num_stages=3, num_warps=4
  triton_mm_89 0.0430 ms 80.6% ACC_TYPE='tl.float32', ALLOW_TF32=True, BLOCK_K=64, BLOCK_M=128, BLOCK_N=128, EVEN_K=True, GROUP_M=8, USE_FAST_ACCUM=False, num_stages=3, num_warps=4
  mm 0.0443 ms 78.3% 
  triton_mm_87 0.0451 ms 76.9% ACC_TYPE='tl.float32', ALLOW_TF32=True, BLOCK_K=32, BLOCK_M=128, BLOCK_N=128, EVEN_K=True, GROUP_M=8, USE_FAST_ACCUM=False, num_stages=2, num_warps=8
  triton_mm_80 0.0451 ms 76.8% ACC_TYPE='tl.float32', ALLOW_TF32=True, BLOCK_K=32, BLOCK_M=64, BLOCK_N=64, EVEN_K=True, GROUP_M=8, USE_FAST_ACCUM=False, num_stages=2, num_warps=4
SingleProcess AUTOTUNE benchmarking takes 0.3740 seconds and 0.0001 seconds precompiling for 16 choices
V0929 10:59:00.204000 199323 .venv/lib/python3.12/site-packages/torch/_dynamo/guards.py:4181] [0/1] [__recompiles] Recompiling function _forward_transformer_trunk in /workspace/kg-v3-rebuild/python/owl/model/stateless_transformer_v1.py:823
V0929 10:59:00.204000 199323 .venv/lib/python3.12/site-packages/torch/_dynamo/guards.py:4181] [0/1] [__recompiles]     triggered by the following guard failure(s):
V0929 10:59:00.204000 199323 .venv/lib/python3.12/site-packages/torch/_dynamo/guards.py:4181] [0/1] [__recompiles]     - 0/0: GLOBAL_STATE changed: grad_mode 
Autotune Choices Stats:
{"num_choices": 17, "num_triton_choices": 15, "best_kernel": "triton_mm_609", "best_kernel_desc": "ACC_TYPE='tl.float32', ALLOW_TF32=True, BLOCK_K=64, BLOCK_M=64, BLOCK_N=128, EVEN_K=True, GROUP_M=8, USE_FAST_ACCUM=False, num_stages=3, num_warps=4", "best_time": 0.032575998455286026, "best_triton_pos": 0}
AUTOTUNE addmm(15922x512, 15922x256, 256x512)
strides: [0, 1], [256, 1], [1, 256]
dtypes: torch.bfloat16, torch.bfloat16, torch.bfloat16
  triton_mm_609 0.0326 ms 100.0% ACC_TYPE='tl.float32', ALLOW_TF32=True, BLOCK_K=64, BLOCK_M=64, BLOCK_N=128, EVEN_K=True, GROUP_M=8, USE_FAST_ACCUM=False, num_stages=3, num_warps=4
  triton_mm_606 0.0347 ms 93.9% ACC_TYPE='tl.float32', ALLOW_TF32=True, BLOCK_K=64, BLOCK_M=64, BLOCK_N=64, EVEN_K=True, GROUP_M=8, USE_FAST_ACCUM=False, num_stages=3, num_warps=8
  triton_mm_614 0.0348 ms 93.7% ACC_TYPE='tl.float32', ALLOW_TF32=True, BLOCK_K=64, BLOCK_M=128, BLOCK_N=128, EVEN_K=True, GROUP_M=8, USE_FAST_ACCUM=False, num_stages=3, num_warps=4
  triton_mm_607 0.0372 ms 87.5% ACC_TYPE='tl.float32', ALLOW_TF32=True, BLOCK_K=32, BLOCK_M=64, BLOCK_N=128, EVEN_K=True, GROUP_M=8, USE_FAST_ACCUM=False, num_stages=3, num_warps=4
  triton_mm_608 0.0387 ms 84.3% ACC_TYPE='tl.float32', ALLOW_TF32=True, BLOCK_K=32, BLOCK_M=64, BLOCK_N=128, EVEN_K=True, GROUP_M=8, USE_FAST_ACCUM=False, num_stages=4, num_warps=8
  triton_mm_610 0.0389 ms 83.8% ACC_TYPE='tl.float32', ALLOW_TF32=True, BLOCK_K=32, BLOCK_M=128, BLOCK_N=64, EVEN_K=True, GROUP_M=8, USE_FAST_ACCUM=False, num_stages=3, num_warps=4
  triton_mm_613 0.0390 ms 83.6% ACC_TYPE='tl.float32', ALLOW_TF32=True, BLOCK_K=32, BLOCK_M=128, BLOCK_N=128, EVEN_K=True, GROUP_M=8, USE_FAST_ACCUM=False, num_stages=3, num_warps=4
  triton_mm_611 0.0390 ms 83.5% ACC_TYPE='tl.float32', ALLOW_TF32=True, BLOCK_K=32, BLOCK_M=128, BLOCK_N=64, EVEN_K=True, GROUP_M=8, USE_FAST_ACCUM=False, num_stages=4, num_warps=8
  bias_addmm 0.0410 ms 79.5% 
  triton_mm_605 0.0411 ms 79.3% ACC_TYPE='tl.float32', ALLOW_TF32=True, BLOCK_K=32, BLOCK_M=64, BLOCK_N=64, EVEN_K=True, GROUP_M=8, USE_FAST_ACCUM=False, num_stages=2, num_warps=4
SingleProcess AUTOTUNE benchmarking takes 0.3978 seconds and 0.0002 seconds precompiling for 17 choices
Autotune Choices Stats:
{"num_choices": 16, "num_triton_choices": 15, "best_kernel": "triton_mm_1089", "best_kernel_desc": "ACC_TYPE='tl.float32', ALLOW_TF32=True, BLOCK_K=64, BLOCK_M=64, BLOCK_N=128, EVEN_K=True, GROUP_M=8, USE_FAST_ACCUM=False, num_stages=3, num_warps=4", "best_time": 0.030688000842928886, "best_triton_pos": 0}
AUTOTUNE mm(15922x256, 256x512)
strides: [256, 1], [512, 1]
dtypes: torch.bfloat16, torch.bfloat16
  triton_mm_1089 0.0307 ms 100.0% ACC_TYPE='tl.float32', ALLOW_TF32=True, BLOCK_K=64, BLOCK_M=64, BLOCK_N=128, EVEN_K=True, GROUP_M=8, USE_FAST_ACCUM=False, num_stages=3, num_warps=4
  triton_mm_1094 0.0338 ms 90.7% ACC_TYPE='tl.float32', ALLOW_TF32=True, BLOCK_K=64, BLOCK_M=128, BLOCK_N=128, EVEN_K=True, GROUP_M=8, USE_FAST_ACCUM=False, num_stages=3, num_warps=4
  triton_mm_1086 0.0343 ms 89.5% ACC_TYPE='tl.float32', ALLOW_TF32=True, BLOCK_K=64, BLOCK_M=64, BLOCK_N=64, EVEN_K=True, GROUP_M=8, USE_FAST_ACCUM=False, num_stages=3, num_warps=8
  triton_mm_1088 0.0364 ms 84.3% ACC_TYPE='tl.float32', ALLOW_TF32=True, BLOCK_K=32, BLOCK_M=64, BLOCK_N=128, EVEN_K=True, GROUP_M=8, USE_FAST_ACCUM=False, num_stages=4, num_warps=8
  triton_mm_1087 0.0367 ms 83.5% ACC_TYPE='tl.float32', ALLOW_TF32=True, BLOCK_K=32, BLOCK_M=64, BLOCK_N=128, EVEN_K=True, GROUP_M=8, USE_FAST_ACCUM=False, num_stages=3, num_warps=4
  triton_mm_1090 0.0388 ms 79.1% ACC_TYPE='tl.float32', ALLOW_TF32=True, BLOCK_K=32, BLOCK_M=128, BLOCK_N=64, EVEN_K=True, GROUP_M=8, USE_FAST_ACCUM=False, num_stages=3, num_warps=4
  triton_mm_1091 0.0388 ms 79.1% ACC_TYPE='tl.float32', ALLOW_TF32=True, BLOCK_K=32, BLOCK_M=128, BLOCK_N=64, EVEN_K=True, GROUP_M=8, USE_FAST_ACCUM=False, num_stages=4, num_warps=8
  triton_mm_1093 0.0389 ms 78.9% ACC_TYPE='tl.float32', ALLOW_TF32=True, BLOCK_K=32, BLOCK_M=128, BLOCK_N=128, EVEN_K=True, GROUP_M=8, USE_FAST_ACCUM=False, num_stages=3, num_warps=4
  triton_mm_1082 0.0408 ms 75.2% ACC_TYPE='tl.float32', ALLOW_TF32=True, BLOCK_K=32, BLOCK_M=32, BLOCK_N=64, EVEN_K=True, GROUP_M=8, USE_FAST_ACCUM=False, num_stages=5, num_warps=8
  mm 0.0409 ms 75.1% 
SingleProcess AUTOTUNE benchmarking takes 0.3692 seconds and 0.0002 seconds precompiling for 16 choices
Autotune Choices Stats:
{"num_choices": 16, "num_triton_choices": 15, "best_kernel": "mm", "best_time": 0.036639999598264694, "best_triton_pos": 1, "best_triton_time": 0.10713600367307663, "best_triton_kernel": "triton_mm_1098", "best_triton_kernel_desc": "ACC_TYPE='tl.float32', ALLOW_TF32=True, BLOCK_K=32, BLOCK_M=64, BLOCK_N=32, EVEN_K=False, GROUP_M=8, USE_FAST_ACCUM=False, num_stages=5, num_warps=8"}
AUTOTUNE mm(256x15922, 15922x512)
strides: [1, 256], [512, 1]
dtypes: torch.bfloat16, torch.bfloat16
  mm 0.0366 ms 100.0% 
  triton_mm_1098 0.1071 ms 34.2% ACC_TYPE='tl.float32', ALLOW_TF32=True, BLOCK_K=32, BLOCK_M=64, BLOCK_N=32, EVEN_K=False, GROUP_M=8, USE_FAST_ACCUM=False, num_stages=5, num_warps=8
  triton_mm_1097 0.1096 ms 33.4% ACC_TYPE='tl.float32', ALLOW_TF32=True, BLOCK_K=32, BLOCK_M=32, BLOCK_N=64, EVEN_K=False, GROUP_M=8, USE_FAST_ACCUM=False, num_stages=5, num_warps=8
  triton_mm_1101 0.1207 ms 30.4% ACC_TYPE='tl.float32', ALLOW_TF32=True, BLOCK_K=64, BLOCK_M=64, BLOCK_N=64, EVEN_K=False, GROUP_M=8, USE_FAST_ACCUM=False, num_stages=3, num_warps=8
  triton_mm_1096 0.1290 ms 28.4% ACC_TYPE='tl.float32', ALLOW_TF32=True, BLOCK_K=128, BLOCK_M=32, BLOCK_N=32, EVEN_K=False, GROUP_M=8, USE_FAST_ACCUM=False, num_stages=2, num_warps=4
  triton_mm_1104 0.1556 ms 23.5% ACC_TYPE='tl.float32', ALLOW_TF32=True, BLOCK_K=64, BLOCK_M=64, BLOCK_N=128, EVEN_K=False, GROUP_M=8, USE_FAST_ACCUM=False, num_stages=3, num_warps=4
  triton_mm_1103 0.1741 ms 21.0% ACC_TYPE='tl.float32', ALLOW_TF32=True, BLOCK_K=32, BLOCK_M=64, BLOCK_N=128, EVEN_K=False, GROUP_M=8, USE_FAST_ACCUM=False, num_stages=4, num_warps=8
  triton_mm_1106 0.1813 ms 20.2% ACC_TYPE='tl.float32', ALLOW_TF32=True, BLOCK_K=32, BLOCK_M=128, BLOCK_N=64, EVEN_K=False, GROUP_M=8, USE_FAST_ACCUM=False, num_stages=4, num_warps=8
  triton_mm_1105 0.2166 ms 16.9% ACC_TYPE='tl.float32', ALLOW_TF32=True, BLOCK_K=32, BLOCK_M=128, BLOCK_N=64, EVEN_K=False, GROUP_M=8, USE_FAST_ACCUM=False, num_stages=3, num_warps=4
  triton_mm_1102 0.2191 ms 16.7% ACC_TYPE='tl.float32', ALLOW_TF32=True, BLOCK_K=32, BLOCK_M=64, BLOCK_N=128, EVEN_K=False, GROUP_M=8, USE_FAST_ACCUM=False, num_stages=3, num_warps=4
SingleProcess AUTOTUNE benchmarking takes 0.5987 seconds and 0.0001 seconds precompiling for 16 choices
Autotune Choices Stats:
{"num_choices": 16, "num_triton_choices": 15, "best_kernel": "mm", "best_time": 0.05257600173354149, "best_triton_pos": 1, "best_triton_time": 0.10838399827480316, "best_triton_kernel": "triton_mm_1128", "best_triton_kernel_desc": "ACC_TYPE='tl.float32', ALLOW_TF32=True, BLOCK_K=32, BLOCK_M=64, BLOCK_N=32, EVEN_K=False, GROUP_M=8, USE_FAST_ACCUM=False, num_stages=5, num_warps=8"}
AUTOTUNE mm(512x15922, 15922x256)
strides: [1, 512], [256, 1]
dtypes: torch.bfloat16, torch.bfloat16
  mm 0.0526 ms 100.0% 
  triton_mm_1128 0.1084 ms 48.5% ACC_TYPE='tl.float32', ALLOW_TF32=True, BLOCK_K=32, BLOCK_M=64, BLOCK_N=32, EVEN_K=False, GROUP_M=8, USE_FAST_ACCUM=False, num_stages=5, num_warps=8
  triton_mm_1127 0.1085 ms 48.5% ACC_TYPE='tl.float32', ALLOW_TF32=True, BLOCK_K=32, BLOCK_M=32, BLOCK_N=64, EVEN_K=False, GROUP_M=8, USE_FAST_ACCUM=False, num_stages=5, num_warps=8
  triton_mm_1131 0.1208 ms 43.5% ACC_TYPE='tl.float32', ALLOW_TF32=True, BLOCK_K=64, BLOCK_M=64, BLOCK_N=64, EVEN_K=False, GROUP_M=8, USE_FAST_ACCUM=False, num_stages=3, num_warps=8
  triton_mm_1126 0.1250 ms 42.1% ACC_TYPE='tl.float32', ALLOW_TF32=True, BLOCK_K=128, BLOCK_M=32, BLOCK_N=32, EVEN_K=False, GROUP_M=8, USE_FAST_ACCUM=False, num_stages=2, num_warps=4
  triton_mm_1134 0.1635 ms 32.2% ACC_TYPE='tl.float32', ALLOW_TF32=True, BLOCK_K=64, BLOCK_M=64, BLOCK_N=128, EVEN_K=False, GROUP_M=8, USE_FAST_ACCUM=False, num_stages=3, num_warps=4
  triton_mm_1133 0.1709 ms 30.8% ACC_TYPE='tl.float32', ALLOW_TF32=True, BLOCK_K=32, BLOCK_M=64, BLOCK_N=128, EVEN_K=False, GROUP_M=8, USE_FAST_ACCUM=False, num_stages=4, num_warps=8
  triton_mm_1136 0.1822 ms 28.8% ACC_TYPE='tl.float32', ALLOW_TF32=True, BLOCK_K=32, BLOCK_M=128, BLOCK_N=64, EVEN_K=False, GROUP_M=8, USE_FAST_ACCUM=False, num_stages=4, num_warps=8
  triton_mm_1132 0.2150 ms 24.5% ACC_TYPE='tl.float32', ALLOW_TF32=True, BLOCK_K=32, BLOCK_M=64, BLOCK_N=128, EVEN_K=False, GROUP_M=8, USE_FAST_ACCUM=False, num_stages=3, num_warps=4
  triton_mm_1135 0.2172 ms 24.2% ACC_TYPE='tl.float32', ALLOW_TF32=True, BLOCK_K=32, BLOCK_M=128, BLOCK_N=64, EVEN_K=False, GROUP_M=8, USE_FAST_ACCUM=False, num_stages=3, num_warps=4
SingleProcess AUTOTUNE benchmarking takes 0.6141 seconds and 0.0001 seconds precompiling for 16 choices
Autotune Choices Stats:
{"num_choices": 16, "num_triton_choices": 15, "best_kernel": "mm", "best_time": 0.027744000777602196, "best_triton_pos": 1, "best_triton_time": 0.10441599786281586, "best_triton_kernel": "triton_mm_1158", "best_triton_kernel_desc": "ACC_TYPE='tl.float32', ALLOW_TF32=True, BLOCK_K=32, BLOCK_M=64, BLOCK_N=32, EVEN_K=False, GROUP_M=8, USE_FAST_ACCUM=False, num_stages=5, num_warps=8"}
AUTOTUNE mm(256x15922, 15922x256)
strides: [1, 256], [256, 1]
dtypes: torch.bfloat16, torch.bfloat16
  mm 0.0277 ms 100.0% 
  triton_mm_1158 0.1044 ms 26.6% ACC_TYPE='tl.float32', ALLOW_TF32=True, BLOCK_K=32, BLOCK_M=64, BLOCK_N=32, EVEN_K=False, GROUP_M=8, USE_FAST_ACCUM=False, num_stages=5, num_warps=8
  triton_mm_1157 0.1062 ms 26.1% ACC_TYPE='tl.float32', ALLOW_TF32=True, BLOCK_K=32, BLOCK_M=32, BLOCK_N=64, EVEN_K=False, GROUP_M=8, USE_FAST_ACCUM=False, num_stages=5, num_warps=8
  triton_mm_1156 0.1208 ms 23.0% ACC_TYPE='tl.float32', ALLOW_TF32=True, BLOCK_K=128, BLOCK_M=32, BLOCK_N=32, EVEN_K=False, GROUP_M=8, USE_FAST_ACCUM=False, num_stages=2, num_warps=4
  triton_mm_1161 0.1250 ms 22.2% ACC_TYPE='tl.float32', ALLOW_TF32=True, BLOCK_K=64, BLOCK_M=64, BLOCK_N=64, EVEN_K=False, GROUP_M=8, USE_FAST_ACCUM=False, num_stages=3, num_warps=8
  triton_mm_1164 0.1578 ms 17.6% ACC_TYPE='tl.float32', ALLOW_TF32=True, BLOCK_K=64, BLOCK_M=64, BLOCK_N=128, EVEN_K=False, GROUP_M=8, USE_FAST_ACCUM=False, num_stages=3, num_warps=4
  triton_mm_1163 0.1702 ms 16.3% ACC_TYPE='tl.float32', ALLOW_TF32=True, BLOCK_K=32, BLOCK_M=64, BLOCK_N=128, EVEN_K=False, GROUP_M=8, USE_FAST_ACCUM=False, num_stages=4, num_warps=8
  triton_mm_1166 0.1820 ms 15.2% ACC_TYPE='tl.float32', ALLOW_TF32=True, BLOCK_K=32, BLOCK_M=128, BLOCK_N=64, EVEN_K=False, GROUP_M=8, USE_FAST_ACCUM=False, num_stages=4, num_warps=8
  triton_mm_1165 0.2149 ms 12.9% ACC_TYPE='tl.float32', ALLOW_TF32=True, BLOCK_K=32, BLOCK_M=128, BLOCK_N=64, EVEN_K=False, GROUP_M=8, USE_FAST_ACCUM=False, num_stages=3, num_warps=4
  triton_mm_1162 0.2196 ms 12.6% ACC_TYPE='tl.float32', ALLOW_TF32=True, BLOCK_K=32, BLOCK_M=64, BLOCK_N=128, EVEN_K=False, GROUP_M=8, USE_FAST_ACCUM=False, num_stages=3, num_warps=4
SingleProcess AUTOTUNE benchmarking takes 0.5935 seconds and 0.0001 seconds precompiling for 16 choices
Autotune Choices Stats:
{"num_choices": 16, "num_triton_choices": 15, "best_kernel": "triton_mm_1116", "best_kernel_desc": "ACC_TYPE='tl.float32', ALLOW_TF32=True, BLOCK_K=64, BLOCK_M=64, BLOCK_N=64, EVEN_K=True, GROUP_M=8, USE_FAST_ACCUM=False, num_stages=3, num_warps=8", "best_time": 0.032735999673604965, "best_triton_pos": 0}
AUTOTUNE mm(15922x512, 512x256)
strides: [512, 1], [256, 1]
dtypes: torch.bfloat16, torch.bfloat16
  triton_mm_1116 0.0327 ms 100.0% ACC_TYPE='tl.float32', ALLOW_TF32=True, BLOCK_K=64, BLOCK_M=64, BLOCK_N=64, EVEN_K=True, GROUP_M=8, USE_FAST_ACCUM=False, num_stages=3, num_warps=8
  triton_mm_1123 0.0327 ms 100.0% ACC_TYPE='tl.float32', ALLOW_TF32=True, BLOCK_K=32, BLOCK_M=128, BLOCK_N=128, EVEN_K=True, GROUP_M=8, USE_FAST_ACCUM=False, num_stages=3, num_warps=4
  triton_mm_1117 0.0328 ms 99.7% ACC_TYPE='tl.float32', ALLOW_TF32=True, BLOCK_K=32, BLOCK_M=64, BLOCK_N=128, EVEN_K=True, GROUP_M=8, USE_FAST_ACCUM=False, num_stages=3, num_warps=4
  triton_mm_1119 0.0340 ms 96.2% ACC_TYPE='tl.float32', ALLOW_TF32=True, BLOCK_K=64, BLOCK_M=64, BLOCK_N=128, EVEN_K=True, GROUP_M=8, USE_FAST_ACCUM=False, num_stages=3, num_warps=4
  triton_mm_1124 0.0367 ms 89.1% ACC_TYPE='tl.float32', ALLOW_TF32=True, BLOCK_K=64, BLOCK_M=128, BLOCK_N=128, EVEN_K=True, GROUP_M=8, USE_FAST_ACCUM=False, num_stages=3, num_warps=4
  triton_mm_1118 0.0389 ms 84.1% ACC_TYPE='tl.float32', ALLOW_TF32=True, BLOCK_K=32, BLOCK_M=64, BLOCK_N=128, EVEN_K=True, GROUP_M=8, USE_FAST_ACCUM=False, num_stages=4, num_warps=8
  triton_mm_1120 0.0429 ms 76.3% ACC_TYPE='tl.float32', ALLOW_TF32=True, BLOCK_K=32, BLOCK_M=128, BLOCK_N=64, EVEN_K=True, GROUP_M=8, USE_FAST_ACCUM=False, num_stages=3, num_warps=4
  mm 0.0430 ms 76.2% 
  triton_mm_1122 0.0430 ms 76.2% ACC_TYPE='tl.float32', ALLOW_TF32=True, BLOCK_K=32, BLOCK_M=128, BLOCK_N=128, EVEN_K=True, GROUP_M=8, USE_FAST_ACCUM=False, num_stages=2, num_warps=8
  triton_mm_1115 0.0448 ms 73.1% ACC_TYPE='tl.float32', ALLOW_TF32=True, BLOCK_K=32, BLOCK_M=64, BLOCK_N=64, EVEN_K=True, GROUP_M=8, USE_FAST_ACCUM=False, num_stages=2, num_warps=4
SingleProcess AUTOTUNE benchmarking takes 0.3731 seconds and 0.0001 seconds precompiling for 16 choices
Autotune Choices Stats:
{"num_choices": 16, "num_triton_choices": 15, "best_kernel": "triton_mm_1146", "best_kernel_desc": "ACC_TYPE='tl.float32', ALLOW_TF32=True, BLOCK_K=64, BLOCK_M=64, BLOCK_N=64, EVEN_K=True, GROUP_M=8, USE_FAST_ACCUM=False, num_stages=3, num_warps=8", "best_time": 0.020447999238967896, "best_triton_pos": 0}
AUTOTUNE mm(15922x256, 256x256)
strides: [256, 1], [256, 1]
dtypes: torch.bfloat16, torch.bfloat16
  triton_mm_1146 0.0204 ms 100.0% ACC_TYPE='tl.float32', ALLOW_TF32=True, BLOCK_K=64, BLOCK_M=64, BLOCK_N=64, EVEN_K=True, GROUP_M=8, USE_FAST_ACCUM=False, num_stages=3, num_warps=8
  triton_mm_1153 0.0206 ms 99.2% ACC_TYPE='tl.float32', ALLOW_TF32=True, BLOCK_K=32, BLOCK_M=128, BLOCK_N=128, EVEN_K=True, GROUP_M=8, USE_FAST_ACCUM=False, num_stages=3, num_warps=4
  triton_mm_1149 0.0224 ms 91.4% ACC_TYPE='tl.float32', ALLOW_TF32=True, BLOCK_K=64, BLOCK_M=64, BLOCK_N=128, EVEN_K=True, GROUP_M=8, USE_FAST_ACCUM=False, num_stages=3, num_warps=4
  triton_mm_1147 0.0224 ms 91.2% ACC_TYPE='tl.float32', ALLOW_TF32=True, BLOCK_K=32, BLOCK_M=64, BLOCK_N=128, EVEN_K=True, GROUP_M=8, USE_FAST_ACCUM=False, num_stages=3, num_warps=4
  triton_mm_1148 0.0247 ms 82.8% ACC_TYPE='tl.float32', ALLOW_TF32=True, BLOCK_K=32, BLOCK_M=64, BLOCK_N=128, EVEN_K=True, GROUP_M=8, USE_FAST_ACCUM=False, num_stages=4, num_warps=8
  triton_mm_1154 0.0266 ms 76.9% ACC_TYPE='tl.float32', ALLOW_TF32=True, BLOCK_K=64, BLOCK_M=128, BLOCK_N=128, EVEN_K=True, GROUP_M=8, USE_FAST_ACCUM=False, num_stages=3, num_warps=4
  triton_mm_1152 0.0284 ms 71.9% ACC_TYPE='tl.float32', ALLOW_TF32=True, BLOCK_K=32, BLOCK_M=128, BLOCK_N=128, EVEN_K=True, GROUP_M=8, USE_FAST_ACCUM=False, num_stages=2, num_warps=8
  mm 0.0300 ms 68.1% 
  triton_mm_1151 0.0310 ms 65.9% ACC_TYPE='tl.float32', ALLOW_TF32=True, BLOCK_K=32, BLOCK_M=128, BLOCK_N=64, EVEN_K=True, GROUP_M=8, USE_FAST_ACCUM=False, num_stages=4, num_warps=8
  triton_mm_1142 0.0311 ms 65.7% ACC_TYPE='tl.float32', ALLOW_TF32=True, BLOCK_K=32, BLOCK_M=32, BLOCK_N=64, EVEN_K=True, GROUP_M=8, USE_FAST_ACCUM=False, num_stages=5, num_warps=8
SingleProcess AUTOTUNE benchmarking takes 0.3501 seconds and 0.0001 seconds precompiling for 16 choices
V0929 10:59:23.726000 199323 .venv/lib/python3.12/site-packages/torch/_dynamo/guards.py:4181] [0/2] [__recompiles] Recompiling function _forward_transformer_trunk in /workspace/kg-v3-rebuild/python/owl/model/stateless_transformer_v1.py:823
V0929 10:59:23.726000 199323 .venv/lib/python3.12/site-packages/torch/_dynamo/guards.py:4181] [0/2] [__recompiles]     triggered by the following guard failure(s):
V0929 10:59:23.726000 199323 .venv/lib/python3.12/site-packages/torch/_dynamo/guards.py:4181] [0/2] [__recompiles]     - 0/1: GLOBAL_STATE changed: grad_mode 
V0929 10:59:23.726000 199323 .venv/lib/python3.12/site-packages/torch/_dynamo/guards.py:4181] [0/2] [__recompiles]     - 0/0: len(G['use_flash_attn'].__closure__[0].cell_contents) == 1    # flash_flags.append(bool(flag))  # runs/value-gap-2026-09-29/is_gap.py:185 in counting_use_flash
V0929 10:59:25.420000 199323 .venv/lib/python3.12/site-packages/torch/_dynamo/guards.py:4181] [0/3] [__recompiles] Recompiling function _forward_transformer_trunk in /workspace/kg-v3-rebuild/python/owl/model/stateless_transformer_v1.py:823
V0929 10:59:25.420000 199323 .venv/lib/python3.12/site-packages/torch/_dynamo/guards.py:4181] [0/3] [__recompiles]     triggered by the following guard failure(s):
V0929 10:59:25.420000 199323 .venv/lib/python3.12/site-packages/torch/_dynamo/guards.py:4181] [0/3] [__recompiles]     - 0/2: GLOBAL_STATE changed: grad_mode 
V0929 10:59:25.420000 199323 .venv/lib/python3.12/site-packages/torch/_dynamo/guards.py:4181] [0/3] [__recompiles]     - 0/1: len(G['use_flash_attn'].__closure__[0].cell_contents) == 8    # flash_flags.append(bool(flag))  # runs/value-gap-2026-09-29/is_gap.py:185 in counting_use_flash
V0929 10:59:25.420000 199323 .venv/lib/python3.12/site-packages/torch/_dynamo/guards.py:4181] [0/3] [__recompiles]     - 0/0: GLOBAL_STATE changed: grad_mode 
V0929 10:59:29.655000 199323 .venv/lib/python3.12/site-packages/torch/_dynamo/guards.py:4181] [0/4] [__recompiles] Recompiling function _forward_transformer_trunk in /workspace/kg-v3-rebuild/python/owl/model/stateless_transformer_v1.py:823
V0929 10:59:29.655000 199323 .venv/lib/python3.12/site-packages/torch/_dynamo/guards.py:4181] [0/4] [__recompiles]     triggered by the following guard failure(s):
V0929 10:59:29.655000 199323 .venv/lib/python3.12/site-packages/torch/_dynamo/guards.py:4181] [0/4] [__recompiles]     - 0/3: GLOBAL_STATE changed: grad_mode 
V0929 10:59:29.655000 199323 .venv/lib/python3.12/site-packages/torch/_dynamo/guards.py:4181] [0/4] [__recompiles]     - 0/2: len(G['use_flash_attn'].__closure__[0].cell_contents) == 15   # flash_flags.append(bool(flag))  # runs/value-gap-2026-09-29/is_gap.py:185 in counting_use_flash
V0929 10:59:29.655000 199323 .venv/lib/python3.12/site-packages/torch/_dynamo/guards.py:4181] [0/4] [__recompiles]     - 0/1: GLOBAL_STATE changed: grad_mode 
V0929 10:59:29.655000 199323 .venv/lib/python3.12/site-packages/torch/_dynamo/guards.py:4181] [0/4] [__recompiles]     - 0/0: len(G['use_flash_attn'].__closure__[0].cell_contents) == 1    # flash_flags.append(bool(flag))  # runs/value-gap-2026-09-29/is_gap.py:185 in counting_use_flash
V0929 10:59:31.765000 199323 .venv/lib/python3.12/site-packages/torch/_dynamo/guards.py:4181] [0/5] [__recompiles] Recompiling function _forward_transformer_trunk in /workspace/kg-v3-rebuild/python/owl/model/stateless_transformer_v1.py:823
V0929 10:59:31.765000 199323 .venv/lib/python3.12/site-packages/torch/_dynamo/guards.py:4181] [0/5] [__recompiles]     triggered by the following guard failure(s):
V0929 10:59:31.765000 199323 .venv/lib/python3.12/site-packages/torch/_dynamo/guards.py:4181] [0/5] [__recompiles]     - 0/4: GLOBAL_STATE changed: grad_mode 
V0929 10:59:31.765000 199323 .venv/lib/python3.12/site-packages/torch/_dynamo/guards.py:4181] [0/5] [__recompiles]     - 0/3: len(G['use_flash_attn'].__closure__[0].cell_contents) == 22   # flash_flags.append(bool(flag))  # runs/value-gap-2026-09-29/is_gap.py:185 in counting_use_flash
V0929 10:59:31.765000 199323 .venv/lib/python3.12/site-packages/torch/_dynamo/guards.py:4181] [0/5] [__recompiles]     - 0/2: GLOBAL_STATE changed: grad_mode 
V0929 10:59:31.765000 199323 .venv/lib/python3.12/site-packages/torch/_dynamo/guards.py:4181] [0/5] [__recompiles]     - 0/1: len(G['use_flash_attn'].__closure__[0].cell_contents) == 8    # flash_flags.append(bool(flag))  # runs/value-gap-2026-09-29/is_gap.py:185 in counting_use_flash
V0929 10:59:31.765000 199323 .venv/lib/python3.12/site-packages/torch/_dynamo/guards.py:4181] [0/5] [__recompiles]     - 0/0: GLOBAL_STATE changed: grad_mode 
V0929 10:59:36.365000 199323 .venv/lib/python3.12/site-packages/torch/_dynamo/guards.py:4181] [0/6] [__recompiles] Recompiling function _forward_transformer_trunk in /workspace/kg-v3-rebuild/python/owl/model/stateless_transformer_v1.py:823
V0929 10:59:36.365000 199323 .venv/lib/python3.12/site-packages/torch/_dynamo/guards.py:4181] [0/6] [__recompiles]     triggered by the following guard failure(s):
V0929 10:59:36.365000 199323 .venv/lib/python3.12/site-packages/torch/_dynamo/guards.py:4181] [0/6] [__recompiles]     - 0/5: GLOBAL_STATE changed: grad_mode 
V0929 10:59:36.365000 199323 .venv/lib/python3.12/site-packages/torch/_dynamo/guards.py:4181] [0/6] [__recompiles]     - 0/4: len(G['use_flash_attn'].__closure__[0].cell_contents) == 29   # flash_flags.append(bool(flag))  # runs/value-gap-2026-09-29/is_gap.py:185 in counting_use_flash
V0929 10:59:36.365000 199323 .venv/lib/python3.12/site-packages/torch/_dynamo/guards.py:4181] [0/6] [__recompiles]     - 0/3: GLOBAL_STATE changed: grad_mode 
V0929 10:59:36.365000 199323 .venv/lib/python3.12/site-packages/torch/_dynamo/guards.py:4181] [0/6] [__recompiles]     - 0/2: len(G['use_flash_attn'].__closure__[0].cell_contents) == 15   # flash_flags.append(bool(flag))  # runs/value-gap-2026-09-29/is_gap.py:185 in counting_use_flash
V0929 10:59:36.365000 199323 .venv/lib/python3.12/site-packages/torch/_dynamo/guards.py:4181] [0/6] [__recompiles]     - 0/1: GLOBAL_STATE changed: grad_mode 
V0929 10:59:36.365000 199323 .venv/lib/python3.12/site-packages/torch/_dynamo/guards.py:4181] [0/6] [__recompiles]     - 0/0: len(G['use_flash_attn'].__closure__[0].cell_contents) == 1    # flash_flags.append(bool(flag))  # runs/value-gap-2026-09-29/is_gap.py:185 in counting_use_flash
V0929 10:59:38.604000 199323 .venv/lib/python3.12/site-packages/torch/_dynamo/guards.py:4181] [0/7] [__recompiles] Recompiling function _forward_transformer_trunk in /workspace/kg-v3-rebuild/python/owl/model/stateless_transformer_v1.py:823
V0929 10:59:38.604000 199323 .venv/lib/python3.12/site-packages/torch/_dynamo/guards.py:4181] [0/7] [__recompiles]     triggered by the following guard failure(s):
V0929 10:59:38.604000 199323 .venv/lib/python3.12/site-packages/torch/_dynamo/guards.py:4181] [0/7] [__recompiles]     - 0/6: GLOBAL_STATE changed: grad_mode 
V0929 10:59:38.604000 199323 .venv/lib/python3.12/site-packages/torch/_dynamo/guards.py:4181] [0/7] [__recompiles]     - 0/5: len(G['use_flash_attn'].__closure__[0].cell_contents) == 36   # flash_flags.append(bool(flag))  # runs/value-gap-2026-09-29/is_gap.py:185 in counting_use_flash
V0929 10:59:38.604000 199323 .venv/lib/python3.12/site-packages/torch/_dynamo/guards.py:4181] [0/7] [__recompiles]     - 0/4: GLOBAL_STATE changed: grad_mode 
V0929 10:59:38.604000 199323 .venv/lib/python3.12/site-packages/torch/_dynamo/guards.py:4181] [0/7] [__recompiles]     - 0/3: len(G['use_flash_attn'].__closure__[0].cell_contents) == 22   # flash_flags.append(bool(flag))  # runs/value-gap-2026-09-29/is_gap.py:185 in counting_use_flash
V0929 10:59:38.604000 199323 .venv/lib/python3.12/site-packages/torch/_dynamo/guards.py:4181] [0/7] [__recompiles]     - 0/2: GLOBAL_STATE changed: grad_mode 
V0929 10:59:38.604000 199323 .venv/lib/python3.12/site-packages/torch/_dynamo/guards.py:4181] [0/7] [__recompiles]     - 0/1: len(G['use_flash_attn'].__closure__[0].cell_contents) == 8    # flash_flags.append(bool(flag))  # runs/value-gap-2026-09-29/is_gap.py:185 in counting_use_flash
V0929 10:59:38.604000 199323 .venv/lib/python3.12/site-packages/torch/_dynamo/guards.py:4181] [0/7] [__recompiles]     - 0/0: GLOBAL_STATE changed: grad_mode 
V0929 10:59:43.174000 199323 .venv/lib/python3.12/site-packages/torch/_dynamo/guards.py:4181] [0/8] [__recompiles] Recompiling function _forward_transformer_trunk in /workspace/kg-v3-rebuild/python/owl/model/stateless_transformer_v1.py:823
V0929 10:59:43.174000 199323 .venv/lib/python3.12/site-packages/torch/_dynamo/guards.py:4181] [0/8] [__recompiles]     triggered by the following guard failure(s):
V0929 10:59:43.174000 199323 .venv/lib/python3.12/site-packages/torch/_dynamo/guards.py:4181] [0/8] [__recompiles]     - 0/7: GLOBAL_STATE changed: grad_mode 
V0929 10:59:43.174000 199323 .venv/lib/python3.12/site-packages/torch/_dynamo/guards.py:4181] [0/8] [__recompiles]     - 0/6: len(G['use_flash_attn'].__closure__[0].cell_contents) == 43   # flash_flags.append(bool(flag))  # runs/value-gap-2026-09-29/is_gap.py:185 in counting_use_flash
V0929 10:59:43.174000 199323 .venv/lib/python3.12/site-packages/torch/_dynamo/guards.py:4181] [0/8] [__recompiles]     - 0/5: GLOBAL_STATE changed: grad_mode 
V0929 10:59:43.174000 199323 .venv/lib/python3.12/site-packages/torch/_dynamo/guards.py:4181] [0/8] [__recompiles]     - 0/4: len(G['use_flash_attn'].__closure__[0].cell_contents) == 29   # flash_flags.append(bool(flag))  # runs/value-gap-2026-09-29/is_gap.py:185 in counting_use_flash
V0929 10:59:43.174000 199323 .venv/lib/python3.12/site-packages/torch/_dynamo/guards.py:4181] [0/8] [__recompiles]     - 0/3: GLOBAL_STATE changed: grad_mode 
V0929 10:59:43.174000 199323 .venv/lib/python3.12/site-packages/torch/_dynamo/guards.py:4181] [0/8] [__recompiles]     - 0/2: len(G['use_flash_attn'].__closure__[0].cell_contents) == 15   # flash_flags.append(bool(flag))  # runs/value-gap-2026-09-29/is_gap.py:185 in counting_use_flash
V0929 10:59:43.174000 199323 .venv/lib/python3.12/site-packages/torch/_dynamo/guards.py:4181] [0/8] [__recompiles]     - 0/1: GLOBAL_STATE changed: grad_mode 
V0929 10:59:43.174000 199323 .venv/lib/python3.12/site-packages/torch/_dynamo/guards.py:4181] [0/8] [__recompiles]     - 0/0: len(G['use_flash_attn'].__closure__[0].cell_contents) == 1    # flash_flags.append(bool(flag))  # runs/value-gap-2026-09-29/is_gap.py:185 in counting_use_flash
W0929 10:59:43.174000 199323 .venv/lib/python3.12/site-packages/torch/_dynamo/convert_frame.py:1358] [0/8] torch._dynamo hit config.recompile_limit (8)
W0929 10:59:43.174000 199323 .venv/lib/python3.12/site-packages/torch/_dynamo/convert_frame.py:1358] [0/8]    function: '_forward_transformer_trunk' (/workspace/kg-v3-rebuild/python/owl/model/stateless_transformer_v1.py:823)
W0929 10:59:43.174000 199323 .venv/lib/python3.12/site-packages/torch/_dynamo/convert_frame.py:1358] [0/8]    last reason: 0/7: GLOBAL_STATE changed: grad_mode 
W0929 10:59:43.174000 199323 .venv/lib/python3.12/site-packages/torch/_dynamo/convert_frame.py:1358] [0/8] To log all recompilation reasons, use TORCH_LOGS="recompiles".
W0929 10:59:43.174000 199323 .venv/lib/python3.12/site-packages/torch/_dynamo/convert_frame.py:1358] [0/8] To diagnose recompilation issues, see https://pytorch.org/docs/main/torch.compiler_troubleshooting.html
{"unix": 1790679583.349, "event": "result", "case": "isF_comp_default", "trunk": "compiled", "rows": [256, 1024], "config": {"model": {"model_arch": "stateless_transformer_v1", "embed_dim": 256, "depth": 6, "n_heads": 8, "mlp_ratio": 2.0, "player_count_adapters_enabled": false, "player_count_adapter_blocks": 0, "n_scratch_tokens": 4, "activation": "gelu", "force_flash_attn": true, "use_learned_pairwise_bias": false, "critic_mode": "softmax", "value_mode": "win_loss", "actor": {"action_spec": "discrete_targets", "launch_mode": "binary", "n_action_mixtures": 4, "entropy_ship_quantiles": 16, "scale_min": 0.1, "scale_max_frac": 0.5, "scale_max_abs_floor": 8.0}, "lora": null}, "obs_spec": {"max_entities": 320, "obs_spec": "entity_based_ext_v2"}, "action_spec": {"action_spec": "discrete_targets", "max_per_planet_launches": 1, "min_fleet_size": 3, "targeting_mode": "anything_goes"}, "two_player_weight": 0.75, "rl_model_compile": "trunk", "rl_model_compile_mode": "max-autotune-no-cudagraphs", "rl_dtype": "bfloat16"}, "output_layer_spectral_norms": {"critic": [1.0], "actor": [0.01, 0.01, 0.01, 0.01]}, "tf32_matmul": true, "steps": {"states_256": "ok", "pair_256": "ok", "hidden_256": "ok", "states_1024": "ok", "pair_1024": "ok", "hidden_1024": "ok"}, "states_256": {"source": "loaded", "path": "/workspace/kg-v3-rebuild/runs/value-gap-2026-09-29/obs/orbit_obs_256.pt"}, "default_gain_256": {"pair": {"values": {"n": 652, "max_abs": 0.015555977821350098, "mean_abs": 0.0038072390016168356, "
{"unix": 1790679583.349, "event": "done", "case": "isF_comp_default"}
