{"unix": 1790679639.884, "event": "process", "case": "kgC_fp32_comp_aten", "dryrun": false, "torch": "2.9.0+cu128", "torch_git": "0fabc3ba44823f257e70ce397d989c8de5e362c1", "cuda_runtime": "12.8", "model_file": "/workspace/kg-v3-rebuild/python/owl/model/stateless_transformer_v1.py", "flash_attn_available": true, "max_autotune_gemm_backends": "ATEN", "tf32_matmul": false, "tf32_cudnn": false, "actor_head_init_gain_src": 0.01, "critic_head_init_gain_src": 1.0, "git": {"head": "8fde43cd7408c9c4f9147eeb8f916bd08f8266ed", "tree": "70d50fa37e66aa322e8db00c9359d3f9e3031499", "porcelain": ""}, "flash_attn": "2.8.3", "triton": "3.5.0", "device_name": "NVIDIA RTX PRO 6000 Blackwell Server Edition", "cuda_visible_devices": "0"}
/workspace/kg-v3-rebuild/.venv/lib/python3.12/site-packages/torch/_inductor/compile_fx.py:312: UserWarning: TensorFloat32 tensor cores for float32 matrix multiplication available but not enabled. Consider setting `torch.set_float32_matmul_precision('high')` for better performance.
  warnings.warn(
Autotune Choices Stats:
{"num_choices": 2, "num_triton_choices": 0, "best_kernel": "bias_addmm", "best_time": 0.4771519899368286}
AUTOTUNE addmm(181504x256, 181504x256, 256x256)
strides: [0, 1], [256, 1], [1, 256]
dtypes: torch.float32, torch.float32, torch.float32
  bias_addmm 0.4772 ms 100.0% 
  addmm 0.6748 ms 70.7% 
SingleProcess AUTOTUNE benchmarking takes 0.0859 seconds and 0.0001 seconds precompiling for 2 choices
V0929 11:01:01.529000 210056 .venv/lib/python3.12/site-packages/torch/_dynamo/guards.py:4181] [0/1] [__recompiles] Recompiling function _forward_transformer_trunk in /workspace/kg-v3-rebuild/python/owl/model/kaggriculture.py:507
V0929 11:01:01.529000 210056 .venv/lib/python3.12/site-packages/torch/_dynamo/guards.py:4181] [0/1] [__recompiles]     triggered by the following guard failure(s):
V0929 11:01:01.529000 210056 .venv/lib/python3.12/site-packages/torch/_dynamo/guards.py:4181] [0/1] [__recompiles]     - 0/0: GLOBAL_STATE changed: grad_mode 
Autotune Choices Stats:
{"num_choices": 2, "num_triton_choices": 0, "best_kernel": "bias_addmm", "best_time": 0.9175040125846863}
AUTOTUNE addmm(181504x512, 181504x256, 256x512)
strides: [0, 1], [256, 1], [1, 256]
dtypes: torch.float32, torch.float32, torch.float32
  bias_addmm 0.9175 ms 100.0% 
  addmm 1.2543 ms 73.1% 
SingleProcess AUTOTUNE benchmarking takes 0.0873 seconds and 0.0004 seconds precompiling for 2 choices
{"unix": 1790679678.317, "event": "result", "case": "kgC_fp32_comp_aten", "output_layer_spectral_norms": {"critic": [1.0], "actor": [0.01, 0.01, 0.01, 0.01, 0.01, 0.01, 0.01, 0.01, 0.01]}, "precision": "fp32", "trunk": "compiled", "rows": [256], "force_flash_attn": false, "tf32_matmul": false, "inductor_coalesce_tiling_analysis": false, "steps": {"pair_256": "ok", "hidden_256": "ok"}, "default_gain_256": {"pair": {"values": {"n": 256, "max_abs": 8.344650268554688e-07, "mean_abs": 2.430751919746399e-07, "rms": 3.0814254614597303e-07, "p99_abs": 7.152557373046875e-07, "exact_equal_frac": 0.1484375, "ref_max_abs": 0.20191699266433716, "ref_mean_abs": 0.05583939701318741, "rel_mean": 4.353112672106363e-06, "rel_max": 4.1327134567836765e-06, "nonfinite": 0}, "critic_logit_diff": {"n": 256, "max_abs": 1.6093254089355469e-06, "mean_abs": 5.010515451431274e-07, "rms": 6.266243985919573e-07, "p99_abs": 1.4901161193847656e-06, "exact_equal_frac": 0.04296875, "ref_max_abs": 0.40946048498153687, "ref_mean_abs": 0.11202752590179443, "rel_mean": 4.472575255931588e-06, "rel_max": 3.93035588786006e-06, "nonfinite": 0}, "logp_event": {"n": 774144, "max_abs": 4.76837158203125e-07, "mean_abs": 2.6763202765067717e-10, "rms": 7.81493980639425e-09, "p99_abs": 0.0, "exact_equal_frac": 0.9987133741378784, "ref_max_abs": 3.500246286392212, "ref_mean_abs": 0.054444726556539536, "rel_mean": 4.915664764126859e-09, "rel_max": 1.3622960182146926e-07, "nonfinite": 0}, "logratio_row": {"mean": 0.0, "abs_mea
{"unix": 1790679678.318, "event": "done", "case": "kgC_fp32_comp_aten"}
