    Checking kaggriculture-opponents v0.1.0 (/Users/poonszesen/kg-v3-t71/opponents_rs)
error: duplicated attribute
 --> src/native_agents/r04.rs:8:10
  |
8 | #![allow(dead_code, unused_mut)]
  |          ^^^^^^^^^
  |
note: first defined here
 --> src/native_agents.rs:7:9
  |
7 | #[allow(dead_code)]
  |         ^^^^^^^^^
help: remove this attribute
 --> src/native_agents/r04.rs:8:10
  |
8 | #![allow(dead_code, unused_mut)]
  |          ^^^^^^^^^
  = help: for further information visit https://rust-lang.github.io/rust-clippy/master/index.html#duplicated_attributes
  = note: `-D clippy::duplicated-attributes` implied by `-D warnings`
  = help: to override `-D warnings` add `#[allow(clippy::duplicated_attributes)]`

error: could not compile `kaggriculture-opponents` (lib) due to 1 previous error
warning: build failed, waiting for other jobs to finish...
error: could not compile `kaggriculture-opponents` (lib test) due to 1 previous error
