   Compiling kaggriculture-opponents v0.1.0 (/Users/poonszesen/kg-v3-t71/opponents_rs)
    Finished `test` profile [unoptimized + debuginfo] target(s) in 1.89s
     Running unittests src/lib.rs (opponents_rs/target/debug/deps/kaggriculture_opponents-c15c6cc20a17684c)

running 1 test
test view_tests::debug_does_not_expose_hidden_engine_fields ... FAILED

failures:

---- view_tests::debug_does_not_expose_hidden_engine_fields stdout ----

thread 'view_tests::debug_does_not_expose_hidden_engine_fields' (11544102) panicked at src/view_tests.rs:9:9:
debug leaked hidden field seed:
note: run with `RUST_BACKTRACE=1` environment variable to display a backtrace


failures:
    view_tests::debug_does_not_expose_hidden_engine_fields

test result: FAILED. 0 passed; 1 failed; 0 ignored; 0 measured; 11 filtered out; finished in 0.00s

error: test failed, to rerun pass `--lib`
   Compiling kaggriculture-opponents v0.1.0 (/Users/poonszesen/kg-v3-t71/opponents_rs)
    Finished `test` profile [unoptimized + debuginfo] target(s) in 0.82s
     Running unittests src/lib.rs (opponents_rs/target/debug/deps/kaggriculture_opponents-c15c6cc20a17684c)

running 1 test
test view_tests::debug_does_not_expose_hidden_engine_fields ... ok

test result: ok. 1 passed; 0 failed; 0 ignored; 0 measured; 11 filtered out; finished in 0.00s

No doc updates required
All checks passed!
2 files already formatted
Direct cookbook lint: cookbook/references/snapshot-view-isolates-byte-exact-evaluation-opponents.md exit 0 {}
Direct cookbook lint: cookbook/references/index.md exit 0 {}
Direct cookbook lint: cookbook/log.md exit 0 {}
Final changed/untracked inventory fully registered: 80 paths
All 81 declared task paths exist, except deliberately retired old note: True
Final Reference source lint exit 0 {}
Task 7.1: import inventory updated; retained/authored engine entries unchanged
engine trim manifest: OK
opponent import check passed (custody only; parity is checked separately)
Task 7.1: import inventory updated; retained/authored engine entries unchanged
Closure audit retried under project Python after system python3 rejected zip(strict=True).
Closure: 81 changed/untracked paths all declared and trim-registered; retained/authored unchanged; exactly five excluded reasons changed; trim byte-idempotent; oracle and run-1 receipts unchanged.
Final report: 20703 bytes
