..............................................FF............             [100%]
=================================== FAILURES ===================================
_ test_rehashed_oracle_manifest_attacks_fail[invented_coverage-coverage differs] _

attack = 'invented_coverage', message = 'coverage differs'

    @pytest.mark.parametrize(
        ("attack", "message"),
        [
            ("unknown_key", "schema keys"),
            ("missing_trace", "inventory"),
            ("wrong_hash", "sha256"),
            ("bool_count", "integer"),
            ("wrong_budget", "budget"),
            ("negative_coverage", "negative coverage"),
            ("invented_coverage", "coverage differs"),
            ("invented_replay", "coverage differs"),
            ("unsafe_trace", "path"),
        ],
    )
    def test_rehashed_oracle_manifest_attacks_fail(attack: str, message: str) -> None:
        manifest, originals, current = fixture()
        generated = json.loads(current[checker.ORACLE_MANIFEST])
        entry = generated["traces"][0]
        if attack == "unknown_key":
            entry["unknown"] = 1
        elif attack == "missing_trace":
            generated["traces"] = []
        elif attack == "wrong_hash":
            entry["sha256"] = "0" * 64
        elif attack == "bool_count":
            entry["transitions"] = True
        elif attack == "wrong_budget":
            generated["byte_budget"] += 1
        elif attack == "negative_coverage":
            entry["coverage"][0]["hires"] = -1
        elif attack == "invented_coverage":
            entry["coverage"][0]["hires"] = 1
        elif attack == "invented_replay":
            entry["coverage"][0]["mid_episode_replay"] = 1
        elif attack == "unsafe_trace":
            entry["path"] = "../test.jsonl.gz"
        current[checker.ORACLE_MANIFEST] = json.dumps(generated).encode()
        refresh_authored(manifest, current)
>       with pytest.raises(ValueError, match=message):
             ^^^^^^^^^^^^^^^^^^^^^^^^^^^^^^^^^^^^^^^^
E       Failed: DID NOT RAISE <class 'ValueError'>

tests/tools/test_check_opponent_import.py:300: Failed
_ test_rehashed_oracle_manifest_attacks_fail[invented_replay-coverage differs] _

attack = 'invented_replay', message = 'coverage differs'

    @pytest.mark.parametrize(
        ("attack", "message"),
        [
            ("unknown_key", "schema keys"),
            ("missing_trace", "inventory"),
            ("wrong_hash", "sha256"),
            ("bool_count", "integer"),
            ("wrong_budget", "budget"),
            ("negative_coverage", "negative coverage"),
            ("invented_coverage", "coverage differs"),
            ("invented_replay", "coverage differs"),
            ("unsafe_trace", "path"),
        ],
    )
    def test_rehashed_oracle_manifest_attacks_fail(attack: str, message: str) -> None:
        manifest, originals, current = fixture()
        generated = json.loads(current[checker.ORACLE_MANIFEST])
        entry = generated["traces"][0]
        if attack == "unknown_key":
            entry["unknown"] = 1
        elif attack == "missing_trace":
            generated["traces"] = []
        elif attack == "wrong_hash":
            entry["sha256"] = "0" * 64
        elif attack == "bool_count":
            entry["transitions"] = True
        elif attack == "wrong_budget":
            generated["byte_budget"] += 1
        elif attack == "negative_coverage":
            entry["coverage"][0]["hires"] = -1
        elif attack == "invented_coverage":
            entry["coverage"][0]["hires"] = 1
        elif attack == "invented_replay":
            entry["coverage"][0]["mid_episode_replay"] = 1
        elif attack == "unsafe_trace":
            entry["path"] = "../test.jsonl.gz"
        current[checker.ORACLE_MANIFEST] = json.dumps(generated).encode()
        refresh_authored(manifest, current)
>       with pytest.raises(ValueError, match=message):
             ^^^^^^^^^^^^^^^^^^^^^^^^^^^^^^^^^^^^^^^^
E       Failed: DID NOT RAISE <class 'ValueError'>

tests/tools/test_check_opponent_import.py:300: Failed
=========================== short test summary info ============================
FAILED tests/tools/test_check_opponent_import.py::test_rehashed_oracle_manifest_attacks_fail[invented_coverage-coverage differs]
FAILED tests/tools/test_check_opponent_import.py::test_rehashed_oracle_manifest_attacks_fail[invented_replay-coverage differs]
2 failed, 58 passed in 0.52s
