   Compiling kaggriculture-opponents v0.1.0 (/Users/poonszesen/kg-v3-t71/opponents_rs)
    Finished `test` profile [unoptimized + debuginfo] target(s) in 0.61s
     Running tests/oracle_parity.rs (opponents_rs/target/debug/deps/oracle_parity-8030d8af9305f351)

running 3 tests
test comparator_preserves_numbers_array_order_and_state_key_order ... ok
test every_oracle_rejects_tampered_actions_for_both_seats_and_changed_seed ... mutation "oracle-00-starter-vs-r04.jsonl.gz" seat 0: step 0 seat 0 starter action.farmer[0]: native="PASS" python="TASK_7_1_MUTATION"
mutation "oracle-00-starter-vs-r04.jsonl.gz" seat 1: step 0 seat 1 r04 action.farmer[0]: native="BUILD_PASTURE" python="TASK_7_1_MUTATION"
seed mutation "oracle-00-starter-vs-r04.jsonl.gz": Some("step 12 seat 1 r04 action.hands[2][0]: native=\"WEST\" python=\"NORTH\"")
ok
test original_python_oracles_match_native_actions_and_states ... "oracle-00-starter-vs-r04.jsonl.gz": ReplayReport { compared_actions: [13, 13], matched_actions: [13, 12], transitions: 12, mismatch: Some("step 12 seat 1 r04 action.hands[2][0]: native=\"WEST\" python=\"NORTH\"") }

thread 'original_python_oracles_match_native_actions_and_states' (11471402) panicked at tests/oracle_parity.rs:254:5:
original Python parity failed:
"oracle-00-starter-vs-r04.jsonl.gz": step 12 seat 1 r04 action.hands[2][0]: native="WEST" python="NORTH"
note: run with `RUST_BACKTRACE=1` environment variable to display a backtrace
FAILED

failures:

failures:
    original_python_oracles_match_native_actions_and_states

test result: FAILED. 2 passed; 1 failed; 0 ignored; 0 measured; 0 filtered out; finished in 1.02s

error: test failed, to rerun pass `--test oracle_parity`
