uvx ruff check python/ scripts/ tests/ --select I --fix
All checks passed!
uvx ruff format python/ scripts/ tests/
119 files left unchanged
uv run python scripts/check_python_311_syntax.py
uvx ruff check python/ scripts/ tests/
All checks passed!
uv run mypy python/ scripts/
Success: no issues found in 64 source files
uv run pytest tests/ -m "not slow"
============================= test session starts ==============================
platform darwin -- Python 3.12.13, pytest-9.0.3, pluggy-1.6.0
rootdir: /Users/poonszesen/kg-v3-t71
configfile: pyproject.toml
plugins: anyio-4.14.2
collected 1709 items

tests/kaggriculture/test_base_generics_typing.py .                       [  0%]
tests/kaggriculture/test_compile_gemm_backends.py ...................... [  1%]
.................................                                        [  3%]
tests/kaggriculture/test_configs.py .................................... [  5%]
...                                                                      [  5%]
tests/kaggriculture/test_evaluation.py .............                     [  6%]
tests/kaggriculture/test_gpu_grammar.py .......................s         [  7%]
tests/kaggriculture/test_model_compile.py ...........                    [  8%]
tests/kaggriculture/test_model_encoder.py .............................. [ 10%]
.............                                                            [ 10%]
tests/kaggriculture/test_model_heads.py ................................ [ 12%]
.................................                                        [ 14%]
tests/kaggriculture/test_model_registration.py .......                   [ 15%]
tests/kaggriculture/test_observe.py ..ss................................ [ 17%]
.....................                                                    [ 18%]
tests/kaggriculture/test_training_semantics.py .......................   [ 19%]
tests/kaggriculture/test_types.py ...................................... [ 22%]
........................................................................ [ 26%]
................                                                         [ 27%]
tests/owl/agent/test_agent.py .......................................... [ 29%]
...........                                                              [ 30%]
tests/owl/agent/test_kaggle_engine_sanitization.py ....                  [ 30%]
tests/owl/agent/test_kaggle_observation.py ...                           [ 30%]
tests/owl/kaggriculture/test_opponents.py sssssssss                      [ 31%]
tests/owl/model/test_attn.py .....ss                                     [ 31%]
tests/owl/model/test_model_config_files.py ............................. [ 33%]
..................                                                       [ 34%]
tests/owl/model/test_recurrent_transformer_v1.py ..............          [ 35%]
tests/owl/model/test_stateless_transformer_v1.py ....................... [ 36%]
........................................................................ [ 40%]
...............................                                          [ 42%]
tests/owl/model/test_teacher_targets.py ............................     [ 44%]
tests/owl/test_checkpoint_quantization.py .............................. [ 45%]
..............                                                           [ 46%]
tests/owl/test_config.py .........                                       [ 47%]
tests/owl/test_int8_emulation.py ...s                                    [ 47%]
tests/owl/test_replay.py ...                                             [ 47%]
tests/owl/test_rl.py ................................................... [ 50%]
...........................                                              [ 52%]
tests/owl/train/test_advantages.py ..............                        [ 53%]
tests/owl/train/test_config.py ......................................... [ 55%]
...........................                                              [ 57%]
tests/owl/train/test_distributed.py ...................                  [ 58%]
tests/owl/train/test_logging.py ..                                       [ 58%]
tests/owl/train/test_loss.py .............                               [ 59%]
tests/owl/train/test_metrics.py ..                                       [ 59%]
tests/owl/train/test_optimizer.py ...........                            [ 59%]
tests/owl/train/test_ppo.py ............................................ [ 62%]
...............................                                          [ 64%]
tests/owl/train/test_ppo_observation_mapping.py ........................ [ 65%]
........................................................................ [ 69%]
........................................................................ [ 74%]
...                                                                      [ 74%]
tests/scripts/test_benchmark_checkpoints.py ............................ [ 75%]
.........                                                                [ 76%]
tests/scripts/test_download_replays.py ....                              [ 76%]
tests/scripts/test_extract_model_weights.py .................            [ 77%]
tests/scripts/test_kaggriculture_parity.py .................s........    [ 79%]
tests/scripts/test_kaggriculture_select_replays.py .................     [ 80%]
tests/scripts/test_roundtrip_checkpoint_quantization.py ................ [ 81%]
..                                                                       [ 81%]
tests/scripts/test_run_ppo.py .......................................... [ 83%]
...............................................s.............            [ 87%]
tests/tools/test_check_engine_trim.py .................................. [ 89%]
.............................................                            [ 91%]
tests/tools/test_check_opponent_import.py .............................. [ 93%]
..............................                                           [ 95%]
tests/tools/test_observation_oracle_custody.py ......................... [ 96%]
............................                                             [ 98%]
tests/tools/test_record_grammar_reference.py .........................   [ 99%]
tests/tools/test_replay_viewer.py ..                                     [100%]

=========================== short test summary info ============================
SKIPPED [1] tests/kaggriculture/test_gpu_grammar.py:171: Task 1.2/1.4 native grammar binding not available: native grammar tables arrive with Task 1.2/1.4 (owl.rs.kaggriculture_grammar_tables); use expected_grammar_tables until the binding exists
SKIPPED [2] tests/kaggriculture/test_observe.py:288: pinned host memory requires CUDA
SKIPPED [8] tests/owl/kaggriculture/test_opponents.py:18: needs Task 1.4 binding
SKIPPED [1] tests/owl/kaggriculture/test_opponents.py:23: needs Task 1.4 binding
SKIPPED [1] tests/owl/model/test_attn.py:60: flash-attn CUDA backend is not available
SKIPPED [1] tests/owl/model/test_attn.py:80: flash-attn CUDA backend is not available
SKIPPED [1] tests/owl/test_int8_emulation.py:15: x86 torch quantized backend is unavailable: qnnpack
SKIPPED [1] tests/scripts/test_kaggriculture_parity.py:371: Mac bound: committed regeneration exceeds two live games; run on pod
SKIPPED [1] tests/scripts/test_run_ppo.py:3044: Needs the native Kaggriculture environment and its EnvConfig seed (rebuild Tasks 1.4/1.5).
====================== 1692 passed, 17 skipped in 34.39s =======================
uv run python scripts/check_doc_freshness.py
No doc updates required
