   Compiling owl v0.1.0 (/Users/poonszesen/kg-v3-env)
    Finished `test` profile [unoptimized + debuginfo] target(s) in 4.80s
     Running unittests src/lib.rs (target/debug/deps/rs-7de3796adb200e16)

running 9 tests
test kaggriculture::env_tests::batch_failure_preserves_every_published_byte ... ok
test kaggriculture::env_tests::executed_unbounded_hire_cast_rejects_before_publication ... ok
test kaggriculture::env_tests::release_dependency_overflow_is_caught ... ok
test kaggriculture::env_tests::reset_and_truncate_failures_preserve_every_published_byte ... FAILED
test kaggriculture::env_tests::reward_admission_predicate_cases ... ok
test kaggriculture::env_tests::reward_episode_telescopes_with_explicit_output_rounding_budget ... ok
test kaggriculture::env_tests::reward_rejects_invalid_coefficients_and_handles_huge_counts ... ok
test kaggriculture::env_tests::reward_uses_only_own_counters_and_raw_banks ... ok
test kaggriculture::env_tests::seed_construction_reset_stride_and_overflow ... ok

failures:

---- kaggriculture::env_tests::reset_and_truncate_failures_preserve_every_published_byte stdout ----

thread 'kaggriculture::env_tests::reset_and_truncate_failures_preserve_every_published_byte' (11188463) panicked at src/kaggriculture/env_tests.rs:238:60:
missing reset/truncate failure


failures:
    kaggriculture::env_tests::reset_and_truncate_failures_preserve_every_published_byte

test result: FAILED. 8 passed; 1 failed; 0 ignored; 0 measured; 265 filtered out; finished in 0.44s

error: test failed, to rerun pass `--lib`
