    Checking num-traits v0.2.19
    Checking libc v0.2.186
    Checking serde_core v1.0.228
    Checking num-integer v0.1.46
    Checking crossbeam-utils v0.8.21
    Checking crossbeam-epoch v0.9.18
    Checking cfg-if v1.0.4
    Checking rand_core v0.10.1
    Checking rawpointer v0.2.1
    Checking hashbrown v0.17.0
    Checking equivalent v1.0.2
    Checking matrixmultiply v0.3.10
    Checking indexmap v2.14.0
    Checking crossbeam-deque v0.8.6
    Checking zmij v1.0.21
    Checking num-bigint v0.4.8
    Checking num-complex v0.4.6
    Checking pyo3-ffi v0.28.3
    Checking itoa v1.0.18
    Checking memchr v2.8.0
    Checking once_cell v1.21.4
    Checking pyo3 v0.28.3
    Checking serde_json v1.0.149
    Checking num-rational v0.4.2
    Checking serde v1.0.228
    Checking ndarray v0.17.2
    Checking rayon-core v1.13.0
    Checking getrandom v0.4.2
    Checking chacha20 v0.10.0
   Compiling owl v0.1.0 (/Users/poonszesen/kg-v3-env)
    Checking rustc-hash v2.1.2
    Checking either v1.15.0
    Checking rayon v1.12.0
    Checking numpy v0.28.0
    Checking rand v0.10.1
    Checking kaggriculture-engine v0.1.0 (/Users/poonszesen/kg-v3-env/engine_rs)
error: very complex type used. Consider factoring parts into `type` definitions
    --> src/kaggriculture/bindings.rs:1022:23
     |
1022 |         static LATCH: RefCell<Option<Arc<(Mutex<Latch>, Condvar)>>> = const { RefCell::new(None) };
     |                       ^^^^^^^^^^^^^^^^^^^^^^^^^^^^^^^^^^^^^^^^^^^^^
     |
     = help: for further information visit https://rust-lang.github.io/rust-clippy/master/index.html#type_complexity
     = note: `-D clippy::type-complexity` implied by `-D warnings`
     = help: to override `-D warnings` add `#[allow(clippy::type_complexity)]`

error: very complex type used. Consider factoring parts into `type` definitions
    --> src/kaggriculture/bindings.rs:1022:23
     |
1022 |         static LATCH: RefCell<Option<Arc<(Mutex<Latch>, Condvar)>>> = const { RefCell::new(None) };
     |                       ^^^^^^^^^^^^^^^^^^^^^^^^^^^^^^^^^^^^^^^^^^^^^
     |
     = help: for further information visit https://rust-lang.github.io/rust-clippy/master/index.html#type_complexity

error: called `.err().expect()` on a `Result` value
   --> src/kaggriculture/env_tests.rs:461:14
    |
461 |               .err()
    |  ______________^
462 | |             .expect("missing rollback failure");
    | |___________________^ help: try: `expect_err`
    |
    = help: for further information visit https://rust-lang.github.io/rust-clippy/master/index.html#err_expect
    = note: `-D clippy::err-expect` implied by `-D warnings`
    = help: to override `-D warnings` add `#[allow(clippy::err_expect)]`

error: called `.err().expect()` on a `Result` value
   --> src/kaggriculture/env_tests.rs:495:14
    |
495 |               .err()
    |  ______________^
496 | |             .expect("missing reset/truncate failure");
    | |___________________^ help: try: `expect_err`
    |
    = help: for further information visit https://rust-lang.github.io/rust-clippy/master/index.html#err_expect

error: called `.err().expect()` on a `Result` value
   --> src/kaggriculture/env_tests.rs:580:10
    |
580 |           .err()
    |  __________^
581 | |         .expect("unbounded hire must reject");
    | |_______________^ help: try: `expect_err`
    |
    = help: for further information visit https://rust-lang.github.io/rust-clippy/master/index.html#err_expect

error: could not compile `owl` (lib test) due to 5 previous errors
