.................................F                                       [100%]
=================================== FAILURES ===================================
______________ test_frozen_fixture_custody_and_complete_coverage _______________

    def test_frozen_fixture_custody_and_complete_coverage() -> None:
>       manifest, arrays = recorder.load_fixture()
                           ^^^^^^^^^^^^^^^^^^^^^^^

tests/tools/test_record_kaggriculture_env_reference.py:289: 
_ _ _ _ _ _ _ _ _ _ _ _ _ _ _ _ _ _ _ _ _ _ _ _ _ _ _ _ _ _ _ _ _ _ _ _ _ _ _ _ 
scripts/record_kaggriculture_env_reference.py:375: in load_fixture
    require(
_ _ _ _ _ _ _ _ _ _ _ _ _ _ _ _ _ _ _ _ _ _ _ _ _ _ _ _ _ _ _ _ _ _ _ _ _ _ _ _ 

condition = False
reason = 'Task 1.4 complete 16-game reference fixture is missing: /Users/poonszesen/kg-v3-env/tests/fixtures/kaggriculture_env_reference_v1.npz; run the approved recorder on the pod if the Mac watchdog cannot fit it'

    def require(condition: bool, reason: str) -> None:
        if not condition:
>           raise ValueError(reason)
E           ValueError: Task 1.4 complete 16-game reference fixture is missing: /Users/poonszesen/kg-v3-env/tests/fixtures/kaggriculture_env_reference_v1.npz; run the approved recorder on the pod if the Mac watchdog cannot fit it

scripts/record_kaggriculture_env_reference.py:63: ValueError
=========================== short test summary info ============================
FAILED tests/tools/test_record_kaggriculture_env_reference.py::test_frozen_fixture_custody_and_complete_coverage
1 failed, 33 passed in 4.06s
