start 2026-09-30T23:10:22Z agent=/root/anchor-eval/pkgs/190M-ft-on-d517a5743f93/agent out=190M-ft-on parallel=30
2026-09-30T23:12:47Z 190M-smaller_market_shock-s93004-seat1 exit=0 wall=145s
2026-09-30T23:12:55Z 190M-cha22-s93006-seat0 exit=0 wall=153s
2026-09-30T23:13:02Z 190M-cha22-s93006-seat1 exit=0 wall=160s
2026-09-30T23:13:07Z 190M-cha22-s93004-seat0 exit=0 wall=165s
2026-09-30T23:13:07Z 190M-cha22-s93002-seat1 exit=0 wall=165s
2026-09-30T23:13:08Z 190M-smaller_market_shock-s93007-seat0 exit=0 wall=166s
2026-09-30T23:13:14Z 190M-cha22-s93005-seat1 exit=0 wall=172s
2026-09-30T23:13:15Z 190M-smaller_market_shock-s93003-seat1 exit=0 wall=173s
2026-09-30T23:13:17Z 190M-smaller_market_shock-s93005-seat0 exit=0 wall=175s
2026-09-30T23:13:18Z 190M-smaller_market_shock-s93003-seat0 exit=0 wall=176s
2026-09-30T23:13:18Z 190M-cha22-s93007-seat0 exit=0 wall=176s
2026-09-30T23:13:21Z 190M-cha22-s93004-seat1 exit=0 wall=179s
2026-09-30T23:13:21Z 190M-smaller_market_shock-s93006-seat1 exit=0 wall=179s
2026-09-30T23:13:21Z 190M-smaller_market_shock-s93002-seat0 exit=0 wall=179s
2026-09-30T23:13:22Z 190M-cha22-s93003-seat0 exit=0 wall=180s
2026-09-30T23:13:23Z 190M-smaller_market_shock-s93002-seat1 exit=0 wall=181s
2026-09-30T23:13:23Z 190M-smaller_market_shock-s93007-seat1 exit=0 wall=181s
2026-09-30T23:13:23Z 190M-smaller_market_shock-s93001-seat1 exit=0 wall=181s
2026-09-30T23:13:23Z 190M-smaller_market_shock-s93001-seat0 exit=0 wall=181s
2026-09-30T23:13:24Z 190M-smaller_market_shock-s93008-seat1 exit=0 wall=182s
2026-09-30T23:13:24Z 190M-smaller_market_shock-s93008-seat0 exit=0 wall=182s
2026-09-30T23:13:24Z 190M-cha22-s93002-seat0 exit=0 wall=182s
2026-09-30T23:13:24Z 190M-smaller_market_shock-s93004-seat0 exit=0 wall=182s
2026-09-30T23:13:25Z 190M-smaller_market_shock-s93005-seat1 exit=0 wall=183s
2026-09-30T23:13:25Z 190M-cha22-s93003-seat1 exit=0 wall=183s
2026-09-30T23:13:26Z 190M-smaller_market_shock-s93006-seat0 exit=0 wall=184s
2026-09-30T23:13:26Z 190M-cha22-s93005-seat0 exit=0 wall=184s
2026-09-30T23:13:27Z 190M-cha22-s93001-seat0 exit=0 wall=185s
2026-09-30T23:13:27Z 190M-cha22-s93001-seat1 exit=0 wall=185s
2026-09-30T23:13:27Z 190M-cha22-s93007-seat1 exit=0 wall=185s
2026-09-30T23:14:54Z 190M-cha22-s93008-seat0 exit=0 wall=127s
2026-09-30T23:15:02Z 190M-cha22-s93008-seat1 exit=0 wall=127s
2026-09-30T23:15:08Z 190M-v56-s93001-seat0 exit=0 wall=126s
2026-09-30T23:15:11Z 190M-v56-s93002-seat1 exit=0 wall=123s
2026-09-30T23:15:20Z 190M-v56-s93005-seat0 exit=0 wall=122s
2026-09-30T23:15:21Z 190M-v56-s93004-seat1 exit=0 wall=123s
2026-09-30T23:15:23Z 190M-v56-s93007-seat1 exit=0 wall=120s
2026-09-30T23:15:24Z 190M-v56-s93006-seat0 exit=0 wall=123s
2026-09-30T23:15:26Z 190M-v56-s93005-seat1 exit=0 wall=125s
2026-09-30T23:15:32Z 190M-v56-s93001-seat1 exit=0 wall=145s
2026-09-30T23:15:48Z 190M-v56-s93003-seat1 exit=0 wall=153s
2026-09-30T23:15:53Z 190M-v56-s93002-seat0 exit=0 wall=166s
2026-09-30T23:15:53Z 190M-v56-s93006-seat1 exit=0 wall=152s
2026-09-30T23:16:01Z 190M-v56-s93004-seat0 exit=0 wall=164s
2026-09-30T23:16:13Z 190M-v56-s93003-seat0 exit=0 wall=179s
2026-09-30T23:16:17Z 190M-v56-s93008-seat0 exit=0 wall=174s
2026-09-30T23:16:18Z 190M-v56-s93007-seat0 exit=0 wall=176s
2026-09-30T23:16:19Z 190M-v56-s93008-seat1 exit=0 wall=176s
end 2026-09-30T23:16:19Z wall_s=357
{"receipts": 48, "qualified": 48, "engine_sha256": ["f73d27ce04a6fd5ddcdd59c618e1da8c9b6fb2f27f5cf9cdc27efad942345004"], "manifest_sha256": ["59ef71d9def047cad83527e38cc1f3edee55ccaec467ec2607d0f7ea77e240fa"]}
