start 2026-09-30T19:46:35Z agent=/root/anchor-eval/pkgs/100M-ft-on-ec801999c7c7/agent out=100M-ft-on parallel=30
2026-09-30T19:48:53Z 100M-smaller_market_shock-s93004-seat1 exit=0 wall=138s
2026-09-30T19:48:58Z 100M-smaller_market_shock-s93002-seat0 exit=0 wall=143s
2026-09-30T19:48:59Z 100M-smaller_market_shock-s93003-seat1 exit=0 wall=144s
2026-09-30T19:49:07Z 100M-smaller_market_shock-s93007-seat1 exit=0 wall=152s
2026-09-30T19:49:12Z 100M-smaller_market_shock-s93002-seat1 exit=0 wall=157s
2026-09-30T19:49:15Z 100M-smaller_market_shock-s93001-seat1 exit=0 wall=160s
2026-09-30T19:49:21Z 100M-cha22-s93004-seat1 exit=0 wall=166s
2026-09-30T19:49:24Z 100M-cha22-s93001-seat1 exit=0 wall=169s
2026-09-30T19:49:25Z 100M-smaller_market_shock-s93004-seat0 exit=0 wall=170s
2026-09-30T19:49:26Z 100M-smaller_market_shock-s93003-seat0 exit=0 wall=171s
2026-09-30T19:49:27Z 100M-cha22-s93002-seat0 exit=0 wall=172s
2026-09-30T19:49:28Z 100M-cha22-s93001-seat0 exit=0 wall=173s
2026-09-30T19:49:30Z 100M-cha22-s93002-seat1 exit=0 wall=175s
2026-09-30T19:49:30Z 100M-smaller_market_shock-s93005-seat1 exit=0 wall=175s
2026-09-30T19:49:31Z 100M-cha22-s93006-seat1 exit=0 wall=176s
2026-09-30T19:49:31Z 100M-smaller_market_shock-s93008-seat0 exit=0 wall=176s
2026-09-30T19:49:33Z 100M-smaller_market_shock-s93008-seat1 exit=0 wall=178s
2026-09-30T19:49:34Z 100M-smaller_market_shock-s93005-seat0 exit=0 wall=179s
2026-09-30T19:49:34Z 100M-cha22-s93003-seat0 exit=0 wall=179s
2026-09-30T19:49:35Z 100M-cha22-s93005-seat0 exit=0 wall=180s
2026-09-30T19:49:36Z 100M-cha22-s93007-seat0 exit=0 wall=181s
2026-09-30T19:49:36Z 100M-smaller_market_shock-s93006-seat1 exit=0 wall=181s
2026-09-30T19:49:37Z 100M-cha22-s93007-seat1 exit=0 wall=182s
2026-09-30T19:49:37Z 100M-smaller_market_shock-s93007-seat0 exit=0 wall=182s
2026-09-30T19:49:37Z 100M-cha22-s93006-seat0 exit=0 wall=182s
2026-09-30T19:49:39Z 100M-smaller_market_shock-s93006-seat0 exit=0 wall=184s
2026-09-30T19:49:40Z 100M-cha22-s93004-seat0 exit=0 wall=185s
2026-09-30T19:49:42Z 100M-cha22-s93005-seat1 exit=0 wall=187s
2026-09-30T19:49:43Z 100M-cha22-s93003-seat1 exit=0 wall=188s
2026-09-30T19:49:44Z 100M-smaller_market_shock-s93001-seat0 exit=0 wall=189s
2026-09-30T19:51:08Z 100M-cha22-s93008-seat0 exit=0 wall=134s
2026-09-30T19:51:15Z 100M-v56-s93001-seat1 exit=0 wall=128s
2026-09-30T19:51:17Z 100M-v56-s93002-seat0 exit=0 wall=125s
2026-09-30T19:51:22Z 100M-v56-s93003-seat1 exit=0 wall=118s
2026-09-30T19:51:25Z 100M-v56-s93002-seat1 exit=0 wall=130s
2026-09-30T19:51:28Z 100M-v56-s93003-seat0 exit=0 wall=127s
2026-09-30T19:51:28Z 100M-v56-s93001-seat0 exit=0 wall=149s
2026-09-30T19:51:29Z 100M-v56-s93005-seat1 exit=0 wall=121s
2026-09-30T19:51:29Z 100M-v56-s93008-seat0 exit=0 wall=116s
2026-09-30T19:51:33Z 100M-v56-s93008-seat1 exit=0 wall=119s
2026-09-30T19:51:50Z 100M-cha22-s93008-seat1 exit=0 wall=172s
2026-09-30T19:51:52Z 100M-v56-s93004-seat0 exit=0 wall=147s
2026-09-30T19:51:54Z 100M-v56-s93007-seat0 exit=0 wall=143s
2026-09-30T19:52:07Z 100M-v56-s93006-seat1 exit=0 wall=157s
2026-09-30T19:52:08Z 100M-v56-s93006-seat0 exit=0 wall=158s
2026-09-30T19:52:09Z 100M-v56-s93005-seat0 exit=0 wall=162s
2026-09-30T19:52:15Z 100M-v56-s93004-seat1 exit=0 wall=169s
2026-09-30T19:52:18Z 100M-v56-s93007-seat1 exit=0 wall=167s
end 2026-09-30T19:52:18Z wall_s=343
{"receipts": 48, "qualified": 48, "engine_sha256": ["f73d27ce04a6fd5ddcdd59c618e1da8c9b6fb2f27f5cf9cdc27efad942345004"], "manifest_sha256": ["5a3d948f31066208f240c34d40de9b4eb659d9378d76f1fd7570d5f316dab475"]}
