/root/kg-v3/.venv/lib/python3.12/site-packages/torch/backends/__init__.py:46: UserWarning: Please use the new API settings to control TF32 behavior, such as torch.backends.cudnn.conv.fp32_precision = 'tf32' or torch.backends.cuda.matmul.fp32_precision = 'ieee'. Old settings, e.g, torch.backends.cuda.matmul.allow_tf32 = True, torch.backends.cudnn.allow_tf32 = True, allowTF32CuDNN() and allowTF32CuBLAS() will be deprecated after Pytorch 2.9. Please see https://pytorch.org/docs/main/notes/cuda.html#tensorfloat-32-tf32-on-ampere-and-later-devices (Triggered internally at /pytorch/aten/src/ATen/Context.cpp:80.)
  self.setter(val)
/root/kg-v3/.venv/lib/python3.12/site-packages/torch/autograd/graph.py:841: UserWarning: Attempting to run cuBLAS, but there was no current CUDA context! Attempting to set the primary context... (Triggered internally at /pytorch/aten/src/ATen/cuda/CublasHandlePool.cpp:270.)
  return Variable._execution_engine.run_backward(  # Calls into the C++ engine to run the backward pass
Autotune Choices Stats:
{"num_choices": 2, "num_triton_choices": 0, "best_kernel": "bias_addmm", "best_time": 0.009312000125646591}
AUTOTUNE addmm(4096x512, 4096x256, 256x512)
strides: [0, 1], [256, 1], [1, 256]
dtypes: torch.bfloat16, torch.bfloat16, torch.bfloat16
  bias_addmm 0.0093 ms 100.0% 
  addmm 0.0153 ms 60.8% 
SingleProcess AUTOTUNE benchmarking takes 0.0277 seconds and 0.0002 seconds precompiling for 2 choices
Autotune Choices Stats:
{"num_choices": 2, "num_triton_choices": 0, "best_kernel": "bias_addmm", "best_time": 0.009696000255644321}
AUTOTUNE addmm(4096x256, 4096x512, 512x256)
strides: [0, 1], [512, 1], [1, 512]
dtypes: torch.bfloat16, torch.bfloat16, torch.bfloat16
  bias_addmm 0.0097 ms 100.0% 
  addmm 0.0134 ms 72.5% 
SingleProcess AUTOTUNE benchmarking takes 0.0209 seconds and 0.0002 seconds precompiling for 2 choices
V0930 17:03:39.069000 23061 torch/_dynamo/guards.py:4181] [0/1] [__recompiles] Recompiling function forward in /root/aten-h200/probe_linear.py:32
V0930 17:03:39.069000 23061 torch/_dynamo/guards.py:4181] [0/1] [__recompiles]     triggered by the following guard failure(s):
V0930 17:03:39.069000 23061 torch/_dynamo/guards.py:4181] [0/1] [__recompiles]     - 0/0: 512*x.size()[0] <= 2147483647  # (_inductor/codegen/simd.py:1440 in can_use_32bit_indexing)
Autotune Choices Stats:
{"num_choices": 2, "num_triton_choices": 0, "best_kernel": "bias_addmm", "best_time": 1.994271993637085}
AUTOTUNE addmm(4194305x512, 4194305x256, 256x512)
strides: [0, 1], [256, 1], [1, 256]
dtypes: torch.bfloat16, torch.bfloat16, torch.bfloat16
  bias_addmm 1.9943 ms 100.0% 
  addmm 6.9160 ms 28.8% 
SingleProcess AUTOTUNE benchmarking takes 0.1173 seconds and 0.0002 seconds precompiling for 2 choices
Autotune Choices Stats:
{"num_choices": 2, "num_triton_choices": 0, "best_kernel": "bias_addmm", "best_time": 1.847551941871643}
AUTOTUNE addmm(4194305x256, 4194305x512, 512x256)
strides: [0, 1], [512, 1], [1, 512]
dtypes: torch.bfloat16, torch.bfloat16, torch.bfloat16
  bias_addmm 1.8476 ms 100.0% 
  addmm 4.1187 ms 44.9% 
SingleProcess AUTOTUNE benchmarking takes 0.0969 seconds and 0.0001 seconds precompiling for 2 choices
