start 2026-09-30T18:13:33Z agent=/root/anchor-eval/pkgs/70M-ft-on-7cbb97ed38e5/agent out=70M-ft-on parallel=30
2026-09-30T18:15:51Z 70M-smaller_market_shock-s93007-seat1 exit=0 wall=138s
2026-09-30T18:15:55Z 70M-cha22-s93005-seat1 exit=0 wall=142s
2026-09-30T18:16:25Z 70M-smaller_market_shock-s93002-seat1 exit=0 wall=172s
2026-09-30T18:16:29Z 70M-smaller_market_shock-s93004-seat0 exit=0 wall=176s
2026-09-30T18:16:31Z 70M-cha22-s93005-seat0 exit=0 wall=178s
2026-09-30T18:16:35Z 70M-smaller_market_shock-s93004-seat1 exit=0 wall=182s
2026-09-30T18:16:40Z 70M-smaller_market_shock-s93006-seat0 exit=0 wall=187s
2026-09-30T18:16:40Z 70M-smaller_market_shock-s93006-seat1 exit=0 wall=187s
2026-09-30T18:16:41Z 70M-smaller_market_shock-s93005-seat1 exit=0 wall=188s
2026-09-30T18:16:41Z 70M-cha22-s93007-seat0 exit=0 wall=188s
2026-09-30T18:16:42Z 70M-smaller_market_shock-s93003-seat0 exit=0 wall=189s
2026-09-30T18:16:42Z 70M-smaller_market_shock-s93008-seat0 exit=0 wall=189s
2026-09-30T18:16:43Z 70M-cha22-s93004-seat1 exit=0 wall=190s
2026-09-30T18:16:43Z 70M-smaller_market_shock-s93002-seat0 exit=0 wall=190s
2026-09-30T18:16:44Z 70M-smaller_market_shock-s93003-seat1 exit=0 wall=191s
2026-09-30T18:16:45Z 70M-smaller_market_shock-s93007-seat0 exit=0 wall=192s
2026-09-30T18:16:46Z 70M-smaller_market_shock-s93005-seat0 exit=0 wall=193s
2026-09-30T18:16:47Z 70M-cha22-s93002-seat1 exit=0 wall=194s
2026-09-30T18:16:47Z 70M-cha22-s93004-seat0 exit=0 wall=194s
2026-09-30T18:16:47Z 70M-cha22-s93007-seat1 exit=0 wall=194s
2026-09-30T18:16:47Z 70M-smaller_market_shock-s93008-seat1 exit=0 wall=194s
2026-09-30T18:16:48Z 70M-cha22-s93002-seat0 exit=0 wall=195s
2026-09-30T18:16:48Z 70M-cha22-s93003-seat1 exit=0 wall=195s
2026-09-30T18:16:48Z 70M-cha22-s93006-seat1 exit=0 wall=195s
2026-09-30T18:16:48Z 70M-cha22-s93001-seat1 exit=0 wall=195s
2026-09-30T18:16:48Z 70M-smaller_market_shock-s93001-seat1 exit=0 wall=195s
2026-09-30T18:16:48Z 70M-cha22-s93001-seat0 exit=0 wall=195s
2026-09-30T18:16:49Z 70M-cha22-s93003-seat0 exit=0 wall=196s
2026-09-30T18:16:49Z 70M-smaller_market_shock-s93001-seat0 exit=0 wall=196s
2026-09-30T18:16:50Z 70M-cha22-s93006-seat0 exit=0 wall=197s
2026-09-30T18:18:24Z 70M-cha22-s93008-seat0 exit=0 wall=153s
2026-09-30T18:18:28Z 70M-v56-s93001-seat1 exit=0 wall=119s
2026-09-30T18:18:31Z 70M-v56-s93001-seat0 exit=0 wall=126s
2026-09-30T18:18:35Z 70M-v56-s93002-seat0 exit=0 wall=124s
2026-09-30T18:18:37Z 70M-v56-s93002-seat1 exit=0 wall=122s
2026-09-30T18:18:40Z 70M-v56-s93004-seat1 exit=0 wall=119s
2026-09-30T18:18:44Z 70M-v56-s93008-seat1 exit=0 wall=117s
2026-09-30T18:18:47Z 70M-v56-s93007-seat0 exit=0 wall=123s
2026-09-30T18:18:48Z 70M-v56-s93007-seat1 exit=0 wall=123s
2026-09-30T18:18:50Z 70M-cha22-s93008-seat1 exit=0 wall=175s
2026-09-30T18:19:00Z 70M-v56-s93006-seat1 exit=0 wall=137s
2026-09-30T18:19:10Z 70M-v56-s93003-seat0 exit=0 wall=150s
2026-09-30T18:19:14Z 70M-v56-s93005-seat1 exit=0 wall=152s
2026-09-30T18:19:19Z 70M-v56-s93005-seat0 exit=0 wall=157s
2026-09-30T18:19:29Z 70M-v56-s93006-seat0 exit=0 wall=166s
2026-09-30T18:19:31Z 70M-v56-s93008-seat0 exit=0 wall=165s
2026-09-30T18:19:39Z 70M-v56-s93003-seat1 exit=0 wall=179s
2026-09-30T18:19:39Z 70M-v56-s93004-seat0 exit=0 wall=178s
end 2026-09-30T18:19:39Z wall_s=366
{"receipts": 48, "qualified": 48, "engine_sha256": ["f73d27ce04a6fd5ddcdd59c618e1da8c9b6fb2f27f5cf9cdc27efad942345004"], "manifest_sha256": ["e02a51cbf9da2254727e0216f4b24a24eeeaf0f3ac51759e7bf87fb294f1314d"]}
