2026-09-30T21:04:32Z copyoff start host=root@<terminated-h200-pod-ip> port=15795 name=earn720-r30e01w30-8xh200-from-130M-sps-20261001 dest=/Users/poonszesen/kg-v3-runs/earn720-r30e01w30-8xh200-from-130M-sps-20261001 pid=73294
2026-09-30T21:04:32Z pass start
2026-09-30T21:04:56Z pass end: 0 checkpoint files
2026-09-30T21:14:56Z pass start
2026-09-30T21:15:23Z pass end: 0 checkpoint files
2026-09-30T21:25:23Z pass start
2026-09-30T21:25:49Z pass end: 0 checkpoint files
2026-09-30T21:35:49Z pass start
  copied 20260930-210412/checkpoint_00_140_082_944.pt 51926715 B mtime 1790803544 sha256 b0e1520d10407731589d8456b2d6826236874384e66f52379bc499910f357f16 (matches pod)
  copied 20260930-210412/checkpoint_last_best.pt 51923135 B mtime 1790803562 sha256 89beae07b242d81774d0b9f3e9f18ccd03403ea08f5dd13fd1e5798910a3d8e2 (matches pod)
  kept promoted last_best as 1790803562-89beae07b242.pt
2026-09-30T21:37:07Z pass end: 3 checkpoint files
2026-09-30T21:47:07Z pass start
  copied 20260930-210412/checkpoint_00_150_105_344.pt 51926715 B mtime 1790804770 sha256 55f74ad05ac4c55cf5487365fa475ec5a8de1a0da63161a464c2f790be1868a1 (matches pod)
2026-09-30T21:48:21Z pass end: 4 checkpoint files
2026-09-30T21:58:21Z pass start
2026-09-30T21:58:54Z pass end: 4 checkpoint files
2026-09-30T22:08:54Z pass start
  copied 20260930-210412/checkpoint_00_160_012_544.pt 51926715 B mtime 1790805978 sha256 c288d0cbcefd236a0074ae1833b35e28660ae97458506a14cf3e429b2c776549 (matches pod)
2026-09-30T22:10:06Z pass end: 5 checkpoint files
2026-09-30T22:20:06Z pass start
2026-09-30T22:20:32Z pass end: 5 checkpoint files
2026-09-30T22:30:32Z pass start
  copied 20260930-210412/checkpoint_last_best.pt 51923135 B mtime 1790807218 sha256 a3c08bdc71eb7bad0b5db33646b0615cb336bcbcf21086dd70c964674afa9c88 (matches pod)
  kept promoted last_best as 1790807218-a3c08bdc71eb.pt
2026-09-30T22:31:29Z pass end: 6 checkpoint files
2026-09-30T22:41:29Z pass start
  copied 20260930-210412/checkpoint_00_170_034_944.pt 51926715 B mtime 1790807202 sha256 693e30e7f79f70df3646566919d72bd285d9d77764e1a5181379650e5f486ca3 (matches pod)
2026-09-30T22:42:16Z pass end: 7 checkpoint files
2026-09-30T22:52:16Z pass start
  copied 20260930-210412/checkpoint_last_best.pt 51923135 B mtime 1790808444 sha256 cdad635846f4293cddf9de58f3cf0e9e61647e19b41bcd0d07929267bc507317 (matches pod)
  kept promoted last_best as 1790808444-cdad635846f4.pt
2026-09-30T22:53:12Z pass end: 8 checkpoint files
2026-09-30T23:03:12Z pass start
  copied 20260930-210412/checkpoint_00_180_057_344.pt 51926715 B mtime 1790808429 sha256 c49ae6f884e19dcc0f00458618c2c04bdb671bd61ac485e56c97670d2f185b11 (matches pod)
2026-09-30T23:04:01Z pass end: 9 checkpoint files
2026-09-30T23:14:01Z pass start
  copied 20260930-210412/checkpoint_00_190_079_744.pt 51926715 B mtime 1790809657 sha256 36a26e17f082394ed181eee8982b25ae3a1d20bd2f44d8242c06bfb3d1826cad (matches pod)
2026-09-30T23:14:54Z pass end: 10 checkpoint files
2026-09-30T23:24:54Z pass start
2026-09-30T23:25:23Z pass end: 10 checkpoint files
2026-09-30T23:35:23Z pass start
  copied 20260930-210412/checkpoint_00_200_102_144.pt 51926715 B mtime 1790810884 sha256 a96d9c62fb29754aeb0d6180be9c30f01fe826843c5c24f6c8f29d6d38c25340 (matches pod)
2026-09-30T23:36:15Z pass end: 11 checkpoint files
2026-09-30T23:46:15Z pass start
2026-09-30T23:46:41Z pass end: 11 checkpoint files
2026-09-30T23:51:26Z copyoff stopped by signal (pid 73294)
2026-09-30T23:51:28Z copyoff start host=root@<terminated-h200-pod-ip> port=15795 name=earn720-r30e01w30-8xh200-from-130M-sps-20261001 dest=/Users/poonszesen/kg-v3-runs/earn720-r30e01w30-8xh200-from-130M-sps-20261001 pid=87942
2026-09-30T23:51:28Z pass start
  copied 20260930-210412/checkpoint_00_210_009_344.pt 51926715 B mtime 1790812095 sha256 790b64d80d60e8e81c0736b3a9ad925a63f072abcced8a2c100075e3677118cd (matches pod)
2026-09-30T23:52:34Z pass end: 12 checkpoint files
